COMMAND ["@TENSORJOIN_ROOT@/isaacsim6/env/bin/python", "@TENSORJOIN_ROOT@/tensorjoin_20260902_certified_exact_join/precision_routing_20260908_threshold_sweep/src/runner.py", "--phase", "confirm", "--index", "2"]
{"cell": "k64", "method": "F8", "phase": "warmup", "iteration": 0, "position": 0, "seconds": 0.1859471189964097}
{"cell": "k64", "method": "F16", "phase": "warmup", "iteration": 0, "position": 1, "seconds": 0.5968669099966064}
{"cell": "k64", "method": "F16", "phase": "warmup", "iteration": 1, "position": 0, "seconds": 0.15598017199954484}
{"cell": "k64", "method": "F8", "phase": "warmup", "iteration": 1, "position": 1, "seconds": 0.15376380601082928}
{"cell": "k64", "method": "F8", "phase": "retained", "iteration": 0, "position": 0, "seconds": 0.15340919900336303}
{"cell": "k64", "method": "F16", "phase": "retained", "iteration": 0, "position": 1, "seconds": 0.15594658099871594}
{"cell": "k64", "method": "F16", "phase": "retained", "iteration": 1, "position": 0, "seconds": 0.15610252899932675}
{"cell": "k64", "method": "F8", "phase": "retained", "iteration": 1, "position": 1, "seconds": 0.15325631300220266}
{"cell": "k64", "method": "F8", "phase": "retained", "iteration": 2, "position": 0, "seconds": 0.15574107501015533}
{"cell": "k64", "method": "F16", "phase": "retained", "iteration": 2, "position": 1, "seconds": 0.15794181400269736}
{"cell": "k64", "method": "F16", "phase": "retained", "iteration": 3, "position": 0, "seconds": 0.1556839900003979}
{"cell": "k64", "method": "F8", "phase": "retained", "iteration": 3, "position": 1, "seconds": 0.15334688998700585}
{"cell": "k64", "method": "F8", "phase": "retained", "iteration": 4, "position": 0, "seconds": 0.15301441500196233}
{"cell": "k64", "method": "F16", "phase": "retained", "iteration": 4, "position": 1, "seconds": 0.1562762789981207}
{"cell": "k64", "method": "F16", "phase": "retained", "iteration": 5, "position": 0, "seconds": 0.15577089200087357}
{"cell": "k64", "method": "F8", "phase": "retained", "iteration": 5, "position": 1, "seconds": 0.15347842901246622}
{"cell": "original", "method": "F16", "phase": "warmup", "iteration": 0, "position": 0, "seconds": 0.16119461800553836}
{"cell": "original", "method": "F8", "phase": "warmup", "iteration": 0, "position": 1, "seconds": 0.15581456199288368}
{"cell": "original", "method": "F8", "phase": "warmup", "iteration": 1, "position": 0, "seconds": 0.15541958699759562}
{"cell": "original", "method": "F16", "phase": "warmup", "iteration": 1, "position": 1, "seconds": 0.15799868499743752}
{"cell": "original", "method": "F16", "phase": "retained", "iteration": 0, "position": 0, "seconds": 0.1584843619930325}
{"cell": "original", "method": "F8", "phase": "retained", "iteration": 0, "position": 1, "seconds": 0.15589409400126897}
{"cell": "original", "method": "F8", "phase": "retained", "iteration": 1, "position": 0, "seconds": 0.15578280499903485}
{"cell": "original", "method": "F16", "phase": "retained", "iteration": 1, "position": 1, "seconds": 0.15793836800730787}
{"cell": "original", "method": "F16", "phase": "retained", "iteration": 2, "position": 0, "seconds": 0.15876987999945413}
{"cell": "original", "method": "F8", "phase": "retained", "iteration": 2, "position": 1, "seconds": 0.15629250700294506}
{"cell": "original", "method": "F8", "phase": "retained", "iteration": 3, "position": 0, "seconds": 0.15620549899176694}
{"cell": "original", "method": "F16", "phase": "retained", "iteration": 3, "position": 1, "seconds": 0.1584591840073699}
{"cell": "original", "method": "F16", "phase": "retained", "iteration": 4, "position": 0, "seconds": 0.15856949999579228}
{"cell": "original", "method": "F8", "phase": "retained", "iteration": 4, "position": 1, "seconds": 0.15587697499722708}
{"cell": "original", "method": "F8", "phase": "retained", "iteration": 5, "position": 0, "seconds": 0.15572262500063516}
{"cell": "original", "method": "F16", "phase": "retained", "iteration": 5, "position": 1, "seconds": 0.15852932501002215}
{"cell": "k256", "method": "F8", "phase": "warmup", "iteration": 0, "position": 0, "seconds": 0.5682431989989709}
{"cell": "k256", "method": "F16", "phase": "warmup", "iteration": 0, "position": 1, "seconds": 0.5604382500023348}
{"cell": "k256", "method": "F16", "phase": "warmup", "iteration": 1, "position": 0, "seconds": 0.5618839759990806}
{"cell": "k256", "method": "F8", "phase": "warmup", "iteration": 1, "position": 1, "seconds": 0.56540903300629}
{"cell": "k256", "method": "F8", "phase": "retained", "iteration": 0, "position": 0, "seconds": 0.566532892989926}
{"cell": "k256", "method": "F16", "phase": "retained", "iteration": 0, "position": 1, "seconds": 0.5625215460022446}
{"cell": "k256", "method": "F16", "phase": "retained", "iteration": 1, "position": 0, "seconds": 0.564627298997948}
{"cell": "k256", "method": "F8", "phase": "retained", "iteration": 1, "position": 1, "seconds": 0.5631652180018136}
{"cell": "k256", "method": "F8", "phase": "retained", "iteration": 2, "position": 0, "seconds": 0.5674009170033969}
{"cell": "k256", "method": "F16", "phase": "retained", "iteration": 2, "position": 1, "seconds": 0.5603870039922185}
{"cell": "k256", "method": "F16", "phase": "retained", "iteration": 3, "position": 0, "seconds": 0.5601214519992936}
{"cell": "k256", "method": "F8", "phase": "retained", "iteration": 3, "position": 1, "seconds": 0.5640680950018577}
{"cell": "k256", "method": "F8", "phase": "retained", "iteration": 4, "position": 0, "seconds": 0.5639989579940448}
{"cell": "k256", "method": "F16", "phase": "retained", "iteration": 4, "position": 1, "seconds": 0.5616826820041751}
{"cell": "k256", "method": "F16", "phase": "retained", "iteration": 5, "position": 0, "seconds": 0.5607656840002164}
{"cell": "k256", "method": "F8", "phase": "retained", "iteration": 5, "position": 1, "seconds": 0.5641672360070515}
{"cell": "k1024", "method": "F16", "phase": "warmup", "iteration": 0, "position": 0, "seconds": 2.2911510560079478}
{"cell": "k1024", "method": "F8", "phase": "warmup", "iteration": 0, "position": 1, "seconds": 2.3164574789989274}
{"cell": "k1024", "method": "F8", "phase": "warmup", "iteration": 1, "position": 0, "seconds": 2.3171289570018416}
{"cell": "k1024", "method": "F16", "phase": "warmup", "iteration": 1, "position": 1, "seconds": 2.285101281988318}
{"cell": "k1024", "method": "F16", "phase": "retained", "iteration": 0, "position": 0, "seconds": 2.2824880789994495}
{"cell": "k1024", "method": "F8", "phase": "retained", "iteration": 0, "position": 1, "seconds": 2.3187625930004288}
{"cell": "k1024", "method": "F8", "phase": "retained", "iteration": 1, "position": 0, "seconds": 2.3191300600010436}
{"cell": "k1024", "method": "F16", "phase": "retained", "iteration": 1, "position": 1, "seconds": 2.2860129319888074}
{"cell": "k1024", "method": "F16", "phase": "retained", "iteration": 2, "position": 0, "seconds": 2.2840685289993417}
{"cell": "k1024", "method": "F8", "phase": "retained", "iteration": 2, "position": 1, "seconds": 2.321861925011035}
{"cell": "k1024", "method": "F8", "phase": "retained", "iteration": 3, "position": 0, "seconds": 2.3206688200007193}
{"cell": "k1024", "method": "F16", "phase": "retained", "iteration": 3, "position": 1, "seconds": 2.287889612998697}
{"cell": "k1024", "method": "F16", "phase": "retained", "iteration": 4, "position": 0, "seconds": 2.289077177993022}
{"cell": "k1024", "method": "F8", "phase": "retained", "iteration": 4, "position": 1, "seconds": 2.3213915649976116}
{"cell": "k1024", "method": "F8", "phase": "retained", "iteration": 5, "position": 0, "seconds": 2.3188640720036346}
{"cell": "k1024", "method": "F16", "phase": "retained", "iteration": 5, "position": 1, "seconds": 2.2854545159934787}
{"cell": "k4", "method": "F8", "phase": "warmup", "iteration": 0, "position": 0, "seconds": 0.0553511449979851}
{"cell": "k4", "method": "F16", "phase": "warmup", "iteration": 0, "position": 1, "seconds": 0.06115471001248807}
{"cell": "k4", "method": "F16", "phase": "warmup", "iteration": 1, "position": 0, "seconds": 0.0588074580009561}
{"cell": "k4", "method": "F8", "phase": "warmup", "iteration": 1, "position": 1, "seconds": 0.05366616499668453}
{"cell": "k4", "method": "F8", "phase": "retained", "iteration": 0, "position": 0, "seconds": 0.053885184999671765}
{"cell": "k4", "method": "F16", "phase": "retained", "iteration": 0, "position": 1, "seconds": 0.058615774993086234}
{"cell": "k4", "method": "F16", "phase": "retained", "iteration": 1, "position": 0, "seconds": 0.05866297100146767}
{"cell": "k4", "method": "F8", "phase": "retained", "iteration": 1, "position": 1, "seconds": 0.05367066200415138}
{"cell": "k4", "method": "F8", "phase": "retained", "iteration": 2, "position": 0, "seconds": 0.05366630600474309}
{"cell": "k4", "method": "F16", "phase": "retained", "iteration": 2, "position": 1, "seconds": 0.058620227995561436}
{"cell": "k4", "method": "F16", "phase": "retained", "iteration": 3, "position": 0, "seconds": 0.058803277992410585}
{"cell": "k4", "method": "F8", "phase": "retained", "iteration": 3, "position": 1, "seconds": 0.05376089700439479}
{"cell": "k4", "method": "F8", "phase": "retained", "iteration": 4, "position": 0, "seconds": 0.053652664995752275}
{"cell": "k4", "method": "F16", "phase": "retained", "iteration": 4, "position": 1, "seconds": 0.05860805499833077}
{"cell": "k4", "method": "F16", "phase": "retained", "iteration": 5, "position": 0, "seconds": 0.05869076699309517}
{"cell": "k4", "method": "F8", "phase": "retained", "iteration": 5, "position": 1, "seconds": 0.05345244400086813}
{"cell": "k16", "method": "F16", "phase": "warmup", "iteration": 0, "position": 0, "seconds": 0.07845225199707784}
{"cell": "k16", "method": "F8", "phase": "warmup", "iteration": 0, "position": 1, "seconds": 0.07049881099374034}
{"cell": "k16", "method": "F8", "phase": "warmup", "iteration": 1, "position": 0, "seconds": 0.06997370900353417}
{"cell": "k16", "method": "F16", "phase": "warmup", "iteration": 1, "position": 1, "seconds": 0.07453779700153973}
{"cell": "k16", "method": "F16", "phase": "retained", "iteration": 0, "position": 0, "seconds": 0.07450259299366735}
{"cell": "k16", "method": "F8", "phase": "retained", "iteration": 0, "position": 1, "seconds": 0.06992560499929823}
{"cell": "k16", "method": "F8", "phase": "retained", "iteration": 1, "position": 0, "seconds": 0.07001869799569249}
{"cell": "k16", "method": "F16", "phase": "retained", "iteration": 1, "position": 1, "seconds": 0.07455936601036228}
{"cell": "k16", "method": "F16", "phase": "retained", "iteration": 2, "position": 0, "seconds": 0.07439367999904789}
{"cell": "k16", "method": "F8", "phase": "retained", "iteration": 2, "position": 1, "seconds": 0.06985841399000492}
{"cell": "k16", "method": "F8", "phase": "retained", "iteration": 3, "position": 0, "seconds": 0.06984640999871772}
{"cell": "k16", "method": "F16", "phase": "retained", "iteration": 3, "position": 1, "seconds": 0.07439085800433531}
{"cell": "k16", "method": "F16", "phase": "retained", "iteration": 4, "position": 0, "seconds": 0.07455922900408041}
{"cell": "k16", "method": "F8", "phase": "retained", "iteration": 4, "position": 1, "seconds": 0.06995868599915411}
{"cell": "k16", "method": "F8", "phase": "retained", "iteration": 5, "position": 0, "seconds": 0.07044175600458402}
{"cell": "k16", "method": "F16", "phase": "retained", "iteration": 5, "position": 1, "seconds": 0.07453937201353256}
{"phase": "confirm", "index": 2, "pass_": true, "calls": 96}
