COMMAND ["@TENSORJOIN_ROOT@/isaacsim6/env/bin/python", "@TENSORJOIN_ROOT@/tensorjoin_20260902_certified_exact_join/precision_routing_20260908_threshold_sweep/src/runner.py", "--phase", "confirm", "--index", "3"]
{"cell": "k64", "method": "F16", "phase": "warmup", "iteration": 0, "position": 0, "seconds": 0.6088066349911969}
{"cell": "k64", "method": "F8", "phase": "warmup", "iteration": 0, "position": 1, "seconds": 0.18987140299577732}
{"cell": "k64", "method": "F8", "phase": "warmup", "iteration": 1, "position": 0, "seconds": 0.18530661100521684}
{"cell": "k64", "method": "F16", "phase": "warmup", "iteration": 1, "position": 1, "seconds": 0.15988814400043339}
{"cell": "k64", "method": "F16", "phase": "retained", "iteration": 0, "position": 0, "seconds": 0.15681174999917857}
{"cell": "k64", "method": "F8", "phase": "retained", "iteration": 0, "position": 1, "seconds": 0.15555703100108076}
{"cell": "k64", "method": "F8", "phase": "retained", "iteration": 1, "position": 0, "seconds": 0.15511846799927298}
{"cell": "k64", "method": "F16", "phase": "retained", "iteration": 1, "position": 1, "seconds": 0.15609962900634855}
{"cell": "k64", "method": "F16", "phase": "retained", "iteration": 2, "position": 0, "seconds": 0.15868034498998895}
{"cell": "k64", "method": "F8", "phase": "retained", "iteration": 2, "position": 1, "seconds": 0.1544943089975277}
{"cell": "k64", "method": "F8", "phase": "retained", "iteration": 3, "position": 0, "seconds": 0.15570680600649212}
{"cell": "k64", "method": "F16", "phase": "retained", "iteration": 3, "position": 1, "seconds": 0.15706854600284714}
{"cell": "k64", "method": "F16", "phase": "retained", "iteration": 4, "position": 0, "seconds": 0.15740980301052332}
{"cell": "k64", "method": "F8", "phase": "retained", "iteration": 4, "position": 1, "seconds": 0.15451220799877774}
{"cell": "k64", "method": "F8", "phase": "retained", "iteration": 5, "position": 0, "seconds": 0.15696956400643103}
{"cell": "k64", "method": "F16", "phase": "retained", "iteration": 5, "position": 1, "seconds": 0.15644171299936716}
{"cell": "k16", "method": "F8", "phase": "warmup", "iteration": 0, "position": 0, "seconds": 0.0817036050138995}
{"cell": "k16", "method": "F16", "phase": "warmup", "iteration": 0, "position": 1, "seconds": 0.07900376999168657}
{"cell": "k16", "method": "F16", "phase": "warmup", "iteration": 1, "position": 0, "seconds": 0.07561821700073779}
{"cell": "k16", "method": "F8", "phase": "warmup", "iteration": 1, "position": 1, "seconds": 0.07002597799873911}
{"cell": "k16", "method": "F8", "phase": "retained", "iteration": 0, "position": 0, "seconds": 0.06971482399967499}
{"cell": "k16", "method": "F16", "phase": "retained", "iteration": 0, "position": 1, "seconds": 0.07423315700725652}
{"cell": "k16", "method": "F16", "phase": "retained", "iteration": 1, "position": 0, "seconds": 0.07492877100594342}
{"cell": "k16", "method": "F8", "phase": "retained", "iteration": 1, "position": 1, "seconds": 0.07017780101159588}
{"cell": "k16", "method": "F8", "phase": "retained", "iteration": 2, "position": 0, "seconds": 0.06998466199729592}
{"cell": "k16", "method": "F16", "phase": "retained", "iteration": 2, "position": 1, "seconds": 0.07450767599220853}
{"cell": "k16", "method": "F16", "phase": "retained", "iteration": 3, "position": 0, "seconds": 0.07449918299971614}
{"cell": "k16", "method": "F8", "phase": "retained", "iteration": 3, "position": 1, "seconds": 0.06997641400084831}
{"cell": "k16", "method": "F8", "phase": "retained", "iteration": 4, "position": 0, "seconds": 0.07029887501266785}
{"cell": "k16", "method": "F16", "phase": "retained", "iteration": 4, "position": 1, "seconds": 0.07437080700765364}
{"cell": "k16", "method": "F16", "phase": "retained", "iteration": 5, "position": 0, "seconds": 0.07418084400705993}
{"cell": "k16", "method": "F8", "phase": "retained", "iteration": 5, "position": 1, "seconds": 0.07937532999494579}
{"cell": "k4", "method": "F16", "phase": "warmup", "iteration": 0, "position": 0, "seconds": 0.06871615500131156}
{"cell": "k4", "method": "F8", "phase": "warmup", "iteration": 0, "position": 1, "seconds": 0.06071903400879819}
{"cell": "k4", "method": "F8", "phase": "warmup", "iteration": 1, "position": 0, "seconds": 0.060459660991909914}
{"cell": "k4", "method": "F16", "phase": "warmup", "iteration": 1, "position": 1, "seconds": 0.0654954350029584}
{"cell": "k4", "method": "F16", "phase": "retained", "iteration": 0, "position": 0, "seconds": 0.06498018800630234}
{"cell": "k4", "method": "F8", "phase": "retained", "iteration": 0, "position": 1, "seconds": 0.06002702000841964}
{"cell": "k4", "method": "F8", "phase": "retained", "iteration": 1, "position": 0, "seconds": 0.06010194700502325}
{"cell": "k4", "method": "F16", "phase": "retained", "iteration": 1, "position": 1, "seconds": 0.05924004399275873}
{"cell": "k4", "method": "F16", "phase": "retained", "iteration": 2, "position": 0, "seconds": 0.057901590000255965}
{"cell": "k4", "method": "F8", "phase": "retained", "iteration": 2, "position": 1, "seconds": 0.05317463900428265}
{"cell": "k4", "method": "F8", "phase": "retained", "iteration": 3, "position": 0, "seconds": 0.05300303400144912}
{"cell": "k4", "method": "F16", "phase": "retained", "iteration": 3, "position": 1, "seconds": 0.05777662400214467}
{"cell": "k4", "method": "F16", "phase": "retained", "iteration": 4, "position": 0, "seconds": 0.05775599999469705}
{"cell": "k4", "method": "F8", "phase": "retained", "iteration": 4, "position": 1, "seconds": 0.053041174993268214}
{"cell": "k4", "method": "F8", "phase": "retained", "iteration": 5, "position": 0, "seconds": 0.053001780004706234}
{"cell": "k4", "method": "F16", "phase": "retained", "iteration": 5, "position": 1, "seconds": 0.05768845298734959}
{"cell": "k1024", "method": "F8", "phase": "warmup", "iteration": 0, "position": 0, "seconds": 2.317652219993761}
{"cell": "k1024", "method": "F16", "phase": "warmup", "iteration": 0, "position": 1, "seconds": 2.445908455993049}
{"cell": "k1024", "method": "F16", "phase": "warmup", "iteration": 1, "position": 0, "seconds": 2.301398468000116}
{"cell": "k1024", "method": "F8", "phase": "warmup", "iteration": 1, "position": 1, "seconds": 2.3329977730027167}
{"cell": "k1024", "method": "F8", "phase": "retained", "iteration": 0, "position": 0, "seconds": 2.3324034929974005}
{"cell": "k1024", "method": "F16", "phase": "retained", "iteration": 0, "position": 1, "seconds": 2.302724673994817}
{"cell": "k1024", "method": "F16", "phase": "retained", "iteration": 1, "position": 0, "seconds": 2.3020839240052737}
{"cell": "k1024", "method": "F8", "phase": "retained", "iteration": 1, "position": 1, "seconds": 2.3348257900070166}
{"cell": "k1024", "method": "F8", "phase": "retained", "iteration": 2, "position": 0, "seconds": 2.3366637290018843}
{"cell": "k1024", "method": "F16", "phase": "retained", "iteration": 2, "position": 1, "seconds": 2.30286274899845}
{"cell": "k1024", "method": "F16", "phase": "retained", "iteration": 3, "position": 0, "seconds": 2.303731939988211}
{"cell": "k1024", "method": "F8", "phase": "retained", "iteration": 3, "position": 1, "seconds": 2.338171412993688}
{"cell": "k1024", "method": "F8", "phase": "retained", "iteration": 4, "position": 0, "seconds": 2.331532418000279}
{"cell": "k1024", "method": "F16", "phase": "retained", "iteration": 4, "position": 1, "seconds": 2.2995674800040433}
{"cell": "k1024", "method": "F16", "phase": "retained", "iteration": 5, "position": 0, "seconds": 2.3022615420049988}
{"cell": "k1024", "method": "F8", "phase": "retained", "iteration": 5, "position": 1, "seconds": 2.337505741001223}
{"cell": "k256", "method": "F16", "phase": "warmup", "iteration": 0, "position": 0, "seconds": 0.558436734994757}
{"cell": "k256", "method": "F8", "phase": "warmup", "iteration": 0, "position": 1, "seconds": 0.567483036997146}
{"cell": "k256", "method": "F8", "phase": "warmup", "iteration": 1, "position": 0, "seconds": 0.5671271739993244}
{"cell": "k256", "method": "F16", "phase": "warmup", "iteration": 1, "position": 1, "seconds": 0.5615391390019795}
{"cell": "k256", "method": "F16", "phase": "retained", "iteration": 0, "position": 0, "seconds": 0.5622460129961837}
{"cell": "k256", "method": "F8", "phase": "retained", "iteration": 0, "position": 1, "seconds": 0.5670155929983594}
{"cell": "k256", "method": "F8", "phase": "retained", "iteration": 1, "position": 0, "seconds": 0.5661905570013914}
{"cell": "k256", "method": "F16", "phase": "retained", "iteration": 1, "position": 1, "seconds": 0.5630476600053953}
{"cell": "k256", "method": "F16", "phase": "retained", "iteration": 2, "position": 0, "seconds": 0.5627374350005994}
{"cell": "k256", "method": "F8", "phase": "retained", "iteration": 2, "position": 1, "seconds": 0.5673527360049775}
{"cell": "k256", "method": "F8", "phase": "retained", "iteration": 3, "position": 0, "seconds": 0.5754281469999114}
{"cell": "k256", "method": "F16", "phase": "retained", "iteration": 3, "position": 1, "seconds": 0.5869752360013081}
{"cell": "k256", "method": "F16", "phase": "retained", "iteration": 4, "position": 0, "seconds": 0.5616223120014183}
{"cell": "k256", "method": "F8", "phase": "retained", "iteration": 4, "position": 1, "seconds": 0.5665528319950681}
{"cell": "k256", "method": "F8", "phase": "retained", "iteration": 5, "position": 0, "seconds": 0.567109233001247}
{"cell": "k256", "method": "F16", "phase": "retained", "iteration": 5, "position": 1, "seconds": 0.5612193679990014}
{"cell": "original", "method": "F8", "phase": "warmup", "iteration": 0, "position": 0, "seconds": 0.18489125001360662}
{"cell": "original", "method": "F16", "phase": "warmup", "iteration": 0, "position": 1, "seconds": 0.1650189120118739}
{"cell": "original", "method": "F16", "phase": "warmup", "iteration": 1, "position": 0, "seconds": 0.16088422400935087}
{"cell": "original", "method": "F8", "phase": "warmup", "iteration": 1, "position": 1, "seconds": 0.15948516300704796}
{"cell": "original", "method": "F8", "phase": "retained", "iteration": 0, "position": 0, "seconds": 0.1593681249942165}
{"cell": "original", "method": "F16", "phase": "retained", "iteration": 0, "position": 1, "seconds": 0.16090408799936995}
{"cell": "original", "method": "F16", "phase": "retained", "iteration": 1, "position": 0, "seconds": 0.16058546300337184}
{"cell": "original", "method": "F8", "phase": "retained", "iteration": 1, "position": 1, "seconds": 0.15824411300127394}
{"cell": "original", "method": "F8", "phase": "retained", "iteration": 2, "position": 0, "seconds": 0.15817053899809252}
{"cell": "original", "method": "F16", "phase": "retained", "iteration": 2, "position": 1, "seconds": 0.1614108719950309}
{"cell": "original", "method": "F16", "phase": "retained", "iteration": 3, "position": 0, "seconds": 0.1609728420007741}
{"cell": "original", "method": "F8", "phase": "retained", "iteration": 3, "position": 1, "seconds": 0.15910923600313254}
{"cell": "original", "method": "F8", "phase": "retained", "iteration": 4, "position": 0, "seconds": 0.15847066800051834}
{"cell": "original", "method": "F16", "phase": "retained", "iteration": 4, "position": 1, "seconds": 0.1611233319999883}
{"cell": "original", "method": "F16", "phase": "retained", "iteration": 5, "position": 0, "seconds": 0.16114447099971585}
{"cell": "original", "method": "F8", "phase": "retained", "iteration": 5, "position": 1, "seconds": 0.15931409900076687}
{"phase": "confirm", "index": 3, "pass_": true, "calls": 96}
