{
  "verified_at_utc": "2026-09-05T06:55:24.282469+00:00",
  "frozen_files": [
    {
      "manifest": "frozen_execution.json",
      "files": 35,
      "all_match": true
    },
    {
      "manifest": "frozen_execution_r1.json",
      "files": 39,
      "all_match": true
    },
    {
      "manifest": "frozen_diagnostic_a0.json",
      "files": 5,
      "all_match": true
    }
  ],
  "g7_source_hashes_match": true,
  "adapter_cases": [
    {
      "record_id": "memcheck_boundary31_a0",
      "n": 31,
      "structure_pass": true,
      "reference_pass": true,
      "pairs": 43,
      "missing": 0,
      "extra": 0,
      "candidate_pairs": 961
    },
    {
      "record_id": "memcheck_boundary_zero32_a0",
      "n": 32,
      "structure_pass": true,
      "reference_pass": false,
      "pairs": 106,
      "missing": 0,
      "extra": 2,
      "candidate_pairs": 1024
    },
    {
      "record_id": "memcheck_cifar4096_a0",
      "n": 4096,
      "structure_pass": true,
      "reference_pass": false,
      "pairs": 262144,
      "missing": 2,
      "extra": 2,
      "candidate_pairs": 16777216
    },
    {
      "record_id": "native_boundary31_a0",
      "n": 31,
      "structure_pass": true,
      "reference_pass": true,
      "pairs": 43,
      "missing": 0,
      "extra": 0,
      "candidate_pairs": 961
    },
    {
      "record_id": "native_cancellation31_a0",
      "n": 31,
      "structure_pass": true,
      "reference_pass": true,
      "pairs": 961,
      "missing": 0,
      "extra": 0,
      "candidate_pairs": 961
    },
    {
      "record_id": "native_cifar4096_a0",
      "n": 4096,
      "structure_pass": true,
      "reference_pass": false,
      "pairs": 262144,
      "missing": 2,
      "extra": 2,
      "candidate_pairs": 16777216
    },
    {
      "record_id": "native_real31_a0",
      "n": 31,
      "structure_pass": true,
      "reference_pass": true,
      "pairs": 31,
      "missing": 0,
      "extra": 0,
      "candidate_pairs": 961
    },
    {
      "record_id": "native_shuffled_onehot31_a0",
      "n": 31,
      "structure_pass": true,
      "reference_pass": true,
      "pairs": 97,
      "missing": 0,
      "extra": 0,
      "candidate_pairs": 961
    },
    {
      "record_id": "native_signed31_a0",
      "n": 31,
      "structure_pass": true,
      "reference_pass": true,
      "pairs": 31,
      "missing": 0,
      "extra": 0,
      "candidate_pairs": 961
    },
    {
      "record_id": "native_subnormal31_a0",
      "n": 31,
      "structure_pass": true,
      "reference_pass": true,
      "pairs": 961,
      "missing": 0,
      "extra": 0,
      "candidate_pairs": 961
    },
    {
      "record_id": "native_zeros31_a0",
      "n": 31,
      "structure_pass": true,
      "reference_pass": true,
      "pairs": 961,
      "missing": 0,
      "extra": 0,
      "candidate_pairs": 961
    },
    {
      "record_id": "none_boundary_zero32_a0",
      "n": 32,
      "structure_pass": true,
      "reference_pass": false,
      "pairs": 106,
      "missing": 0,
      "extra": 2,
      "candidate_pairs": 1024
    },
    {
      "record_id": "nsys_real31_a0",
      "n": 31,
      "structure_pass": true,
      "reference_pass": true,
      "pairs": 31,
      "missing": 0,
      "extra": 0,
      "candidate_pairs": 961
    },
    {
      "record_id": "synccheck_boundary31_a0",
      "n": 31,
      "structure_pass": true,
      "reference_pass": true,
      "pairs": 43,
      "missing": 0,
      "extra": 0,
      "candidate_pairs": 961
    },
    {
      "record_id": "synccheck_boundary_zero32_a0",
      "n": 32,
      "structure_pass": true,
      "reference_pass": false,
      "pairs": 106,
      "missing": 0,
      "extra": 2,
      "candidate_pairs": 1024
    },
    {
      "record_id": "synccheck_cifar4096_a0",
      "n": 4096,
      "structure_pass": true,
      "reference_pass": false,
      "pairs": 262144,
      "missing": 2,
      "extra": 2,
      "candidate_pairs": 16777216
    }
  ],
  "guard_count": 17,
  "guards": [
    {
      "label": "g17_memcheck_boundary31_a0",
      "returncode": 0,
      "admitted_for_own_contract": true,
      "occupancy_clean": true
    },
    {
      "label": "g17_memcheck_boundary_zero32_a0",
      "returncode": 0,
      "admitted_for_own_contract": false,
      "occupancy_clean": true
    },
    {
      "label": "g17_memcheck_cifar4096_a0",
      "returncode": 0,
      "admitted_for_own_contract": false,
      "occupancy_clean": true
    },
    {
      "label": "g17_native_boundary31_a0",
      "returncode": 0,
      "admitted_for_own_contract": true,
      "occupancy_clean": true
    },
    {
      "label": "g17_native_cancellation31_a0",
      "returncode": 0,
      "admitted_for_own_contract": true,
      "occupancy_clean": true
    },
    {
      "label": "g17_native_cifar4096_a0",
      "returncode": 0,
      "admitted_for_own_contract": false,
      "occupancy_clean": true
    },
    {
      "label": "g17_native_real31_a0",
      "returncode": 0,
      "admitted_for_own_contract": true,
      "occupancy_clean": true
    },
    {
      "label": "g17_native_shuffled_onehot31_a0",
      "returncode": 0,
      "admitted_for_own_contract": true,
      "occupancy_clean": true
    },
    {
      "label": "g17_native_signed31_a0",
      "returncode": 0,
      "admitted_for_own_contract": true,
      "occupancy_clean": true
    },
    {
      "label": "g17_native_subnormal31_a0",
      "returncode": 0,
      "admitted_for_own_contract": true,
      "occupancy_clean": true
    },
    {
      "label": "g17_native_zeros31_a0",
      "returncode": 0,
      "admitted_for_own_contract": true,
      "occupancy_clean": true
    },
    {
      "label": "g17_none_boundary_zero32_a0",
      "returncode": 0,
      "admitted_for_own_contract": false,
      "occupancy_clean": true
    },
    {
      "label": "g17_nsys_real31_a0",
      "returncode": 0,
      "admitted_for_own_contract": true,
      "occupancy_clean": true
    },
    {
      "label": "g17_synccheck_boundary31_a0",
      "returncode": 0,
      "admitted_for_own_contract": true,
      "occupancy_clean": true
    },
    {
      "label": "g17_synccheck_boundary_zero32_a0",
      "returncode": 0,
      "admitted_for_own_contract": false,
      "occupancy_clean": true
    },
    {
      "label": "g17_synccheck_cifar4096_a0",
      "returncode": 0,
      "admitted_for_own_contract": false,
      "occupancy_clean": true
    },
    {
      "label": "g17_pair_replay_a0",
      "returncode": 0,
      "admitted_for_own_contract": true,
      "occupancy_clean": true
    }
  ],
  "sanitizers": [
    {
      "record_id": "memcheck_boundary31_a0",
      "zero_errors": true,
      "log_sha256": "5a0ee48c96c0703981333183e7253b436337b20f50cd8d0a82ee24e6a548b7d1"
    },
    {
      "record_id": "memcheck_boundary_zero32_a0",
      "zero_errors": true,
      "log_sha256": "37c79f4ae0b320f0ea056cb32775d2caa8eb7372972c70267f18c701ca145991"
    },
    {
      "record_id": "memcheck_cifar4096_a0",
      "zero_errors": true,
      "log_sha256": "6a837792107a42a5fb83c40ccfd6b0bc998d036c55231c0d1d0202cdd2ade795"
    },
    {
      "record_id": "synccheck_boundary31_a0",
      "zero_errors": true,
      "log_sha256": "547fe3a522b346dbcc0d711322994768489636d7b0a3f9eaed723f83a1d84331"
    },
    {
      "record_id": "synccheck_boundary_zero32_a0",
      "zero_errors": true,
      "log_sha256": "5011a891cd730b4e5491bc4d95e94648a9e22d70ab8f45a9d4a8d12839e99a18"
    },
    {
      "record_id": "synccheck_cifar4096_a0",
      "zero_errors": true,
      "log_sha256": "a578720596b9c9dfedc60646d9900042bc8b5c3375de80433808eb49b261f846"
    }
  ],
  "same_launch_diagnostic_pass": true,
  "selected_cuda_code_identity_pass": true,
  "native_fp64_reference_admitted": false,
  "performance_admitted": false,
  "novelty_pass": false,
  "postflight_gpu2_idle": true,
  "postflight_sha256": "c34ee3bb6e121488e7e723c7a8d97927c5862797ecf064a4266400b720758e91",
  "scope": "G17 bounded compatibility/safety/code audit; native numerical mismatches retained; diagnostic guard does not certify native join"
}
