COMMAND ["@TENSORJOIN_ROOT@/isaacsim6/env/bin/python", "src/runner.py", "--label", "paired_04_a0", "--mode", "paired", "--order", "AB"]
{"phase": "initialized", "mode": "paired", "order": "AB"}
{"seconds": 0.19094785900233546, "batches": 108, "input_pointer": 135275799904256, "method": "A", "phase": "warmup", "iteration": 0, "hash": "13cae87e6a0f75a13f3e9a7881b33c42ab77680f6d13e99dcc00fa2de5963495", "count": 3926078}
{"seconds": 0.15752030799922068, "batches": 108, "input_pointer": 135275799904256, "method": "A", "phase": "warmup", "iteration": 1, "hash": "13cae87e6a0f75a13f3e9a7881b33c42ab77680f6d13e99dcc00fa2de5963495", "count": 3926078}
{"seconds": 0.15693993799504824, "batches": 108, "input_pointer": 135275799904256, "method": "A", "phase": "retained", "iteration": 0, "hash": "13cae87e6a0f75a13f3e9a7881b33c42ab77680f6d13e99dcc00fa2de5963495", "count": 3926078}
{"seconds": 0.15812693800398847, "batches": 108, "input_pointer": 135275799904256, "method": "A", "phase": "retained", "iteration": 1, "hash": "13cae87e6a0f75a13f3e9a7881b33c42ab77680f6d13e99dcc00fa2de5963495", "count": 3926078}
{"seconds": 0.15719833799812477, "batches": 108, "input_pointer": 135275799904256, "method": "A", "phase": "retained", "iteration": 2, "hash": "13cae87e6a0f75a13f3e9a7881b33c42ab77680f6d13e99dcc00fa2de5963495", "count": 3926078}
{"seconds": 0.15899156499654055, "batches": 108, "input_pointer": 135275799904256, "method": "A", "phase": "retained", "iteration": 3, "hash": "13cae87e6a0f75a13f3e9a7881b33c42ab77680f6d13e99dcc00fa2de5963495", "count": 3926078}
{"seconds": 0.15652349199808668, "batches": 108, "input_pointer": 135275799904256, "method": "A", "phase": "retained", "iteration": 4, "hash": "13cae87e6a0f75a13f3e9a7881b33c42ab77680f6d13e99dcc00fa2de5963495", "count": 3926078}
{"seconds": 0.15714776900131255, "batches": 108, "input_pointer": 135275799904256, "method": "A", "phase": "retained", "iteration": 5, "hash": "13cae87e6a0f75a13f3e9a7881b33c42ab77680f6d13e99dcc00fa2de5963495", "count": 3926078}
{"seconds": 0.15950890100066317, "batches": 108, "input_pointer": 135275799904256, "method": "A", "phase": "retained", "iteration": 6, "hash": "13cae87e6a0f75a13f3e9a7881b33c42ab77680f6d13e99dcc00fa2de5963495", "count": 3926078}
{"seconds": 0.15759810699819354, "batches": 108, "input_pointer": 135275799904256, "method": "A", "phase": "retained", "iteration": 7, "hash": "13cae87e6a0f75a13f3e9a7881b33c42ab77680f6d13e99dcc00fa2de5963495", "count": 3926078}
{"seconds": 0.15635114500037162, "batches": 108, "input_pointer": 135275799904256, "method": "A", "phase": "retained", "iteration": 8, "hash": "13cae87e6a0f75a13f3e9a7881b33c42ab77680f6d13e99dcc00fa2de5963495", "count": 3926078}
{"seconds": 0.32170357999711996, "batches": 120, "input_pointer": 135275799904256, "method": "B", "phase": "warmup", "iteration": 0, "hash": "13cae87e6a0f75a13f3e9a7881b33c42ab77680f6d13e99dcc00fa2de5963495", "count": 3926078}
{"seconds": 0.23687851800059434, "batches": 120, "input_pointer": 135275799904256, "method": "B", "phase": "warmup", "iteration": 1, "hash": "13cae87e6a0f75a13f3e9a7881b33c42ab77680f6d13e99dcc00fa2de5963495", "count": 3926078}
{"seconds": 0.2377236370011815, "batches": 120, "input_pointer": 135275799904256, "method": "B", "phase": "retained", "iteration": 0, "hash": "13cae87e6a0f75a13f3e9a7881b33c42ab77680f6d13e99dcc00fa2de5963495", "count": 3926078}
{"seconds": 0.23883800800103927, "batches": 120, "input_pointer": 135275799904256, "method": "B", "phase": "retained", "iteration": 1, "hash": "13cae87e6a0f75a13f3e9a7881b33c42ab77680f6d13e99dcc00fa2de5963495", "count": 3926078}
{"seconds": 0.2369001120023313, "batches": 120, "input_pointer": 135275799904256, "method": "B", "phase": "retained", "iteration": 2, "hash": "13cae87e6a0f75a13f3e9a7881b33c42ab77680f6d13e99dcc00fa2de5963495", "count": 3926078}
{"seconds": 0.2364764230005676, "batches": 120, "input_pointer": 135275799904256, "method": "B", "phase": "retained", "iteration": 3, "hash": "13cae87e6a0f75a13f3e9a7881b33c42ab77680f6d13e99dcc00fa2de5963495", "count": 3926078}
{"seconds": 0.23701904899644433, "batches": 120, "input_pointer": 135275799904256, "method": "B", "phase": "retained", "iteration": 4, "hash": "13cae87e6a0f75a13f3e9a7881b33c42ab77680f6d13e99dcc00fa2de5963495", "count": 3926078}
{"seconds": 0.23692253900662763, "batches": 120, "input_pointer": 135275799904256, "method": "B", "phase": "retained", "iteration": 5, "hash": "13cae87e6a0f75a13f3e9a7881b33c42ab77680f6d13e99dcc00fa2de5963495", "count": 3926078}
{"seconds": 0.23720928499824367, "batches": 120, "input_pointer": 135275799904256, "method": "B", "phase": "retained", "iteration": 6, "hash": "13cae87e6a0f75a13f3e9a7881b33c42ab77680f6d13e99dcc00fa2de5963495", "count": 3926078}
{"seconds": 0.2368757300064317, "batches": 120, "input_pointer": 135275799904256, "method": "B", "phase": "retained", "iteration": 7, "hash": "13cae87e6a0f75a13f3e9a7881b33c42ab77680f6d13e99dcc00fa2de5963495", "count": 3926078}
{"seconds": 0.236530212998332, "batches": 120, "input_pointer": 135275799904256, "method": "B", "phase": "retained", "iteration": 8, "hash": "13cae87e6a0f75a13f3e9a7881b33c42ab77680f6d13e99dcc00fa2de5963495", "count": 3926078}
{"seconds": 0.23683732100471389, "batches": 120, "input_pointer": 135275799904256, "method": "B", "phase": "repeat16", "iteration": 0, "hash": "13cae87e6a0f75a13f3e9a7881b33c42ab77680f6d13e99dcc00fa2de5963495", "count": 3926078}
{"seconds": 0.2369217649975326, "batches": 120, "input_pointer": 135275799904256, "method": "B", "phase": "repeat16", "iteration": 1, "hash": "13cae87e6a0f75a13f3e9a7881b33c42ab77680f6d13e99dcc00fa2de5963495", "count": 3926078}
{"seconds": 0.2376203079984407, "batches": 120, "input_pointer": 135275799904256, "method": "B", "phase": "repeat16", "iteration": 2, "hash": "13cae87e6a0f75a13f3e9a7881b33c42ab77680f6d13e99dcc00fa2de5963495", "count": 3926078}
{"seconds": 0.23678868099523243, "batches": 120, "input_pointer": 135275799904256, "method": "B", "phase": "repeat16", "iteration": 3, "hash": "13cae87e6a0f75a13f3e9a7881b33c42ab77680f6d13e99dcc00fa2de5963495", "count": 3926078}
{"seconds": 0.23681592699722387, "batches": 120, "input_pointer": 135275799904256, "method": "B", "phase": "repeat16", "iteration": 4, "hash": "13cae87e6a0f75a13f3e9a7881b33c42ab77680f6d13e99dcc00fa2de5963495", "count": 3926078}
{"seconds": 0.2366322259986191, "batches": 120, "input_pointer": 135275799904256, "method": "B", "phase": "repeat16", "iteration": 5, "hash": "13cae87e6a0f75a13f3e9a7881b33c42ab77680f6d13e99dcc00fa2de5963495", "count": 3926078}
{"seconds": 0.2359949689998757, "batches": 120, "input_pointer": 135275799904256, "method": "B", "phase": "repeat16", "iteration": 6, "hash": "13cae87e6a0f75a13f3e9a7881b33c42ab77680f6d13e99dcc00fa2de5963495", "count": 3926078}
{"seconds": 0.2366650469994056, "batches": 120, "input_pointer": 135275799904256, "method": "B", "phase": "repeat16", "iteration": 7, "hash": "13cae87e6a0f75a13f3e9a7881b33c42ab77680f6d13e99dcc00fa2de5963495", "count": 3926078}
{"seconds": 0.23719208800321212, "batches": 120, "input_pointer": 135275799904256, "method": "B", "phase": "repeat16", "iteration": 8, "hash": "13cae87e6a0f75a13f3e9a7881b33c42ab77680f6d13e99dcc00fa2de5963495", "count": 3926078}
{"seconds": 0.23688771999877645, "batches": 120, "input_pointer": 135275799904256, "method": "B", "phase": "repeat16", "iteration": 9, "hash": "13cae87e6a0f75a13f3e9a7881b33c42ab77680f6d13e99dcc00fa2de5963495", "count": 3926078}
{"seconds": 0.23636108800565125, "batches": 120, "input_pointer": 135275799904256, "method": "B", "phase": "repeat16", "iteration": 10, "hash": "13cae87e6a0f75a13f3e9a7881b33c42ab77680f6d13e99dcc00fa2de5963495", "count": 3926078}
{"seconds": 0.23643384000024525, "batches": 120, "input_pointer": 135275799904256, "method": "B", "phase": "repeat16", "iteration": 11, "hash": "13cae87e6a0f75a13f3e9a7881b33c42ab77680f6d13e99dcc00fa2de5963495", "count": 3926078}
{"seconds": 0.2363266299944371, "batches": 120, "input_pointer": 135275799904256, "method": "B", "phase": "repeat16", "iteration": 12, "hash": "13cae87e6a0f75a13f3e9a7881b33c42ab77680f6d13e99dcc00fa2de5963495", "count": 3926078}
{"seconds": 0.23637415999837685, "batches": 120, "input_pointer": 135275799904256, "method": "B", "phase": "repeat16", "iteration": 13, "hash": "13cae87e6a0f75a13f3e9a7881b33c42ab77680f6d13e99dcc00fa2de5963495", "count": 3926078}
{"seconds": 0.23679198999889195, "batches": 120, "input_pointer": 135275799904256, "method": "B", "phase": "repeat16", "iteration": 14, "hash": "13cae87e6a0f75a13f3e9a7881b33c42ab77680f6d13e99dcc00fa2de5963495", "count": 3926078}
{"seconds": 0.2370068770032958, "batches": 120, "input_pointer": 135275799904256, "method": "B", "phase": "repeat16", "iteration": 15, "hash": "13cae87e6a0f75a13f3e9a7881b33c42ab77680f6d13e99dcc00fa2de5963495", "count": 3926078}
{"seconds": 0.15786364999803482, "batches": 108, "input_pointer": 135275799904256, "method": "A", "phase": "repeat16", "iteration": 0, "hash": "13cae87e6a0f75a13f3e9a7881b33c42ab77680f6d13e99dcc00fa2de5963495", "count": 3926078}
{"seconds": 0.15760824699827936, "batches": 108, "input_pointer": 135275799904256, "method": "A", "phase": "repeat16", "iteration": 1, "hash": "13cae87e6a0f75a13f3e9a7881b33c42ab77680f6d13e99dcc00fa2de5963495", "count": 3926078}
{"seconds": 0.15763018899451708, "batches": 108, "input_pointer": 135275799904256, "method": "A", "phase": "repeat16", "iteration": 2, "hash": "13cae87e6a0f75a13f3e9a7881b33c42ab77680f6d13e99dcc00fa2de5963495", "count": 3926078}
{"seconds": 0.15731414900074014, "batches": 108, "input_pointer": 135275799904256, "method": "A", "phase": "repeat16", "iteration": 3, "hash": "13cae87e6a0f75a13f3e9a7881b33c42ab77680f6d13e99dcc00fa2de5963495", "count": 3926078}
{"seconds": 0.15756501899886644, "batches": 108, "input_pointer": 135275799904256, "method": "A", "phase": "repeat16", "iteration": 4, "hash": "13cae87e6a0f75a13f3e9a7881b33c42ab77680f6d13e99dcc00fa2de5963495", "count": 3926078}
{"seconds": 0.15743602700240444, "batches": 108, "input_pointer": 135275799904256, "method": "A", "phase": "repeat16", "iteration": 5, "hash": "13cae87e6a0f75a13f3e9a7881b33c42ab77680f6d13e99dcc00fa2de5963495", "count": 3926078}
{"seconds": 0.15743296700384235, "batches": 108, "input_pointer": 135275799904256, "method": "A", "phase": "repeat16", "iteration": 6, "hash": "13cae87e6a0f75a13f3e9a7881b33c42ab77680f6d13e99dcc00fa2de5963495", "count": 3926078}
{"seconds": 0.15776518499478698, "batches": 108, "input_pointer": 135275799904256, "method": "A", "phase": "repeat16", "iteration": 7, "hash": "13cae87e6a0f75a13f3e9a7881b33c42ab77680f6d13e99dcc00fa2de5963495", "count": 3926078}
{"seconds": 0.157967977997032, "batches": 108, "input_pointer": 135275799904256, "method": "A", "phase": "repeat16", "iteration": 8, "hash": "13cae87e6a0f75a13f3e9a7881b33c42ab77680f6d13e99dcc00fa2de5963495", "count": 3926078}
{"seconds": 0.15733533699676627, "batches": 108, "input_pointer": 135275799904256, "method": "A", "phase": "repeat16", "iteration": 9, "hash": "13cae87e6a0f75a13f3e9a7881b33c42ab77680f6d13e99dcc00fa2de5963495", "count": 3926078}
{"seconds": 0.1578580349960248, "batches": 108, "input_pointer": 135275799904256, "method": "A", "phase": "repeat16", "iteration": 10, "hash": "13cae87e6a0f75a13f3e9a7881b33c42ab77680f6d13e99dcc00fa2de5963495", "count": 3926078}
{"seconds": 0.1579758709995076, "batches": 108, "input_pointer": 135275799904256, "method": "A", "phase": "repeat16", "iteration": 11, "hash": "13cae87e6a0f75a13f3e9a7881b33c42ab77680f6d13e99dcc00fa2de5963495", "count": 3926078}
{"seconds": 0.15727170599711826, "batches": 108, "input_pointer": 135275799904256, "method": "A", "phase": "repeat16", "iteration": 12, "hash": "13cae87e6a0f75a13f3e9a7881b33c42ab77680f6d13e99dcc00fa2de5963495", "count": 3926078}
{"seconds": 0.15779052700236207, "batches": 108, "input_pointer": 135275799904256, "method": "A", "phase": "repeat16", "iteration": 13, "hash": "13cae87e6a0f75a13f3e9a7881b33c42ab77680f6d13e99dcc00fa2de5963495", "count": 3926078}
{"seconds": 0.1578476340000634, "batches": 108, "input_pointer": 135275799904256, "method": "A", "phase": "repeat16", "iteration": 14, "hash": "13cae87e6a0f75a13f3e9a7881b33c42ab77680f6d13e99dcc00fa2de5963495", "count": 3926078}
{"seconds": 0.15791030500258785, "batches": 108, "input_pointer": 135275799904256, "method": "A", "phase": "repeat16", "iteration": 15, "hash": "13cae87e6a0f75a13f3e9a7881b33c42ab77680f6d13e99dcc00fa2de5963495", "count": 3926078}
{"result": "@TENSORJOIN_ROOT@/tensorjoin_20260902_certified_exact_join/frozen_order_screen_20260907/results/paired_04_a0.json", "pass": true}
