COMMAND ["@TENSORJOIN_ROOT@/isaacsim6/env/bin/python", "src/runner.py", "--label", "paired_01_a0", "--mode", "paired", "--order", "BA"]
{"phase": "initialized", "mode": "paired", "order": "BA"}
{"seconds": 0.33698524899955373, "batches": 120, "input_pointer": 128574946279424, "method": "B", "phase": "warmup", "iteration": 0, "hash": "13cae87e6a0f75a13f3e9a7881b33c42ab77680f6d13e99dcc00fa2de5963495", "count": 3926078}
{"seconds": 0.23524170699965907, "batches": 120, "input_pointer": 128574946279424, "method": "B", "phase": "warmup", "iteration": 1, "hash": "13cae87e6a0f75a13f3e9a7881b33c42ab77680f6d13e99dcc00fa2de5963495", "count": 3926078}
{"seconds": 0.2349865040014265, "batches": 120, "input_pointer": 128574946279424, "method": "B", "phase": "retained", "iteration": 0, "hash": "13cae87e6a0f75a13f3e9a7881b33c42ab77680f6d13e99dcc00fa2de5963495", "count": 3926078}
{"seconds": 0.23523483699682401, "batches": 120, "input_pointer": 128574946279424, "method": "B", "phase": "retained", "iteration": 1, "hash": "13cae87e6a0f75a13f3e9a7881b33c42ab77680f6d13e99dcc00fa2de5963495", "count": 3926078}
{"seconds": 0.2342108869997901, "batches": 120, "input_pointer": 128574946279424, "method": "B", "phase": "retained", "iteration": 2, "hash": "13cae87e6a0f75a13f3e9a7881b33c42ab77680f6d13e99dcc00fa2de5963495", "count": 3926078}
{"seconds": 0.2340818680022494, "batches": 120, "input_pointer": 128574946279424, "method": "B", "phase": "retained", "iteration": 3, "hash": "13cae87e6a0f75a13f3e9a7881b33c42ab77680f6d13e99dcc00fa2de5963495", "count": 3926078}
{"seconds": 0.23833446399657987, "batches": 120, "input_pointer": 128574946279424, "method": "B", "phase": "retained", "iteration": 4, "hash": "13cae87e6a0f75a13f3e9a7881b33c42ab77680f6d13e99dcc00fa2de5963495", "count": 3926078}
{"seconds": 0.23399062499811407, "batches": 120, "input_pointer": 128574946279424, "method": "B", "phase": "retained", "iteration": 5, "hash": "13cae87e6a0f75a13f3e9a7881b33c42ab77680f6d13e99dcc00fa2de5963495", "count": 3926078}
{"seconds": 0.23515241599670844, "batches": 120, "input_pointer": 128574946279424, "method": "B", "phase": "retained", "iteration": 6, "hash": "13cae87e6a0f75a13f3e9a7881b33c42ab77680f6d13e99dcc00fa2de5963495", "count": 3926078}
{"seconds": 0.2341978510012268, "batches": 120, "input_pointer": 128574946279424, "method": "B", "phase": "retained", "iteration": 7, "hash": "13cae87e6a0f75a13f3e9a7881b33c42ab77680f6d13e99dcc00fa2de5963495", "count": 3926078}
{"seconds": 0.23395232599432347, "batches": 120, "input_pointer": 128574946279424, "method": "B", "phase": "retained", "iteration": 8, "hash": "13cae87e6a0f75a13f3e9a7881b33c42ab77680f6d13e99dcc00fa2de5963495", "count": 3926078}
{"seconds": 0.17325039499701234, "batches": 108, "input_pointer": 128574946279424, "method": "A", "phase": "warmup", "iteration": 0, "hash": "13cae87e6a0f75a13f3e9a7881b33c42ab77680f6d13e99dcc00fa2de5963495", "count": 3926078}
{"seconds": 0.15512193200265756, "batches": 108, "input_pointer": 128574946279424, "method": "A", "phase": "warmup", "iteration": 1, "hash": "13cae87e6a0f75a13f3e9a7881b33c42ab77680f6d13e99dcc00fa2de5963495", "count": 3926078}
{"seconds": 0.15450202400097623, "batches": 108, "input_pointer": 128574946279424, "method": "A", "phase": "retained", "iteration": 0, "hash": "13cae87e6a0f75a13f3e9a7881b33c42ab77680f6d13e99dcc00fa2de5963495", "count": 3926078}
{"seconds": 0.154561556999397, "batches": 108, "input_pointer": 128574946279424, "method": "A", "phase": "retained", "iteration": 1, "hash": "13cae87e6a0f75a13f3e9a7881b33c42ab77680f6d13e99dcc00fa2de5963495", "count": 3926078}
{"seconds": 0.15548231700086035, "batches": 108, "input_pointer": 128574946279424, "method": "A", "phase": "retained", "iteration": 2, "hash": "13cae87e6a0f75a13f3e9a7881b33c42ab77680f6d13e99dcc00fa2de5963495", "count": 3926078}
{"seconds": 0.1564137440000195, "batches": 108, "input_pointer": 128574946279424, "method": "A", "phase": "retained", "iteration": 3, "hash": "13cae87e6a0f75a13f3e9a7881b33c42ab77680f6d13e99dcc00fa2de5963495", "count": 3926078}
{"seconds": 0.15516150699841091, "batches": 108, "input_pointer": 128574946279424, "method": "A", "phase": "retained", "iteration": 4, "hash": "13cae87e6a0f75a13f3e9a7881b33c42ab77680f6d13e99dcc00fa2de5963495", "count": 3926078}
{"seconds": 0.1563024829956703, "batches": 108, "input_pointer": 128574946279424, "method": "A", "phase": "retained", "iteration": 5, "hash": "13cae87e6a0f75a13f3e9a7881b33c42ab77680f6d13e99dcc00fa2de5963495", "count": 3926078}
{"seconds": 0.15434585999901174, "batches": 108, "input_pointer": 128574946279424, "method": "A", "phase": "retained", "iteration": 6, "hash": "13cae87e6a0f75a13f3e9a7881b33c42ab77680f6d13e99dcc00fa2de5963495", "count": 3926078}
{"seconds": 0.1539199999970151, "batches": 108, "input_pointer": 128574946279424, "method": "A", "phase": "retained", "iteration": 7, "hash": "13cae87e6a0f75a13f3e9a7881b33c42ab77680f6d13e99dcc00fa2de5963495", "count": 3926078}
{"seconds": 0.1548442050043377, "batches": 108, "input_pointer": 128574946279424, "method": "A", "phase": "retained", "iteration": 8, "hash": "13cae87e6a0f75a13f3e9a7881b33c42ab77680f6d13e99dcc00fa2de5963495", "count": 3926078}
{"seconds": 0.1550193470029626, "batches": 108, "input_pointer": 128574946279424, "method": "A", "phase": "repeat16", "iteration": 0, "hash": "13cae87e6a0f75a13f3e9a7881b33c42ab77680f6d13e99dcc00fa2de5963495", "count": 3926078}
{"seconds": 0.15413421599805588, "batches": 108, "input_pointer": 128574946279424, "method": "A", "phase": "repeat16", "iteration": 1, "hash": "13cae87e6a0f75a13f3e9a7881b33c42ab77680f6d13e99dcc00fa2de5963495", "count": 3926078}
{"seconds": 0.15405624100094428, "batches": 108, "input_pointer": 128574946279424, "method": "A", "phase": "repeat16", "iteration": 2, "hash": "13cae87e6a0f75a13f3e9a7881b33c42ab77680f6d13e99dcc00fa2de5963495", "count": 3926078}
{"seconds": 0.154199939002865, "batches": 108, "input_pointer": 128574946279424, "method": "A", "phase": "repeat16", "iteration": 3, "hash": "13cae87e6a0f75a13f3e9a7881b33c42ab77680f6d13e99dcc00fa2de5963495", "count": 3926078}
{"seconds": 0.15714640000078361, "batches": 108, "input_pointer": 128574946279424, "method": "A", "phase": "repeat16", "iteration": 4, "hash": "13cae87e6a0f75a13f3e9a7881b33c42ab77680f6d13e99dcc00fa2de5963495", "count": 3926078}
{"seconds": 0.15533690500160446, "batches": 108, "input_pointer": 128574946279424, "method": "A", "phase": "repeat16", "iteration": 5, "hash": "13cae87e6a0f75a13f3e9a7881b33c42ab77680f6d13e99dcc00fa2de5963495", "count": 3926078}
{"seconds": 0.15473128099984024, "batches": 108, "input_pointer": 128574946279424, "method": "A", "phase": "repeat16", "iteration": 6, "hash": "13cae87e6a0f75a13f3e9a7881b33c42ab77680f6d13e99dcc00fa2de5963495", "count": 3926078}
{"seconds": 0.1559005730014178, "batches": 108, "input_pointer": 128574946279424, "method": "A", "phase": "repeat16", "iteration": 7, "hash": "13cae87e6a0f75a13f3e9a7881b33c42ab77680f6d13e99dcc00fa2de5963495", "count": 3926078}
{"seconds": 0.15448131199809723, "batches": 108, "input_pointer": 128574946279424, "method": "A", "phase": "repeat16", "iteration": 8, "hash": "13cae87e6a0f75a13f3e9a7881b33c42ab77680f6d13e99dcc00fa2de5963495", "count": 3926078}
{"seconds": 0.1548096229962539, "batches": 108, "input_pointer": 128574946279424, "method": "A", "phase": "repeat16", "iteration": 9, "hash": "13cae87e6a0f75a13f3e9a7881b33c42ab77680f6d13e99dcc00fa2de5963495", "count": 3926078}
{"seconds": 0.1544446469997638, "batches": 108, "input_pointer": 128574946279424, "method": "A", "phase": "repeat16", "iteration": 10, "hash": "13cae87e6a0f75a13f3e9a7881b33c42ab77680f6d13e99dcc00fa2de5963495", "count": 3926078}
{"seconds": 0.15437883300182875, "batches": 108, "input_pointer": 128574946279424, "method": "A", "phase": "repeat16", "iteration": 11, "hash": "13cae87e6a0f75a13f3e9a7881b33c42ab77680f6d13e99dcc00fa2de5963495", "count": 3926078}
{"seconds": 0.15366895600163843, "batches": 108, "input_pointer": 128574946279424, "method": "A", "phase": "repeat16", "iteration": 12, "hash": "13cae87e6a0f75a13f3e9a7881b33c42ab77680f6d13e99dcc00fa2de5963495", "count": 3926078}
{"seconds": 0.1542917250044411, "batches": 108, "input_pointer": 128574946279424, "method": "A", "phase": "repeat16", "iteration": 13, "hash": "13cae87e6a0f75a13f3e9a7881b33c42ab77680f6d13e99dcc00fa2de5963495", "count": 3926078}
{"seconds": 0.15790973300318, "batches": 108, "input_pointer": 128574946279424, "method": "A", "phase": "repeat16", "iteration": 14, "hash": "13cae87e6a0f75a13f3e9a7881b33c42ab77680f6d13e99dcc00fa2de5963495", "count": 3926078}
{"seconds": 0.1543658549999236, "batches": 108, "input_pointer": 128574946279424, "method": "A", "phase": "repeat16", "iteration": 15, "hash": "13cae87e6a0f75a13f3e9a7881b33c42ab77680f6d13e99dcc00fa2de5963495", "count": 3926078}
{"seconds": 0.23383068900147919, "batches": 120, "input_pointer": 128574946279424, "method": "B", "phase": "repeat16", "iteration": 0, "hash": "13cae87e6a0f75a13f3e9a7881b33c42ab77680f6d13e99dcc00fa2de5963495", "count": 3926078}
{"seconds": 0.2339315520002856, "batches": 120, "input_pointer": 128574946279424, "method": "B", "phase": "repeat16", "iteration": 1, "hash": "13cae87e6a0f75a13f3e9a7881b33c42ab77680f6d13e99dcc00fa2de5963495", "count": 3926078}
{"seconds": 0.23397443699650466, "batches": 120, "input_pointer": 128574946279424, "method": "B", "phase": "repeat16", "iteration": 2, "hash": "13cae87e6a0f75a13f3e9a7881b33c42ab77680f6d13e99dcc00fa2de5963495", "count": 3926078}
{"seconds": 0.23665636599616846, "batches": 120, "input_pointer": 128574946279424, "method": "B", "phase": "repeat16", "iteration": 3, "hash": "13cae87e6a0f75a13f3e9a7881b33c42ab77680f6d13e99dcc00fa2de5963495", "count": 3926078}
{"seconds": 0.2343634179997025, "batches": 120, "input_pointer": 128574946279424, "method": "B", "phase": "repeat16", "iteration": 4, "hash": "13cae87e6a0f75a13f3e9a7881b33c42ab77680f6d13e99dcc00fa2de5963495", "count": 3926078}
{"seconds": 0.2350831889998517, "batches": 120, "input_pointer": 128574946279424, "method": "B", "phase": "repeat16", "iteration": 5, "hash": "13cae87e6a0f75a13f3e9a7881b33c42ab77680f6d13e99dcc00fa2de5963495", "count": 3926078}
{"seconds": 0.2342856889954419, "batches": 120, "input_pointer": 128574946279424, "method": "B", "phase": "repeat16", "iteration": 6, "hash": "13cae87e6a0f75a13f3e9a7881b33c42ab77680f6d13e99dcc00fa2de5963495", "count": 3926078}
{"seconds": 0.23413143400102854, "batches": 120, "input_pointer": 128574946279424, "method": "B", "phase": "repeat16", "iteration": 7, "hash": "13cae87e6a0f75a13f3e9a7881b33c42ab77680f6d13e99dcc00fa2de5963495", "count": 3926078}
{"seconds": 0.23351859000104014, "batches": 120, "input_pointer": 128574946279424, "method": "B", "phase": "repeat16", "iteration": 8, "hash": "13cae87e6a0f75a13f3e9a7881b33c42ab77680f6d13e99dcc00fa2de5963495", "count": 3926078}
{"seconds": 0.23400194799614837, "batches": 120, "input_pointer": 128574946279424, "method": "B", "phase": "repeat16", "iteration": 9, "hash": "13cae87e6a0f75a13f3e9a7881b33c42ab77680f6d13e99dcc00fa2de5963495", "count": 3926078}
{"seconds": 0.23465844300517347, "batches": 120, "input_pointer": 128574946279424, "method": "B", "phase": "repeat16", "iteration": 10, "hash": "13cae87e6a0f75a13f3e9a7881b33c42ab77680f6d13e99dcc00fa2de5963495", "count": 3926078}
{"seconds": 0.2341322010033764, "batches": 120, "input_pointer": 128574946279424, "method": "B", "phase": "repeat16", "iteration": 11, "hash": "13cae87e6a0f75a13f3e9a7881b33c42ab77680f6d13e99dcc00fa2de5963495", "count": 3926078}
{"seconds": 0.23385419999976875, "batches": 120, "input_pointer": 128574946279424, "method": "B", "phase": "repeat16", "iteration": 12, "hash": "13cae87e6a0f75a13f3e9a7881b33c42ab77680f6d13e99dcc00fa2de5963495", "count": 3926078}
{"seconds": 0.23389754900563275, "batches": 120, "input_pointer": 128574946279424, "method": "B", "phase": "repeat16", "iteration": 13, "hash": "13cae87e6a0f75a13f3e9a7881b33c42ab77680f6d13e99dcc00fa2de5963495", "count": 3926078}
{"seconds": 0.23352971499843989, "batches": 120, "input_pointer": 128574946279424, "method": "B", "phase": "repeat16", "iteration": 14, "hash": "13cae87e6a0f75a13f3e9a7881b33c42ab77680f6d13e99dcc00fa2de5963495", "count": 3926078}
{"seconds": 0.2342388800025219, "batches": 120, "input_pointer": 128574946279424, "method": "B", "phase": "repeat16", "iteration": 15, "hash": "13cae87e6a0f75a13f3e9a7881b33c42ab77680f6d13e99dcc00fa2de5963495", "count": 3926078}
{"result": "@TENSORJOIN_ROOT@/tensorjoin_20260902_certified_exact_join/frozen_order_screen_20260907/results/paired_01_a0.json", "pass": true}
