{
  "verified_utc": "2026-09-05T08:39:42.756302+00:00",
  "main_gpu": 3,
  "main_guard_count": 20,
  "main_guards": [
    {
      "label": "g18_predicate_ab_g3_a2",
      "gpu": 3,
      "admitted": true,
      "foreign_rows": []
    },
    {
      "label": "g18_correct_real31_g3_a2",
      "gpu": 3,
      "admitted": true,
      "foreign_rows": []
    },
    {
      "label": "g18_correct_signed31_g3_a2",
      "gpu": 3,
      "admitted": true,
      "foreign_rows": []
    },
    {
      "label": "g18_correct_shuffled_onehot31_g3_a2",
      "gpu": 3,
      "admitted": true,
      "foreign_rows": []
    },
    {
      "label": "g18_correct_zeros31_g3_a3",
      "gpu": 3,
      "admitted": true,
      "foreign_rows": []
    },
    {
      "label": "g18_correct_boundary31_g3_a3",
      "gpu": 3,
      "admitted": true,
      "foreign_rows": []
    },
    {
      "label": "g18_correct_cancellation31_g3_a3",
      "gpu": 3,
      "admitted": true,
      "foreign_rows": []
    },
    {
      "label": "g18_correct_subnormal31_g3_a3",
      "gpu": 3,
      "admitted": true,
      "foreign_rows": []
    },
    {
      "label": "g18_correct_cifar4096_g3_a3",
      "gpu": 3,
      "admitted": true,
      "foreign_rows": []
    },
    {
      "label": "g18_correct_boundary_zero32_g3_a3",
      "gpu": 3,
      "admitted": true,
      "foreign_rows": []
    },
    {
      "label": "g18_memcheck_boundary_zero32_g3_a3",
      "gpu": 3,
      "admitted": true,
      "foreign_rows": []
    },
    {
      "label": "g18_memcheck_cifar4096_g3_a3",
      "gpu": 3,
      "admitted": true,
      "foreign_rows": []
    },
    {
      "label": "g18_synccheck_boundary_zero32_g3_a3",
      "gpu": 3,
      "admitted": true,
      "foreign_rows": []
    },
    {
      "label": "g18_synccheck_cifar4096_g3_a3",
      "gpu": 3,
      "admitted": true,
      "foreign_rows": []
    },
    {
      "label": "g18_repeat0_cifar4096_g3_a3",
      "gpu": 3,
      "admitted": true,
      "foreign_rows": []
    },
    {
      "label": "g18_repeat0_boundary_zero32_g3_a3",
      "gpu": 3,
      "admitted": true,
      "foreign_rows": []
    },
    {
      "label": "g18_repeat1_boundary_zero32_g3_a3",
      "gpu": 3,
      "admitted": true,
      "foreign_rows": []
    },
    {
      "label": "g18_repeat1_cifar4096_g3_a3",
      "gpu": 3,
      "admitted": true,
      "foreign_rows": []
    },
    {
      "label": "g18_predicate_stress_g3_a3",
      "gpu": 3,
      "admitted": true,
      "foreign_rows": []
    },
    {
      "label": "g18_nsys_boundary_zero32_g3_a3",
      "gpu": 3,
      "admitted": true,
      "foreign_rows": []
    }
  ],
  "full_operator_observations": [
    {
      "record_id": "correct_real31_g3_a2",
      "case": "real31",
      "pairs": 31,
      "sha256": "fb2dbe3be4dc2f36689921a6f89c17747d533d169e67672f9a24fe8f8d923ed2",
      "work": {
        "safe_reject": 930,
        "safe_accept": 31,
        "terminal_accept": 0,
        "terminal_reject": 0,
        "fp32_dimensions": 105536,
        "fp64_dimensions": 0,
        "terminal_fraction": 0.0,
        "candidate_set_same_as_native": true
      },
      "sanitizer": "none",
      "map_diagnostic": {
        "old_stricter_snapshot_map_check_passed": true
      }
    },
    {
      "record_id": "correct_signed31_g3_a2",
      "case": "signed31",
      "pairs": 31,
      "sha256": "fb2dbe3be4dc2f36689921a6f89c17747d533d169e67672f9a24fe8f8d923ed2",
      "work": {
        "safe_reject": 930,
        "safe_accept": 31,
        "terminal_accept": 0,
        "terminal_reject": 0,
        "fp32_dimensions": 60496,
        "fp64_dimensions": 0,
        "terminal_fraction": 0.0,
        "candidate_set_same_as_native": true
      },
      "sanitizer": "none",
      "map_diagnostic": {
        "old_stricter_snapshot_map_check_passed": true
      }
    },
    {
      "record_id": "correct_shuffled_onehot31_g3_a2",
      "case": "shuffled_onehot31",
      "pairs": 97,
      "sha256": "d96296ab875e459932a2a2afb3daef327efe478e41e8f59134a56cc4636e5a5f",
      "work": {
        "safe_reject": 864,
        "safe_accept": 97,
        "terminal_accept": 0,
        "terminal_reject": 0,
        "fp32_dimensions": 57344,
        "fp64_dimensions": 0,
        "terminal_fraction": 0.0,
        "candidate_set_same_as_native": true
      },
      "sanitizer": "none",
      "map_diagnostic": {
        "old_stricter_snapshot_map_check_passed": true
      }
    },
    {
      "record_id": "correct_zeros31_g3_a3",
      "case": "zeros31",
      "pairs": 961,
      "sha256": "7c3bc10145b5633034dedaaa16d1438ec41837718c97d3d724fa6d8bdad8efb2",
      "work": {
        "safe_reject": 0,
        "safe_accept": 961,
        "terminal_accept": 0,
        "terminal_reject": 0,
        "fp32_dimensions": 492032,
        "fp64_dimensions": 0,
        "terminal_fraction": 0.0,
        "candidate_set_same_as_native": true
      },
      "sanitizer": "none",
      "map_diagnostic": {
        "byte_identical_to_native_snapshot": false,
        "per_position_value_bytes_identical": true,
        "actual_map_bijection_and_reordered_input_and_full_ids_verified": true
      }
    },
    {
      "record_id": "correct_boundary31_g3_a3",
      "case": "boundary31",
      "pairs": 43,
      "sha256": "4b4acf23127b22b4b84f86df87beb352a38eda060cedaa0de974aa8e0676f7ce",
      "work": {
        "safe_reject": 918,
        "safe_accept": 43,
        "terminal_accept": 0,
        "terminal_reject": 0,
        "fp32_dimensions": 39544,
        "fp64_dimensions": 0,
        "terminal_fraction": 0.0,
        "candidate_set_same_as_native": true
      },
      "sanitizer": "none",
      "map_diagnostic": {
        "byte_identical_to_native_snapshot": true,
        "per_position_value_bytes_identical": true,
        "actual_map_bijection_and_reordered_input_and_full_ids_verified": true
      }
    },
    {
      "record_id": "correct_cancellation31_g3_a3",
      "case": "cancellation31",
      "pairs": 961,
      "sha256": "7c3bc10145b5633034dedaaa16d1438ec41837718c97d3d724fa6d8bdad8efb2",
      "work": {
        "safe_reject": 0,
        "safe_accept": 961,
        "terminal_accept": 0,
        "terminal_reject": 0,
        "fp32_dimensions": 492032,
        "fp64_dimensions": 0,
        "terminal_fraction": 0.0,
        "candidate_set_same_as_native": true
      },
      "sanitizer": "none",
      "map_diagnostic": {
        "byte_identical_to_native_snapshot": false,
        "per_position_value_bytes_identical": false,
        "actual_map_bijection_and_reordered_input_and_full_ids_verified": true
      }
    },
    {
      "record_id": "correct_subnormal31_g3_a3",
      "case": "subnormal31",
      "pairs": 961,
      "sha256": "7c3bc10145b5633034dedaaa16d1438ec41837718c97d3d724fa6d8bdad8efb2",
      "work": {
        "safe_reject": 0,
        "safe_accept": 961,
        "terminal_accept": 0,
        "terminal_reject": 0,
        "fp32_dimensions": 492032,
        "fp64_dimensions": 0,
        "terminal_fraction": 0.0,
        "candidate_set_same_as_native": true
      },
      "sanitizer": "none",
      "map_diagnostic": {
        "byte_identical_to_native_snapshot": false,
        "per_position_value_bytes_identical": false,
        "actual_map_bijection_and_reordered_input_and_full_ids_verified": true
      }
    },
    {
      "record_id": "correct_cifar4096_g3_a3",
      "case": "cifar4096",
      "pairs": 262144,
      "sha256": "da2c81605542e2079fbce2817cad3b42f651f33abd8e1b5b6000629068fb2f5d",
      "work": {
        "safe_reject": 16514984,
        "safe_accept": 262048,
        "terminal_accept": 96,
        "terminal_reject": 88,
        "fp32_dimensions": 2659208992,
        "fp64_dimensions": 94208,
        "terminal_fraction": 1.0967254638671875e-05,
        "candidate_set_same_as_native": true
      },
      "sanitizer": "none",
      "map_diagnostic": {
        "byte_identical_to_native_snapshot": true,
        "per_position_value_bytes_identical": true,
        "actual_map_bijection_and_reordered_input_and_full_ids_verified": true
      }
    },
    {
      "record_id": "correct_boundary_zero32_g3_a3",
      "case": "boundary_zero32",
      "pairs": 104,
      "sha256": "f0ec798fe9d3dd980128d8e3b57e19f67b58b1d8b6e4cd3a7b5beaf341f6d56e",
      "work": {
        "safe_reject": 918,
        "safe_accept": 44,
        "terminal_accept": 60,
        "terminal_reject": 2,
        "fp32_dimensions": 71800,
        "fp64_dimensions": 31744,
        "terminal_fraction": 0.060546875,
        "candidate_set_same_as_native": true
      },
      "sanitizer": "none",
      "map_diagnostic": {
        "byte_identical_to_native_snapshot": true,
        "per_position_value_bytes_identical": true,
        "actual_map_bijection_and_reordered_input_and_full_ids_verified": true
      }
    },
    {
      "record_id": "memcheck_boundary_zero32_g3_a3",
      "case": "boundary_zero32",
      "pairs": 104,
      "sha256": "f0ec798fe9d3dd980128d8e3b57e19f67b58b1d8b6e4cd3a7b5beaf341f6d56e",
      "work": {
        "safe_reject": 918,
        "safe_accept": 44,
        "terminal_accept": 60,
        "terminal_reject": 2,
        "fp32_dimensions": 71800,
        "fp64_dimensions": 31744,
        "terminal_fraction": 0.060546875,
        "candidate_set_same_as_native": true
      },
      "sanitizer": "memcheck",
      "map_diagnostic": {
        "byte_identical_to_native_snapshot": false,
        "per_position_value_bytes_identical": false,
        "actual_map_bijection_and_reordered_input_and_full_ids_verified": true
      }
    },
    {
      "record_id": "memcheck_cifar4096_g3_a3",
      "case": "cifar4096",
      "pairs": 262144,
      "sha256": "da2c81605542e2079fbce2817cad3b42f651f33abd8e1b5b6000629068fb2f5d",
      "work": {
        "safe_reject": 16514984,
        "safe_accept": 262048,
        "terminal_accept": 96,
        "terminal_reject": 88,
        "fp32_dimensions": 2659208992,
        "fp64_dimensions": 94208,
        "terminal_fraction": 1.0967254638671875e-05,
        "candidate_set_same_as_native": true
      },
      "sanitizer": "memcheck",
      "map_diagnostic": {
        "byte_identical_to_native_snapshot": true,
        "per_position_value_bytes_identical": true,
        "actual_map_bijection_and_reordered_input_and_full_ids_verified": true
      }
    },
    {
      "record_id": "synccheck_boundary_zero32_g3_a3",
      "case": "boundary_zero32",
      "pairs": 104,
      "sha256": "f0ec798fe9d3dd980128d8e3b57e19f67b58b1d8b6e4cd3a7b5beaf341f6d56e",
      "work": {
        "safe_reject": 918,
        "safe_accept": 44,
        "terminal_accept": 60,
        "terminal_reject": 2,
        "fp32_dimensions": 71800,
        "fp64_dimensions": 31744,
        "terminal_fraction": 0.060546875,
        "candidate_set_same_as_native": true
      },
      "sanitizer": "synccheck",
      "map_diagnostic": {
        "byte_identical_to_native_snapshot": false,
        "per_position_value_bytes_identical": false,
        "actual_map_bijection_and_reordered_input_and_full_ids_verified": true
      }
    },
    {
      "record_id": "synccheck_cifar4096_g3_a3",
      "case": "cifar4096",
      "pairs": 262144,
      "sha256": "da2c81605542e2079fbce2817cad3b42f651f33abd8e1b5b6000629068fb2f5d",
      "work": {
        "safe_reject": 16514984,
        "safe_accept": 262048,
        "terminal_accept": 96,
        "terminal_reject": 88,
        "fp32_dimensions": 2659208992,
        "fp64_dimensions": 94208,
        "terminal_fraction": 1.0967254638671875e-05,
        "candidate_set_same_as_native": true
      },
      "sanitizer": "synccheck",
      "map_diagnostic": {
        "byte_identical_to_native_snapshot": true,
        "per_position_value_bytes_identical": true,
        "actual_map_bijection_and_reordered_input_and_full_ids_verified": true
      }
    },
    {
      "record_id": "repeat0_cifar4096_g3_a3",
      "case": "cifar4096",
      "pairs": 262144,
      "sha256": "da2c81605542e2079fbce2817cad3b42f651f33abd8e1b5b6000629068fb2f5d",
      "work": {
        "safe_reject": 16514984,
        "safe_accept": 262048,
        "terminal_accept": 96,
        "terminal_reject": 88,
        "fp32_dimensions": 2659208992,
        "fp64_dimensions": 94208,
        "terminal_fraction": 1.0967254638671875e-05,
        "candidate_set_same_as_native": true
      },
      "sanitizer": "none",
      "map_diagnostic": {
        "byte_identical_to_native_snapshot": true,
        "per_position_value_bytes_identical": true,
        "actual_map_bijection_and_reordered_input_and_full_ids_verified": true
      }
    },
    {
      "record_id": "repeat0_boundary_zero32_g3_a3",
      "case": "boundary_zero32",
      "pairs": 104,
      "sha256": "f0ec798fe9d3dd980128d8e3b57e19f67b58b1d8b6e4cd3a7b5beaf341f6d56e",
      "work": {
        "safe_reject": 918,
        "safe_accept": 44,
        "terminal_accept": 60,
        "terminal_reject": 2,
        "fp32_dimensions": 71800,
        "fp64_dimensions": 31744,
        "terminal_fraction": 0.060546875,
        "candidate_set_same_as_native": true
      },
      "sanitizer": "none",
      "map_diagnostic": {
        "byte_identical_to_native_snapshot": false,
        "per_position_value_bytes_identical": false,
        "actual_map_bijection_and_reordered_input_and_full_ids_verified": true
      }
    },
    {
      "record_id": "repeat1_boundary_zero32_g3_a3",
      "case": "boundary_zero32",
      "pairs": 104,
      "sha256": "f0ec798fe9d3dd980128d8e3b57e19f67b58b1d8b6e4cd3a7b5beaf341f6d56e",
      "work": {
        "safe_reject": 918,
        "safe_accept": 44,
        "terminal_accept": 60,
        "terminal_reject": 2,
        "fp32_dimensions": 71800,
        "fp64_dimensions": 31744,
        "terminal_fraction": 0.060546875,
        "candidate_set_same_as_native": true
      },
      "sanitizer": "none",
      "map_diagnostic": {
        "byte_identical_to_native_snapshot": true,
        "per_position_value_bytes_identical": true,
        "actual_map_bijection_and_reordered_input_and_full_ids_verified": true
      }
    },
    {
      "record_id": "repeat1_cifar4096_g3_a3",
      "case": "cifar4096",
      "pairs": 262144,
      "sha256": "da2c81605542e2079fbce2817cad3b42f651f33abd8e1b5b6000629068fb2f5d",
      "work": {
        "safe_reject": 16514984,
        "safe_accept": 262048,
        "terminal_accept": 96,
        "terminal_reject": 88,
        "fp32_dimensions": 2659208992,
        "fp64_dimensions": 94208,
        "terminal_fraction": 1.0967254638671875e-05,
        "candidate_set_same_as_native": true
      },
      "sanitizer": "none",
      "map_diagnostic": {
        "byte_identical_to_native_snapshot": true,
        "per_position_value_bytes_identical": true,
        "actual_map_bijection_and_reordered_input_and_full_ids_verified": true
      }
    },
    {
      "record_id": "nsys_boundary_zero32_g3_a3",
      "case": "boundary_zero32",
      "pairs": 104,
      "sha256": "f0ec798fe9d3dd980128d8e3b57e19f67b58b1d8b6e4cd3a7b5beaf341f6d56e",
      "work": {
        "safe_reject": 918,
        "safe_accept": 44,
        "terminal_accept": 60,
        "terminal_reject": 2,
        "fp32_dimensions": 71800,
        "fp64_dimensions": 31744,
        "terminal_fraction": 0.060546875,
        "candidate_set_same_as_native": true
      },
      "sanitizer": "none",
      "map_diagnostic": {
        "byte_identical_to_native_snapshot": true,
        "per_position_value_bytes_identical": true,
        "actual_map_bijection_and_reordered_input_and_full_ids_verified": true
      }
    }
  ],
  "historical_gpu2_passes": [
    {
      "label": "g18_predicate_ab_a0",
      "gpu": 2,
      "admitted": true,
      "foreign_rows": []
    },
    {
      "label": "g18_correct_real31_a0",
      "gpu": 2,
      "admitted": true,
      "foreign_rows": []
    }
  ],
  "native_map_controls": [
    {
      "label": "g18_native_tie_g3_d1",
      "gpu": 3,
      "admitted": true,
      "foreign_rows": []
    },
    {
      "label": "g18_native_tie_g3_d2",
      "gpu": 3,
      "admitted": true,
      "foreign_rows": []
    }
  ],
  "retained_failed_guards": [
    {
      "label": "g18_correct_zeros31_g3_a2",
      "gpu": 3,
      "admitted": false,
      "foreign_rows": []
    },
    {
      "label": "g18_native_tie_g3_d0",
      "gpu": 3,
      "admitted": false,
      "foreign_rows": [
        {
          "gpu_uuid": "GPU-a149f5af-55ab-ce33-8d3d-371a7ae61dd2",
          "pid": "1805357",
          "process_name": "[No data]",
          "used_memory": "1510 MiB"
        }
      ]
    }
  ],
  "retained_prelaunch_blocks": 2,
  "strict_probe_pairs": 8192,
  "exact_rational_prefix_checks": 515,
  "stress_invocations": 1000,
  "stress_scope": "two-buffer/stride predicate only, not full-operator sustained work",
  "real_work": {
    "safe_reject": 16514984,
    "safe_accept": 262048,
    "terminal_accept": 96,
    "terminal_reject": 88,
    "fp32_dimensions": 2659208992,
    "fp64_dimensions": 94208,
    "terminal_fraction": 1.0967254638671875e-05,
    "candidate_set_same_as_native": true
  },
  "real_cheap_repair_screen_pass": true,
  "native_g17_unchanged_files": 420,
  "prior_core_and_manuscript_unchanged_files": 42,
  "bounded_repaired_reference_admitted": true,
  "general_rt_candidate_certificate": false,
  "exact_real_claim": false,
  "performance_admitted": false,
  "novelty_pass": false,
  "postflight_gpu3_idle": true,
  "postflight_sha256": "a596de6f80af304ef0a012322a78bcdea062e31b00a12132873a4e4917013a1d"
}
