{
  "runtime_selected_code_pass": true,
  "selected": [
    {
      "target": "identifyNeighborsGridPrimitiveSharedQueryShared",
      "symbol": "_Z47identifyNeighborsGridPrimitiveSharedQuerySharedPjS_S_PmS0_PyS_S_S_PfjjfS_jS_S_m",
      "normalized_sass_sha256": "ad09925ab628ced35fb989194d7f8ad5be50ce143e35d6d073b963d9fc312879",
      "instructions": 992,
      "old_instructions": 336,
      "opcodes": {
        "LDC": 23,
        "S2R": 5,
        "LDC.64": 15,
        "LDCU.64": 3,
        "LDCU": 16,
        "IMAD.WIDE.U32": 12,
        "LDG.E": 12,
        "IMAD.WIDE": 4,
        "IMAD": 73,
        "IADD": 60,
        "VIMNMX.U32": 5,
        "ISETP.GT.U32.AND": 2,
        "EXIT": 4,
        "S2UR": 3,
        "UMOV": 10,
        "HFMA2": 13,
        "USHF.R.S32.HI": 1,
        "ULOP3.LUT": 2,
        "ULEA": 4,
        "UIMAD": 1,
        "BSSY.RECONVERGENT": 14,
        "ISETP.GE.U32.AND": 22,
        "BRA": 37,
        "UI2F.U32.RP": 2,
        "MOV": 23,
        "ISETP.NE.U32.AND": 4,
        "LOP3.LUT": 6,
        "MUFU.RCP": 4,
        "F2I.FTZ.U32.TRUNC.NTZ": 4,
        "LEA": 9,
        "IMAD.HI.U32": 8,
        "SEL": 4,
        "STS": 2,
        "BSYNC.RECONVERGENT": 14,
        "BAR.SYNC.DEFER_BLOCKING": 4,
        "UISETP.GT.U32.AND": 1,
        "BRA.U": 3,
        "I2F.U32.RP": 2,
        "ISETP.NE.AND": 9,
        "CS2R": 2,
        "IMAD.SHL.U32": 6,
        "LDS": 48,
        "FADD": 6,
        "FFMA": 6,
        "FSETP.GT.AND": 3,
        "FSETP.GTU.AND": 2,
        "MOV.64": 8,
        "F2F.F64.F32": 36,
        "NOP": 339,
        "DADD": 36,
        "DMUL": 18,
        "DSETP.GTU.AND": 2,
        "IADD.64": 2,
        "REDG.E.ADD.64.STRONG.GPU": 7,
        "VOTEU.ANY": 2,
        "UPOPC": 2,
        "UFLO.U32": 2,
        "UIMAD.WIDE.U32": 2,
        "UIADD3": 5,
        "ISETP.EQ.U32.AND": 2,
        "IADD3": 2,
        "SHF.R.U64": 2,
        "SHF.L.W.U32": 2,
        "REDG.E.OR.STRONG.GPU": 2,
        "BSSY.RELIABLE": 1,
        "BREAK.RELIABLE": 1,
        "BSYNC.RELIABLE": 1,
        "UISETP.NE.AND": 1,
        "UISETP.GE.U32.AND": 1,
        "WARPSYNC.ALL": 1,
        "ISETP.LE.U32.AND": 2
      },
      "runtime": [
        [
          "identifyNeighborsGridPrimitiveSharedQueryShared(unsigned int *, unsigned int *, unsigned int *, unsigned long *, unsigned long *, unsigned long long *, unsigned int *, unsigned int *, unsigned int *, float *, unsigned int, unsigned int, float, unsigned int *, unsigned int, unsigned int *, unsigned int *, unsigned long)",
          40,
          8,
          1024,
          0,
          47104,
          0,
          1
        ]
      ]
    },
    {
      "target": "compressResultMask",
      "symbol": "_Z18compressResultMaskPKjjPyPj",
      "normalized_sass_sha256": "567e921d68302356a3e08ac28178492af1a481bd24cb1e4f91fd9bc96d1bbd96",
      "instructions": 408,
      "old_instructions": 408,
      "opcodes": {
        "LDC": 2,
        "S2R": 1,
        "S2UR": 1,
        "LDCU": 1,
        "IMAD": 1,
        "ISETP.GE.U32.AND": 1,
        "EXIT": 4,
        "LDC.64": 3,
        "LDCU.64": 32,
        "IMAD.WIDE.U32": 1,
        "LDG.E": 1,
        "ISETP.NE.AND": 1,
        "POPC": 1,
        "HFMA2": 16,
        "ATOMG.E.ADD.64.STRONG.GPU": 1,
        "LOP3.LUT": 31,
        "IMAD.SHL.U32": 1,
        "BSSY.RECONVERGENT": 30,
        "MOV": 18,
        "LEA": 32,
        "LEA.HI.X": 32,
        "STG.E": 32,
        "BRA": 31,
        "IADD": 61,
        "IADD.64": 31,
        "BSYNC.RECONVERGENT": 30,
        "ISETP.GT.AND": 1,
        "NOP": 11
      },
      "runtime": [
        [
          "compressResultMask(const unsigned int *, unsigned int, unsigned long long *, unsigned int *)",
          16,
          1,
          1024,
          0,
          0,
          0,
          1
        ]
      ]
    }
  ],
  "binary_sha256": "b4436293ceefe1d3b434a55f8da0d1a14478f6938c77ec81b05752d4ecead9fb",
  "libowl_sha256": "1ea82ca7c81b8d047f2420f765231bedcaccb7ec5885ba0fa5e6c055992c04f0",
  "nsys_sqlite_sha256": "53333752ab9c7fa666e6b01ebbe2e78078b9a79487da852421ad62dc56cbf0f0",
  "full_sass_sha256": "0dd26bae470cb58b65b7a32d49dd59bc76a050d438ac08af9d98a0106657b44b",
  "full_ptx_sha256": "c51cd6bd40ddbf47416bb7c40d42ccadf5ed6c8236694b99a03faa8d1f4bd66c",
  "normalization": "G17 same normalization: strip address/encoding/metadata; retain predicates, operands, constants, reuse flags and branch offsets",
  "scope": "adapter runtime-observed CUDA symbols and frozen static executable; changed refinement, unchanged compression; no performance or OptiX driver-JIT identity claim"
}
