-- The C compiler identification is GNU 13.3.0
-- The CXX compiler identification is GNU 13.3.0
-- Detecting C compiler ABI info
-- Detecting C compiler ABI info - done
-- Check for working C compiler: /usr/bin/cc - skipped
-- Detecting C compile features
-- Detecting C compile features - done
-- Detecting CXX compiler ABI info
-- Detecting CXX compiler ABI info - done
-- Check for working CXX compiler: /usr/bin/c++ - skipped
-- Detecting CXX compile features
-- Detecting CXX compile features - done
-- The CUDA compiler identification is NVIDIA 13.1.115
-- Detecting CUDA compiler ABI info
-- Detecting CUDA compiler ABI info - done
-- Check for working CUDA compiler: /usr/local/cuda-13.1/bin/nvcc - skipped
-- Detecting CUDA compile features
-- Detecting CUDA compile features - done
-- Found OpenMP_C: -fopenmp (found version "4.5") 
-- Found OpenMP_CXX: -fopenmp (found version "4.5") 
-- Found OpenMP: TRUE (found version "4.5")  
-- Detected the OptiX_INSTALL_DIR variable (pointing to @TENSORJOIN_ROOT@/RT-TIDE/deps/optix-9.1; going to use this for finding optix.h
-- Found OptiX: @TENSORJOIN_ROOT@/RT-TIDE/deps/optix-9.1  
OptiX found all right.
-- #owl.cmake: found TBB, in include dir 
-- Found CUDAToolkit: /usr/local/cuda-13.1/targets/x86_64-linux/include (found version "13.1.115") 
-- Performing Test CMAKE_HAVE_LIBC_PTHREAD
-- Performing Test CMAKE_HAVE_LIBC_PTHREAD - Success
-- Found Threads: TRUE  
-- found opengl, building glfw
-- Found OpenGL: /usr/lib/x86_64-linux-gnu/libOpenGL.so  found components: OpenGL 
-- Configuring done (4.0s)
-- Generating done (0.0s)
-- Build files have been written to: @TENSORJOIN_ROOT@/tensorjoin_20260902_certified_exact_join/g18_rthiss_conservative_repair_20260905/build_r1
