{
  "primary": [
    {
      "cell": "k4",
      "method": "F8",
      "original_full_ms": 48.643850505565446,
      "pca_geo_ms": 45.092681160895154,
      "linear_geo_ms": 51.703770999059394,
      "mlp_geo_ms": 50.691913665408116,
      "mlp_full_ms": 49.95284100247469,
      "linear_speedup_vs_pca": 0.8721352483499799,
      "linear_speedup_ci95": [
        0.8581000549139106,
        0.8731499573670888
      ],
      "linear_process_speedups": [
        0.8725762123387352,
        0.8724343810185292,
        0.8714016459658741
      ],
      "linear_passes_5pct_gate": false,
      "linear_modeled_break_even_vs_pca": null,
      "mlp_speedup_vs_pca": 0.8895438719975993,
      "mlp_speedup_ci95": [
        0.8691092351913132,
        0.8927674562275721
      ],
      "mlp_process_speedups": [
        0.8905417714318953,
        0.8905769279409261,
        0.8875343873880287
      ],
      "mlp_passes_5pct_gate": false,
      "mlp_modeled_break_even_vs_pca": null
    },
    {
      "cell": "k4",
      "method": "F16",
      "original_full_ms": 53.49467250198359,
      "pca_geo_ms": 47.35305000212975,
      "linear_geo_ms": 54.9221346664126,
      "mlp_geo_ms": 53.400223499920685,
      "mlp_full_ms": 52.702099337087326,
      "linear_speedup_vs_pca": 0.8621851697816164,
      "linear_speedup_ci95": [
        0.8579972288484082,
        0.8778826890646301
      ],
      "linear_process_speedups": [
        0.8683001060387562,
        0.8598319775686587,
        0.8584605207639756
      ],
      "linear_passes_5pct_gate": false,
      "linear_modeled_break_even_vs_pca": null,
      "mlp_speedup_vs_pca": 0.8867575245672911,
      "mlp_speedup_ci95": [
        0.8798044084995941,
        0.9029409349373534
      ],
      "mlp_process_speedups": [
        0.8938927755602892,
        0.8850888767646904,
        0.8813590482226981
      ],
      "mlp_passes_5pct_gate": false,
      "mlp_modeled_break_even_vs_pca": null
    },
    {
      "cell": "k16",
      "method": "F8",
      "original_full_ms": 51.34755549806869,
      "pca_geo_ms": 48.98394233411333,
      "linear_geo_ms": 54.302939999615774,
      "mlp_geo_ms": 53.82980749952063,
      "mlp_full_ms": 52.88868400384672,
      "linear_speedup_vs_pca": 0.9020495452817089,
      "linear_speedup_ci95": [
        0.896826707773594,
        0.9236013127617767
      ],
      "linear_process_speedups": [
        0.9090600643279967,
        0.8986860237111308,
        0.8984521112873716
      ],
      "linear_passes_5pct_gate": false,
      "linear_modeled_break_even_vs_pca": null,
      "mlp_speedup_vs_pca": 0.9099780327943685,
      "mlp_speedup_ci95": [
        0.9063946901561373,
        0.9345426620582761
      ],
      "mlp_process_speedups": [
        0.9137816705912706,
        0.9081075027426438,
        0.908051466245859
      ],
      "mlp_passes_5pct_gate": false,
      "mlp_modeled_break_even_vs_pca": null
    },
    {
      "cell": "k16",
      "method": "F16",
      "original_full_ms": 55.931297169687845,
      "pca_geo_ms": 51.35918649709007,
      "linear_geo_ms": 57.304948997625615,
      "mlp_geo_ms": 56.802603665952724,
      "mlp_full_ms": 55.91631216520909,
      "linear_speedup_vs_pca": 0.896243472779604,
      "linear_speedup_ci95": [
        0.8930024982319498,
        0.9016845142529301
      ],
      "linear_process_speedups": [
        0.899500239257657,
        0.8948851232136207,
        0.8943581285816913
      ],
      "linear_passes_5pct_gate": false,
      "linear_modeled_break_even_vs_pca": null,
      "mlp_speedup_vs_pca": 0.9041695834776423,
      "mlp_speedup_ci95": [
        0.8953579455278878,
        0.9093297664602682
      ],
      "mlp_process_speedups": [
        0.9063950935380909,
        0.9002486436671046,
        0.9058792691891425
      ],
      "mlp_passes_5pct_gate": false,
      "mlp_modeled_break_even_vs_pca": null
    },
    {
      "cell": "k64",
      "method": "F8",
      "original_full_ms": 62.5214958320915,
      "pca_geo_ms": 62.936340997111984,
      "linear_geo_ms": 68.44914883307258,
      "mlp_geo_ms": 67.64315099765857,
      "mlp_full_ms": 65.8596939999067,
      "linear_speedup_vs_pca": 0.919461265334289,
      "linear_speedup_ci95": [
        0.8738958980097739,
        0.9412717925124616
      ],
      "linear_process_speedups": [
        0.9354275020736653,
        0.8859325186563259,
        0.936806245891018
      ],
      "linear_passes_5pct_gate": false,
      "linear_modeled_break_even_vs_pca": null,
      "mlp_speedup_vs_pca": 0.930417049898969,
      "mlp_speedup_ci95": [
        0.8790569006673844,
        0.9755626616929666
      ],
      "mlp_process_speedups": [
        0.9414685245631189,
        0.8979202624546768,
        0.9515569357990186
      ],
      "mlp_passes_5pct_gate": false,
      "mlp_modeled_break_even_vs_pca": null
    },
    {
      "cell": "k64",
      "method": "F16",
      "original_full_ms": 66.24154583065926,
      "pca_geo_ms": 63.313068002268366,
      "linear_geo_ms": 69.38844416678573,
      "mlp_geo_ms": 66.76664832775714,
      "mlp_full_ms": 66.76943700100917,
      "linear_speedup_vs_pca": 0.9124439777044969,
      "linear_speedup_ci95": [
        0.8699213507264566,
        0.9300661198281026
      ],
      "linear_process_speedups": [
        0.9286115003540427,
        0.8856389693408708,
        0.9228202828491581
      ],
      "linear_passes_5pct_gate": false,
      "linear_modeled_break_even_vs_pca": null,
      "mlp_speedup_vs_pca": 0.9482738700835308,
      "mlp_speedup_ci95": [
        0.9040714174910346,
        0.9939631409673689
      ],
      "mlp_process_speedups": [
        0.9377058047060818,
        0.9782714462880125,
        0.9317873177908759
      ],
      "mlp_passes_5pct_gate": false,
      "mlp_modeled_break_even_vs_pca": null
    },
    {
      "cell": "original",
      "method": "F8",
      "original_full_ms": 64.69680149893975,
      "pca_geo_ms": 63.92032032939217,
      "linear_geo_ms": 68.24671266561684,
      "mlp_geo_ms": 67.94401299703168,
      "mlp_full_ms": 67.12214266493295,
      "linear_speedup_vs_pca": 0.9366065826873983,
      "linear_speedup_ci95": [
        0.9049416371901173,
        0.9406589397004963
      ],
      "linear_process_speedups": [
        0.931967601095388,
        0.9399838060965506,
        0.9378393109745081
      ],
      "linear_passes_5pct_gate": false,
      "linear_modeled_break_even_vs_pca": null,
      "mlp_speedup_vs_pca": 0.9407792903281221,
      "mlp_speedup_ci95": [
        0.9215379226285803,
        0.9447459468510806
      ],
      "mlp_process_speedups": [
        0.9387310813164933,
        0.9387518344531884,
        0.9448398580156308
      ],
      "mlp_passes_5pct_gate": false,
      "mlp_modeled_break_even_vs_pca": null
    },
    {
      "cell": "original",
      "method": "F16",
      "original_full_ms": 66.99587299711614,
      "pca_geo_ms": 64.24072449590312,
      "linear_geo_ms": 68.89262383144039,
      "mlp_geo_ms": 68.64655850222334,
      "mlp_full_ms": 67.90551133356833,
      "linear_speedup_vs_pca": 0.9324760899378856,
      "linear_speedup_ci95": [
        0.9244170960153971,
        0.9371780993754506
      ],
      "linear_process_speedups": [
        0.9373498763295541,
        0.9244487652602705,
        0.9357133036447495
      ],
      "linear_passes_5pct_gate": false,
      "linear_modeled_break_even_vs_pca": null,
      "mlp_speedup_vs_pca": 0.9358185741215632,
      "mlp_speedup_ci95": [
        0.929850247546833,
        0.9444698040729043
      ],
      "mlp_process_speedups": [
        0.9382007788651552,
        0.9384335992773943,
        0.9309060220796399
      ],
      "mlp_passes_5pct_gate": false,
      "mlp_modeled_break_even_vs_pca": null
    },
    {
      "cell": "k256",
      "method": "F8",
      "original_full_ms": 94.33040116224826,
      "pca_geo_ms": 94.67852566497943,
      "linear_geo_ms": 98.36301766578497,
      "mlp_geo_ms": 97.56509850073296,
      "mlp_full_ms": 96.64851866546087,
      "linear_speedup_vs_pca": 0.9625418974708096,
      "linear_speedup_ci95": [
        0.9564341760019859,
        0.9678656576612575
      ],
      "linear_process_speedups": [
        0.9671297149056591,
        0.9609448975725369,
        0.9595621927873573
      ],
      "linear_passes_5pct_gate": false,
      "linear_modeled_break_even_vs_pca": null,
      "mlp_speedup_vs_pca": 0.9704138787321386,
      "mlp_speedup_ci95": [
        0.9658879138785924,
        0.9759713558200481
      ],
      "mlp_process_speedups": [
        0.976811038978638,
        0.9659660356415442,
        0.9684777042456083
      ],
      "mlp_passes_5pct_gate": false,
      "mlp_modeled_break_even_vs_pca": null
    },
    {
      "cell": "k256",
      "method": "F16",
      "original_full_ms": 89.26765099992433,
      "pca_geo_ms": 87.99648217003171,
      "linear_geo_ms": 91.94899799816388,
      "mlp_geo_ms": 91.5216140007639,
      "mlp_full_ms": 90.65828433328231,
      "linear_speedup_vs_pca": 0.9570140413252671,
      "linear_speedup_ci95": [
        0.9480075465631144,
        0.9803675998518455
      ],
      "linear_process_speedups": [
        0.9565396590437201,
        0.9656073704713302,
        0.9490367873142594
      ],
      "linear_passes_5pct_gate": false,
      "linear_modeled_break_even_vs_pca": null,
      "mlp_speedup_vs_pca": 0.9614830674784345,
      "mlp_speedup_ci95": [
        0.9312222261694095,
        0.9861214704471738
      ],
      "mlp_process_speedups": [
        0.9619602741888057,
        0.9709448839543837,
        0.9516954226903638
      ],
      "mlp_passes_5pct_gate": false,
      "mlp_modeled_break_even_vs_pca": null
    },
    {
      "cell": "k1024",
      "method": "F8",
      "original_full_ms": 217.69179033435648,
      "pca_geo_ms": 215.33958666259423,
      "linear_geo_ms": 218.51101433033668,
      "mlp_geo_ms": 217.4086901698805,
      "mlp_full_ms": 216.06942750319527,
      "linear_speedup_vs_pca": 0.9854861885225246,
      "linear_speedup_ci95": [
        0.9743435843056447,
        0.9923021554397466
      ],
      "linear_process_speedups": [
        0.9895107700643848,
        0.9885932313690476,
        0.9784315927402897
      ],
      "linear_passes_5pct_gate": false,
      "linear_modeled_break_even_vs_pca": null,
      "mlp_speedup_vs_pca": 0.9904828849956757,
      "mlp_speedup_ci95": [
        0.9764432285940832,
        1.0060421850964005
      ],
      "mlp_process_speedups": [
        0.9884692501552507,
        1.0012451416277335,
        0.9819007570795109
      ],
      "mlp_passes_5pct_gate": false,
      "mlp_modeled_break_even_vs_pca": null
    },
    {
      "cell": "k1024",
      "method": "F16",
      "original_full_ms": 181.65738116658758,
      "pca_geo_ms": 179.6155436653256,
      "linear_geo_ms": 183.5130916685254,
      "mlp_geo_ms": 182.68368449692693,
      "mlp_full_ms": 181.49002650413118,
      "linear_speedup_vs_pca": 0.9787614716325534,
      "linear_speedup_ci95": [
        0.9631674859178229,
        0.9845923144481601
      ],
      "linear_process_speedups": [
        0.980742481040117,
        0.9794316666011953,
        0.9761446603212809
      ],
      "linear_passes_5pct_gate": false,
      "linear_modeled_break_even_vs_pca": null,
      "mlp_speedup_vs_pca": 0.9832051732476802,
      "mlp_speedup_ci95": [
        0.9783668875945343,
        0.9883101688319161
      ],
      "mlp_process_speedups": [
        0.982591886743676,
        0.9817435942944834,
        0.9852699583384857
      ],
      "mlp_passes_5pct_gate": false,
      "mlp_modeled_break_even_vs_pca": null
    }
  ],
  "mixtures": [
    {
      "method": "F8",
      "family": "linear",
      "pca_ms": 88.49189952484771,
      "learned_ms": 93.26276741558104,
      "saving_fraction": -0.05391304646357731,
      "saving_ci95": [
        -0.0640981060331602,
        -0.04760838885982844
      ],
      "process_savings": [
        -0.04896299667521742,
        -0.057314151256179224,
        -0.05547226898657964
      ],
      "passes_5pct_gate": false
    },
    {
      "method": "F8",
      "family": "mlp",
      "pca_ms": 88.49189952484771,
      "learned_ms": 92.51377897170542,
      "saving_fraction": -0.04544912549570035,
      "saving_ci95": [
        -0.05206606917105755,
        -0.038314533059003036
      ],
      "process_savings": [
        -0.043333418617474084,
        -0.04651718351653744,
        -0.046497295870864264
      ],
      "passes_5pct_gate": false
    },
    {
      "method": "F16",
      "family": "linear",
      "pca_ms": 82.31300913879143,
      "learned_ms": 87.66170688815895,
      "saving_fraction": -0.06497998075065925,
      "saving_ci95": [
        -0.07222150052777221,
        -0.059005486666248386
      ],
      "process_savings": [
        -0.05999483135656414,
        -0.06876847801213404,
        -0.06622935869922064
      ],
      "passes_5pct_gate": false
    },
    {
      "method": "F16",
      "family": "mlp",
      "pca_ms": 82.31300913879143,
      "learned_ms": 86.63688874892411,
      "saving_fraction": -0.05252972349537122,
      "saving_ci95": [
        -0.06134933393341353,
        -0.04521340409149946
      ],
      "process_savings": [
        -0.052723698062972835,
        -0.047562545154465674,
        -0.05724145972500083
      ],
      "passes_5pct_gate": false
    }
  ],
  "mapping": [
    {
      "family": "linear",
      "device": "cpu",
      "parameters": 33,
      "mean_process_median_ms": 2.163509668510718,
      "process_median_ms": [
        2.018710001721047,
        2.378928998950869,
        2.0928900048602372
      ],
      "dense_layer_flops": 3840000,
      "input_rows": 60000,
      "features": 32
    },
    {
      "family": "linear",
      "device": "cuda",
      "parameters": 33,
      "mean_process_median_ms": 1.7423923369885113,
      "process_median_ms": [
        1.7779519985197112,
        1.7134000081568956,
        1.7358250042889267
      ],
      "dense_layer_flops": 3840000,
      "input_rows": 60000,
      "features": 32
    },
    {
      "family": "mlp",
      "device": "cpu",
      "parameters": 6337,
      "mean_process_median_ms": 16.980777009545516,
      "process_median_ms": [
        16.50944200810045,
        17.887599009554833,
        16.54529001098126
      ],
      "dense_layer_flops": 744960000,
      "input_rows": 60000,
      "features": 32
    },
    {
      "family": "mlp",
      "device": "cuda",
      "parameters": 6337,
      "mean_process_median_ms": 2.0052473361526304,
      "process_median_ms": [
        2.006581999012269,
        2.0044580014655367,
        2.004702007980086
      ],
      "dense_layer_flops": 744960000,
      "input_rows": 60000,
      "features": 32
    }
  ],
  "build_seconds": {
    "pca": 0.4759163064477939,
    "linear": 0.4912852043336089,
    "mlp": 0.48830322339037796
  },
  "cold_queries": [
    {
      "family": "pca",
      "cell": "k4",
      "method": "F8",
      "build_plus_query_seconds_mean": 0.5251079709948195,
      "build_seconds_mean": 0.4807953809989461,
      "training_included": false
    },
    {
      "family": "pca",
      "cell": "k4",
      "method": "F16",
      "build_plus_query_seconds_mean": 0.5183494070079178,
      "build_seconds_mean": 0.47316330501053017,
      "training_included": false
    },
    {
      "family": "pca",
      "cell": "original",
      "method": "F8",
      "build_plus_query_seconds_mean": 0.5324289606651291,
      "build_seconds_mean": 0.4728975960072906,
      "training_included": false
    },
    {
      "family": "pca",
      "cell": "original",
      "method": "F16",
      "build_plus_query_seconds_mean": 0.5391524849983398,
      "build_seconds_mean": 0.4778445453363626,
      "training_included": false
    },
    {
      "family": "pca",
      "cell": "k1024",
      "method": "F8",
      "build_plus_query_seconds_mean": 0.6930686243285891,
      "build_seconds_mean": 0.47564681732910685,
      "training_included": false
    },
    {
      "family": "pca",
      "cell": "k1024",
      "method": "F16",
      "build_plus_query_seconds_mean": 0.6621233966676906,
      "build_seconds_mean": 0.4751501940045273,
      "training_included": false
    },
    {
      "family": "linear",
      "cell": "k4",
      "method": "F8",
      "build_plus_query_seconds_mean": 0.5708829760017883,
      "build_seconds_mean": 0.5188971906657874,
      "training_included": false
    },
    {
      "family": "linear",
      "cell": "k4",
      "method": "F16",
      "build_plus_query_seconds_mean": 0.5311050106732486,
      "build_seconds_mean": 0.4782942446715121,
      "training_included": false
    },
    {
      "family": "linear",
      "cell": "original",
      "method": "F8",
      "build_plus_query_seconds_mean": 0.5439819989987882,
      "build_seconds_mean": 0.4776916543293434,
      "training_included": false
    },
    {
      "family": "linear",
      "cell": "original",
      "method": "F16",
      "build_plus_query_seconds_mean": 0.5424744589981856,
      "build_seconds_mean": 0.4762066869977086,
      "training_included": false
    },
    {
      "family": "linear",
      "cell": "k1024",
      "method": "F8",
      "build_plus_query_seconds_mean": 0.6966336860011021,
      "build_seconds_mean": 0.47752999533258844,
      "training_included": false
    },
    {
      "family": "linear",
      "cell": "k1024",
      "method": "F16",
      "build_plus_query_seconds_mean": 0.7027373539992064,
      "build_seconds_mean": 0.5190914540047137,
      "training_included": false
    },
    {
      "family": "mlp",
      "cell": "k4",
      "method": "F8",
      "build_plus_query_seconds_mean": 0.5855724586678358,
      "build_seconds_mean": 0.5355850173364161,
      "training_included": false
    },
    {
      "family": "mlp",
      "cell": "k4",
      "method": "F16",
      "build_plus_query_seconds_mean": 0.5288568586693145,
      "build_seconds_mean": 0.4765849050018005,
      "training_included": false
    },
    {
      "family": "mlp",
      "cell": "original",
      "method": "F8",
      "build_plus_query_seconds_mean": 0.5414601763380537,
      "build_seconds_mean": 0.4770391596733437,
      "training_included": false
    },
    {
      "family": "mlp",
      "cell": "original",
      "method": "F16",
      "build_plus_query_seconds_mean": 0.5444643006679447,
      "build_seconds_mean": 0.4786487173308463,
      "training_included": false
    },
    {
      "family": "mlp",
      "cell": "k1024",
      "method": "F8",
      "build_plus_query_seconds_mean": 0.6950532326639708,
      "build_seconds_mean": 0.47871114733667736,
      "training_included": false
    },
    {
      "family": "mlp",
      "cell": "k1024",
      "method": "F16",
      "build_plus_query_seconds_mean": 0.6658973166680274,
      "build_seconds_mean": 0.4832503936631838,
      "training_included": false
    }
  ],
  "geometry": {
    "pca": {
      "test": {
        "mean_pair_pruning": 0.12400082658400825,
        "cells": [
          {
            "cell": "k4",
            "pruned_tiles": 2580,
            "tiles": 12403,
            "tile_fraction": 0.20801419011529468,
            "pair_fraction": 0.20506621337866213
          },
          {
            "cell": "k16",
            "pruned_tiles": 2006,
            "tiles": 12403,
            "tile_fraction": 0.1617350640973958,
            "pair_fraction": 0.15890890910908909
          },
          {
            "cell": "k64",
            "pruned_tiles": 1514,
            "tiles": 12403,
            "tile_fraction": 0.1220672417963396,
            "pair_fraction": 0.1194069393060694
          },
          {
            "cell": "original",
            "pruned_tiles": 1509,
            "tiles": 12403,
            "tile_fraction": 0.12166411352092235,
            "pair_fraction": 0.1189973802619738
          },
          {
            "cell": "k256",
            "pruned_tiles": 1089,
            "tiles": 12403,
            "tile_fraction": 0.08780133838587438,
            "pair_fraction": 0.0853930606939306
          },
          {
            "cell": "k1024",
            "pruned_tiles": 724,
            "tiles": 12403,
            "tile_fraction": 0.05837297428041603,
            "pair_fraction": 0.05623245675432457
          }
        ],
        "bound_seconds": 0.005400253998232074,
        "permutation_sha256": "9d26b909d983cd1c2149233761d317580ad5a337dbf07e270255791fd7486f6a",
        "reference_checks": {
          "k4": {
            "reference_entries": 14916,
            "occupied_tiles": 476,
            "pruned_tiles": 2580,
            "pass_": true
          },
          "k16": {
            "reference_entries": 32354,
            "occupied_tiles": 1084,
            "pruned_tiles": 2006,
            "pass_": true
          },
          "k64": {
            "reference_entries": 108684,
            "occupied_tiles": 2691,
            "pruned_tiles": 1514,
            "pass_": true
          },
          "original": {
            "reference_entries": 110526,
            "occupied_tiles": 2720,
            "pruned_tiles": 1509,
            "pass_": true
          },
          "k256": {
            "reference_entries": 434034,
            "occupied_tiles": 5624,
            "pruned_tiles": 1089,
            "pass_": true
          },
          "k1024": {
            "reference_entries": 1736792,
            "occupied_tiles": 8380,
            "pruned_tiles": 724,
            "pass_": true
          }
        },
        "mean_pc1_block_width": 0.010269410525610485,
        "mean_block_bbox_diagonal": 2.658637322285622
      },
      "full": {
        "mean_pair_pruning": 0.13038867722574995,
        "cells": [
          {
            "cell": "k4",
            "pruned_tiles": 93589,
            "tiles": 440391,
            "tile_fraction": 0.2125134255695507,
            "pair_fraction": 0.21220908540413216
          },
          {
            "cell": "k16",
            "pruned_tiles": 73111,
            "tiles": 440391,
            "tile_fraction": 0.16601383770331365,
            "pair_fraction": 0.16570205607684316
          },
          {
            "cell": "k64",
            "pruned_tiles": 55632,
            "tiles": 440391,
            "tile_fraction": 0.12632410744088776,
            "pair_fraction": 0.12602157964033933
          },
          {
            "cell": "original",
            "pruned_tiles": 55420,
            "tiles": 440391,
            "tile_fraction": 0.12584271704008484,
            "pair_fraction": 0.12554030766153898
          },
          {
            "cell": "k256",
            "pruned_tiles": 40320,
            "tiles": 440391,
            "tile_fraction": 0.09155500453006533,
            "pair_fraction": 0.0912710121497975
          },
          {
            "cell": "k1024",
            "pruned_tiles": 27235,
            "tiles": 440391,
            "tile_fraction": 0.06184277153711134,
            "pair_fraction": 0.06158802242184853
          }
        ],
        "bound_seconds": 0.11418754399346653,
        "permutation_sha256": "e2c3204f914d9d11a314e928d84534379b74220bf6435dda340c98914b332b63",
        "reference_checks": {
          "k4": {
            "reference_entries": 297318,
            "occupied_tiles": 13698,
            "pruned_tiles": 93589,
            "pass_": true
          },
          "k16": {
            "reference_entries": 1016858,
            "occupied_tiles": 35268,
            "pruned_tiles": 73111,
            "pass_": true
          },
          "k64": {
            "reference_entries": 3862998,
            "occupied_tiles": 91881,
            "pruned_tiles": 55632,
            "pass_": true
          },
          "original": {
            "reference_entries": 3926078,
            "occupied_tiles": 92860,
            "pruned_tiles": 55420,
            "pass_": true
          },
          "k256": {
            "reference_entries": 15429428,
            "occupied_tiles": 197156,
            "pruned_tiles": 40320,
            "pass_": true
          },
          "k1024": {
            "reference_entries": 61458806,
            "occupied_tiles": 298844,
            "pruned_tiles": 27235,
            "pass_": true
          }
        },
        "mean_pc1_block_width": 0.0018422992031023194,
        "mean_block_bbox_diagonal": 2.6555999814308535
      }
    },
    "linear": {
      "test": {
        "mean_pair_pruning": 0.0,
        "cells": [
          {
            "cell": "k4",
            "pruned_tiles": 0,
            "tiles": 12403,
            "tile_fraction": 0.0,
            "pair_fraction": 0.0
          },
          {
            "cell": "k16",
            "pruned_tiles": 0,
            "tiles": 12403,
            "tile_fraction": 0.0,
            "pair_fraction": 0.0
          },
          {
            "cell": "k64",
            "pruned_tiles": 0,
            "tiles": 12403,
            "tile_fraction": 0.0,
            "pair_fraction": 0.0
          },
          {
            "cell": "original",
            "pruned_tiles": 0,
            "tiles": 12403,
            "tile_fraction": 0.0,
            "pair_fraction": 0.0
          },
          {
            "cell": "k256",
            "pruned_tiles": 0,
            "tiles": 12403,
            "tile_fraction": 0.0,
            "pair_fraction": 0.0
          },
          {
            "cell": "k1024",
            "pruned_tiles": 0,
            "tiles": 12403,
            "tile_fraction": 0.0,
            "pair_fraction": 0.0
          }
        ],
        "bound_seconds": 0.005392821010900661,
        "permutation_sha256": "6378c951b1a82978051ce47a098398444cba34af2e1a10c4cc5399acc7b5003d",
        "reference_checks": {
          "k4": {
            "reference_entries": 14916,
            "occupied_tiles": 929,
            "pruned_tiles": 0,
            "pass_": true
          },
          "k16": {
            "reference_entries": 32354,
            "occupied_tiles": 1946,
            "pruned_tiles": 0,
            "pass_": true
          },
          "k64": {
            "reference_entries": 108684,
            "occupied_tiles": 4426,
            "pruned_tiles": 0,
            "pass_": true
          },
          "original": {
            "reference_entries": 110526,
            "occupied_tiles": 4474,
            "pruned_tiles": 0,
            "pass_": true
          },
          "k256": {
            "reference_entries": 434034,
            "occupied_tiles": 8321,
            "pruned_tiles": 0,
            "pass_": true
          },
          "k1024": {
            "reference_entries": 1736792,
            "occupied_tiles": 11120,
            "pruned_tiles": 0,
            "pass_": true
          }
        },
        "mean_pc1_block_width": 0.8392556520782037,
        "mean_block_bbox_diagonal": 2.7914990452687896
      },
      "full": {
        "mean_pair_pruning": 0.0,
        "cells": [
          {
            "cell": "k4",
            "pruned_tiles": 0,
            "tiles": 440391,
            "tile_fraction": 0.0,
            "pair_fraction": 0.0
          },
          {
            "cell": "k16",
            "pruned_tiles": 0,
            "tiles": 440391,
            "tile_fraction": 0.0,
            "pair_fraction": 0.0
          },
          {
            "cell": "k64",
            "pruned_tiles": 0,
            "tiles": 440391,
            "tile_fraction": 0.0,
            "pair_fraction": 0.0
          },
          {
            "cell": "original",
            "pruned_tiles": 0,
            "tiles": 440391,
            "tile_fraction": 0.0,
            "pair_fraction": 0.0
          },
          {
            "cell": "k256",
            "pruned_tiles": 0,
            "tiles": 440391,
            "tile_fraction": 0.0,
            "pair_fraction": 0.0
          },
          {
            "cell": "k1024",
            "pruned_tiles": 0,
            "tiles": 440391,
            "tile_fraction": 0.0,
            "pair_fraction": 0.0
          }
        ],
        "bound_seconds": 0.10660538700176403,
        "permutation_sha256": "f8eb76978726e0d03221808a9aa39d4c1cd85d69985bc5529871c883839066f0",
        "reference_checks": {
          "k4": {
            "reference_entries": 297318,
            "occupied_tiles": 32010,
            "pruned_tiles": 0,
            "pass_": true
          },
          "k16": {
            "reference_entries": 1016858,
            "occupied_tiles": 70630,
            "pruned_tiles": 0,
            "pass_": true
          },
          "k64": {
            "reference_entries": 3862998,
            "occupied_tiles": 153755,
            "pruned_tiles": 0,
            "pass_": true
          },
          "original": {
            "reference_entries": 3926078,
            "occupied_tiles": 155160,
            "pruned_tiles": 0,
            "pass_": true
          },
          "k256": {
            "reference_entries": 15429428,
            "occupied_tiles": 296276,
            "pruned_tiles": 0,
            "pass_": true
          },
          "k1024": {
            "reference_entries": 61458806,
            "occupied_tiles": 396195,
            "pruned_tiles": 0,
            "pass_": true
          }
        },
        "mean_pc1_block_width": 0.8485888722985533,
        "mean_block_bbox_diagonal": 2.794238274926117
      }
    },
    "mlp": {
      "test": {
        "mean_pair_pruning": 0.0008020531280205313,
        "cells": [
          {
            "cell": "k4",
            "pruned_tiles": 44,
            "tiles": 12403,
            "tile_fraction": 0.0035475288236716924,
            "pair_fraction": 0.002621177882211779
          },
          {
            "cell": "k16",
            "pruned_tiles": 25,
            "tiles": 12403,
            "tile_fraction": 0.002015641377086189,
            "pair_fraction": 0.0011877212278772122
          },
          {
            "cell": "k64",
            "pruned_tiles": 11,
            "tiles": 12403,
            "tile_fraction": 0.0008868822059179231,
            "pair_fraction": 0.00040955904409559045
          },
          {
            "cell": "original",
            "pruned_tiles": 11,
            "tiles": 12403,
            "tile_fraction": 0.0008868822059179231,
            "pair_fraction": 0.00040955904409559045
          },
          {
            "cell": "k256",
            "pruned_tiles": 5,
            "tiles": 12403,
            "tile_fraction": 0.0004031282754172378,
            "pair_fraction": 0.0001638236176382362
          },
          {
            "cell": "k1024",
            "pruned_tiles": 1,
            "tiles": 12403,
            "tile_fraction": 8.062565508344755e-05,
            "pair_fraction": 2.0477952204779524e-05
          }
        ],
        "bound_seconds": 0.0054234790004557,
        "permutation_sha256": "8e771a502ef17f58d5b048552cacd8aa314361d7ee738b680b90fecbcd6401b6",
        "reference_checks": {
          "k4": {
            "reference_entries": 14916,
            "occupied_tiles": 566,
            "pruned_tiles": 44,
            "pass_": true
          },
          "k16": {
            "reference_entries": 32354,
            "occupied_tiles": 1331,
            "pruned_tiles": 25,
            "pass_": true
          },
          "k64": {
            "reference_entries": 108684,
            "occupied_tiles": 3257,
            "pruned_tiles": 11,
            "pass_": true
          },
          "original": {
            "reference_entries": 110526,
            "occupied_tiles": 3294,
            "pruned_tiles": 11,
            "pass_": true
          },
          "k256": {
            "reference_entries": 434034,
            "occupied_tiles": 6651,
            "pruned_tiles": 5,
            "pass_": true
          },
          "k1024": {
            "reference_entries": 1736792,
            "occupied_tiles": 9542,
            "pruned_tiles": 1,
            "pass_": true
          }
        },
        "mean_pc1_block_width": 0.5685041705941809,
        "mean_block_bbox_diagonal": 2.7182626816096054
      },
      "full": {
        "mean_pair_pruning": 0.0013882553809288366,
        "cells": [
          {
            "cell": "k4",
            "pruned_tiles": 1890,
            "tiles": 440391,
            "tile_fraction": 0.004291640837346812,
            "pair_fraction": 0.0041880901984966915
          },
          {
            "cell": "k16",
            "pruned_tiles": 932,
            "tiles": 440391,
            "tile_fraction": 0.0021163011959826608,
            "pair_fraction": 0.0020343127614539758
          },
          {
            "cell": "k64",
            "pruned_tiles": 407,
            "tiles": 440391,
            "tile_fraction": 0.0009241787411641019,
            "pair_fraction": 0.0008658344583145837
          },
          {
            "cell": "original",
            "pruned_tiles": 403,
            "tiles": 440391,
            "tile_fraction": 0.0009150959034131033,
            "pair_fraction": 0.0008567323877935368
          },
          {
            "cell": "k256",
            "pruned_tiles": 151,
            "tiles": 440391,
            "tile_fraction": 0.00034287712510019507,
            "pair_fraction": 0.0003015060860096776
          },
          {
            "cell": "k1024",
            "pruned_tiles": 49,
            "tiles": 440391,
            "tile_fraction": 0.00011126476244973217,
            "pair_fraction": 8.30563935045527e-05
          }
        ],
        "bound_seconds": 0.1044349459989462,
        "permutation_sha256": "1de3a8473739a3b04d899744d7a09116ff229eac5d2dbc29a281974367f80db1",
        "reference_checks": {
          "k4": {
            "reference_entries": 297318,
            "occupied_tiles": 17570,
            "pruned_tiles": 1890,
            "pass_": true
          },
          "k16": {
            "reference_entries": 1016858,
            "occupied_tiles": 44421,
            "pruned_tiles": 932,
            "pass_": true
          },
          "k64": {
            "reference_entries": 3862998,
            "occupied_tiles": 114567,
            "pruned_tiles": 407,
            "pass_": true
          },
          "original": {
            "reference_entries": 3926078,
            "occupied_tiles": 115762,
            "pruned_tiles": 403,
            "pass_": true
          },
          "k256": {
            "reference_entries": 15429428,
            "occupied_tiles": 233402,
            "pruned_tiles": 151,
            "pass_": true
          },
          "k1024": {
            "reference_entries": 61458806,
            "occupied_tiles": 342136,
            "pruned_tiles": 49,
            "pass_": true
          }
        },
        "mean_pc1_block_width": 0.5600606352854727,
        "mean_block_bbox_diagonal": 2.717997140233635
      }
    }
  },
  "selection": {
    "created": 1788842758.498517,
    "models": {
      "linear": {
        "name": "linear_s2026090816_t300",
        "family": "linear",
        "seed": 2026090816,
        "step": 300,
        "parameters": 33,
        "training_seconds": 0.39618746501218993,
        "initialization_seconds": 0.0005068119935458526,
        "validation": {
          "mean_pair_pruning": 1.0238976102389764e-05,
          "cells": [
            {
              "cell": "k4",
              "pruned_tiles": 2,
              "tiles": 12403,
              "tile_fraction": 0.0001612513101668951,
              "pair_fraction": 4.095590440955905e-05
            },
            {
              "cell": "k16",
              "pruned_tiles": 1,
              "tiles": 12403,
              "tile_fraction": 8.062565508344755e-05,
              "pair_fraction": 2.0477952204779524e-05
            },
            {
              "cell": "k64",
              "pruned_tiles": 0,
              "tiles": 12403,
              "tile_fraction": 0.0,
              "pair_fraction": 0.0
            },
            {
              "cell": "original",
              "pruned_tiles": 0,
              "tiles": 12403,
              "tile_fraction": 0.0,
              "pair_fraction": 0.0
            },
            {
              "cell": "k256",
              "pruned_tiles": 0,
              "tiles": 12403,
              "tile_fraction": 0.0,
              "pair_fraction": 0.0
            },
            {
              "cell": "k1024",
              "pruned_tiles": 0,
              "tiles": 12403,
              "tile_fraction": 0.0,
              "pair_fraction": 0.0
            }
          ],
          "bound_seconds": 0.004955506999976933,
          "permutation_sha256": "268ddb5d88e314dbf1b5678776d786e534107319e5b1ce461fc01dc1b70e2599"
        },
        "checkpoint_sha256": "650b9007fa3468939b408be495a28230a4ee84434e39deb2d1bcf49367f2443f",
        "loss": 0.7209675312042236
      },
      "mlp": {
        "name": "mlp_s2026090815_t300",
        "family": "mlp",
        "seed": 2026090815,
        "step": 300,
        "parameters": 6337,
        "training_seconds": 0.6824355169956107,
        "initialization_seconds": 0.0007693450024817139,
        "validation": {
          "mean_pair_pruning": 0.001331066893310669,
          "cells": [
            {
              "cell": "k4",
              "pruned_tiles": 60,
              "tiles": 12403,
              "tile_fraction": 0.004837539305006853,
              "pair_fraction": 0.004054634536546345
            },
            {
              "cell": "k16",
              "pruned_tiles": 33,
              "tiles": 12403,
              "tile_fraction": 0.002660646617753769,
              "pair_fraction": 0.002088751124887511
            },
            {
              "cell": "k64",
              "pruned_tiles": 14,
              "tiles": 12403,
              "tile_fraction": 0.0011287591711682658,
              "pair_fraction": 0.0007167283271672833
            },
            {
              "cell": "original",
              "pruned_tiles": 13,
              "tiles": 12403,
              "tile_fraction": 0.0010481335160848182,
              "pair_fraction": 0.0006962503749625038
            },
            {
              "cell": "k256",
              "pruned_tiles": 8,
              "tiles": 12403,
              "tile_fraction": 0.0006450052406675804,
              "pair_fraction": 0.0003481251874812519
            },
            {
              "cell": "k1024",
              "pruned_tiles": 4,
              "tiles": 12403,
              "tile_fraction": 0.0003225026203337902,
              "pair_fraction": 8.19118088191181e-05
            }
          ],
          "bound_seconds": 0.0048693399876356125,
          "permutation_sha256": "dee9cb17ddff605f2b55605f4affc63dc78d55d7dd5372dfb6cc4928c2aba7d1"
        },
        "checkpoint_sha256": "5019e10e06c2904211dae28faac0c74ba665dd956fe791bce9a7c06e0b20c7eb",
        "loss": 0.6398210525512695
      }
    },
    "baseline_validation": {
      "mean_pair_pruning": 0.12424314901843149,
      "cells": [
        {
          "cell": "k4",
          "pruned_tiles": 2573,
          "tiles": 12403,
          "tile_fraction": 0.20744981052971057,
          "pair_fraction": 0.20436996300369964
        },
        {
          "cell": "k16",
          "pruned_tiles": 2006,
          "tiles": 12403,
          "tile_fraction": 0.1617350640973958,
          "pair_fraction": 0.15872460753924608
        },
        {
          "cell": "k64",
          "pruned_tiles": 1523,
          "tiles": 12403,
          "tile_fraction": 0.12279287269209062,
          "pair_fraction": 0.11995984401559844
        },
        {
          "cell": "original",
          "pruned_tiles": 1515,
          "tiles": 12403,
          "tile_fraction": 0.12214786745142305,
          "pair_fraction": 0.11936598340165984
        },
        {
          "cell": "k256",
          "pruned_tiles": 1097,
          "tiles": 12403,
          "tile_fraction": 0.08844634362654197,
          "pair_fraction": 0.08586405359464054
        },
        {
          "cell": "k1024",
          "pruned_tiles": 737,
          "tiles": 12403,
          "tile_fraction": 0.059421107796500845,
          "pair_fraction": 0.05717444255574443
        }
      ],
      "bound_seconds": 0.007897611998487264,
      "permutation_sha256": "26214d89aa974a19f44d4e02b68066ac71780b1c6fe08bc2c4627eae5d336559"
    },
    "rule": "Validation six-cell mean certified pair pruning; test/full rows and query timing unseen."
  },
  "guide_seconds": 0.22309030500764493,
  "retained_calls": 720,
  "warmups": 180,
  "admission_calls": 75,
  "build_plus_query_calls": 54,
  "full_gpu_calls": 1029,
  "reference_occupancy_checks": 36,
  "max_device_used_mib": 3244,
  "bootstrap": {
    "draws": 20000,
    "seed": 2026090817,
    "unit": "process then paired repetitions"
  },
  "scope": "Within-dataset heldout rows, shared transductive PCA; one training proxy and fixed bound axes; not FM."
}
