COMMAND ["@TENSORJOIN_ROOT@/isaacsim6/env/bin/python", "@TENSORJOIN_ROOT@/tensorjoin_20260908_fm_solver/src/preflight.py"]
Traceback (most recent call last):
  File "@TENSORJOIN_ROOT@/tensorjoin_20260908_fm_solver/src/preflight.py", line 112, in <module>
    try:main()
        ^^^^^^
  File "@TENSORJOIN_ROOT@/tensorjoin_20260908_fm_solver/src/preflight.py", line 61, in main
    early,used,kernel=minima(qg,tr,tc,c['T'],margin,scale2)
                      ^^^^^^^^^^^^^^^^^^^^^^^^^^^^^^^^^^^^^
  File "@TENSORJOIN_ROOT@/tensorjoin_20260908_fm_solver/src/certificate.py", line 42, in minima
    kernel=_minimum[(len(tr),)](q_gpu,trg,tcg,out,dims,lim,NN=N,EARLY=threshold is not None,B=4096,num_warps=8,enable_fp_fusion=True)
           ^^^^^^^^^^^^^^^^^^^^^^^^^^^^^^^^^^^^^^^^^^^^^^^^^^^^^^^^^^^^^^^^^^^^^^^^^^^^^^^^^^^^^^^^^^^^^^^^^^^^^^^^^^^^^^^^^^^^^^^^^^
  File "@TENSORJOIN_ROOT@/isaacsim6/env/lib/python3.12/site-packages/triton/runtime/jit.py", line 370, in <lambda>
    return lambda *args, **kwargs: self.run(grid=grid, warmup=False, *args, **kwargs)
                                   ^^^^^^^^^^^^^^^^^^^^^^^^^^^^^^^^^^^^^^^^^^^^^^^^^^
  File "@TENSORJOIN_ROOT@/isaacsim6/env/lib/python3.12/site-packages/triton/runtime/jit.py", line 720, in run
    kernel = self._do_compile(key, signature, device, constexprs, options, attrs, warmup)
             ^^^^^^^^^^^^^^^^^^^^^^^^^^^^^^^^^^^^^^^^^^^^^^^^^^^^^^^^^^^^^^^^^^^^^^^^^^^^
  File "@TENSORJOIN_ROOT@/isaacsim6/env/lib/python3.12/site-packages/triton/runtime/jit.py", line 849, in _do_compile
    kernel = self.compile(src, target=target, options=options.__dict__)
             ^^^^^^^^^^^^^^^^^^^^^^^^^^^^^^^^^^^^^^^^^^^^^^^^^^^^^^^^^^
  File "@TENSORJOIN_ROOT@/isaacsim6/env/lib/python3.12/site-packages/triton/compiler/compiler.py", line 304, in compile
    module = src.make_ir(target, options, codegen_fns, module_map, context)
             ^^^^^^^^^^^^^^^^^^^^^^^^^^^^^^^^^^^^^^^^^^^^^^^^^^^^^^^^^^^^^^
  File "@TENSORJOIN_ROOT@/isaacsim6/env/lib/python3.12/site-packages/triton/compiler/compiler.py", line 80, in make_ir
    return ast_to_ttir(self.fn, self, context=context, options=options, codegen_fns=codegen_fns,
           ^^^^^^^^^^^^^^^^^^^^^^^^^^^^^^^^^^^^^^^^^^^^^^^^^^^^^^^^^^^^^^^^^^^^^^^^^^^^^^^^^^^^^
triton.compiler.errors.UnsupportedLanguageConstruct: at 19:53:
    used=0;minimum=tl.full((),float('inf'),tl.float32)
    for group in range(4):
        for j in tl.static_range(8):
            k=group*8+j
            a=tl.load(Q+k*NN+r,r<NN,0)
            b=tl.load(Q+k*NN+c,c<NN,0)
            delta=a-b
            acc=tl.fma(delta,delta,acc)
        used+=8
        minimum=tl.min(tl.where(valid,acc,float('inf')),0)
        if EARLY:
            if minimum.to(tl.float64)>tl.load(LIMIT):break
                                                     ^
unsupported AST node type: Break
