{
  "rows": [
    {
      "cell": "k4",
      "original_full": 49.56984300224576,
      "layout_full": 51.78822099696845,
      "bbox64": 45.672879001358524,
      "project64": 35.70120099175256,
      "subtile16": 29.920116998255253,
      "packed16": 27.469392007333227,
      "packed_vs_control_speedup": 1.299672048883418,
      "process_ratio_min": 1.2734795195006572,
      "process_ratio_max": 1.3913340562893242
    },
    {
      "cell": "k16",
      "original_full": 54.55891499877907,
      "layout_full": 54.51196900685318,
      "bbox64": 49.13654600386508,
      "project64": 42.490214997087605,
      "subtile16": 43.342438992112875,
      "packed16": 34.12527000182308,
      "packed_vs_control_speedup": 1.245124653806919,
      "process_ratio_min": 1.2367557460112752,
      "process_ratio_max": 1.2469551084154487
    },
    {
      "cell": "k64",
      "original_full": 58.88866299937945,
      "layout_full": 59.54795300203841,
      "bbox64": 55.35634799161926,
      "project64": 50.73930899379775,
      "subtile16": 60.13004899432417,
      "packed16": 49.47546900075395,
      "packed_vs_control_speedup": 1.025544780445124,
      "process_ratio_min": 0.829750279097838,
      "process_ratio_max": 1.025544780445124
    },
    {
      "cell": "original",
      "original_full": 65.37340999057051,
      "layout_full": 72.55306000297423,
      "bbox64": 65.1602589932736,
      "project64": 64.09474900283385,
      "subtile16": 74.54763300484046,
      "packed16": 58.58988699037582,
      "packed_vs_control_speedup": 1.0939558393987392,
      "process_ratio_min": 1.0695045400195977,
      "process_ratio_max": 1.0872889710209708
    },
    {
      "cell": "k256",
      "original_full": 130.80591699690558,
      "layout_full": 127.55758600542322,
      "bbox64": 123.47015900013503,
      "project64": 124.3882790004136,
      "subtile16": 137.33299600426108,
      "packed16": 123.10088700905908,
      "packed_vs_control_speedup": 1.0104580236798764,
      "process_ratio_min": 1.005537415046697,
      "process_ratio_max": 1.0311197950717919
    },
    {
      "cell": "k1024",
      "original_full": 341.09180100494996,
      "layout_full": 342.98343599948566,
      "bbox64": 344.0017820103094,
      "project64": 340.5812220007647,
      "subtile16": 351.84066600049846,
      "packed16": 343.19173799303826,
      "packed_vs_control_speedup": 0.992393418304474,
      "process_ratio_min": 0.9844260219757509,
      "process_ratio_max": 1.003288892117293
    }
  ],
  "pooled_mean_ms": {
    "original_full": 116.71475816547172,
    "layout_full": 118.15703750229052,
    "bbox64": 113.79966216676014,
    "project64": 109.66582916444167,
    "subtile16": 116.18564999904872,
    "packed16": 105.9921071670639
  },
  "fixed_control": "project64",
  "process_details": [
    {
      "process": 0,
      "mean_ms": {
        "original_full": 111.71912600305707,
        "layout_full": 113.51157833511631,
        "bbox64": 108.23091316706268,
        "project64": 105.80429633409949,
        "subtile16": 111.1401309996533,
        "packed16": 102.1293823311377
      },
      "best_fixed_control": "project64",
      "subtile_time_saving": -0.050431171988562395,
      "packed_time_saving": 0.034733126444671636
    },
    {
      "process": 1,
      "mean_ms": {
        "original_full": 119.56257932858232,
        "layout_full": 120.7711901734001,
        "bbox64": 118.35889966217412,
        "project64": 113.11011283639043,
        "subtile16": 121.92884166870499,
        "packed16": 111.73400616826257
      },
      "best_fixed_control": "project64",
      "subtile_time_saving": -0.07796587423682033,
      "packed_time_saving": 0.012166079881100855
    },
    {
      "process": 2,
      "mean_ms": {
        "original_full": 116.71159549829706,
        "layout_full": 118.6303975021777,
        "bbox64": 114.19521050265757,
        "project64": 108.3414948322267,
        "subtile16": 115.20420449717979,
        "packed16": 103.80257100284022
      },
      "best_fixed_control": "project64",
      "subtile_time_saving": -0.06334331712498886,
      "packed_time_saving": 0.04189460221510943
    }
  ],
  "packed_gate_pass": false,
  "pooled_packed_time_saving_vs_control": 0.03349924060546783,
  "pooled_packed_speedup_vs_original": 1.101164617677681,
  "retained_measurements": 324,
  "exact_admission_calls": 77,
  "confirmation_warmups": 108,
  "independent_exact_calls": 8,
  "total_verified_calls": 517,
  "peak_device_mib": 3214,
  "direct_sample_checks": [
    {
      "cell": "k4",
      "sample_tiles": 201,
      "checked_pairs": 801424,
      "required_candidates": 2552,
      "survivor_pairs": 2653115,
      "pass_": true
    },
    {
      "cell": "k16",
      "sample_tiles": 201,
      "checked_pairs": 801424,
      "required_candidates": 5580,
      "survivor_pairs": 11204699,
      "pass_": true
    },
    {
      "cell": "k64",
      "sample_tiles": 201,
      "checked_pairs": 801424,
      "required_candidates": 15837,
      "survivor_pairs": 38966851,
      "pass_": true
    },
    {
      "cell": "original",
      "sample_tiles": 201,
      "checked_pairs": 801424,
      "required_candidates": 16044,
      "survivor_pairs": 39514416,
      "pass_": true
    },
    {
      "cell": "k256",
      "sample_tiles": 201,
      "checked_pairs": 801424,
      "required_candidates": 45032,
      "survivor_pairs": 114697541,
      "pass_": true
    },
    {
      "cell": "k1024",
      "sample_tiles": 201,
      "checked_pairs": 801424,
      "required_candidates": 113373,
      "survivor_pairs": 282116283,
      "pass_": true
    }
  ]
}
