COMMAND ["@TENSORJOIN_ROOT@/isaacsim6/env/bin/python", "-u", "src/runner.py", "--index", "0"]
{"layout": "original", "method": "F8", "phase": "warmup", "i": 0, "seconds": 0.28592406200186815, "inner_seconds": 0.19891567799641052}
{"layout": "original", "method": "F8", "phase": "warmup", "i": 1, "seconds": 0.2432851319972542, "inner_seconds": 0.15797576099430444}
{"layout": "original", "method": "F8", "phase": "retained", "i": 0, "seconds": 0.24192133099859348, "inner_seconds": 0.15690792100213002}
{"layout": "original", "method": "F8", "phase": "retained", "i": 1, "seconds": 0.24279137399571482, "inner_seconds": 0.15782093300367706}
{"layout": "original", "method": "F8", "phase": "retained", "i": 2, "seconds": 0.24325532000511885, "inner_seconds": 0.1579443920054473}
{"layout": "original", "method": "F8", "phase": "retained", "i": 3, "seconds": 0.24318323800252983, "inner_seconds": 0.15749957799562253}
{"layout": "original", "method": "F8", "phase": "retained", "i": 4, "seconds": 0.2413532060018042, "inner_seconds": 0.1560756959952414}
{"layout": "original", "method": "F8", "phase": "retained", "i": 5, "seconds": 0.24156958499952452, "inner_seconds": 0.15674337100062985}
{"layout": "original", "method": "F8", "phase": "retained", "i": 6, "seconds": 0.24384829700284172, "inner_seconds": 0.1582931489974726}
{"layout": "original", "method": "F16", "phase": "warmup", "i": 0, "seconds": 0.6832878889981657, "inner_seconds": 0.5980663360023755}
{"layout": "original", "method": "F16", "phase": "warmup", "i": 1, "seconds": 0.24559019699518103, "inner_seconds": 0.15998508100165054}
{"layout": "original", "method": "F16", "phase": "retained", "i": 0, "seconds": 0.24804445100016892, "inner_seconds": 0.16230082800029777}
{"layout": "original", "method": "F16", "phase": "retained", "i": 1, "seconds": 0.24610008899617242, "inner_seconds": 0.16044181100005517}
{"layout": "original", "method": "F16", "phase": "retained", "i": 2, "seconds": 0.24492633400222985, "inner_seconds": 0.15928620300110197}
{"layout": "original", "method": "F16", "phase": "retained", "i": 3, "seconds": 0.24547707400051877, "inner_seconds": 0.1597376819991041}
{"layout": "original", "method": "F16", "phase": "retained", "i": 4, "seconds": 0.2447317900005146, "inner_seconds": 0.15905519599618856}
{"layout": "original", "method": "F16", "phase": "retained", "i": 5, "seconds": 0.244930546003161, "inner_seconds": 0.15941664200363448}
{"layout": "original", "method": "F16", "phase": "retained", "i": 6, "seconds": 0.2503279310039943, "inner_seconds": 0.16470919900166336}
{"layout": "clustered", "method": "F8", "phase": "warmup", "i": 0, "seconds": 0.24756951999734156, "inner_seconds": 0.16186301299603656}
{"layout": "clustered", "method": "F8", "phase": "warmup", "i": 1, "seconds": 0.24572059699858073, "inner_seconds": 0.16027807800128357}
{"layout": "clustered", "method": "F8", "phase": "retained", "i": 0, "seconds": 0.24514213699876564, "inner_seconds": 0.15914742500171997}
{"layout": "clustered", "method": "F8", "phase": "retained", "i": 1, "seconds": 0.24558598799922038, "inner_seconds": 0.15986112900282023}
{"layout": "clustered", "method": "F8", "phase": "retained", "i": 2, "seconds": 0.24543463099689689, "inner_seconds": 0.15971400000125868}
{"layout": "clustered", "method": "F8", "phase": "retained", "i": 3, "seconds": 0.246665168000618, "inner_seconds": 0.16089416499744402}
{"layout": "clustered", "method": "F8", "phase": "retained", "i": 4, "seconds": 0.24445838099927641, "inner_seconds": 0.15907026400236646}
{"layout": "clustered", "method": "F8", "phase": "retained", "i": 5, "seconds": 0.24416765999922063, "inner_seconds": 0.15875509000034072}
{"layout": "clustered", "method": "F8", "phase": "retained", "i": 6, "seconds": 0.24422615300136385, "inner_seconds": 0.15884211999946274}
{"layout": "clustered", "method": "F16", "phase": "warmup", "i": 0, "seconds": 0.24689235700498102, "inner_seconds": 0.16150577500229701}
{"layout": "clustered", "method": "F16", "phase": "warmup", "i": 1, "seconds": 0.2706639210009598, "inner_seconds": 0.16193307799403556}
{"layout": "clustered", "method": "F16", "phase": "retained", "i": 0, "seconds": 0.30154271900391905, "inner_seconds": 0.19439353400230175}
{"layout": "clustered", "method": "F16", "phase": "retained", "i": 1, "seconds": 0.2996903649982414, "inner_seconds": 0.19310000500263413}
{"layout": "clustered", "method": "F16", "phase": "retained", "i": 2, "seconds": 0.2986606210033642, "inner_seconds": 0.19217047300480772}
{"layout": "clustered", "method": "F16", "phase": "retained", "i": 3, "seconds": 0.2988786960049765, "inner_seconds": 0.19301250699936645}
{"layout": "clustered", "method": "F16", "phase": "retained", "i": 4, "seconds": 0.3000367679996998, "inner_seconds": 0.19546344300033525}
{"layout": "clustered", "method": "F16", "phase": "retained", "i": 5, "seconds": 0.2619022569997469, "inner_seconds": 0.16687906999868574}
{"layout": "clustered", "method": "F16", "phase": "retained", "i": 6, "seconds": 0.3027747200030717, "inner_seconds": 0.19662847399740713}
{"layout": "interleaved", "method": "F8", "phase": "warmup", "i": 0, "seconds": 0.2986546879983507, "inner_seconds": 0.192980815001647}
{"layout": "interleaved", "method": "F8", "phase": "warmup", "i": 1, "seconds": 0.2959257719994639, "inner_seconds": 0.1909002589964075}
{"layout": "interleaved", "method": "F8", "phase": "retained", "i": 0, "seconds": 0.29645450599491596, "inner_seconds": 0.19144211799721234}
{"layout": "interleaved", "method": "F8", "phase": "retained", "i": 1, "seconds": 0.2840771000046516, "inner_seconds": 0.19046303499635542}
{"layout": "interleaved", "method": "F8", "phase": "retained", "i": 2, "seconds": 0.2469874670059653, "inner_seconds": 0.16195428699575132}
{"layout": "interleaved", "method": "F8", "phase": "retained", "i": 3, "seconds": 0.24608600299688987, "inner_seconds": 0.16086574499786366}
{"layout": "interleaved", "method": "F8", "phase": "retained", "i": 4, "seconds": 0.24569988500297768, "inner_seconds": 0.16043138099485077}
{"layout": "interleaved", "method": "F8", "phase": "retained", "i": 5, "seconds": 0.24527394600590924, "inner_seconds": 0.1601260440002079}
{"layout": "interleaved", "method": "F8", "phase": "retained", "i": 6, "seconds": 0.24507590899884235, "inner_seconds": 0.15995111299707787}
{"layout": "interleaved", "method": "F16", "phase": "warmup", "i": 0, "seconds": 0.24771693400543882, "inner_seconds": 0.16281625800183974}
{"layout": "interleaved", "method": "F16", "phase": "warmup", "i": 1, "seconds": 0.24797656299779192, "inner_seconds": 0.16249315400636988}
{"layout": "interleaved", "method": "F16", "phase": "retained", "i": 0, "seconds": 0.24880960299924482, "inner_seconds": 0.16374524000275414}
{"layout": "interleaved", "method": "F16", "phase": "retained", "i": 1, "seconds": 0.2482585760008078, "inner_seconds": 0.16257195900107035}
{"layout": "interleaved", "method": "F16", "phase": "retained", "i": 2, "seconds": 0.24798233700130368, "inner_seconds": 0.1627780599956168}
{"layout": "interleaved", "method": "F16", "phase": "retained", "i": 3, "seconds": 0.24823511900467565, "inner_seconds": 0.16270184599852655}
{"layout": "interleaved", "method": "F16", "phase": "retained", "i": 4, "seconds": 0.2482692319972557, "inner_seconds": 0.16319622300215997}
{"layout": "interleaved", "method": "F16", "phase": "retained", "i": 5, "seconds": 0.2477558839964331, "inner_seconds": 0.1627474600027199}
{"layout": "interleaved", "method": "F16", "phase": "retained", "i": 6, "seconds": 0.25026603099831846, "inner_seconds": 0.1648173779976787}
{"layout": "interleaved", "method": "F16", "phase": "repeat8", "i": 0, "seconds": 0.25257142900227336, "inner_seconds": 0.1671874759995262}
{"layout": "interleaved", "method": "F16", "phase": "repeat8", "i": 1, "seconds": 0.24770092399558052, "inner_seconds": 0.16252626100322232}
{"layout": "interleaved", "method": "F16", "phase": "repeat8", "i": 2, "seconds": 0.300532913999632, "inner_seconds": 0.19544307800242677}
{"layout": "interleaved", "method": "F16", "phase": "repeat8", "i": 3, "seconds": 0.2979865710003651, "inner_seconds": 0.19323841499863192}
{"layout": "interleaved", "method": "F16", "phase": "repeat8", "i": 4, "seconds": 0.29939061000186484, "inner_seconds": 0.194468608002353}
{"layout": "interleaved", "method": "F16", "phase": "repeat8", "i": 5, "seconds": 0.24685520699858898, "inner_seconds": 0.16243924899754347}
{"layout": "interleaved", "method": "F16", "phase": "repeat8", "i": 6, "seconds": 0.24831835000077263, "inner_seconds": 0.16263077299663564}
{"layout": "interleaved", "method": "F16", "phase": "repeat8", "i": 7, "seconds": 0.24899670900049387, "inner_seconds": 0.16418761499517132}
{"layout": "interleaved", "method": "F8", "phase": "repeat8", "i": 0, "seconds": 0.24594049599545542, "inner_seconds": 0.1596771800032002}
{"layout": "interleaved", "method": "F8", "phase": "repeat8", "i": 1, "seconds": 0.24518218600132968, "inner_seconds": 0.16035887399630155}
{"layout": "interleaved", "method": "F8", "phase": "repeat8", "i": 2, "seconds": 0.24469686999509577, "inner_seconds": 0.15961838599469047}
{"layout": "interleaved", "method": "F8", "phase": "repeat8", "i": 3, "seconds": 0.24429387800046243, "inner_seconds": 0.15958563900494482}
{"layout": "interleaved", "method": "F8", "phase": "repeat8", "i": 4, "seconds": 0.24575063699739985, "inner_seconds": 0.1601322930000606}
{"layout": "interleaved", "method": "F8", "phase": "repeat8", "i": 5, "seconds": 0.24337983700388577, "inner_seconds": 0.15915339600178413}
{"layout": "interleaved", "method": "F8", "phase": "repeat8", "i": 6, "seconds": 0.24453301099856617, "inner_seconds": 0.15935021200129995}
{"layout": "interleaved", "method": "F8", "phase": "repeat8", "i": 7, "seconds": 0.24418241000239505, "inner_seconds": 0.15968751499895006}
{"layout": "clustered", "method": "F16", "phase": "repeat8", "i": 0, "seconds": 0.24903149400051916, "inner_seconds": 0.1629356560006272}
{"layout": "clustered", "method": "F16", "phase": "repeat8", "i": 1, "seconds": 0.24698739599989494, "inner_seconds": 0.1621435350025422}
{"layout": "clustered", "method": "F16", "phase": "repeat8", "i": 2, "seconds": 0.24845463700330583, "inner_seconds": 0.16244028399523813}
{"layout": "clustered", "method": "F16", "phase": "repeat8", "i": 3, "seconds": 0.2464648179957294, "inner_seconds": 0.16210045200568857}
{"layout": "clustered", "method": "F16", "phase": "repeat8", "i": 4, "seconds": 0.24862731900066137, "inner_seconds": 0.16184292300022207}
{"layout": "clustered", "method": "F16", "phase": "repeat8", "i": 5, "seconds": 0.24779087900242303, "inner_seconds": 0.1619315350035322}
{"layout": "clustered", "method": "F16", "phase": "repeat8", "i": 6, "seconds": 0.24642918899917277, "inner_seconds": 0.1615864710038295}
{"layout": "clustered", "method": "F16", "phase": "repeat8", "i": 7, "seconds": 0.24684441099816468, "inner_seconds": 0.1618084980000276}
{"layout": "clustered", "method": "F8", "phase": "repeat8", "i": 0, "seconds": 0.24354941899946425, "inner_seconds": 0.1586190620000707}
{"layout": "clustered", "method": "F8", "phase": "repeat8", "i": 1, "seconds": 0.24477831600233912, "inner_seconds": 0.15859274700051174}
{"layout": "clustered", "method": "F8", "phase": "repeat8", "i": 2, "seconds": 0.24809571300284006, "inner_seconds": 0.1631075020050048}
{"layout": "clustered", "method": "F8", "phase": "repeat8", "i": 3, "seconds": 0.24576461799733806, "inner_seconds": 0.1597484509984497}
{"layout": "clustered", "method": "F8", "phase": "repeat8", "i": 4, "seconds": 0.24498277399834478, "inner_seconds": 0.1592527640023036}
{"layout": "clustered", "method": "F8", "phase": "repeat8", "i": 5, "seconds": 0.24505889400461456, "inner_seconds": 0.15989568200166104}
{"layout": "clustered", "method": "F8", "phase": "repeat8", "i": 6, "seconds": 0.24471776599966688, "inner_seconds": 0.1597453520007548}
{"layout": "clustered", "method": "F8", "phase": "repeat8", "i": 7, "seconds": 0.24462740300077712, "inner_seconds": 0.1593314490019111}
{"layout": "original", "method": "F16", "phase": "repeat8", "i": 0, "seconds": 0.24671867299912265, "inner_seconds": 0.1605081829984556}
{"layout": "original", "method": "F16", "phase": "repeat8", "i": 1, "seconds": 0.24388865099899704, "inner_seconds": 0.15876969799865037}
{"layout": "original", "method": "F16", "phase": "repeat8", "i": 2, "seconds": 0.24432208699727198, "inner_seconds": 0.15925893199892016}
{"layout": "original", "method": "F16", "phase": "repeat8", "i": 3, "seconds": 0.24366311399353435, "inner_seconds": 0.15882519400474848}
{"layout": "original", "method": "F16", "phase": "repeat8", "i": 4, "seconds": 0.24492546699912054, "inner_seconds": 0.15935660299874144}
{"layout": "original", "method": "F16", "phase": "repeat8", "i": 5, "seconds": 0.24489148399879923, "inner_seconds": 0.1594473340010154}
{"layout": "original", "method": "F16", "phase": "repeat8", "i": 6, "seconds": 0.24469935299566714, "inner_seconds": 0.15926798199507175}
{"layout": "original", "method": "F16", "phase": "repeat8", "i": 7, "seconds": 0.24490683899784926, "inner_seconds": 0.15911265199974878}
{"layout": "original", "method": "F8", "phase": "repeat8", "i": 0, "seconds": 0.24151507199712796, "inner_seconds": 0.15626165700086858}
{"layout": "original", "method": "F8", "phase": "repeat8", "i": 1, "seconds": 0.2419793419976486, "inner_seconds": 0.1569686430011643}
{"layout": "original", "method": "F8", "phase": "repeat8", "i": 2, "seconds": 0.24178879899409367, "inner_seconds": 0.15630453299672808}
{"layout": "original", "method": "F8", "phase": "repeat8", "i": 3, "seconds": 0.24104174600506667, "inner_seconds": 0.15610522799397586}
{"layout": "original", "method": "F8", "phase": "repeat8", "i": 4, "seconds": 0.24159750399849145, "inner_seconds": 0.15622831700602546}
{"layout": "original", "method": "F8", "phase": "repeat8", "i": 5, "seconds": 0.24262926899973536, "inner_seconds": 0.15631057100108592}
{"layout": "original", "method": "F8", "phase": "repeat8", "i": 6, "seconds": 0.24169900299602887, "inner_seconds": 0.15665407599590253}
{"layout": "original", "method": "F8", "phase": "repeat8", "i": 7, "seconds": 0.24091404299542774, "inner_seconds": 0.15614570299658226}
{"index": 0, "pass": true, "calls": 102}
