COMMAND ["@TENSORJOIN_ROOT@/isaacsim6/env/bin/python", "-u", "src/runner.py", "--index", "3"]
{"layout": "interleaved", "method": "F16", "phase": "warmup", "i": 0, "seconds": 0.7030406060002861, "inner_seconds": 0.6153389899991453}
{"layout": "interleaved", "method": "F16", "phase": "warmup", "i": 1, "seconds": 0.25344957200286444, "inner_seconds": 0.1662149789990508}
{"layout": "interleaved", "method": "F16", "phase": "retained", "i": 0, "seconds": 0.253067015997658, "inner_seconds": 0.16498491299716989}
{"layout": "interleaved", "method": "F16", "phase": "retained", "i": 1, "seconds": 0.25261925399536267, "inner_seconds": 0.16565216299932217}
{"layout": "interleaved", "method": "F16", "phase": "retained", "i": 2, "seconds": 0.2513358910000534, "inner_seconds": 0.16455871300422587}
{"layout": "interleaved", "method": "F16", "phase": "retained", "i": 3, "seconds": 0.25245778600219637, "inner_seconds": 0.1655270319970441}
{"layout": "interleaved", "method": "F16", "phase": "retained", "i": 4, "seconds": 0.2545999930007383, "inner_seconds": 0.16781479099881835}
{"layout": "interleaved", "method": "F16", "phase": "retained", "i": 5, "seconds": 0.2542758350027725, "inner_seconds": 0.16683529000147246}
{"layout": "interleaved", "method": "F16", "phase": "retained", "i": 6, "seconds": 0.25141454600088764, "inner_seconds": 0.16498064500046894}
{"layout": "interleaved", "method": "F8", "phase": "warmup", "i": 0, "seconds": 0.26311695400363533, "inner_seconds": 0.17667916800564853}
{"layout": "interleaved", "method": "F8", "phase": "warmup", "i": 1, "seconds": 0.2487880250046146, "inner_seconds": 0.16158387600444257}
{"layout": "interleaved", "method": "F8", "phase": "retained", "i": 0, "seconds": 0.2492150699981721, "inner_seconds": 0.16270423300011316}
{"layout": "interleaved", "method": "F8", "phase": "retained", "i": 1, "seconds": 0.24675792599737179, "inner_seconds": 0.16162492999865208}
{"layout": "interleaved", "method": "F8", "phase": "retained", "i": 2, "seconds": 0.24605365499883192, "inner_seconds": 0.16063174499868182}
{"layout": "interleaved", "method": "F8", "phase": "retained", "i": 3, "seconds": 0.24559193100139964, "inner_seconds": 0.16076884600624908}
{"layout": "interleaved", "method": "F8", "phase": "retained", "i": 4, "seconds": 0.24904393500037258, "inner_seconds": 0.16094154099846492}
{"layout": "interleaved", "method": "F8", "phase": "retained", "i": 5, "seconds": 0.2515816530067241, "inner_seconds": 0.16409722300159046}
{"layout": "interleaved", "method": "F8", "phase": "retained", "i": 6, "seconds": 0.2507611869950779, "inner_seconds": 0.16519435399823124}
{"layout": "clustered", "method": "F16", "phase": "warmup", "i": 0, "seconds": 0.24732668999786256, "inner_seconds": 0.16270968900062144}
{"layout": "clustered", "method": "F16", "phase": "warmup", "i": 1, "seconds": 0.2467414450002252, "inner_seconds": 0.16178168099577306}
{"layout": "clustered", "method": "F16", "phase": "retained", "i": 0, "seconds": 0.24617486500210362, "inner_seconds": 0.16128991200093878}
{"layout": "clustered", "method": "F16", "phase": "retained", "i": 1, "seconds": 0.2467656500011799, "inner_seconds": 0.16173785199498525}
{"layout": "clustered", "method": "F16", "phase": "retained", "i": 2, "seconds": 0.24787611100327922, "inner_seconds": 0.1616398520054645}
{"layout": "clustered", "method": "F16", "phase": "retained", "i": 3, "seconds": 0.246201886999188, "inner_seconds": 0.16208950000145705}
{"layout": "clustered", "method": "F16", "phase": "retained", "i": 4, "seconds": 0.24627560200315202, "inner_seconds": 0.16137400700245053}
{"layout": "clustered", "method": "F16", "phase": "retained", "i": 5, "seconds": 0.24599273600324523, "inner_seconds": 0.16096848199958913}
{"layout": "clustered", "method": "F16", "phase": "retained", "i": 6, "seconds": 0.24543141899630427, "inner_seconds": 0.16040843200607924}
{"layout": "clustered", "method": "F8", "phase": "warmup", "i": 0, "seconds": 0.2434677759956685, "inner_seconds": 0.15904451100504957}
{"layout": "clustered", "method": "F8", "phase": "warmup", "i": 1, "seconds": 0.2430028430026141, "inner_seconds": 0.1584675080011948}
{"layout": "clustered", "method": "F8", "phase": "retained", "i": 0, "seconds": 0.24370396199810784, "inner_seconds": 0.15884052999899723}
{"layout": "clustered", "method": "F8", "phase": "retained", "i": 1, "seconds": 0.24255219999758992, "inner_seconds": 0.1580836389985052}
{"layout": "clustered", "method": "F8", "phase": "retained", "i": 2, "seconds": 0.2423576739965938, "inner_seconds": 0.15775388899783138}
{"layout": "clustered", "method": "F8", "phase": "retained", "i": 3, "seconds": 0.24270429099851754, "inner_seconds": 0.15811055599624524}
{"layout": "clustered", "method": "F8", "phase": "retained", "i": 4, "seconds": 0.24273959099809872, "inner_seconds": 0.15801340900361538}
{"layout": "clustered", "method": "F8", "phase": "retained", "i": 5, "seconds": 0.24296108500129776, "inner_seconds": 0.15835980999690946}
{"layout": "clustered", "method": "F8", "phase": "retained", "i": 6, "seconds": 0.2458190059987828, "inner_seconds": 0.16114054899662733}
{"layout": "original", "method": "F16", "phase": "warmup", "i": 0, "seconds": 0.25051745200471487, "inner_seconds": 0.1636075799979153}
{"layout": "original", "method": "F16", "phase": "warmup", "i": 1, "seconds": 0.24496841299696825, "inner_seconds": 0.15884012799506309}
{"layout": "original", "method": "F16", "phase": "retained", "i": 0, "seconds": 0.24487738499738043, "inner_seconds": 0.16000375000294298}
{"layout": "original", "method": "F16", "phase": "retained", "i": 1, "seconds": 0.24877791700419039, "inner_seconds": 0.1627816600012011}
{"layout": "original", "method": "F16", "phase": "retained", "i": 2, "seconds": 0.24652500500087626, "inner_seconds": 0.15967374599858886}
{"layout": "original", "method": "F16", "phase": "retained", "i": 3, "seconds": 0.24536796099710045, "inner_seconds": 0.1590579699986847}
{"layout": "original", "method": "F16", "phase": "retained", "i": 4, "seconds": 0.24785508499917341, "inner_seconds": 0.16226066600211198}
{"layout": "original", "method": "F16", "phase": "retained", "i": 5, "seconds": 0.24542065800051205, "inner_seconds": 0.1598762200010242}
{"layout": "original", "method": "F16", "phase": "retained", "i": 6, "seconds": 0.2462077699965448, "inner_seconds": 0.1606249980031862}
{"layout": "original", "method": "F8", "phase": "warmup", "i": 0, "seconds": 0.24186789000668796, "inner_seconds": 0.15636744799849112}
{"layout": "original", "method": "F8", "phase": "warmup", "i": 1, "seconds": 0.2423368380041211, "inner_seconds": 0.15652767900610343}
{"layout": "original", "method": "F8", "phase": "retained", "i": 0, "seconds": 0.24168089299928397, "inner_seconds": 0.15702436799620045}
{"layout": "original", "method": "F8", "phase": "retained", "i": 1, "seconds": 0.2410639040026581, "inner_seconds": 0.1557853230042383}
{"layout": "original", "method": "F8", "phase": "retained", "i": 2, "seconds": 0.24138391499582212, "inner_seconds": 0.15670471100020222}
{"layout": "original", "method": "F8", "phase": "retained", "i": 3, "seconds": 0.24061143399740104, "inner_seconds": 0.1553343159976066}
{"layout": "original", "method": "F8", "phase": "retained", "i": 4, "seconds": 0.241519020004489, "inner_seconds": 0.15621676400041906}
{"layout": "original", "method": "F8", "phase": "retained", "i": 5, "seconds": 0.24296496400347678, "inner_seconds": 0.15675482000369811}
{"layout": "original", "method": "F8", "phase": "retained", "i": 6, "seconds": 0.24365246699744603, "inner_seconds": 0.15805891399941174}
{"layout": "original", "method": "F8", "phase": "repeat8", "i": 0, "seconds": 0.24265760400157887, "inner_seconds": 0.15680477299611084}
{"layout": "original", "method": "F8", "phase": "repeat8", "i": 1, "seconds": 0.24391017900052248, "inner_seconds": 0.1564496969949687}
{"layout": "original", "method": "F8", "phase": "repeat8", "i": 2, "seconds": 0.24597090899624163, "inner_seconds": 0.16131338899867842}
{"layout": "original", "method": "F8", "phase": "repeat8", "i": 3, "seconds": 0.24160706200200366, "inner_seconds": 0.15631068700167816}
{"layout": "original", "method": "F8", "phase": "repeat8", "i": 4, "seconds": 0.2424314419986331, "inner_seconds": 0.15657530800672248}
{"layout": "original", "method": "F8", "phase": "repeat8", "i": 5, "seconds": 0.2426258549967315, "inner_seconds": 0.15729224600363523}
{"layout": "original", "method": "F8", "phase": "repeat8", "i": 6, "seconds": 0.2419394500029739, "inner_seconds": 0.15654113699565642}
{"layout": "original", "method": "F8", "phase": "repeat8", "i": 7, "seconds": 0.24203301599482074, "inner_seconds": 0.15671750999899814}
{"layout": "original", "method": "F16", "phase": "repeat8", "i": 0, "seconds": 0.24621520700020483, "inner_seconds": 0.1608900889987126}
{"layout": "original", "method": "F16", "phase": "repeat8", "i": 1, "seconds": 0.24430517900327686, "inner_seconds": 0.1587943060003454}
{"layout": "original", "method": "F16", "phase": "repeat8", "i": 2, "seconds": 0.2441066539977328, "inner_seconds": 0.15893650000361959}
{"layout": "original", "method": "F16", "phase": "repeat8", "i": 3, "seconds": 0.244729409001593, "inner_seconds": 0.15962601399951382}
{"layout": "original", "method": "F16", "phase": "repeat8", "i": 4, "seconds": 0.24554773599811597, "inner_seconds": 0.1600416050059721}
{"layout": "original", "method": "F16", "phase": "repeat8", "i": 5, "seconds": 0.2443331489994307, "inner_seconds": 0.15958890799811343}
{"layout": "original", "method": "F16", "phase": "repeat8", "i": 6, "seconds": 0.24478823100071168, "inner_seconds": 0.1594713619997492}
{"layout": "original", "method": "F16", "phase": "repeat8", "i": 7, "seconds": 0.24526160799723584, "inner_seconds": 0.16059801000665175}
{"layout": "clustered", "method": "F8", "phase": "repeat8", "i": 0, "seconds": 0.243759229000716, "inner_seconds": 0.15971317900402937}
{"layout": "clustered", "method": "F8", "phase": "repeat8", "i": 1, "seconds": 0.24287893899600022, "inner_seconds": 0.15906805200211238}
{"layout": "clustered", "method": "F8", "phase": "repeat8", "i": 2, "seconds": 0.24167918199964333, "inner_seconds": 0.15692132300318917}
{"layout": "clustered", "method": "F8", "phase": "repeat8", "i": 3, "seconds": 0.24583117900328944, "inner_seconds": 0.16025810199789703}
{"layout": "clustered", "method": "F8", "phase": "repeat8", "i": 4, "seconds": 0.2437495129997842, "inner_seconds": 0.1588388029995258}
{"layout": "clustered", "method": "F8", "phase": "repeat8", "i": 5, "seconds": 0.2446056709959521, "inner_seconds": 0.16004015300131869}
{"layout": "clustered", "method": "F8", "phase": "repeat8", "i": 6, "seconds": 0.24418265599524602, "inner_seconds": 0.16011818099650554}
{"layout": "clustered", "method": "F8", "phase": "repeat8", "i": 7, "seconds": 0.24448932099767262, "inner_seconds": 0.16017385300074238}
{"layout": "clustered", "method": "F16", "phase": "repeat8", "i": 0, "seconds": 0.2473349470019457, "inner_seconds": 0.16154508600448025}
{"layout": "clustered", "method": "F16", "phase": "repeat8", "i": 1, "seconds": 0.24645563900412526, "inner_seconds": 0.16192484999919543}
{"layout": "clustered", "method": "F16", "phase": "repeat8", "i": 2, "seconds": 0.24751790500158677, "inner_seconds": 0.1627203690004535}
{"layout": "clustered", "method": "F16", "phase": "repeat8", "i": 3, "seconds": 0.24658130800526123, "inner_seconds": 0.16205155000352534}
{"layout": "clustered", "method": "F16", "phase": "repeat8", "i": 4, "seconds": 0.24644320199877257, "inner_seconds": 0.16111904100398533}
{"layout": "clustered", "method": "F16", "phase": "repeat8", "i": 5, "seconds": 0.2460229549978976, "inner_seconds": 0.16156661399872974}
{"layout": "clustered", "method": "F16", "phase": "repeat8", "i": 6, "seconds": 0.2501593680062797, "inner_seconds": 0.1643928900011815}
{"layout": "clustered", "method": "F16", "phase": "repeat8", "i": 7, "seconds": 0.25115212200034875, "inner_seconds": 0.16661513000144623}
{"layout": "interleaved", "method": "F8", "phase": "repeat8", "i": 0, "seconds": 0.24578549199941335, "inner_seconds": 0.16067936699982965}
{"layout": "interleaved", "method": "F8", "phase": "repeat8", "i": 1, "seconds": 0.25910449599905405, "inner_seconds": 0.15950869899825193}
{"layout": "interleaved", "method": "F8", "phase": "repeat8", "i": 2, "seconds": 0.29953017699881457, "inner_seconds": 0.19393002099968726}
{"layout": "interleaved", "method": "F8", "phase": "repeat8", "i": 3, "seconds": 0.26686108599824365, "inner_seconds": 0.18286674599949038}
{"layout": "interleaved", "method": "F8", "phase": "repeat8", "i": 4, "seconds": 0.2861002669960726, "inner_seconds": 0.18132223499560496}
{"layout": "interleaved", "method": "F8", "phase": "repeat8", "i": 5, "seconds": 0.2968790080049075, "inner_seconds": 0.19201340799918398}
{"layout": "interleaved", "method": "F8", "phase": "repeat8", "i": 6, "seconds": 0.24611327000457095, "inner_seconds": 0.16061167000589194}
{"layout": "interleaved", "method": "F8", "phase": "repeat8", "i": 7, "seconds": 0.2452075210021576, "inner_seconds": 0.16060498399747303}
{"layout": "interleaved", "method": "F16", "phase": "repeat8", "i": 0, "seconds": 0.24860305699985474, "inner_seconds": 0.16400739700475242}
{"layout": "interleaved", "method": "F16", "phase": "repeat8", "i": 1, "seconds": 0.249322456002119, "inner_seconds": 0.1641186779961572}
{"layout": "interleaved", "method": "F16", "phase": "repeat8", "i": 2, "seconds": 0.24730455300596077, "inner_seconds": 0.16285013900051126}
{"layout": "interleaved", "method": "F16", "phase": "repeat8", "i": 3, "seconds": 0.24755161999928532, "inner_seconds": 0.16334602500137407}
{"layout": "interleaved", "method": "F16", "phase": "repeat8", "i": 4, "seconds": 0.24828773600165732, "inner_seconds": 0.163024242996471}
{"layout": "interleaved", "method": "F16", "phase": "repeat8", "i": 5, "seconds": 0.24801351700443774, "inner_seconds": 0.16362730500259204}
{"layout": "interleaved", "method": "F16", "phase": "repeat8", "i": 6, "seconds": 0.24721948400110705, "inner_seconds": 0.16270916599751217}
{"layout": "interleaved", "method": "F16", "phase": "repeat8", "i": 7, "seconds": 0.24890353999944637, "inner_seconds": 0.1641833229950862}
{"index": 3, "pass": true, "calls": 102}
