COMMAND ["@TENSORJOIN_ROOT@/isaacsim6/env/bin/python", "-u", "src/runner.py", "--index", "4"]
{"layout": "original", "method": "F8", "phase": "warmup", "i": 0, "seconds": 0.2804359880028642, "inner_seconds": 0.1926607060013339}
{"layout": "original", "method": "F8", "phase": "warmup", "i": 1, "seconds": 0.2472203069992247, "inner_seconds": 0.16182893099903595}
{"layout": "original", "method": "F8", "phase": "retained", "i": 0, "seconds": 0.24158729900227627, "inner_seconds": 0.15626382500340696}
{"layout": "original", "method": "F8", "phase": "retained", "i": 1, "seconds": 0.24215978799475124, "inner_seconds": 0.1575009649968706}
{"layout": "original", "method": "F8", "phase": "retained", "i": 2, "seconds": 0.24475498700485332, "inner_seconds": 0.1575490860050195}
{"layout": "original", "method": "F8", "phase": "retained", "i": 3, "seconds": 0.24046574900421547, "inner_seconds": 0.15571685799659463}
{"layout": "original", "method": "F8", "phase": "retained", "i": 4, "seconds": 0.23955992300034268, "inner_seconds": 0.1551212759950431}
{"layout": "original", "method": "F8", "phase": "retained", "i": 5, "seconds": 0.24007037800038233, "inner_seconds": 0.15536896699632052}
{"layout": "original", "method": "F8", "phase": "retained", "i": 6, "seconds": 0.24094103399693267, "inner_seconds": 0.1558107029995881}
{"layout": "original", "method": "F16", "phase": "warmup", "i": 0, "seconds": 0.6753049769977224, "inner_seconds": 0.5906429149981705}
{"layout": "original", "method": "F16", "phase": "warmup", "i": 1, "seconds": 0.24725598200166132, "inner_seconds": 0.16230486299900804}
{"layout": "original", "method": "F16", "phase": "retained", "i": 0, "seconds": 0.24471448399708606, "inner_seconds": 0.1601836469999398}
{"layout": "original", "method": "F16", "phase": "retained", "i": 1, "seconds": 0.24310523200256284, "inner_seconds": 0.1585261470027035}
{"layout": "original", "method": "F16", "phase": "retained", "i": 2, "seconds": 0.24348706899763783, "inner_seconds": 0.15871718599373708}
{"layout": "original", "method": "F16", "phase": "retained", "i": 3, "seconds": 0.24414014899957692, "inner_seconds": 0.15958206499635708}
{"layout": "original", "method": "F16", "phase": "retained", "i": 4, "seconds": 0.24900111799797742, "inner_seconds": 0.16390578699792968}
{"layout": "original", "method": "F16", "phase": "retained", "i": 5, "seconds": 0.24517537799692946, "inner_seconds": 0.1606113119996735}
{"layout": "original", "method": "F16", "phase": "retained", "i": 6, "seconds": 0.24391611999453744, "inner_seconds": 0.15898478100280045}
{"layout": "interleaved", "method": "F8", "phase": "warmup", "i": 0, "seconds": 0.24482889300270472, "inner_seconds": 0.15952833600022132}
{"layout": "interleaved", "method": "F8", "phase": "warmup", "i": 1, "seconds": 0.24505253000097582, "inner_seconds": 0.15835099900141358}
{"layout": "interleaved", "method": "F8", "phase": "retained", "i": 0, "seconds": 0.24631940099789063, "inner_seconds": 0.1611498079946614}
{"layout": "interleaved", "method": "F8", "phase": "retained", "i": 1, "seconds": 0.24722702599683544, "inner_seconds": 0.16126773400173988}
{"layout": "interleaved", "method": "F8", "phase": "retained", "i": 2, "seconds": 0.24620521099859616, "inner_seconds": 0.16102597500139382}
{"layout": "interleaved", "method": "F8", "phase": "retained", "i": 3, "seconds": 0.24695690200314857, "inner_seconds": 0.1617384490018594}
{"layout": "interleaved", "method": "F8", "phase": "retained", "i": 4, "seconds": 0.24627043400687398, "inner_seconds": 0.16084868599864421}
{"layout": "interleaved", "method": "F8", "phase": "retained", "i": 5, "seconds": 0.24893179700302426, "inner_seconds": 0.1633258450019639}
{"layout": "interleaved", "method": "F8", "phase": "retained", "i": 6, "seconds": 0.2493243569988408, "inner_seconds": 0.16426143400167348}
{"layout": "interleaved", "method": "F16", "phase": "warmup", "i": 0, "seconds": 0.24933569400309352, "inner_seconds": 0.16407374999835156}
{"layout": "interleaved", "method": "F16", "phase": "warmup", "i": 1, "seconds": 0.24955145599960815, "inner_seconds": 0.16377182999713114}
{"layout": "interleaved", "method": "F16", "phase": "retained", "i": 0, "seconds": 0.24942169100540923, "inner_seconds": 0.1640310440052417}
{"layout": "interleaved", "method": "F16", "phase": "retained", "i": 1, "seconds": 0.2491091999982018, "inner_seconds": 0.16399118199478835}
{"layout": "interleaved", "method": "F16", "phase": "retained", "i": 2, "seconds": 0.2506258549983613, "inner_seconds": 0.16526644500117982}
{"layout": "interleaved", "method": "F16", "phase": "retained", "i": 3, "seconds": 0.24890770499769133, "inner_seconds": 0.1638423319964204}
{"layout": "interleaved", "method": "F16", "phase": "retained", "i": 4, "seconds": 0.24934064200351713, "inner_seconds": 0.16400124299980234}
{"layout": "interleaved", "method": "F16", "phase": "retained", "i": 5, "seconds": 0.24891976000071736, "inner_seconds": 0.16379934900032822}
{"layout": "interleaved", "method": "F16", "phase": "retained", "i": 6, "seconds": 0.2493275199958589, "inner_seconds": 0.16415835600491846}
{"layout": "clustered", "method": "F8", "phase": "warmup", "i": 0, "seconds": 0.24576477200025693, "inner_seconds": 0.16044938399863895}
{"layout": "clustered", "method": "F8", "phase": "warmup", "i": 1, "seconds": 0.24452084500080673, "inner_seconds": 0.15935095000168076}
{"layout": "clustered", "method": "F8", "phase": "retained", "i": 0, "seconds": 0.24277396999968914, "inner_seconds": 0.15800104499794543}
{"layout": "clustered", "method": "F8", "phase": "retained", "i": 1, "seconds": 0.24299013199924957, "inner_seconds": 0.15814014499483164}
{"layout": "clustered", "method": "F8", "phase": "retained", "i": 2, "seconds": 0.2428199370042421, "inner_seconds": 0.1579185980008333}
{"layout": "clustered", "method": "F8", "phase": "retained", "i": 3, "seconds": 0.24309618999541271, "inner_seconds": 0.15826099600235466}
{"layout": "clustered", "method": "F8", "phase": "retained", "i": 4, "seconds": 0.24314432500250405, "inner_seconds": 0.15812141600326868}
{"layout": "clustered", "method": "F8", "phase": "retained", "i": 5, "seconds": 0.24329467400093563, "inner_seconds": 0.15857869799947366}
{"layout": "clustered", "method": "F8", "phase": "retained", "i": 6, "seconds": 0.24681065200275043, "inner_seconds": 0.16151890600303886}
{"layout": "clustered", "method": "F16", "phase": "warmup", "i": 0, "seconds": 0.2483076770004118, "inner_seconds": 0.16290046100039035}
{"layout": "clustered", "method": "F16", "phase": "warmup", "i": 1, "seconds": 0.24681330200110096, "inner_seconds": 0.16184643599990522}
{"layout": "clustered", "method": "F16", "phase": "retained", "i": 0, "seconds": 0.24814458200125955, "inner_seconds": 0.1628351230028784}
{"layout": "clustered", "method": "F16", "phase": "retained", "i": 1, "seconds": 0.24694501899648458, "inner_seconds": 0.16196115699858638}
{"layout": "clustered", "method": "F16", "phase": "retained", "i": 2, "seconds": 0.2480591550047393, "inner_seconds": 0.16295168199576437}
{"layout": "clustered", "method": "F16", "phase": "retained", "i": 3, "seconds": 0.24848329400265357, "inner_seconds": 0.16336425299959956}
{"layout": "clustered", "method": "F16", "phase": "retained", "i": 4, "seconds": 0.24682040799962124, "inner_seconds": 0.1615748740005074}
{"layout": "clustered", "method": "F16", "phase": "retained", "i": 5, "seconds": 0.24614203199598705, "inner_seconds": 0.16139777899661567}
{"layout": "clustered", "method": "F16", "phase": "retained", "i": 6, "seconds": 0.24583372199413134, "inner_seconds": 0.16097168299893383}
{"layout": "clustered", "method": "F16", "phase": "repeat8", "i": 0, "seconds": 0.24591062200488523, "inner_seconds": 0.16096730299614137}
{"layout": "clustered", "method": "F16", "phase": "repeat8", "i": 1, "seconds": 0.24785011499625398, "inner_seconds": 0.16270923200499965}
{"layout": "clustered", "method": "F16", "phase": "repeat8", "i": 2, "seconds": 0.24712948300293647, "inner_seconds": 0.16213428400078556}
{"layout": "clustered", "method": "F16", "phase": "repeat8", "i": 3, "seconds": 0.24728353699902073, "inner_seconds": 0.1621402900054818}
{"layout": "clustered", "method": "F16", "phase": "repeat8", "i": 4, "seconds": 0.24548926100396784, "inner_seconds": 0.1607039340015035}
{"layout": "clustered", "method": "F16", "phase": "repeat8", "i": 5, "seconds": 0.24635255100292852, "inner_seconds": 0.16131660500104772}
{"layout": "clustered", "method": "F16", "phase": "repeat8", "i": 6, "seconds": 0.24519818399858195, "inner_seconds": 0.16043402300419984}
{"layout": "clustered", "method": "F16", "phase": "repeat8", "i": 7, "seconds": 0.2458252159995027, "inner_seconds": 0.16073336700355867}
{"layout": "clustered", "method": "F8", "phase": "repeat8", "i": 0, "seconds": 0.24475969099876238, "inner_seconds": 0.15977479399589356}
{"layout": "clustered", "method": "F8", "phase": "repeat8", "i": 1, "seconds": 0.24482567700033542, "inner_seconds": 0.15952099899732275}
{"layout": "clustered", "method": "F8", "phase": "repeat8", "i": 2, "seconds": 0.24503114700200967, "inner_seconds": 0.15991887400014093}
{"layout": "clustered", "method": "F8", "phase": "repeat8", "i": 3, "seconds": 0.24453236300178105, "inner_seconds": 0.15940871900238562}
{"layout": "clustered", "method": "F8", "phase": "repeat8", "i": 4, "seconds": 0.24469041699921945, "inner_seconds": 0.15944482700433582}
{"layout": "clustered", "method": "F8", "phase": "repeat8", "i": 5, "seconds": 0.24438278199522756, "inner_seconds": 0.15931654500309378}
{"layout": "clustered", "method": "F8", "phase": "repeat8", "i": 6, "seconds": 0.2443669550048071, "inner_seconds": 0.15918415499618277}
{"layout": "clustered", "method": "F8", "phase": "repeat8", "i": 7, "seconds": 0.24798123499931535, "inner_seconds": 0.16239106700231787}
{"layout": "interleaved", "method": "F16", "phase": "repeat8", "i": 0, "seconds": 0.24926144600613043, "inner_seconds": 0.1640622590057319}
{"layout": "interleaved", "method": "F16", "phase": "repeat8", "i": 1, "seconds": 0.24958471699937945, "inner_seconds": 0.1643187330046203}
{"layout": "interleaved", "method": "F16", "phase": "repeat8", "i": 2, "seconds": 0.24986616800015327, "inner_seconds": 0.16480831999797374}
{"layout": "interleaved", "method": "F16", "phase": "repeat8", "i": 3, "seconds": 0.24956380300136516, "inner_seconds": 0.16424683300283505}
{"layout": "interleaved", "method": "F16", "phase": "repeat8", "i": 4, "seconds": 0.24917278200155124, "inner_seconds": 0.16400873199745547}
{"layout": "interleaved", "method": "F16", "phase": "repeat8", "i": 5, "seconds": 0.25003114200080745, "inner_seconds": 0.1642564800058608}
{"layout": "interleaved", "method": "F16", "phase": "repeat8", "i": 6, "seconds": 0.24936449899541913, "inner_seconds": 0.1644148990017129}
{"layout": "interleaved", "method": "F16", "phase": "repeat8", "i": 7, "seconds": 0.24960633499722462, "inner_seconds": 0.16409055599797284}
{"layout": "interleaved", "method": "F8", "phase": "repeat8", "i": 0, "seconds": 0.24732172900257865, "inner_seconds": 0.16225161899637897}
{"layout": "interleaved", "method": "F8", "phase": "repeat8", "i": 1, "seconds": 0.2470545860051061, "inner_seconds": 0.16166746000089915}
{"layout": "interleaved", "method": "F8", "phase": "repeat8", "i": 2, "seconds": 0.24654696299694479, "inner_seconds": 0.1613479199950234}
{"layout": "interleaved", "method": "F8", "phase": "repeat8", "i": 3, "seconds": 0.2465737650054507, "inner_seconds": 0.1611460510030156}
{"layout": "interleaved", "method": "F8", "phase": "repeat8", "i": 4, "seconds": 0.24626902700401843, "inner_seconds": 0.16106670499721076}
{"layout": "interleaved", "method": "F8", "phase": "repeat8", "i": 5, "seconds": 0.24664323599427007, "inner_seconds": 0.16139445199951297}
{"layout": "interleaved", "method": "F8", "phase": "repeat8", "i": 6, "seconds": 0.24601348100259202, "inner_seconds": 0.16097941000043647}
{"layout": "interleaved", "method": "F8", "phase": "repeat8", "i": 7, "seconds": 0.24643393499718513, "inner_seconds": 0.16119573499599937}
{"layout": "original", "method": "F16", "phase": "repeat8", "i": 0, "seconds": 0.2461874180007726, "inner_seconds": 0.16113095000036992}
{"layout": "original", "method": "F16", "phase": "repeat8", "i": 1, "seconds": 0.24410505400010152, "inner_seconds": 0.1582244110031752}
{"layout": "original", "method": "F16", "phase": "repeat8", "i": 2, "seconds": 0.2431926069984911, "inner_seconds": 0.1575885259953793}
{"layout": "original", "method": "F16", "phase": "repeat8", "i": 3, "seconds": 0.24266803199861897, "inner_seconds": 0.1585823409986915}
{"layout": "original", "method": "F16", "phase": "repeat8", "i": 4, "seconds": 0.24184869999589864, "inner_seconds": 0.15810051299922634}
{"layout": "original", "method": "F16", "phase": "repeat8", "i": 5, "seconds": 0.2424805810005637, "inner_seconds": 0.1583606569984113}
{"layout": "original", "method": "F16", "phase": "repeat8", "i": 6, "seconds": 0.24222377000114648, "inner_seconds": 0.15796751800371567}
{"layout": "original", "method": "F16", "phase": "repeat8", "i": 7, "seconds": 0.24632256400218466, "inner_seconds": 0.16148127099586418}
{"layout": "original", "method": "F8", "phase": "repeat8", "i": 0, "seconds": 0.24253103099908913, "inner_seconds": 0.15808332899905508}
{"layout": "original", "method": "F8", "phase": "repeat8", "i": 1, "seconds": 0.24328837299981387, "inner_seconds": 0.15843716800009133}
{"layout": "original", "method": "F8", "phase": "repeat8", "i": 2, "seconds": 0.24291491199983284, "inner_seconds": 0.15829781400680076}
{"layout": "original", "method": "F8", "phase": "repeat8", "i": 3, "seconds": 0.24310749199503334, "inner_seconds": 0.15813884099770803}
{"layout": "original", "method": "F8", "phase": "repeat8", "i": 4, "seconds": 0.24332253399916226, "inner_seconds": 0.1582398460013792}
{"layout": "original", "method": "F8", "phase": "repeat8", "i": 5, "seconds": 0.24249623099603923, "inner_seconds": 0.15793961800227407}
{"layout": "original", "method": "F8", "phase": "repeat8", "i": 6, "seconds": 0.24288030000025174, "inner_seconds": 0.15792973000498023}
{"layout": "original", "method": "F8", "phase": "repeat8", "i": 7, "seconds": 0.2433823579995078, "inner_seconds": 0.15816533099859953}
{"index": 4, "pass": true, "calls": 102}
