COMMAND ["@TENSORJOIN_ROOT@/isaacsim6/env/bin/python", "src/validate_control_r1.py", "--label", "gpu0_fixture_a1", "--mode", "fixture"]
{"offset": [0, 0], "shape": [512, 512], "pairs": 131328, "count": 796, "hash": "84ecb31e8aa86ea6b33fc79033523c7b0b4daf7a7c7aaeb2053219a057c08fba", "direct": 754, "ambiguous": 43, "reject": 130531, "fp64_inputs": 40, "exact_output": true, "pass": true}
Traceback (most recent call last):
  File "@TENSORJOIN_ROOT@/tensorjoin_20260902_certified_exact_join/fp16_gpu_control_20260907/src/validate_control_r1.py", line 116, in main
    for i in range(2):r['compiled']=one_dataset(o,x,[(0,0,512,512)],a.label+f'_churn{i}',r,hold)
                                    ^^^^^^^^^^^^^^^^^^^^^^^^^^^^^^^^^^^^^^^^^^^^^^^^^^^^^^^^^^^^
  File "@TENSORJOIN_ROOT@/tensorjoin_20260902_certified_exact_join/fp16_gpu_control_20260907/src/validate_control_r1.py", line 103, in one_dataset
    return o.capture()
           ^^^^^^^^^^^
  File "@TENSORJOIN_ROOT@/tensorjoin_20260902_certified_exact_join/fp16_gpu_control_20260907/src/control_r1.py", line 90, in capture
    meta=json.loads(json.dumps(kernel.metadata._asdict()));meta.update(n_regs=kernel.n_regs,n_spills=kernel.n_spills)
                    ^^^^^^^^^^^^^^^^^^^^^^^^^^^^^^^^^^^^^
  File "/usr/lib/python3.12/json/__init__.py", line 231, in dumps
    return _default_encoder.encode(obj)
           ^^^^^^^^^^^^^^^^^^^^^^^^^^^^
  File "/usr/lib/python3.12/json/encoder.py", line 200, in encode
    chunks = self.iterencode(o, _one_shot=True)
             ^^^^^^^^^^^^^^^^^^^^^^^^^^^^^^^^^^
  File "/usr/lib/python3.12/json/encoder.py", line 258, in iterencode
    return _iterencode(o, 0)
           ^^^^^^^^^^^^^^^^^
  File "/usr/lib/python3.12/json/encoder.py", line 180, in default
    raise TypeError(f'Object of type {o.__class__.__name__} '
TypeError: Object of type GPUTarget is not JSON serializable

{"pass": false, "path": "@TENSORJOIN_ROOT@/tensorjoin_20260902_certified_exact_join/fp16_gpu_control_20260907/results/gpu0_fixture_a1.json"}
