COMMAND ["@TENSORJOIN_ROOT@/isaacsim6/env/bin/python", "src/g2_qualify.py", "--label", "g2_full_a0", "--mode", "full"]
Traceback (most recent call last):
  File "@TENSORJOIN_ROOT@/tensorjoin_20260902_certified_exact_join/two_gate_campaign_20260908/src/g2_qualify.py", line 137, in main
    r['compiled']=o.capture()
                  ^^^^^^^^^^^
  File "@TENSORJOIN_ROOT@/tensorjoin_20260902_certified_exact_join/two_gate_campaign_20260908/src/g2_operator.py", line 67, in capture
    if p.exists():assert sha(p)==h,(key,kind)
                         ^^^^^^^^^
AssertionError: ('8_0_0', 'ttgir')

Traceback (most recent call last):
  File "@TENSORJOIN_ROOT@/tensorjoin_20260902_certified_exact_join/two_gate_campaign_20260908/src/g2_qualify.py", line 146, in <module>
    if __name__=='__main__':raise SystemExit(main())
                                             ^^^^^^
  File "@TENSORJOIN_ROOT@/tensorjoin_20260902_certified_exact_join/two_gate_campaign_20260908/src/g2_qualify.py", line 143, in main
    r['compiled']=o.capture();o.close()
                  ^^^^^^^^^^^
  File "@TENSORJOIN_ROOT@/tensorjoin_20260902_certified_exact_join/two_gate_campaign_20260908/src/g2_operator.py", line 67, in capture
    if p.exists():assert sha(p)==h,(key,kind)
                         ^^^^^^^^^
AssertionError: ('8_0_0', 'ttgir')
