COMMAND ["@TENSORJOIN_ROOT@/isaacsim6/env/bin/python", "@TENSORJOIN_ROOT@/tensorjoin_20260902_certified_exact_join/tensorjoin_20260908_output_audit/src/runner.py", "--phase", "confirm", "--index", "0"]
{"cell": "k4", "method": "F8", "output_mode": "legacy", "phase": "warmup", "iteration": 0, "position": 0, "seconds": 0.07972139499906916, "peak_reserved_bytes": 612368384}
{"cell": "k4", "method": "F8", "output_mode": "gpu_radix", "phase": "warmup", "iteration": 0, "position": 1, "seconds": 0.05242042899772059, "peak_reserved_bytes": 635437056}
{"cell": "k4", "method": "F8", "output_mode": "legacy", "phase": "retained", "iteration": 0, "position": 0, "seconds": 0.05779777400312014, "peak_reserved_bytes": 635437056}
{"cell": "k4", "method": "F8", "output_mode": "gpu_radix", "phase": "retained", "iteration": 0, "position": 1, "seconds": 0.047180566994939, "peak_reserved_bytes": 635437056}
{"cell": "k4", "method": "F8", "output_mode": "gpu_radix", "phase": "retained", "iteration": 1, "position": 0, "seconds": 0.046709570990060456, "peak_reserved_bytes": 635437056}
{"cell": "k4", "method": "F8", "output_mode": "legacy", "phase": "retained", "iteration": 1, "position": 1, "seconds": 0.054132788005517796, "peak_reserved_bytes": 635437056}
{"cell": "k4", "method": "F8", "output_mode": "legacy", "phase": "retained", "iteration": 2, "position": 0, "seconds": 0.05362937600875739, "peak_reserved_bytes": 635437056}
{"cell": "k4", "method": "F8", "output_mode": "gpu_radix", "phase": "retained", "iteration": 2, "position": 1, "seconds": 0.04734998699859716, "peak_reserved_bytes": 635437056}
{"cell": "k4", "method": "F8", "output_mode": "gpu_radix", "phase": "retained", "iteration": 3, "position": 0, "seconds": 0.04655072800233029, "peak_reserved_bytes": 635437056}
{"cell": "k4", "method": "F8", "output_mode": "legacy", "phase": "retained", "iteration": 3, "position": 1, "seconds": 0.053893531003268436, "peak_reserved_bytes": 635437056}
{"cell": "k4", "method": "F16", "output_mode": "gpu_radix", "phase": "warmup", "iteration": 0, "position": 0, "seconds": 0.483134797992534, "peak_reserved_bytes": 769654784}
{"cell": "k4", "method": "F16", "output_mode": "legacy", "phase": "warmup", "iteration": 0, "position": 1, "seconds": 0.0593028500006767, "peak_reserved_bytes": 769654784}
{"cell": "k4", "method": "F16", "output_mode": "gpu_radix", "phase": "retained", "iteration": 0, "position": 0, "seconds": 0.05155656400893349, "peak_reserved_bytes": 769654784}
{"cell": "k4", "method": "F16", "output_mode": "legacy", "phase": "retained", "iteration": 0, "position": 1, "seconds": 0.05860340500657912, "peak_reserved_bytes": 769654784}
{"cell": "k4", "method": "F16", "output_mode": "legacy", "phase": "retained", "iteration": 1, "position": 0, "seconds": 0.058234447991708294, "peak_reserved_bytes": 769654784}
{"cell": "k4", "method": "F16", "output_mode": "gpu_radix", "phase": "retained", "iteration": 1, "position": 1, "seconds": 0.05131829199672211, "peak_reserved_bytes": 769654784}
{"cell": "k4", "method": "F16", "output_mode": "gpu_radix", "phase": "retained", "iteration": 2, "position": 0, "seconds": 0.05110187099489849, "peak_reserved_bytes": 769654784}
{"cell": "k4", "method": "F16", "output_mode": "legacy", "phase": "retained", "iteration": 2, "position": 1, "seconds": 0.05827998400491197, "peak_reserved_bytes": 769654784}
{"cell": "k4", "method": "F16", "output_mode": "legacy", "phase": "retained", "iteration": 3, "position": 0, "seconds": 0.05824910900264513, "peak_reserved_bytes": 769654784}
{"cell": "k4", "method": "F16", "output_mode": "gpu_radix", "phase": "retained", "iteration": 3, "position": 1, "seconds": 0.05102752899983898, "peak_reserved_bytes": 769654784}
{"cell": "k4", "method": "F32", "output_mode": "legacy", "phase": "warmup", "iteration": 0, "position": 0, "seconds": 0.2222025249939179, "peak_reserved_bytes": 769654784}
{"cell": "k4", "method": "F32", "output_mode": "gpu_radix", "phase": "warmup", "iteration": 0, "position": 1, "seconds": 0.13093485101126134, "peak_reserved_bytes": 769654784}
{"cell": "k4", "method": "F32", "output_mode": "legacy", "phase": "retained", "iteration": 0, "position": 0, "seconds": 0.13763650199689437, "peak_reserved_bytes": 769654784}
{"cell": "k4", "method": "F32", "output_mode": "gpu_radix", "phase": "retained", "iteration": 0, "position": 1, "seconds": 0.13073356800305191, "peak_reserved_bytes": 769654784}
{"cell": "k4", "method": "F32", "output_mode": "gpu_radix", "phase": "retained", "iteration": 1, "position": 0, "seconds": 0.1300228519976372, "peak_reserved_bytes": 769654784}
{"cell": "k4", "method": "F32", "output_mode": "legacy", "phase": "retained", "iteration": 1, "position": 1, "seconds": 0.13876136500039138, "peak_reserved_bytes": 769654784}
{"cell": "k4", "method": "F32", "output_mode": "legacy", "phase": "retained", "iteration": 2, "position": 0, "seconds": 0.13718204900214914, "peak_reserved_bytes": 769654784}
{"cell": "k4", "method": "F32", "output_mode": "gpu_radix", "phase": "retained", "iteration": 2, "position": 1, "seconds": 0.1294334069971228, "peak_reserved_bytes": 769654784}
{"cell": "k4", "method": "F32", "output_mode": "gpu_radix", "phase": "retained", "iteration": 3, "position": 0, "seconds": 0.1293763269932242, "peak_reserved_bytes": 769654784}
{"cell": "k4", "method": "F32", "output_mode": "legacy", "phase": "retained", "iteration": 3, "position": 1, "seconds": 0.13540995698713232, "peak_reserved_bytes": 769654784}
{"cell": "k16", "method": "F16", "output_mode": "gpu_radix", "phase": "warmup", "iteration": 0, "position": 0, "seconds": 0.059552658000029624, "peak_reserved_bytes": 637534208}
{"cell": "k16", "method": "F16", "output_mode": "legacy", "phase": "warmup", "iteration": 0, "position": 1, "seconds": 0.07760290399892256, "peak_reserved_bytes": 637534208}
{"cell": "k16", "method": "F16", "output_mode": "gpu_radix", "phase": "retained", "iteration": 0, "position": 0, "seconds": 0.05311642099695746, "peak_reserved_bytes": 637534208}
{"cell": "k16", "method": "F16", "output_mode": "legacy", "phase": "retained", "iteration": 0, "position": 1, "seconds": 0.07425916798820253, "peak_reserved_bytes": 637534208}
{"cell": "k16", "method": "F16", "output_mode": "legacy", "phase": "retained", "iteration": 1, "position": 0, "seconds": 0.0742209359887056, "peak_reserved_bytes": 637534208}
{"cell": "k16", "method": "F16", "output_mode": "gpu_radix", "phase": "retained", "iteration": 1, "position": 1, "seconds": 0.05309530900558457, "peak_reserved_bytes": 637534208}
{"cell": "k16", "method": "F16", "output_mode": "gpu_radix", "phase": "retained", "iteration": 2, "position": 0, "seconds": 0.05299693001143169, "peak_reserved_bytes": 637534208}
{"cell": "k16", "method": "F16", "output_mode": "legacy", "phase": "retained", "iteration": 2, "position": 1, "seconds": 0.07394108099106234, "peak_reserved_bytes": 637534208}
{"cell": "k16", "method": "F16", "output_mode": "legacy", "phase": "retained", "iteration": 3, "position": 0, "seconds": 0.07441048200416844, "peak_reserved_bytes": 637534208}
{"cell": "k16", "method": "F16", "output_mode": "gpu_radix", "phase": "retained", "iteration": 3, "position": 1, "seconds": 0.05278314699535258, "peak_reserved_bytes": 637534208}
{"cell": "k16", "method": "F32", "output_mode": "legacy", "phase": "warmup", "iteration": 0, "position": 0, "seconds": 0.1527266939956462, "peak_reserved_bytes": 637534208}
{"cell": "k16", "method": "F32", "output_mode": "gpu_radix", "phase": "warmup", "iteration": 0, "position": 1, "seconds": 0.1307162459997926, "peak_reserved_bytes": 637534208}
{"cell": "k16", "method": "F32", "output_mode": "legacy", "phase": "retained", "iteration": 0, "position": 0, "seconds": 0.1519926309993025, "peak_reserved_bytes": 637534208}
{"cell": "k16", "method": "F32", "output_mode": "gpu_radix", "phase": "retained", "iteration": 0, "position": 1, "seconds": 0.13081604399485514, "peak_reserved_bytes": 637534208}
{"cell": "k16", "method": "F32", "output_mode": "gpu_radix", "phase": "retained", "iteration": 1, "position": 0, "seconds": 0.12930353499541525, "peak_reserved_bytes": 637534208}
{"cell": "k16", "method": "F32", "output_mode": "legacy", "phase": "retained", "iteration": 1, "position": 1, "seconds": 0.15245314300409518, "peak_reserved_bytes": 637534208}
{"cell": "k16", "method": "F32", "output_mode": "legacy", "phase": "retained", "iteration": 2, "position": 0, "seconds": 0.15136122699186672, "peak_reserved_bytes": 637534208}
{"cell": "k16", "method": "F32", "output_mode": "gpu_radix", "phase": "retained", "iteration": 2, "position": 1, "seconds": 0.1302897380082868, "peak_reserved_bytes": 637534208}
{"cell": "k16", "method": "F32", "output_mode": "gpu_radix", "phase": "retained", "iteration": 3, "position": 0, "seconds": 0.1301316539902473, "peak_reserved_bytes": 637534208}
{"cell": "k16", "method": "F32", "output_mode": "legacy", "phase": "retained", "iteration": 3, "position": 1, "seconds": 0.15008987100736704, "peak_reserved_bytes": 637534208}
{"cell": "k16", "method": "F8", "output_mode": "gpu_radix", "phase": "warmup", "iteration": 0, "position": 0, "seconds": 0.048235224006930366, "peak_reserved_bytes": 637534208}
{"cell": "k16", "method": "F8", "output_mode": "legacy", "phase": "warmup", "iteration": 0, "position": 1, "seconds": 0.06917077201069333, "peak_reserved_bytes": 637534208}
{"cell": "k16", "method": "F8", "output_mode": "gpu_radix", "phase": "retained", "iteration": 0, "position": 0, "seconds": 0.048259707997203805, "peak_reserved_bytes": 637534208}
{"cell": "k16", "method": "F8", "output_mode": "legacy", "phase": "retained", "iteration": 0, "position": 1, "seconds": 0.06920446900767274, "peak_reserved_bytes": 637534208}
{"cell": "k16", "method": "F8", "output_mode": "legacy", "phase": "retained", "iteration": 1, "position": 0, "seconds": 0.06927793400245719, "peak_reserved_bytes": 637534208}
{"cell": "k16", "method": "F8", "output_mode": "gpu_radix", "phase": "retained", "iteration": 1, "position": 1, "seconds": 0.048118300997884944, "peak_reserved_bytes": 637534208}
{"cell": "k16", "method": "F8", "output_mode": "gpu_radix", "phase": "retained", "iteration": 2, "position": 0, "seconds": 0.04778451799938921, "peak_reserved_bytes": 637534208}
{"cell": "k16", "method": "F8", "output_mode": "legacy", "phase": "retained", "iteration": 2, "position": 1, "seconds": 0.06915343100263271, "peak_reserved_bytes": 637534208}
{"cell": "k16", "method": "F8", "output_mode": "legacy", "phase": "retained", "iteration": 3, "position": 0, "seconds": 0.06950275099370629, "peak_reserved_bytes": 637534208}
{"cell": "k16", "method": "F8", "output_mode": "gpu_radix", "phase": "retained", "iteration": 3, "position": 1, "seconds": 0.04794815399509389, "peak_reserved_bytes": 637534208}
{"cell": "k64", "method": "F32", "output_mode": "legacy", "phase": "warmup", "iteration": 0, "position": 0, "seconds": 0.23243187299522106, "peak_reserved_bytes": 482344960}
{"cell": "k64", "method": "F32", "output_mode": "gpu_radix", "phase": "warmup", "iteration": 0, "position": 1, "seconds": 0.15489298300235532, "peak_reserved_bytes": 612368384}
{"cell": "k64", "method": "F32", "output_mode": "legacy", "phase": "retained", "iteration": 0, "position": 0, "seconds": 0.2365583110076841, "peak_reserved_bytes": 612368384}
{"cell": "k64", "method": "F32", "output_mode": "gpu_radix", "phase": "retained", "iteration": 0, "position": 1, "seconds": 0.1482381470123073, "peak_reserved_bytes": 612368384}
{"cell": "k64", "method": "F32", "output_mode": "gpu_radix", "phase": "retained", "iteration": 1, "position": 0, "seconds": 0.14740662000258453, "peak_reserved_bytes": 612368384}
{"cell": "k64", "method": "F32", "output_mode": "legacy", "phase": "retained", "iteration": 1, "position": 1, "seconds": 0.23652273099287413, "peak_reserved_bytes": 612368384}
{"cell": "k64", "method": "F32", "output_mode": "legacy", "phase": "retained", "iteration": 2, "position": 0, "seconds": 0.23992656699556392, "peak_reserved_bytes": 612368384}
{"cell": "k64", "method": "F32", "output_mode": "gpu_radix", "phase": "retained", "iteration": 2, "position": 1, "seconds": 0.14833146100863814, "peak_reserved_bytes": 612368384}
{"cell": "k64", "method": "F32", "output_mode": "gpu_radix", "phase": "retained", "iteration": 3, "position": 0, "seconds": 0.14929595300054643, "peak_reserved_bytes": 612368384}
{"cell": "k64", "method": "F32", "output_mode": "legacy", "phase": "retained", "iteration": 3, "position": 1, "seconds": 0.23412235999421682, "peak_reserved_bytes": 612368384}
{"cell": "k64", "method": "F8", "output_mode": "gpu_radix", "phase": "warmup", "iteration": 0, "position": 0, "seconds": 0.07168837399512995, "peak_reserved_bytes": 746586112}
{"cell": "k64", "method": "F8", "output_mode": "legacy", "phase": "warmup", "iteration": 0, "position": 1, "seconds": 0.15683742999681272, "peak_reserved_bytes": 746586112}
{"cell": "k64", "method": "F8", "output_mode": "gpu_radix", "phase": "retained", "iteration": 0, "position": 0, "seconds": 0.06990238701109774, "peak_reserved_bytes": 746586112}
{"cell": "k64", "method": "F8", "output_mode": "legacy", "phase": "retained", "iteration": 0, "position": 1, "seconds": 0.15722265299700666, "peak_reserved_bytes": 746586112}
{"cell": "k64", "method": "F8", "output_mode": "legacy", "phase": "retained", "iteration": 1, "position": 0, "seconds": 0.15710012400813866, "peak_reserved_bytes": 746586112}
{"cell": "k64", "method": "F8", "output_mode": "gpu_radix", "phase": "retained", "iteration": 1, "position": 1, "seconds": 0.06930171900603455, "peak_reserved_bytes": 746586112}
{"cell": "k64", "method": "F8", "output_mode": "gpu_radix", "phase": "retained", "iteration": 2, "position": 0, "seconds": 0.069113927995204, "peak_reserved_bytes": 746586112}
{"cell": "k64", "method": "F8", "output_mode": "legacy", "phase": "retained", "iteration": 2, "position": 1, "seconds": 0.15728049899917096, "peak_reserved_bytes": 746586112}
{"cell": "k64", "method": "F8", "output_mode": "legacy", "phase": "retained", "iteration": 3, "position": 0, "seconds": 0.15691615200194065, "peak_reserved_bytes": 746586112}
{"cell": "k64", "method": "F8", "output_mode": "gpu_radix", "phase": "retained", "iteration": 3, "position": 1, "seconds": 0.06926791499427054, "peak_reserved_bytes": 746586112}
{"cell": "k64", "method": "F16", "output_mode": "legacy", "phase": "warmup", "iteration": 0, "position": 0, "seconds": 0.162756662000902, "peak_reserved_bytes": 746586112}
{"cell": "k64", "method": "F16", "output_mode": "gpu_radix", "phase": "warmup", "iteration": 0, "position": 1, "seconds": 0.07053306799207348, "peak_reserved_bytes": 746586112}
{"cell": "k64", "method": "F16", "output_mode": "legacy", "phase": "retained", "iteration": 0, "position": 0, "seconds": 0.15928433499357197, "peak_reserved_bytes": 746586112}
{"cell": "k64", "method": "F16", "output_mode": "gpu_radix", "phase": "retained", "iteration": 0, "position": 1, "seconds": 0.07078135399206076, "peak_reserved_bytes": 746586112}
{"cell": "k64", "method": "F16", "output_mode": "gpu_radix", "phase": "retained", "iteration": 1, "position": 0, "seconds": 0.0708005459891865, "peak_reserved_bytes": 746586112}
{"cell": "k64", "method": "F16", "output_mode": "legacy", "phase": "retained", "iteration": 1, "position": 1, "seconds": 0.1591122100071516, "peak_reserved_bytes": 746586112}
{"cell": "k64", "method": "F16", "output_mode": "legacy", "phase": "retained", "iteration": 2, "position": 0, "seconds": 0.1589409180014627, "peak_reserved_bytes": 746586112}
{"cell": "k64", "method": "F16", "output_mode": "gpu_radix", "phase": "retained", "iteration": 2, "position": 1, "seconds": 0.07115164800779894, "peak_reserved_bytes": 746586112}
{"cell": "k64", "method": "F16", "output_mode": "gpu_radix", "phase": "retained", "iteration": 3, "position": 0, "seconds": 0.07231370800582226, "peak_reserved_bytes": 746586112}
{"cell": "k64", "method": "F16", "output_mode": "legacy", "phase": "retained", "iteration": 3, "position": 1, "seconds": 0.1589523169968743, "peak_reserved_bytes": 746586112}
{"cell": "original", "method": "F8", "output_mode": "gpu_radix", "phase": "warmup", "iteration": 0, "position": 0, "seconds": 0.07515805499861017, "peak_reserved_bytes": 746586112}
{"cell": "original", "method": "F8", "output_mode": "legacy", "phase": "warmup", "iteration": 0, "position": 1, "seconds": 0.15738393198989797, "peak_reserved_bytes": 746586112}
{"cell": "original", "method": "F8", "output_mode": "gpu_radix", "phase": "retained", "iteration": 0, "position": 0, "seconds": 0.06921258599322755, "peak_reserved_bytes": 746586112}
{"cell": "original", "method": "F8", "output_mode": "legacy", "phase": "retained", "iteration": 0, "position": 1, "seconds": 0.15843779299757443, "peak_reserved_bytes": 746586112}
{"cell": "original", "method": "F8", "output_mode": "legacy", "phase": "retained", "iteration": 1, "position": 0, "seconds": 0.1596402559953276, "peak_reserved_bytes": 746586112}
{"cell": "original", "method": "F8", "output_mode": "gpu_radix", "phase": "retained", "iteration": 1, "position": 1, "seconds": 0.06904453400056809, "peak_reserved_bytes": 746586112}
{"cell": "original", "method": "F8", "output_mode": "gpu_radix", "phase": "retained", "iteration": 2, "position": 0, "seconds": 0.06834282899217214, "peak_reserved_bytes": 746586112}
{"cell": "original", "method": "F8", "output_mode": "legacy", "phase": "retained", "iteration": 2, "position": 1, "seconds": 0.159077588992659, "peak_reserved_bytes": 746586112}
{"cell": "original", "method": "F8", "output_mode": "legacy", "phase": "retained", "iteration": 3, "position": 0, "seconds": 0.15901416500855703, "peak_reserved_bytes": 746586112}
{"cell": "original", "method": "F8", "output_mode": "gpu_radix", "phase": "retained", "iteration": 3, "position": 1, "seconds": 0.06896104098996148, "peak_reserved_bytes": 746586112}
{"cell": "original", "method": "F16", "output_mode": "legacy", "phase": "warmup", "iteration": 0, "position": 0, "seconds": 0.1644113619986456, "peak_reserved_bytes": 880803840}
{"cell": "original", "method": "F16", "output_mode": "gpu_radix", "phase": "warmup", "iteration": 0, "position": 1, "seconds": 0.07124858199676964, "peak_reserved_bytes": 880803840}
{"cell": "original", "method": "F16", "output_mode": "legacy", "phase": "retained", "iteration": 0, "position": 0, "seconds": 0.16122333401290234, "peak_reserved_bytes": 880803840}
{"cell": "original", "method": "F16", "output_mode": "gpu_radix", "phase": "retained", "iteration": 0, "position": 1, "seconds": 0.07143519999226555, "peak_reserved_bytes": 880803840}
{"cell": "original", "method": "F16", "output_mode": "gpu_radix", "phase": "retained", "iteration": 1, "position": 0, "seconds": 0.071254772003158, "peak_reserved_bytes": 880803840}
{"cell": "original", "method": "F16", "output_mode": "legacy", "phase": "retained", "iteration": 1, "position": 1, "seconds": 0.16088052799750585, "peak_reserved_bytes": 880803840}
{"cell": "original", "method": "F16", "output_mode": "legacy", "phase": "retained", "iteration": 2, "position": 0, "seconds": 0.1615091109997593, "peak_reserved_bytes": 880803840}
{"cell": "original", "method": "F16", "output_mode": "gpu_radix", "phase": "retained", "iteration": 2, "position": 1, "seconds": 0.07155015900207218, "peak_reserved_bytes": 880803840}
{"cell": "original", "method": "F16", "output_mode": "gpu_radix", "phase": "retained", "iteration": 3, "position": 0, "seconds": 0.0708146620017942, "peak_reserved_bytes": 880803840}
{"cell": "original", "method": "F16", "output_mode": "legacy", "phase": "retained", "iteration": 3, "position": 1, "seconds": 0.16079587599961087, "peak_reserved_bytes": 880803840}
{"cell": "original", "method": "F32", "output_mode": "gpu_radix", "phase": "warmup", "iteration": 0, "position": 0, "seconds": 0.15030844500870444, "peak_reserved_bytes": 880803840}
{"cell": "original", "method": "F32", "output_mode": "legacy", "phase": "warmup", "iteration": 0, "position": 1, "seconds": 0.23825733100238722, "peak_reserved_bytes": 880803840}
{"cell": "original", "method": "F32", "output_mode": "gpu_radix", "phase": "retained", "iteration": 0, "position": 0, "seconds": 0.14980686700437218, "peak_reserved_bytes": 880803840}
{"cell": "original", "method": "F32", "output_mode": "legacy", "phase": "retained", "iteration": 0, "position": 1, "seconds": 0.23705814199638553, "peak_reserved_bytes": 880803840}
{"cell": "original", "method": "F32", "output_mode": "legacy", "phase": "retained", "iteration": 1, "position": 0, "seconds": 0.23716652300208807, "peak_reserved_bytes": 880803840}
{"cell": "original", "method": "F32", "output_mode": "gpu_radix", "phase": "retained", "iteration": 1, "position": 1, "seconds": 0.1480951260018628, "peak_reserved_bytes": 880803840}
{"cell": "original", "method": "F32", "output_mode": "gpu_radix", "phase": "retained", "iteration": 2, "position": 0, "seconds": 0.14805184800934512, "peak_reserved_bytes": 880803840}
{"cell": "original", "method": "F32", "output_mode": "legacy", "phase": "retained", "iteration": 2, "position": 1, "seconds": 0.23656307300552726, "peak_reserved_bytes": 880803840}
{"cell": "original", "method": "F32", "output_mode": "legacy", "phase": "retained", "iteration": 3, "position": 0, "seconds": 0.2375245289877057, "peak_reserved_bytes": 880803840}
{"cell": "original", "method": "F32", "output_mode": "gpu_radix", "phase": "retained", "iteration": 3, "position": 1, "seconds": 0.14996817099745385, "peak_reserved_bytes": 880803840}
{"cell": "k256", "method": "F16", "output_mode": "legacy", "phase": "warmup", "iteration": 0, "position": 0, "seconds": 0.572201948001748, "peak_reserved_bytes": 612368384}
{"cell": "k256", "method": "F16", "output_mode": "gpu_radix", "phase": "warmup", "iteration": 0, "position": 1, "seconds": 0.1331912190071307, "peak_reserved_bytes": 1124073472}
{"cell": "k256", "method": "F16", "output_mode": "legacy", "phase": "retained", "iteration": 0, "position": 0, "seconds": 0.6228432359930594, "peak_reserved_bytes": 1124073472}
{"cell": "k256", "method": "F16", "output_mode": "gpu_radix", "phase": "retained", "iteration": 0, "position": 1, "seconds": 0.12737514601030853, "peak_reserved_bytes": 1124073472}
{"cell": "k256", "method": "F16", "output_mode": "gpu_radix", "phase": "retained", "iteration": 1, "position": 0, "seconds": 0.12594095300300978, "peak_reserved_bytes": 1124073472}
{"cell": "k256", "method": "F16", "output_mode": "legacy", "phase": "retained", "iteration": 1, "position": 1, "seconds": 0.562237117002951, "peak_reserved_bytes": 1124073472}
{"cell": "k256", "method": "F16", "output_mode": "legacy", "phase": "retained", "iteration": 2, "position": 0, "seconds": 0.5618446180014871, "peak_reserved_bytes": 1124073472}
{"cell": "k256", "method": "F16", "output_mode": "gpu_radix", "phase": "retained", "iteration": 2, "position": 1, "seconds": 0.12721911900734995, "peak_reserved_bytes": 1124073472}
{"cell": "k256", "method": "F16", "output_mode": "gpu_radix", "phase": "retained", "iteration": 3, "position": 0, "seconds": 0.12576718600757886, "peak_reserved_bytes": 1124073472}
{"cell": "k256", "method": "F16", "output_mode": "legacy", "phase": "retained", "iteration": 3, "position": 1, "seconds": 0.5616608370037284, "peak_reserved_bytes": 1124073472}
{"cell": "k256", "method": "F32", "output_mode": "gpu_radix", "phase": "warmup", "iteration": 0, "position": 0, "seconds": 0.20234895098838024, "peak_reserved_bytes": 1124073472}
{"cell": "k256", "method": "F32", "output_mode": "legacy", "phase": "warmup", "iteration": 0, "position": 1, "seconds": 0.6415065220062388, "peak_reserved_bytes": 1124073472}
{"cell": "k256", "method": "F32", "output_mode": "gpu_radix", "phase": "retained", "iteration": 0, "position": 0, "seconds": 0.20278180899913423, "peak_reserved_bytes": 1124073472}
{"cell": "k256", "method": "F32", "output_mode": "legacy", "phase": "retained", "iteration": 0, "position": 1, "seconds": 0.6402992320072372, "peak_reserved_bytes": 1124073472}
{"cell": "k256", "method": "F32", "output_mode": "legacy", "phase": "retained", "iteration": 1, "position": 0, "seconds": 0.6408759500045562, "peak_reserved_bytes": 1124073472}
{"cell": "k256", "method": "F32", "output_mode": "gpu_radix", "phase": "retained", "iteration": 1, "position": 1, "seconds": 0.2027256959991064, "peak_reserved_bytes": 1124073472}
{"cell": "k256", "method": "F32", "output_mode": "gpu_radix", "phase": "retained", "iteration": 2, "position": 0, "seconds": 0.20192145599867217, "peak_reserved_bytes": 1124073472}
{"cell": "k256", "method": "F32", "output_mode": "legacy", "phase": "retained", "iteration": 2, "position": 1, "seconds": 0.640881688988884, "peak_reserved_bytes": 1124073472}
{"cell": "k256", "method": "F32", "output_mode": "legacy", "phase": "retained", "iteration": 3, "position": 0, "seconds": 0.6401583120023133, "peak_reserved_bytes": 1124073472}
{"cell": "k256", "method": "F32", "output_mode": "gpu_radix", "phase": "retained", "iteration": 3, "position": 1, "seconds": 0.20345171500230208, "peak_reserved_bytes": 1124073472}
{"cell": "k256", "method": "F8", "output_mode": "legacy", "phase": "warmup", "iteration": 0, "position": 0, "seconds": 0.5728253050037893, "peak_reserved_bytes": 1124073472}
{"cell": "k256", "method": "F8", "output_mode": "gpu_radix", "phase": "warmup", "iteration": 0, "position": 1, "seconds": 0.1329456490057055, "peak_reserved_bytes": 1124073472}
{"cell": "k256", "method": "F8", "output_mode": "legacy", "phase": "retained", "iteration": 0, "position": 0, "seconds": 0.5680294509947998, "peak_reserved_bytes": 1124073472}
{"cell": "k256", "method": "F8", "output_mode": "gpu_radix", "phase": "retained", "iteration": 0, "position": 1, "seconds": 0.13313810199906584, "peak_reserved_bytes": 1124073472}
{"cell": "k256", "method": "F8", "output_mode": "gpu_radix", "phase": "retained", "iteration": 1, "position": 0, "seconds": 0.13188915999489836, "peak_reserved_bytes": 1124073472}
{"cell": "k256", "method": "F8", "output_mode": "legacy", "phase": "retained", "iteration": 1, "position": 1, "seconds": 0.5654957740043756, "peak_reserved_bytes": 1124073472}
{"cell": "k256", "method": "F8", "output_mode": "legacy", "phase": "retained", "iteration": 2, "position": 0, "seconds": 0.5763002729945583, "peak_reserved_bytes": 1124073472}
{"cell": "k256", "method": "F8", "output_mode": "gpu_radix", "phase": "retained", "iteration": 2, "position": 1, "seconds": 0.13317693800490815, "peak_reserved_bytes": 1124073472}
{"cell": "k256", "method": "F8", "output_mode": "gpu_radix", "phase": "retained", "iteration": 3, "position": 0, "seconds": 0.1322578549879836, "peak_reserved_bytes": 1124073472}
{"cell": "k256", "method": "F8", "output_mode": "legacy", "phase": "retained", "iteration": 3, "position": 1, "seconds": 0.5683294259943068, "peak_reserved_bytes": 1124073472}
{"cell": "k1024", "method": "F32", "output_mode": "gpu_radix", "phase": "warmup", "iteration": 0, "position": 0, "seconds": 0.42658407300768886, "peak_reserved_bytes": 2470445056}
{"cell": "k1024", "method": "F32", "output_mode": "legacy", "phase": "warmup", "iteration": 0, "position": 1, "seconds": 2.3982452290074434, "peak_reserved_bytes": 2470445056}
{"cell": "k1024", "method": "F32", "output_mode": "gpu_radix", "phase": "retained", "iteration": 0, "position": 0, "seconds": 0.4189081479999004, "peak_reserved_bytes": 2470445056}
{"cell": "k1024", "method": "F32", "output_mode": "legacy", "phase": "retained", "iteration": 0, "position": 1, "seconds": 2.383426740008872, "peak_reserved_bytes": 2470445056}
{"cell": "k1024", "method": "F32", "output_mode": "legacy", "phase": "retained", "iteration": 1, "position": 0, "seconds": 2.388679673007573, "peak_reserved_bytes": 2470445056}
{"cell": "k1024", "method": "F32", "output_mode": "gpu_radix", "phase": "retained", "iteration": 1, "position": 1, "seconds": 0.4204630019958131, "peak_reserved_bytes": 2470445056}
{"cell": "k1024", "method": "F32", "output_mode": "gpu_radix", "phase": "retained", "iteration": 2, "position": 0, "seconds": 0.41719721400295384, "peak_reserved_bytes": 2470445056}
{"cell": "k1024", "method": "F32", "output_mode": "legacy", "phase": "retained", "iteration": 2, "position": 1, "seconds": 2.3883069009898463, "peak_reserved_bytes": 2470445056}
{"cell": "k1024", "method": "F32", "output_mode": "legacy", "phase": "retained", "iteration": 3, "position": 0, "seconds": 2.401723695002147, "peak_reserved_bytes": 2470445056}
{"cell": "k1024", "method": "F32", "output_mode": "gpu_radix", "phase": "retained", "iteration": 3, "position": 1, "seconds": 0.419375757992384, "peak_reserved_bytes": 2470445056}
{"cell": "k1024", "method": "F8", "output_mode": "legacy", "phase": "warmup", "iteration": 0, "position": 0, "seconds": 2.3301107400038745, "peak_reserved_bytes": 2470445056}
{"cell": "k1024", "method": "F8", "output_mode": "gpu_radix", "phase": "warmup", "iteration": 0, "position": 1, "seconds": 0.38651257900346536, "peak_reserved_bytes": 2470445056}
{"cell": "k1024", "method": "F8", "output_mode": "legacy", "phase": "retained", "iteration": 0, "position": 0, "seconds": 2.6172219260042766, "peak_reserved_bytes": 2470445056}
{"cell": "k1024", "method": "F8", "output_mode": "gpu_radix", "phase": "retained", "iteration": 0, "position": 1, "seconds": 0.3795993189996807, "peak_reserved_bytes": 2470445056}
{"cell": "k1024", "method": "F8", "output_mode": "gpu_radix", "phase": "retained", "iteration": 1, "position": 0, "seconds": 0.377995019996888, "peak_reserved_bytes": 2470445056}
{"cell": "k1024", "method": "F8", "output_mode": "legacy", "phase": "retained", "iteration": 1, "position": 1, "seconds": 2.326405223997426, "peak_reserved_bytes": 2470445056}
{"cell": "k1024", "method": "F8", "output_mode": "legacy", "phase": "retained", "iteration": 2, "position": 0, "seconds": 2.3379621780040907, "peak_reserved_bytes": 2470445056}
{"cell": "k1024", "method": "F8", "output_mode": "gpu_radix", "phase": "retained", "iteration": 2, "position": 1, "seconds": 0.37952415698964614, "peak_reserved_bytes": 2470445056}
{"cell": "k1024", "method": "F8", "output_mode": "gpu_radix", "phase": "retained", "iteration": 3, "position": 0, "seconds": 0.3781562810036121, "peak_reserved_bytes": 2470445056}
{"cell": "k1024", "method": "F8", "output_mode": "legacy", "phase": "retained", "iteration": 3, "position": 1, "seconds": 2.335537424994982, "peak_reserved_bytes": 2470445056}
{"cell": "k1024", "method": "F16", "output_mode": "gpu_radix", "phase": "warmup", "iteration": 0, "position": 0, "seconds": 0.34898156599956565, "peak_reserved_bytes": 2470445056}
{"cell": "k1024", "method": "F16", "output_mode": "legacy", "phase": "warmup", "iteration": 0, "position": 1, "seconds": 2.2972433830000227, "peak_reserved_bytes": 2470445056}
{"cell": "k1024", "method": "F16", "output_mode": "gpu_radix", "phase": "retained", "iteration": 0, "position": 0, "seconds": 0.35812024999177083, "peak_reserved_bytes": 2470445056}
{"cell": "k1024", "method": "F16", "output_mode": "legacy", "phase": "retained", "iteration": 0, "position": 1, "seconds": 2.3168820059945574, "peak_reserved_bytes": 2470445056}
{"cell": "k1024", "method": "F16", "output_mode": "legacy", "phase": "retained", "iteration": 1, "position": 0, "seconds": 2.3157487090065842, "peak_reserved_bytes": 2470445056}
{"cell": "k1024", "method": "F16", "output_mode": "gpu_radix", "phase": "retained", "iteration": 1, "position": 1, "seconds": 0.34770797299279366, "peak_reserved_bytes": 2470445056}
{"cell": "k1024", "method": "F16", "output_mode": "gpu_radix", "phase": "retained", "iteration": 2, "position": 0, "seconds": 0.34484755800804123, "peak_reserved_bytes": 2470445056}
{"cell": "k1024", "method": "F16", "output_mode": "legacy", "phase": "retained", "iteration": 2, "position": 1, "seconds": 2.317600747992401, "peak_reserved_bytes": 2470445056}
{"cell": "k1024", "method": "F16", "output_mode": "legacy", "phase": "retained", "iteration": 3, "position": 0, "seconds": 2.3128077250003116, "peak_reserved_bytes": 2470445056}
{"cell": "k1024", "method": "F16", "output_mode": "gpu_radix", "phase": "retained", "iteration": 3, "position": 1, "seconds": 0.3479040270030964, "peak_reserved_bytes": 2470445056}
{"phase": "confirm", "index": 0, "pass_": true, "calls": 180}
