COMMAND ["@TENSORJOIN_ROOT@/isaacsim6/env/bin/python", "@TENSORJOIN_ROOT@/tensorjoin_20260902_certified_exact_join/tensorjoin_20260908_output_audit/src/runner.py", "--phase", "confirm", "--index", "3"]
{"cell": "k64", "method": "F32", "output_mode": "gpu_radix", "phase": "warmup", "iteration": 0, "position": 0, "seconds": 0.24933399900328368, "peak_reserved_bytes": 612368384}
{"cell": "k64", "method": "F32", "output_mode": "legacy", "phase": "warmup", "iteration": 0, "position": 1, "seconds": 0.2409518259955803, "peak_reserved_bytes": 612368384}
{"cell": "k64", "method": "F32", "output_mode": "gpu_radix", "phase": "retained", "iteration": 0, "position": 0, "seconds": 0.1498754630010808, "peak_reserved_bytes": 612368384}
{"cell": "k64", "method": "F32", "output_mode": "legacy", "phase": "retained", "iteration": 0, "position": 1, "seconds": 0.2351826579979388, "peak_reserved_bytes": 612368384}
{"cell": "k64", "method": "F32", "output_mode": "legacy", "phase": "retained", "iteration": 1, "position": 0, "seconds": 0.23345729199354537, "peak_reserved_bytes": 612368384}
{"cell": "k64", "method": "F32", "output_mode": "gpu_radix", "phase": "retained", "iteration": 1, "position": 1, "seconds": 0.15016190099413507, "peak_reserved_bytes": 612368384}
{"cell": "k64", "method": "F32", "output_mode": "gpu_radix", "phase": "retained", "iteration": 2, "position": 0, "seconds": 0.1493871440034127, "peak_reserved_bytes": 612368384}
{"cell": "k64", "method": "F32", "output_mode": "legacy", "phase": "retained", "iteration": 2, "position": 1, "seconds": 0.23469335099798627, "peak_reserved_bytes": 612368384}
{"cell": "k64", "method": "F32", "output_mode": "legacy", "phase": "retained", "iteration": 3, "position": 0, "seconds": 0.2329790459916694, "peak_reserved_bytes": 612368384}
{"cell": "k64", "method": "F32", "output_mode": "gpu_radix", "phase": "retained", "iteration": 3, "position": 1, "seconds": 0.14878362699528225, "peak_reserved_bytes": 612368384}
{"cell": "k64", "method": "F16", "output_mode": "legacy", "phase": "warmup", "iteration": 0, "position": 0, "seconds": 0.5943146670033457, "peak_reserved_bytes": 746586112}
{"cell": "k64", "method": "F16", "output_mode": "gpu_radix", "phase": "warmup", "iteration": 0, "position": 1, "seconds": 0.07216701199649833, "peak_reserved_bytes": 746586112}
{"cell": "k64", "method": "F16", "output_mode": "legacy", "phase": "retained", "iteration": 0, "position": 0, "seconds": 0.15800069700344466, "peak_reserved_bytes": 746586112}
{"cell": "k64", "method": "F16", "output_mode": "gpu_radix", "phase": "retained", "iteration": 0, "position": 1, "seconds": 0.07125146299949847, "peak_reserved_bytes": 746586112}
{"cell": "k64", "method": "F16", "output_mode": "gpu_radix", "phase": "retained", "iteration": 1, "position": 0, "seconds": 0.07106873099110089, "peak_reserved_bytes": 746586112}
{"cell": "k64", "method": "F16", "output_mode": "legacy", "phase": "retained", "iteration": 1, "position": 1, "seconds": 0.15832075198704842, "peak_reserved_bytes": 746586112}
{"cell": "k64", "method": "F16", "output_mode": "legacy", "phase": "retained", "iteration": 2, "position": 0, "seconds": 0.15747476799879223, "peak_reserved_bytes": 746586112}
{"cell": "k64", "method": "F16", "output_mode": "gpu_radix", "phase": "retained", "iteration": 2, "position": 1, "seconds": 0.07158850000996608, "peak_reserved_bytes": 746586112}
{"cell": "k64", "method": "F16", "output_mode": "gpu_radix", "phase": "retained", "iteration": 3, "position": 0, "seconds": 0.07093246300064493, "peak_reserved_bytes": 746586112}
{"cell": "k64", "method": "F16", "output_mode": "legacy", "phase": "retained", "iteration": 3, "position": 1, "seconds": 0.15731719699397217, "peak_reserved_bytes": 746586112}
{"cell": "k64", "method": "F8", "output_mode": "gpu_radix", "phase": "warmup", "iteration": 0, "position": 0, "seconds": 0.07985208100581076, "peak_reserved_bytes": 746586112}
{"cell": "k64", "method": "F8", "output_mode": "legacy", "phase": "warmup", "iteration": 0, "position": 1, "seconds": 0.1573572960041929, "peak_reserved_bytes": 746586112}
{"cell": "k64", "method": "F8", "output_mode": "gpu_radix", "phase": "retained", "iteration": 0, "position": 0, "seconds": 0.06846285698702559, "peak_reserved_bytes": 746586112}
{"cell": "k64", "method": "F8", "output_mode": "legacy", "phase": "retained", "iteration": 0, "position": 1, "seconds": 0.15653551099239849, "peak_reserved_bytes": 746586112}
{"cell": "k64", "method": "F8", "output_mode": "legacy", "phase": "retained", "iteration": 1, "position": 0, "seconds": 0.15876379200199153, "peak_reserved_bytes": 746586112}
{"cell": "k64", "method": "F8", "output_mode": "gpu_radix", "phase": "retained", "iteration": 1, "position": 1, "seconds": 0.06852680799784139, "peak_reserved_bytes": 746586112}
{"cell": "k64", "method": "F8", "output_mode": "gpu_radix", "phase": "retained", "iteration": 2, "position": 0, "seconds": 0.0678837480081711, "peak_reserved_bytes": 746586112}
{"cell": "k64", "method": "F8", "output_mode": "legacy", "phase": "retained", "iteration": 2, "position": 1, "seconds": 0.15628874899994116, "peak_reserved_bytes": 746586112}
{"cell": "k64", "method": "F8", "output_mode": "legacy", "phase": "retained", "iteration": 3, "position": 0, "seconds": 0.15922210400458425, "peak_reserved_bytes": 746586112}
{"cell": "k64", "method": "F8", "output_mode": "gpu_radix", "phase": "retained", "iteration": 3, "position": 1, "seconds": 0.07006073300726712, "peak_reserved_bytes": 746586112}
{"cell": "k16", "method": "F8", "output_mode": "legacy", "phase": "warmup", "iteration": 0, "position": 0, "seconds": 0.08253756100020837, "peak_reserved_bytes": 612368384}
{"cell": "k16", "method": "F8", "output_mode": "gpu_radix", "phase": "warmup", "iteration": 0, "position": 1, "seconds": 0.04999224600032903, "peak_reserved_bytes": 637534208}
{"cell": "k16", "method": "F8", "output_mode": "legacy", "phase": "retained", "iteration": 0, "position": 0, "seconds": 0.07093778399575967, "peak_reserved_bytes": 637534208}
{"cell": "k16", "method": "F8", "output_mode": "gpu_radix", "phase": "retained", "iteration": 0, "position": 1, "seconds": 0.04925417099730112, "peak_reserved_bytes": 637534208}
{"cell": "k16", "method": "F8", "output_mode": "gpu_radix", "phase": "retained", "iteration": 1, "position": 0, "seconds": 0.04903211600321811, "peak_reserved_bytes": 637534208}
{"cell": "k16", "method": "F8", "output_mode": "legacy", "phase": "retained", "iteration": 1, "position": 1, "seconds": 0.07085067300067749, "peak_reserved_bytes": 637534208}
{"cell": "k16", "method": "F8", "output_mode": "legacy", "phase": "retained", "iteration": 2, "position": 0, "seconds": 0.07389270899875555, "peak_reserved_bytes": 637534208}
{"cell": "k16", "method": "F8", "output_mode": "gpu_radix", "phase": "retained", "iteration": 2, "position": 1, "seconds": 0.05024207799579017, "peak_reserved_bytes": 637534208}
{"cell": "k16", "method": "F8", "output_mode": "gpu_radix", "phase": "retained", "iteration": 3, "position": 0, "seconds": 0.04910092300269753, "peak_reserved_bytes": 637534208}
{"cell": "k16", "method": "F8", "output_mode": "legacy", "phase": "retained", "iteration": 3, "position": 1, "seconds": 0.07008612299978267, "peak_reserved_bytes": 637534208}
{"cell": "k16", "method": "F32", "output_mode": "gpu_radix", "phase": "warmup", "iteration": 0, "position": 0, "seconds": 0.13207624798815232, "peak_reserved_bytes": 637534208}
{"cell": "k16", "method": "F32", "output_mode": "legacy", "phase": "warmup", "iteration": 0, "position": 1, "seconds": 0.1533770769892726, "peak_reserved_bytes": 637534208}
{"cell": "k16", "method": "F32", "output_mode": "gpu_radix", "phase": "retained", "iteration": 0, "position": 0, "seconds": 0.13299194599676412, "peak_reserved_bytes": 637534208}
{"cell": "k16", "method": "F32", "output_mode": "legacy", "phase": "retained", "iteration": 0, "position": 1, "seconds": 0.15321355100604706, "peak_reserved_bytes": 637534208}
{"cell": "k16", "method": "F32", "output_mode": "legacy", "phase": "retained", "iteration": 1, "position": 0, "seconds": 0.15269672400609124, "peak_reserved_bytes": 637534208}
{"cell": "k16", "method": "F32", "output_mode": "gpu_radix", "phase": "retained", "iteration": 1, "position": 1, "seconds": 0.13130667700897902, "peak_reserved_bytes": 637534208}
{"cell": "k16", "method": "F32", "output_mode": "gpu_radix", "phase": "retained", "iteration": 2, "position": 0, "seconds": 0.13099103300191928, "peak_reserved_bytes": 637534208}
{"cell": "k16", "method": "F32", "output_mode": "legacy", "phase": "retained", "iteration": 2, "position": 1, "seconds": 0.15217932700761594, "peak_reserved_bytes": 637534208}
{"cell": "k16", "method": "F32", "output_mode": "legacy", "phase": "retained", "iteration": 3, "position": 0, "seconds": 0.1520923460047925, "peak_reserved_bytes": 637534208}
{"cell": "k16", "method": "F32", "output_mode": "gpu_radix", "phase": "retained", "iteration": 3, "position": 1, "seconds": 0.13051305299450178, "peak_reserved_bytes": 637534208}
{"cell": "k16", "method": "F16", "output_mode": "legacy", "phase": "warmup", "iteration": 0, "position": 0, "seconds": 0.07831389099010266, "peak_reserved_bytes": 771751936}
{"cell": "k16", "method": "F16", "output_mode": "gpu_radix", "phase": "warmup", "iteration": 0, "position": 1, "seconds": 0.053698340998380445, "peak_reserved_bytes": 771751936}
{"cell": "k16", "method": "F16", "output_mode": "legacy", "phase": "retained", "iteration": 0, "position": 0, "seconds": 0.07484422699781135, "peak_reserved_bytes": 771751936}
{"cell": "k16", "method": "F16", "output_mode": "gpu_radix", "phase": "retained", "iteration": 0, "position": 1, "seconds": 0.05359387899807189, "peak_reserved_bytes": 771751936}
{"cell": "k16", "method": "F16", "output_mode": "gpu_radix", "phase": "retained", "iteration": 1, "position": 0, "seconds": 0.053549455988104455, "peak_reserved_bytes": 771751936}
{"cell": "k16", "method": "F16", "output_mode": "legacy", "phase": "retained", "iteration": 1, "position": 1, "seconds": 0.07470558099157643, "peak_reserved_bytes": 771751936}
{"cell": "k16", "method": "F16", "output_mode": "legacy", "phase": "retained", "iteration": 2, "position": 0, "seconds": 0.07511200400767848, "peak_reserved_bytes": 771751936}
{"cell": "k16", "method": "F16", "output_mode": "gpu_radix", "phase": "retained", "iteration": 2, "position": 1, "seconds": 0.053230147997965105, "peak_reserved_bytes": 771751936}
{"cell": "k16", "method": "F16", "output_mode": "gpu_radix", "phase": "retained", "iteration": 3, "position": 0, "seconds": 0.05348583200247958, "peak_reserved_bytes": 771751936}
{"cell": "k16", "method": "F16", "output_mode": "legacy", "phase": "retained", "iteration": 3, "position": 1, "seconds": 0.07437868499255273, "peak_reserved_bytes": 771751936}
{"cell": "k4", "method": "F16", "output_mode": "gpu_radix", "phase": "warmup", "iteration": 0, "position": 0, "seconds": 0.055176275011035614, "peak_reserved_bytes": 614465536}
{"cell": "k4", "method": "F16", "output_mode": "legacy", "phase": "warmup", "iteration": 0, "position": 1, "seconds": 0.059304180002072826, "peak_reserved_bytes": 614465536}
{"cell": "k4", "method": "F16", "output_mode": "gpu_radix", "phase": "retained", "iteration": 0, "position": 0, "seconds": 0.05144045999622904, "peak_reserved_bytes": 614465536}
{"cell": "k4", "method": "F16", "output_mode": "legacy", "phase": "retained", "iteration": 0, "position": 1, "seconds": 0.05857819999800995, "peak_reserved_bytes": 614465536}
{"cell": "k4", "method": "F16", "output_mode": "legacy", "phase": "retained", "iteration": 1, "position": 0, "seconds": 0.059340528008760884, "peak_reserved_bytes": 614465536}
{"cell": "k4", "method": "F16", "output_mode": "gpu_radix", "phase": "retained", "iteration": 1, "position": 1, "seconds": 0.05145269198692404, "peak_reserved_bytes": 614465536}
{"cell": "k4", "method": "F16", "output_mode": "gpu_radix", "phase": "retained", "iteration": 2, "position": 0, "seconds": 0.05182967700238805, "peak_reserved_bytes": 614465536}
{"cell": "k4", "method": "F16", "output_mode": "legacy", "phase": "retained", "iteration": 2, "position": 1, "seconds": 0.05837281500862446, "peak_reserved_bytes": 614465536}
{"cell": "k4", "method": "F16", "output_mode": "legacy", "phase": "retained", "iteration": 3, "position": 0, "seconds": 0.05828164899139665, "peak_reserved_bytes": 614465536}
{"cell": "k4", "method": "F16", "output_mode": "gpu_radix", "phase": "retained", "iteration": 3, "position": 1, "seconds": 0.051005535991862416, "peak_reserved_bytes": 614465536}
{"cell": "k4", "method": "F8", "output_mode": "legacy", "phase": "warmup", "iteration": 0, "position": 0, "seconds": 0.05330371099989861, "peak_reserved_bytes": 614465536}
{"cell": "k4", "method": "F8", "output_mode": "gpu_radix", "phase": "warmup", "iteration": 0, "position": 1, "seconds": 0.046317468004417606, "peak_reserved_bytes": 614465536}
{"cell": "k4", "method": "F8", "output_mode": "legacy", "phase": "retained", "iteration": 0, "position": 0, "seconds": 0.0531627439922886, "peak_reserved_bytes": 614465536}
{"cell": "k4", "method": "F8", "output_mode": "gpu_radix", "phase": "retained", "iteration": 0, "position": 1, "seconds": 0.047832260010181926, "peak_reserved_bytes": 614465536}
{"cell": "k4", "method": "F8", "output_mode": "gpu_radix", "phase": "retained", "iteration": 1, "position": 0, "seconds": 0.046226881007896736, "peak_reserved_bytes": 614465536}
{"cell": "k4", "method": "F8", "output_mode": "legacy", "phase": "retained", "iteration": 1, "position": 1, "seconds": 0.05375134901260026, "peak_reserved_bytes": 614465536}
{"cell": "k4", "method": "F8", "output_mode": "legacy", "phase": "retained", "iteration": 2, "position": 0, "seconds": 0.05775836000975687, "peak_reserved_bytes": 614465536}
{"cell": "k4", "method": "F8", "output_mode": "gpu_radix", "phase": "retained", "iteration": 2, "position": 1, "seconds": 0.04627226400771178, "peak_reserved_bytes": 614465536}
{"cell": "k4", "method": "F8", "output_mode": "gpu_radix", "phase": "retained", "iteration": 3, "position": 0, "seconds": 0.04635192599380389, "peak_reserved_bytes": 614465536}
{"cell": "k4", "method": "F8", "output_mode": "legacy", "phase": "retained", "iteration": 3, "position": 1, "seconds": 0.05328603999805637, "peak_reserved_bytes": 614465536}
{"cell": "k4", "method": "F32", "output_mode": "gpu_radix", "phase": "warmup", "iteration": 0, "position": 0, "seconds": 0.1285886749974452, "peak_reserved_bytes": 614465536}
{"cell": "k4", "method": "F32", "output_mode": "legacy", "phase": "warmup", "iteration": 0, "position": 1, "seconds": 0.13623515699873678, "peak_reserved_bytes": 614465536}
{"cell": "k4", "method": "F32", "output_mode": "gpu_radix", "phase": "retained", "iteration": 0, "position": 0, "seconds": 0.12922471899946686, "peak_reserved_bytes": 614465536}
{"cell": "k4", "method": "F32", "output_mode": "legacy", "phase": "retained", "iteration": 0, "position": 1, "seconds": 0.13571248500375077, "peak_reserved_bytes": 614465536}
{"cell": "k4", "method": "F32", "output_mode": "legacy", "phase": "retained", "iteration": 1, "position": 0, "seconds": 0.13446298700000625, "peak_reserved_bytes": 614465536}
{"cell": "k4", "method": "F32", "output_mode": "gpu_radix", "phase": "retained", "iteration": 1, "position": 1, "seconds": 0.12861644900112879, "peak_reserved_bytes": 614465536}
{"cell": "k4", "method": "F32", "output_mode": "gpu_radix", "phase": "retained", "iteration": 2, "position": 0, "seconds": 0.12913887000468094, "peak_reserved_bytes": 614465536}
{"cell": "k4", "method": "F32", "output_mode": "legacy", "phase": "retained", "iteration": 2, "position": 1, "seconds": 0.13622510399727616, "peak_reserved_bytes": 614465536}
{"cell": "k4", "method": "F32", "output_mode": "legacy", "phase": "retained", "iteration": 3, "position": 0, "seconds": 0.13583680600277148, "peak_reserved_bytes": 614465536}
{"cell": "k4", "method": "F32", "output_mode": "gpu_radix", "phase": "retained", "iteration": 3, "position": 1, "seconds": 0.12758525399840437, "peak_reserved_bytes": 614465536}
{"cell": "k1024", "method": "F32", "output_mode": "legacy", "phase": "warmup", "iteration": 0, "position": 0, "seconds": 2.395621180010494, "peak_reserved_bytes": 482344960}
{"cell": "k1024", "method": "F32", "output_mode": "gpu_radix", "phase": "warmup", "iteration": 0, "position": 1, "seconds": 0.42364127600740176, "peak_reserved_bytes": 2470445056}
{"cell": "k1024", "method": "F32", "output_mode": "legacy", "phase": "retained", "iteration": 0, "position": 0, "seconds": 2.4065208450047066, "peak_reserved_bytes": 2470445056}
{"cell": "k1024", "method": "F32", "output_mode": "gpu_radix", "phase": "retained", "iteration": 0, "position": 1, "seconds": 0.4242834979959298, "peak_reserved_bytes": 2470445056}
{"cell": "k1024", "method": "F32", "output_mode": "gpu_radix", "phase": "retained", "iteration": 1, "position": 0, "seconds": 0.4197661490034079, "peak_reserved_bytes": 2470445056}
{"cell": "k1024", "method": "F32", "output_mode": "legacy", "phase": "retained", "iteration": 1, "position": 1, "seconds": 2.3857930840022163, "peak_reserved_bytes": 2470445056}
{"cell": "k1024", "method": "F32", "output_mode": "legacy", "phase": "retained", "iteration": 2, "position": 0, "seconds": 2.4013971550011775, "peak_reserved_bytes": 2470445056}
{"cell": "k1024", "method": "F32", "output_mode": "gpu_radix", "phase": "retained", "iteration": 2, "position": 1, "seconds": 0.4286186359968269, "peak_reserved_bytes": 2470445056}
{"cell": "k1024", "method": "F32", "output_mode": "gpu_radix", "phase": "retained", "iteration": 3, "position": 0, "seconds": 0.42050252499757335, "peak_reserved_bytes": 2470445056}
{"cell": "k1024", "method": "F32", "output_mode": "legacy", "phase": "retained", "iteration": 3, "position": 1, "seconds": 2.381045221001841, "peak_reserved_bytes": 2470445056}
{"cell": "k1024", "method": "F16", "output_mode": "gpu_radix", "phase": "warmup", "iteration": 0, "position": 0, "seconds": 0.35171199499745853, "peak_reserved_bytes": 2470445056}
{"cell": "k1024", "method": "F16", "output_mode": "legacy", "phase": "warmup", "iteration": 0, "position": 1, "seconds": 2.2940409290022217, "peak_reserved_bytes": 2470445056}
{"cell": "k1024", "method": "F16", "output_mode": "gpu_radix", "phase": "retained", "iteration": 0, "position": 0, "seconds": 0.34965367800032254, "peak_reserved_bytes": 2470445056}
{"cell": "k1024", "method": "F16", "output_mode": "legacy", "phase": "retained", "iteration": 0, "position": 1, "seconds": 2.295800477004377, "peak_reserved_bytes": 2470445056}
{"cell": "k1024", "method": "F16", "output_mode": "legacy", "phase": "retained", "iteration": 1, "position": 0, "seconds": 2.297705657008919, "peak_reserved_bytes": 2470445056}
{"cell": "k1024", "method": "F16", "output_mode": "gpu_radix", "phase": "retained", "iteration": 1, "position": 1, "seconds": 0.34991397098929156, "peak_reserved_bytes": 2470445056}
{"cell": "k1024", "method": "F16", "output_mode": "gpu_radix", "phase": "retained", "iteration": 2, "position": 0, "seconds": 0.35222119599347934, "peak_reserved_bytes": 2470445056}
{"cell": "k1024", "method": "F16", "output_mode": "legacy", "phase": "retained", "iteration": 2, "position": 1, "seconds": 2.2976409980037715, "peak_reserved_bytes": 2470445056}
{"cell": "k1024", "method": "F16", "output_mode": "legacy", "phase": "retained", "iteration": 3, "position": 0, "seconds": 2.2947972109977854, "peak_reserved_bytes": 2470445056}
{"cell": "k1024", "method": "F16", "output_mode": "gpu_radix", "phase": "retained", "iteration": 3, "position": 1, "seconds": 0.34859182999935, "peak_reserved_bytes": 2470445056}
{"cell": "k1024", "method": "F8", "output_mode": "legacy", "phase": "warmup", "iteration": 0, "position": 0, "seconds": 2.33269226399716, "peak_reserved_bytes": 2470445056}
{"cell": "k1024", "method": "F8", "output_mode": "gpu_radix", "phase": "warmup", "iteration": 0, "position": 1, "seconds": 0.3845122380007524, "peak_reserved_bytes": 2470445056}
{"cell": "k1024", "method": "F8", "output_mode": "legacy", "phase": "retained", "iteration": 0, "position": 0, "seconds": 2.3321338940004352, "peak_reserved_bytes": 2470445056}
{"cell": "k1024", "method": "F8", "output_mode": "gpu_radix", "phase": "retained", "iteration": 0, "position": 1, "seconds": 0.38588429099763744, "peak_reserved_bytes": 2470445056}
{"cell": "k1024", "method": "F8", "output_mode": "gpu_radix", "phase": "retained", "iteration": 1, "position": 0, "seconds": 0.38132341600430664, "peak_reserved_bytes": 2470445056}
{"cell": "k1024", "method": "F8", "output_mode": "legacy", "phase": "retained", "iteration": 1, "position": 1, "seconds": 2.3325631960033206, "peak_reserved_bytes": 2470445056}
{"cell": "k1024", "method": "F8", "output_mode": "legacy", "phase": "retained", "iteration": 2, "position": 0, "seconds": 2.334100474996376, "peak_reserved_bytes": 2470445056}
{"cell": "k1024", "method": "F8", "output_mode": "gpu_radix", "phase": "retained", "iteration": 2, "position": 1, "seconds": 0.3833509010000853, "peak_reserved_bytes": 2470445056}
{"cell": "k1024", "method": "F8", "output_mode": "gpu_radix", "phase": "retained", "iteration": 3, "position": 0, "seconds": 0.3811333060002653, "peak_reserved_bytes": 2470445056}
{"cell": "k1024", "method": "F8", "output_mode": "legacy", "phase": "retained", "iteration": 3, "position": 1, "seconds": 2.328734495997196, "peak_reserved_bytes": 2470445056}
{"cell": "k256", "method": "F8", "output_mode": "gpu_radix", "phase": "warmup", "iteration": 0, "position": 0, "seconds": 0.1405026389984414, "peak_reserved_bytes": 1124073472}
{"cell": "k256", "method": "F8", "output_mode": "legacy", "phase": "warmup", "iteration": 0, "position": 1, "seconds": 0.562718175991904, "peak_reserved_bytes": 1124073472}
{"cell": "k256", "method": "F8", "output_mode": "gpu_radix", "phase": "retained", "iteration": 0, "position": 0, "seconds": 0.1338518130069133, "peak_reserved_bytes": 1124073472}
{"cell": "k256", "method": "F8", "output_mode": "legacy", "phase": "retained", "iteration": 0, "position": 1, "seconds": 0.5980371689947788, "peak_reserved_bytes": 1124073472}
{"cell": "k256", "method": "F8", "output_mode": "legacy", "phase": "retained", "iteration": 1, "position": 0, "seconds": 0.5779316169937374, "peak_reserved_bytes": 1124073472}
{"cell": "k256", "method": "F8", "output_mode": "gpu_radix", "phase": "retained", "iteration": 1, "position": 1, "seconds": 0.13197470699378755, "peak_reserved_bytes": 1124073472}
{"cell": "k256", "method": "F8", "output_mode": "gpu_radix", "phase": "retained", "iteration": 2, "position": 0, "seconds": 0.13065420600469224, "peak_reserved_bytes": 1124073472}
{"cell": "k256", "method": "F8", "output_mode": "legacy", "phase": "retained", "iteration": 2, "position": 1, "seconds": 0.5677036809938727, "peak_reserved_bytes": 1124073472}
{"cell": "k256", "method": "F8", "output_mode": "legacy", "phase": "retained", "iteration": 3, "position": 0, "seconds": 0.5694111079938011, "peak_reserved_bytes": 1124073472}
{"cell": "k256", "method": "F8", "output_mode": "gpu_radix", "phase": "retained", "iteration": 3, "position": 1, "seconds": 0.1323547990032239, "peak_reserved_bytes": 1124073472}
{"cell": "k256", "method": "F32", "output_mode": "legacy", "phase": "warmup", "iteration": 0, "position": 0, "seconds": 0.6409961329918588, "peak_reserved_bytes": 1124073472}
{"cell": "k256", "method": "F32", "output_mode": "gpu_radix", "phase": "warmup", "iteration": 0, "position": 1, "seconds": 0.20217848499305546, "peak_reserved_bytes": 1124073472}
{"cell": "k256", "method": "F32", "output_mode": "legacy", "phase": "retained", "iteration": 0, "position": 0, "seconds": 0.6411613009986468, "peak_reserved_bytes": 1124073472}
{"cell": "k256", "method": "F32", "output_mode": "gpu_radix", "phase": "retained", "iteration": 0, "position": 1, "seconds": 0.20534818500163965, "peak_reserved_bytes": 1124073472}
{"cell": "k256", "method": "F32", "output_mode": "gpu_radix", "phase": "retained", "iteration": 1, "position": 0, "seconds": 0.20270274599897675, "peak_reserved_bytes": 1124073472}
{"cell": "k256", "method": "F32", "output_mode": "legacy", "phase": "retained", "iteration": 1, "position": 1, "seconds": 0.6455431320064235, "peak_reserved_bytes": 1124073472}
{"cell": "k256", "method": "F32", "output_mode": "legacy", "phase": "retained", "iteration": 2, "position": 0, "seconds": 0.6407320970029105, "peak_reserved_bytes": 1124073472}
{"cell": "k256", "method": "F32", "output_mode": "gpu_radix", "phase": "retained", "iteration": 2, "position": 1, "seconds": 0.20116400100232568, "peak_reserved_bytes": 1124073472}
{"cell": "k256", "method": "F32", "output_mode": "gpu_radix", "phase": "retained", "iteration": 3, "position": 0, "seconds": 0.20067346599535085, "peak_reserved_bytes": 1124073472}
{"cell": "k256", "method": "F32", "output_mode": "legacy", "phase": "retained", "iteration": 3, "position": 1, "seconds": 0.6418656970054144, "peak_reserved_bytes": 1124073472}
{"cell": "k256", "method": "F16", "output_mode": "gpu_radix", "phase": "warmup", "iteration": 0, "position": 0, "seconds": 0.12919936899561435, "peak_reserved_bytes": 1124073472}
{"cell": "k256", "method": "F16", "output_mode": "legacy", "phase": "warmup", "iteration": 0, "position": 1, "seconds": 0.5619658429932315, "peak_reserved_bytes": 1124073472}
{"cell": "k256", "method": "F16", "output_mode": "gpu_radix", "phase": "retained", "iteration": 0, "position": 0, "seconds": 0.12626025200006552, "peak_reserved_bytes": 1124073472}
{"cell": "k256", "method": "F16", "output_mode": "legacy", "phase": "retained", "iteration": 0, "position": 1, "seconds": 0.562279525998747, "peak_reserved_bytes": 1124073472}
{"cell": "k256", "method": "F16", "output_mode": "legacy", "phase": "retained", "iteration": 1, "position": 0, "seconds": 0.5603452530049253, "peak_reserved_bytes": 1124073472}
{"cell": "k256", "method": "F16", "output_mode": "gpu_radix", "phase": "retained", "iteration": 1, "position": 1, "seconds": 0.127851331999409, "peak_reserved_bytes": 1124073472}
{"cell": "k256", "method": "F16", "output_mode": "gpu_radix", "phase": "retained", "iteration": 2, "position": 0, "seconds": 0.12531247400329448, "peak_reserved_bytes": 1124073472}
{"cell": "k256", "method": "F16", "output_mode": "legacy", "phase": "retained", "iteration": 2, "position": 1, "seconds": 0.5655200269975467, "peak_reserved_bytes": 1124073472}
{"cell": "k256", "method": "F16", "output_mode": "legacy", "phase": "retained", "iteration": 3, "position": 0, "seconds": 0.5655649429972982, "peak_reserved_bytes": 1124073472}
{"cell": "k256", "method": "F16", "output_mode": "gpu_radix", "phase": "retained", "iteration": 3, "position": 1, "seconds": 0.12651188700692728, "peak_reserved_bytes": 1124073472}
{"cell": "original", "method": "F16", "output_mode": "legacy", "phase": "warmup", "iteration": 0, "position": 0, "seconds": 0.16300980300002266, "peak_reserved_bytes": 612368384}
{"cell": "original", "method": "F16", "output_mode": "gpu_radix", "phase": "warmup", "iteration": 0, "position": 1, "seconds": 0.07481406499573495, "peak_reserved_bytes": 746586112}
{"cell": "original", "method": "F16", "output_mode": "legacy", "phase": "retained", "iteration": 0, "position": 0, "seconds": 0.1618409770017024, "peak_reserved_bytes": 746586112}
{"cell": "original", "method": "F16", "output_mode": "gpu_radix", "phase": "retained", "iteration": 0, "position": 1, "seconds": 0.07059172001027036, "peak_reserved_bytes": 746586112}
{"cell": "original", "method": "F16", "output_mode": "gpu_radix", "phase": "retained", "iteration": 1, "position": 0, "seconds": 0.07051480599329807, "peak_reserved_bytes": 746586112}
{"cell": "original", "method": "F16", "output_mode": "legacy", "phase": "retained", "iteration": 1, "position": 1, "seconds": 0.16123837300983723, "peak_reserved_bytes": 746586112}
{"cell": "original", "method": "F16", "output_mode": "legacy", "phase": "retained", "iteration": 2, "position": 0, "seconds": 0.16125929399277084, "peak_reserved_bytes": 746586112}
{"cell": "original", "method": "F16", "output_mode": "gpu_radix", "phase": "retained", "iteration": 2, "position": 1, "seconds": 0.07116892898920923, "peak_reserved_bytes": 746586112}
{"cell": "original", "method": "F16", "output_mode": "gpu_radix", "phase": "retained", "iteration": 3, "position": 0, "seconds": 0.07051190700440202, "peak_reserved_bytes": 746586112}
{"cell": "original", "method": "F16", "output_mode": "legacy", "phase": "retained", "iteration": 3, "position": 1, "seconds": 0.16160938701068517, "peak_reserved_bytes": 746586112}
{"cell": "original", "method": "F8", "output_mode": "gpu_radix", "phase": "warmup", "iteration": 0, "position": 0, "seconds": 0.0690049519907916, "peak_reserved_bytes": 780140544}
{"cell": "original", "method": "F8", "output_mode": "legacy", "phase": "warmup", "iteration": 0, "position": 1, "seconds": 0.1593648400012171, "peak_reserved_bytes": 780140544}
{"cell": "original", "method": "F8", "output_mode": "gpu_radix", "phase": "retained", "iteration": 0, "position": 0, "seconds": 0.06858144700527191, "peak_reserved_bytes": 780140544}
{"cell": "original", "method": "F8", "output_mode": "legacy", "phase": "retained", "iteration": 0, "position": 1, "seconds": 0.15930045099230483, "peak_reserved_bytes": 780140544}
{"cell": "original", "method": "F8", "output_mode": "legacy", "phase": "retained", "iteration": 1, "position": 0, "seconds": 0.15895152700250037, "peak_reserved_bytes": 780140544}
{"cell": "original", "method": "F8", "output_mode": "gpu_radix", "phase": "retained", "iteration": 1, "position": 1, "seconds": 0.06872481199388858, "peak_reserved_bytes": 780140544}
{"cell": "original", "method": "F8", "output_mode": "gpu_radix", "phase": "retained", "iteration": 2, "position": 0, "seconds": 0.0680102740006987, "peak_reserved_bytes": 780140544}
{"cell": "original", "method": "F8", "output_mode": "legacy", "phase": "retained", "iteration": 2, "position": 1, "seconds": 0.15944270600448363, "peak_reserved_bytes": 780140544}
{"cell": "original", "method": "F8", "output_mode": "legacy", "phase": "retained", "iteration": 3, "position": 0, "seconds": 0.15896293299738318, "peak_reserved_bytes": 780140544}
{"cell": "original", "method": "F8", "output_mode": "gpu_radix", "phase": "retained", "iteration": 3, "position": 1, "seconds": 0.06836686399765313, "peak_reserved_bytes": 780140544}
{"cell": "original", "method": "F32", "output_mode": "legacy", "phase": "warmup", "iteration": 0, "position": 0, "seconds": 0.23857760099053849, "peak_reserved_bytes": 780140544}
{"cell": "original", "method": "F32", "output_mode": "gpu_radix", "phase": "warmup", "iteration": 0, "position": 1, "seconds": 0.14716164000856224, "peak_reserved_bytes": 780140544}
{"cell": "original", "method": "F32", "output_mode": "legacy", "phase": "retained", "iteration": 0, "position": 0, "seconds": 0.2362564659997588, "peak_reserved_bytes": 780140544}
{"cell": "original", "method": "F32", "output_mode": "gpu_radix", "phase": "retained", "iteration": 0, "position": 1, "seconds": 0.14613121800357476, "peak_reserved_bytes": 780140544}
{"cell": "original", "method": "F32", "output_mode": "gpu_radix", "phase": "retained", "iteration": 1, "position": 0, "seconds": 0.1456825899949763, "peak_reserved_bytes": 780140544}
{"cell": "original", "method": "F32", "output_mode": "legacy", "phase": "retained", "iteration": 1, "position": 1, "seconds": 0.2366438669996569, "peak_reserved_bytes": 780140544}
{"cell": "original", "method": "F32", "output_mode": "legacy", "phase": "retained", "iteration": 2, "position": 0, "seconds": 0.23562451300676912, "peak_reserved_bytes": 780140544}
{"cell": "original", "method": "F32", "output_mode": "gpu_radix", "phase": "retained", "iteration": 2, "position": 1, "seconds": 0.14561754200258292, "peak_reserved_bytes": 780140544}
{"cell": "original", "method": "F32", "output_mode": "gpu_radix", "phase": "retained", "iteration": 3, "position": 0, "seconds": 0.14593531499849632, "peak_reserved_bytes": 780140544}
{"cell": "original", "method": "F32", "output_mode": "legacy", "phase": "retained", "iteration": 3, "position": 1, "seconds": 0.23643704599817283, "peak_reserved_bytes": 780140544}
{"phase": "confirm", "index": 3, "pass_": true, "calls": 180}
