COMMAND ["@TENSORJOIN_ROOT@/isaacsim6/env/bin/python", "@TENSORJOIN_ROOT@/tensorjoin_20260902_certified_exact_join/tensorjoin_20260908_output_audit/src/runner.py", "--phase", "confirm", "--index", "5"]
{"cell": "k256", "method": "F16", "output_mode": "gpu_radix", "phase": "warmup", "iteration": 0, "position": 0, "seconds": 0.5756268429977354, "peak_reserved_bytes": 1124073472}
{"cell": "k256", "method": "F16", "output_mode": "legacy", "phase": "warmup", "iteration": 0, "position": 1, "seconds": 0.5683218070043949, "peak_reserved_bytes": 1124073472}
{"cell": "k256", "method": "F16", "output_mode": "gpu_radix", "phase": "retained", "iteration": 0, "position": 0, "seconds": 0.12768281101307366, "peak_reserved_bytes": 1124073472}
{"cell": "k256", "method": "F16", "output_mode": "legacy", "phase": "retained", "iteration": 0, "position": 1, "seconds": 0.563199269992765, "peak_reserved_bytes": 1124073472}
{"cell": "k256", "method": "F16", "output_mode": "legacy", "phase": "retained", "iteration": 1, "position": 0, "seconds": 0.5641340830043191, "peak_reserved_bytes": 1124073472}
{"cell": "k256", "method": "F16", "output_mode": "gpu_radix", "phase": "retained", "iteration": 1, "position": 1, "seconds": 0.1272804839973105, "peak_reserved_bytes": 1124073472}
{"cell": "k256", "method": "F16", "output_mode": "gpu_radix", "phase": "retained", "iteration": 2, "position": 0, "seconds": 0.12618716500583105, "peak_reserved_bytes": 1124073472}
{"cell": "k256", "method": "F16", "output_mode": "legacy", "phase": "retained", "iteration": 2, "position": 1, "seconds": 0.5644466350058792, "peak_reserved_bytes": 1124073472}
{"cell": "k256", "method": "F16", "output_mode": "legacy", "phase": "retained", "iteration": 3, "position": 0, "seconds": 0.5653032609989168, "peak_reserved_bytes": 1124073472}
{"cell": "k256", "method": "F16", "output_mode": "gpu_radix", "phase": "retained", "iteration": 3, "position": 1, "seconds": 0.12925568599894177, "peak_reserved_bytes": 1124073472}
{"cell": "k256", "method": "F8", "output_mode": "legacy", "phase": "warmup", "iteration": 0, "position": 0, "seconds": 0.5777365810063202, "peak_reserved_bytes": 1124073472}
{"cell": "k256", "method": "F8", "output_mode": "gpu_radix", "phase": "warmup", "iteration": 0, "position": 1, "seconds": 0.1357439879939193, "peak_reserved_bytes": 1124073472}
{"cell": "k256", "method": "F8", "output_mode": "legacy", "phase": "retained", "iteration": 0, "position": 0, "seconds": 0.5711249360028887, "peak_reserved_bytes": 1124073472}
{"cell": "k256", "method": "F8", "output_mode": "gpu_radix", "phase": "retained", "iteration": 0, "position": 1, "seconds": 0.13388888900226448, "peak_reserved_bytes": 1124073472}
{"cell": "k256", "method": "F8", "output_mode": "gpu_radix", "phase": "retained", "iteration": 1, "position": 0, "seconds": 0.13169996200304013, "peak_reserved_bytes": 1124073472}
{"cell": "k256", "method": "F8", "output_mode": "legacy", "phase": "retained", "iteration": 1, "position": 1, "seconds": 0.568934705996071, "peak_reserved_bytes": 1124073472}
{"cell": "k256", "method": "F8", "output_mode": "legacy", "phase": "retained", "iteration": 2, "position": 0, "seconds": 0.5709508699947037, "peak_reserved_bytes": 1124073472}
{"cell": "k256", "method": "F8", "output_mode": "gpu_radix", "phase": "retained", "iteration": 2, "position": 1, "seconds": 0.13406618201406673, "peak_reserved_bytes": 1124073472}
{"cell": "k256", "method": "F8", "output_mode": "gpu_radix", "phase": "retained", "iteration": 3, "position": 0, "seconds": 0.132191235999926, "peak_reserved_bytes": 1124073472}
{"cell": "k256", "method": "F8", "output_mode": "legacy", "phase": "retained", "iteration": 3, "position": 1, "seconds": 0.5687259840051411, "peak_reserved_bytes": 1124073472}
{"cell": "k256", "method": "F32", "output_mode": "gpu_radix", "phase": "warmup", "iteration": 0, "position": 0, "seconds": 0.28686653199838474, "peak_reserved_bytes": 1124073472}
{"cell": "k256", "method": "F32", "output_mode": "legacy", "phase": "warmup", "iteration": 0, "position": 1, "seconds": 0.6526793770026416, "peak_reserved_bytes": 1124073472}
{"cell": "k256", "method": "F32", "output_mode": "gpu_radix", "phase": "retained", "iteration": 0, "position": 0, "seconds": 0.20408265099104028, "peak_reserved_bytes": 1124073472}
{"cell": "k256", "method": "F32", "output_mode": "legacy", "phase": "retained", "iteration": 0, "position": 1, "seconds": 0.6424225700029638, "peak_reserved_bytes": 1124073472}
{"cell": "k256", "method": "F32", "output_mode": "legacy", "phase": "retained", "iteration": 1, "position": 0, "seconds": 0.744899812998483, "peak_reserved_bytes": 1124073472}
{"cell": "k256", "method": "F32", "output_mode": "gpu_radix", "phase": "retained", "iteration": 1, "position": 1, "seconds": 0.20331879099830985, "peak_reserved_bytes": 1124073472}
{"cell": "k256", "method": "F32", "output_mode": "gpu_radix", "phase": "retained", "iteration": 2, "position": 0, "seconds": 0.2014676669932669, "peak_reserved_bytes": 1124073472}
{"cell": "k256", "method": "F32", "output_mode": "legacy", "phase": "retained", "iteration": 2, "position": 1, "seconds": 0.6458357609953964, "peak_reserved_bytes": 1124073472}
{"cell": "k256", "method": "F32", "output_mode": "legacy", "phase": "retained", "iteration": 3, "position": 0, "seconds": 0.6479430769977625, "peak_reserved_bytes": 1124073472}
{"cell": "k256", "method": "F32", "output_mode": "gpu_radix", "phase": "retained", "iteration": 3, "position": 1, "seconds": 0.2028218810010003, "peak_reserved_bytes": 1124073472}
{"cell": "original", "method": "F32", "output_mode": "legacy", "phase": "warmup", "iteration": 0, "position": 0, "seconds": 0.23680080400663428, "peak_reserved_bytes": 482344960}
{"cell": "original", "method": "F32", "output_mode": "gpu_radix", "phase": "warmup", "iteration": 0, "position": 1, "seconds": 0.1499533780006459, "peak_reserved_bytes": 616562688}
{"cell": "original", "method": "F32", "output_mode": "legacy", "phase": "retained", "iteration": 0, "position": 0, "seconds": 0.24012445998960175, "peak_reserved_bytes": 616562688}
{"cell": "original", "method": "F32", "output_mode": "gpu_radix", "phase": "retained", "iteration": 0, "position": 1, "seconds": 0.14786852500401437, "peak_reserved_bytes": 616562688}
{"cell": "original", "method": "F32", "output_mode": "gpu_radix", "phase": "retained", "iteration": 1, "position": 0, "seconds": 0.14652242200099863, "peak_reserved_bytes": 616562688}
{"cell": "original", "method": "F32", "output_mode": "legacy", "phase": "retained", "iteration": 1, "position": 1, "seconds": 0.23782091699831653, "peak_reserved_bytes": 616562688}
{"cell": "original", "method": "F32", "output_mode": "legacy", "phase": "retained", "iteration": 2, "position": 0, "seconds": 0.23818916900199838, "peak_reserved_bytes": 616562688}
{"cell": "original", "method": "F32", "output_mode": "gpu_radix", "phase": "retained", "iteration": 2, "position": 1, "seconds": 0.1468492660060292, "peak_reserved_bytes": 616562688}
{"cell": "original", "method": "F32", "output_mode": "gpu_radix", "phase": "retained", "iteration": 3, "position": 0, "seconds": 0.14600558100210037, "peak_reserved_bytes": 616562688}
{"cell": "original", "method": "F32", "output_mode": "legacy", "phase": "retained", "iteration": 3, "position": 1, "seconds": 0.23760252801002935, "peak_reserved_bytes": 616562688}
{"cell": "original", "method": "F16", "output_mode": "gpu_radix", "phase": "warmup", "iteration": 0, "position": 0, "seconds": 0.07747311600542162, "peak_reserved_bytes": 750780416}
{"cell": "original", "method": "F16", "output_mode": "legacy", "phase": "warmup", "iteration": 0, "position": 1, "seconds": 0.16397729600430466, "peak_reserved_bytes": 750780416}
{"cell": "original", "method": "F16", "output_mode": "gpu_radix", "phase": "retained", "iteration": 0, "position": 0, "seconds": 0.07176538500061724, "peak_reserved_bytes": 750780416}
{"cell": "original", "method": "F16", "output_mode": "legacy", "phase": "retained", "iteration": 0, "position": 1, "seconds": 0.16210579199832864, "peak_reserved_bytes": 750780416}
{"cell": "original", "method": "F16", "output_mode": "legacy", "phase": "retained", "iteration": 1, "position": 0, "seconds": 0.1621563339867862, "peak_reserved_bytes": 750780416}
{"cell": "original", "method": "F16", "output_mode": "gpu_radix", "phase": "retained", "iteration": 1, "position": 1, "seconds": 0.0720135349984048, "peak_reserved_bytes": 750780416}
{"cell": "original", "method": "F16", "output_mode": "gpu_radix", "phase": "retained", "iteration": 2, "position": 0, "seconds": 0.07159462300478481, "peak_reserved_bytes": 750780416}
{"cell": "original", "method": "F16", "output_mode": "legacy", "phase": "retained", "iteration": 2, "position": 1, "seconds": 0.16177957599575166, "peak_reserved_bytes": 750780416}
{"cell": "original", "method": "F16", "output_mode": "legacy", "phase": "retained", "iteration": 3, "position": 0, "seconds": 0.16185955800756346, "peak_reserved_bytes": 750780416}
{"cell": "original", "method": "F16", "output_mode": "gpu_radix", "phase": "retained", "iteration": 3, "position": 1, "seconds": 0.07180471000901889, "peak_reserved_bytes": 750780416}
{"cell": "original", "method": "F8", "output_mode": "legacy", "phase": "warmup", "iteration": 0, "position": 0, "seconds": 0.16172556299716234, "peak_reserved_bytes": 750780416}
{"cell": "original", "method": "F8", "output_mode": "gpu_radix", "phase": "warmup", "iteration": 0, "position": 1, "seconds": 0.06990968000900466, "peak_reserved_bytes": 750780416}
{"cell": "original", "method": "F8", "output_mode": "legacy", "phase": "retained", "iteration": 0, "position": 0, "seconds": 0.15983883599983528, "peak_reserved_bytes": 750780416}
{"cell": "original", "method": "F8", "output_mode": "gpu_radix", "phase": "retained", "iteration": 0, "position": 1, "seconds": 0.06929732499702368, "peak_reserved_bytes": 750780416}
{"cell": "original", "method": "F8", "output_mode": "gpu_radix", "phase": "retained", "iteration": 1, "position": 0, "seconds": 0.06965014500019606, "peak_reserved_bytes": 750780416}
{"cell": "original", "method": "F8", "output_mode": "legacy", "phase": "retained", "iteration": 1, "position": 1, "seconds": 0.15929211700859014, "peak_reserved_bytes": 750780416}
{"cell": "original", "method": "F8", "output_mode": "legacy", "phase": "retained", "iteration": 2, "position": 0, "seconds": 0.16353234599228017, "peak_reserved_bytes": 750780416}
{"cell": "original", "method": "F8", "output_mode": "gpu_radix", "phase": "retained", "iteration": 2, "position": 1, "seconds": 0.07011856400640681, "peak_reserved_bytes": 750780416}
{"cell": "original", "method": "F8", "output_mode": "gpu_radix", "phase": "retained", "iteration": 3, "position": 0, "seconds": 0.06920665499637835, "peak_reserved_bytes": 750780416}
{"cell": "original", "method": "F8", "output_mode": "legacy", "phase": "retained", "iteration": 3, "position": 1, "seconds": 0.16056046799349133, "peak_reserved_bytes": 750780416}
{"cell": "k64", "method": "F8", "output_mode": "gpu_radix", "phase": "warmup", "iteration": 0, "position": 0, "seconds": 0.07238261098973453, "peak_reserved_bytes": 740294656}
{"cell": "k64", "method": "F8", "output_mode": "legacy", "phase": "warmup", "iteration": 0, "position": 1, "seconds": 0.1584234070032835, "peak_reserved_bytes": 740294656}
{"cell": "k64", "method": "F8", "output_mode": "gpu_radix", "phase": "retained", "iteration": 0, "position": 0, "seconds": 0.06949679600074887, "peak_reserved_bytes": 740294656}
{"cell": "k64", "method": "F8", "output_mode": "legacy", "phase": "retained", "iteration": 0, "position": 1, "seconds": 0.1570532670011744, "peak_reserved_bytes": 740294656}
{"cell": "k64", "method": "F8", "output_mode": "legacy", "phase": "retained", "iteration": 1, "position": 0, "seconds": 0.15612607999355532, "peak_reserved_bytes": 740294656}
{"cell": "k64", "method": "F8", "output_mode": "gpu_radix", "phase": "retained", "iteration": 1, "position": 1, "seconds": 0.06937781200394966, "peak_reserved_bytes": 740294656}
{"cell": "k64", "method": "F8", "output_mode": "gpu_radix", "phase": "retained", "iteration": 2, "position": 0, "seconds": 0.06881521899776999, "peak_reserved_bytes": 740294656}
{"cell": "k64", "method": "F8", "output_mode": "legacy", "phase": "retained", "iteration": 2, "position": 1, "seconds": 0.15714628300338518, "peak_reserved_bytes": 740294656}
{"cell": "k64", "method": "F8", "output_mode": "legacy", "phase": "retained", "iteration": 3, "position": 0, "seconds": 0.15648009999131318, "peak_reserved_bytes": 740294656}
{"cell": "k64", "method": "F8", "output_mode": "gpu_radix", "phase": "retained", "iteration": 3, "position": 1, "seconds": 0.06906249800522346, "peak_reserved_bytes": 740294656}
{"cell": "k64", "method": "F32", "output_mode": "legacy", "phase": "warmup", "iteration": 0, "position": 0, "seconds": 0.23623257399594877, "peak_reserved_bytes": 740294656}
{"cell": "k64", "method": "F32", "output_mode": "gpu_radix", "phase": "warmup", "iteration": 0, "position": 1, "seconds": 0.1472992740018526, "peak_reserved_bytes": 742391808}
{"cell": "k64", "method": "F32", "output_mode": "legacy", "phase": "retained", "iteration": 0, "position": 0, "seconds": 0.2265178669913439, "peak_reserved_bytes": 742391808}
{"cell": "k64", "method": "F32", "output_mode": "gpu_radix", "phase": "retained", "iteration": 0, "position": 1, "seconds": 0.147150042001158, "peak_reserved_bytes": 742391808}
{"cell": "k64", "method": "F32", "output_mode": "gpu_radix", "phase": "retained", "iteration": 1, "position": 0, "seconds": 0.13169777698931284, "peak_reserved_bytes": 742391808}
{"cell": "k64", "method": "F32", "output_mode": "legacy", "phase": "retained", "iteration": 1, "position": 1, "seconds": 0.22487649400136434, "peak_reserved_bytes": 742391808}
{"cell": "k64", "method": "F32", "output_mode": "legacy", "phase": "retained", "iteration": 2, "position": 0, "seconds": 0.2343208239908563, "peak_reserved_bytes": 742391808}
{"cell": "k64", "method": "F32", "output_mode": "gpu_radix", "phase": "retained", "iteration": 2, "position": 1, "seconds": 0.14679496899771038, "peak_reserved_bytes": 742391808}
{"cell": "k64", "method": "F32", "output_mode": "gpu_radix", "phase": "retained", "iteration": 3, "position": 0, "seconds": 0.13152092299424112, "peak_reserved_bytes": 742391808}
{"cell": "k64", "method": "F32", "output_mode": "legacy", "phase": "retained", "iteration": 3, "position": 1, "seconds": 0.2257776299957186, "peak_reserved_bytes": 742391808}
{"cell": "k64", "method": "F16", "output_mode": "gpu_radix", "phase": "warmup", "iteration": 0, "position": 0, "seconds": 0.07510922999063041, "peak_reserved_bytes": 876609536}
{"cell": "k64", "method": "F16", "output_mode": "legacy", "phase": "warmup", "iteration": 0, "position": 1, "seconds": 0.15115158499975223, "peak_reserved_bytes": 876609536}
{"cell": "k64", "method": "F16", "output_mode": "gpu_radix", "phase": "retained", "iteration": 0, "position": 0, "seconds": 0.07074137499148492, "peak_reserved_bytes": 876609536}
{"cell": "k64", "method": "F16", "output_mode": "legacy", "phase": "retained", "iteration": 0, "position": 1, "seconds": 0.149681701004738, "peak_reserved_bytes": 876609536}
{"cell": "k64", "method": "F16", "output_mode": "legacy", "phase": "retained", "iteration": 1, "position": 0, "seconds": 0.1583557429985376, "peak_reserved_bytes": 876609536}
{"cell": "k64", "method": "F16", "output_mode": "gpu_radix", "phase": "retained", "iteration": 1, "position": 1, "seconds": 0.0710008150053909, "peak_reserved_bytes": 876609536}
{"cell": "k64", "method": "F16", "output_mode": "gpu_radix", "phase": "retained", "iteration": 2, "position": 0, "seconds": 0.05674122300115414, "peak_reserved_bytes": 876609536}
{"cell": "k64", "method": "F16", "output_mode": "legacy", "phase": "retained", "iteration": 2, "position": 1, "seconds": 0.1504014110105345, "peak_reserved_bytes": 876609536}
{"cell": "k64", "method": "F16", "output_mode": "legacy", "phase": "retained", "iteration": 3, "position": 0, "seconds": 0.15903707600955386, "peak_reserved_bytes": 876609536}
{"cell": "k64", "method": "F16", "output_mode": "gpu_radix", "phase": "retained", "iteration": 3, "position": 1, "seconds": 0.07085755800653715, "peak_reserved_bytes": 876609536}
{"cell": "k16", "method": "F16", "output_mode": "legacy", "phase": "warmup", "iteration": 0, "position": 0, "seconds": 0.08077488100389019, "peak_reserved_bytes": 612368384}
{"cell": "k16", "method": "F16", "output_mode": "gpu_radix", "phase": "warmup", "iteration": 0, "position": 1, "seconds": 0.05464941500395071, "peak_reserved_bytes": 637534208}
{"cell": "k16", "method": "F16", "output_mode": "legacy", "phase": "retained", "iteration": 0, "position": 0, "seconds": 0.07499531999928877, "peak_reserved_bytes": 637534208}
{"cell": "k16", "method": "F16", "output_mode": "gpu_radix", "phase": "retained", "iteration": 0, "position": 1, "seconds": 0.0537893900036579, "peak_reserved_bytes": 637534208}
{"cell": "k16", "method": "F16", "output_mode": "gpu_radix", "phase": "retained", "iteration": 1, "position": 0, "seconds": 0.05363618099363521, "peak_reserved_bytes": 637534208}
{"cell": "k16", "method": "F16", "output_mode": "legacy", "phase": "retained", "iteration": 1, "position": 1, "seconds": 0.07492879300843924, "peak_reserved_bytes": 637534208}
{"cell": "k16", "method": "F16", "output_mode": "legacy", "phase": "retained", "iteration": 2, "position": 0, "seconds": 0.07481679299962707, "peak_reserved_bytes": 637534208}
{"cell": "k16", "method": "F16", "output_mode": "gpu_radix", "phase": "retained", "iteration": 2, "position": 1, "seconds": 0.05362863799382467, "peak_reserved_bytes": 637534208}
{"cell": "k16", "method": "F16", "output_mode": "gpu_radix", "phase": "retained", "iteration": 3, "position": 0, "seconds": 0.05367630399996415, "peak_reserved_bytes": 637534208}
{"cell": "k16", "method": "F16", "output_mode": "legacy", "phase": "retained", "iteration": 3, "position": 1, "seconds": 0.07477775700681377, "peak_reserved_bytes": 637534208}
{"cell": "k16", "method": "F8", "output_mode": "gpu_radix", "phase": "warmup", "iteration": 0, "position": 0, "seconds": 0.04897896100010257, "peak_reserved_bytes": 637534208}
{"cell": "k16", "method": "F8", "output_mode": "legacy", "phase": "warmup", "iteration": 0, "position": 1, "seconds": 0.06969705899246037, "peak_reserved_bytes": 637534208}
{"cell": "k16", "method": "F8", "output_mode": "gpu_radix", "phase": "retained", "iteration": 0, "position": 0, "seconds": 0.04886555499979295, "peak_reserved_bytes": 637534208}
{"cell": "k16", "method": "F8", "output_mode": "legacy", "phase": "retained", "iteration": 0, "position": 1, "seconds": 0.06999955300125293, "peak_reserved_bytes": 637534208}
{"cell": "k16", "method": "F8", "output_mode": "legacy", "phase": "retained", "iteration": 1, "position": 0, "seconds": 0.07022339700779412, "peak_reserved_bytes": 637534208}
{"cell": "k16", "method": "F8", "output_mode": "gpu_radix", "phase": "retained", "iteration": 1, "position": 1, "seconds": 0.048637190004228614, "peak_reserved_bytes": 637534208}
{"cell": "k16", "method": "F8", "output_mode": "gpu_radix", "phase": "retained", "iteration": 2, "position": 0, "seconds": 0.04882900099619292, "peak_reserved_bytes": 637534208}
{"cell": "k16", "method": "F8", "output_mode": "legacy", "phase": "retained", "iteration": 2, "position": 1, "seconds": 0.06978782899386715, "peak_reserved_bytes": 637534208}
{"cell": "k16", "method": "F8", "output_mode": "legacy", "phase": "retained", "iteration": 3, "position": 0, "seconds": 0.07012236000446137, "peak_reserved_bytes": 637534208}
{"cell": "k16", "method": "F8", "output_mode": "gpu_radix", "phase": "retained", "iteration": 3, "position": 1, "seconds": 0.04861793699092232, "peak_reserved_bytes": 637534208}
{"cell": "k16", "method": "F32", "output_mode": "legacy", "phase": "warmup", "iteration": 0, "position": 0, "seconds": 0.15022852300899103, "peak_reserved_bytes": 637534208}
{"cell": "k16", "method": "F32", "output_mode": "gpu_radix", "phase": "warmup", "iteration": 0, "position": 1, "seconds": 0.12797377399692778, "peak_reserved_bytes": 637534208}
{"cell": "k16", "method": "F32", "output_mode": "legacy", "phase": "retained", "iteration": 0, "position": 0, "seconds": 0.1496258970000781, "peak_reserved_bytes": 637534208}
{"cell": "k16", "method": "F32", "output_mode": "gpu_radix", "phase": "retained", "iteration": 0, "position": 1, "seconds": 0.1282998420065269, "peak_reserved_bytes": 637534208}
{"cell": "k16", "method": "F32", "output_mode": "gpu_radix", "phase": "retained", "iteration": 1, "position": 0, "seconds": 0.12830436500371434, "peak_reserved_bytes": 637534208}
{"cell": "k16", "method": "F32", "output_mode": "legacy", "phase": "retained", "iteration": 1, "position": 1, "seconds": 0.1510716689954279, "peak_reserved_bytes": 637534208}
{"cell": "k16", "method": "F32", "output_mode": "legacy", "phase": "retained", "iteration": 2, "position": 0, "seconds": 0.1518792620045133, "peak_reserved_bytes": 637534208}
{"cell": "k16", "method": "F32", "output_mode": "gpu_radix", "phase": "retained", "iteration": 2, "position": 1, "seconds": 0.12958402899676003, "peak_reserved_bytes": 637534208}
{"cell": "k16", "method": "F32", "output_mode": "gpu_radix", "phase": "retained", "iteration": 3, "position": 0, "seconds": 0.12908466800581664, "peak_reserved_bytes": 637534208}
{"cell": "k16", "method": "F32", "output_mode": "legacy", "phase": "retained", "iteration": 3, "position": 1, "seconds": 0.15193207400443498, "peak_reserved_bytes": 637534208}
{"cell": "k4", "method": "F32", "output_mode": "gpu_radix", "phase": "warmup", "iteration": 0, "position": 0, "seconds": 0.13066617799631786, "peak_reserved_bytes": 484442112}
{"cell": "k4", "method": "F32", "output_mode": "legacy", "phase": "warmup", "iteration": 0, "position": 1, "seconds": 0.13555987499421462, "peak_reserved_bytes": 484442112}
{"cell": "k4", "method": "F32", "output_mode": "gpu_radix", "phase": "retained", "iteration": 0, "position": 0, "seconds": 0.12776973300788086, "peak_reserved_bytes": 484442112}
{"cell": "k4", "method": "F32", "output_mode": "legacy", "phase": "retained", "iteration": 0, "position": 1, "seconds": 0.13560832700750325, "peak_reserved_bytes": 484442112}
{"cell": "k4", "method": "F32", "output_mode": "legacy", "phase": "retained", "iteration": 1, "position": 0, "seconds": 0.1357299579976825, "peak_reserved_bytes": 484442112}
{"cell": "k4", "method": "F32", "output_mode": "gpu_radix", "phase": "retained", "iteration": 1, "position": 1, "seconds": 0.12832357999286614, "peak_reserved_bytes": 484442112}
{"cell": "k4", "method": "F32", "output_mode": "gpu_radix", "phase": "retained", "iteration": 2, "position": 0, "seconds": 0.12777816300513223, "peak_reserved_bytes": 484442112}
{"cell": "k4", "method": "F32", "output_mode": "legacy", "phase": "retained", "iteration": 2, "position": 1, "seconds": 0.1361154360056389, "peak_reserved_bytes": 484442112}
{"cell": "k4", "method": "F32", "output_mode": "legacy", "phase": "retained", "iteration": 3, "position": 0, "seconds": 0.13517795399820898, "peak_reserved_bytes": 484442112}
{"cell": "k4", "method": "F32", "output_mode": "gpu_radix", "phase": "retained", "iteration": 3, "position": 1, "seconds": 0.1275967639958253, "peak_reserved_bytes": 484442112}
{"cell": "k4", "method": "F16", "output_mode": "legacy", "phase": "warmup", "iteration": 0, "position": 0, "seconds": 0.06227578700054437, "peak_reserved_bytes": 618659840}
{"cell": "k4", "method": "F16", "output_mode": "gpu_radix", "phase": "warmup", "iteration": 0, "position": 1, "seconds": 0.0523858330125222, "peak_reserved_bytes": 618659840}
{"cell": "k4", "method": "F16", "output_mode": "legacy", "phase": "retained", "iteration": 0, "position": 0, "seconds": 0.05976857300265692, "peak_reserved_bytes": 618659840}
{"cell": "k4", "method": "F16", "output_mode": "gpu_radix", "phase": "retained", "iteration": 0, "position": 1, "seconds": 0.051177809000364505, "peak_reserved_bytes": 618659840}
{"cell": "k4", "method": "F16", "output_mode": "gpu_radix", "phase": "retained", "iteration": 1, "position": 0, "seconds": 0.050507152001955546, "peak_reserved_bytes": 618659840}
{"cell": "k4", "method": "F16", "output_mode": "legacy", "phase": "retained", "iteration": 1, "position": 1, "seconds": 0.05749640500289388, "peak_reserved_bytes": 618659840}
{"cell": "k4", "method": "F16", "output_mode": "legacy", "phase": "retained", "iteration": 2, "position": 0, "seconds": 0.05765100299322512, "peak_reserved_bytes": 618659840}
{"cell": "k4", "method": "F16", "output_mode": "gpu_radix", "phase": "retained", "iteration": 2, "position": 1, "seconds": 0.05041034199530259, "peak_reserved_bytes": 618659840}
{"cell": "k4", "method": "F16", "output_mode": "gpu_radix", "phase": "retained", "iteration": 3, "position": 0, "seconds": 0.049887104993104, "peak_reserved_bytes": 618659840}
{"cell": "k4", "method": "F16", "output_mode": "legacy", "phase": "retained", "iteration": 3, "position": 1, "seconds": 0.056995142993400805, "peak_reserved_bytes": 618659840}
{"cell": "k4", "method": "F8", "output_mode": "gpu_radix", "phase": "warmup", "iteration": 0, "position": 0, "seconds": 0.04532469200785272, "peak_reserved_bytes": 618659840}
{"cell": "k4", "method": "F8", "output_mode": "legacy", "phase": "warmup", "iteration": 0, "position": 1, "seconds": 0.0526271650014678, "peak_reserved_bytes": 618659840}
{"cell": "k4", "method": "F8", "output_mode": "gpu_radix", "phase": "retained", "iteration": 0, "position": 0, "seconds": 0.04531614400912076, "peak_reserved_bytes": 618659840}
{"cell": "k4", "method": "F8", "output_mode": "legacy", "phase": "retained", "iteration": 0, "position": 1, "seconds": 0.05220069699862506, "peak_reserved_bytes": 618659840}
{"cell": "k4", "method": "F8", "output_mode": "legacy", "phase": "retained", "iteration": 1, "position": 0, "seconds": 0.05255630599276628, "peak_reserved_bytes": 618659840}
{"cell": "k4", "method": "F8", "output_mode": "gpu_radix", "phase": "retained", "iteration": 1, "position": 1, "seconds": 0.04520964701077901, "peak_reserved_bytes": 618659840}
{"cell": "k4", "method": "F8", "output_mode": "gpu_radix", "phase": "retained", "iteration": 2, "position": 0, "seconds": 0.04546185699291527, "peak_reserved_bytes": 618659840}
{"cell": "k4", "method": "F8", "output_mode": "legacy", "phase": "retained", "iteration": 2, "position": 1, "seconds": 0.05237408100219909, "peak_reserved_bytes": 618659840}
{"cell": "k4", "method": "F8", "output_mode": "legacy", "phase": "retained", "iteration": 3, "position": 0, "seconds": 0.05229589399823453, "peak_reserved_bytes": 618659840}
{"cell": "k4", "method": "F8", "output_mode": "gpu_radix", "phase": "retained", "iteration": 3, "position": 1, "seconds": 0.045550169990747236, "peak_reserved_bytes": 618659840}
{"cell": "k1024", "method": "F8", "output_mode": "legacy", "phase": "warmup", "iteration": 0, "position": 0, "seconds": 2.3387498060037615, "peak_reserved_bytes": 612368384}
{"cell": "k1024", "method": "F8", "output_mode": "gpu_radix", "phase": "warmup", "iteration": 0, "position": 1, "seconds": 0.4499982459965395, "peak_reserved_bytes": 2600468480}
{"cell": "k1024", "method": "F8", "output_mode": "legacy", "phase": "retained", "iteration": 0, "position": 0, "seconds": 2.336034423991805, "peak_reserved_bytes": 2600468480}
{"cell": "k1024", "method": "F8", "output_mode": "gpu_radix", "phase": "retained", "iteration": 0, "position": 1, "seconds": 0.37957973800075706, "peak_reserved_bytes": 2600468480}
{"cell": "k1024", "method": "F8", "output_mode": "gpu_radix", "phase": "retained", "iteration": 1, "position": 0, "seconds": 0.4036170809995383, "peak_reserved_bytes": 2600468480}
{"cell": "k1024", "method": "F8", "output_mode": "legacy", "phase": "retained", "iteration": 1, "position": 1, "seconds": 2.3304336159926606, "peak_reserved_bytes": 2600468480}
{"cell": "k1024", "method": "F8", "output_mode": "legacy", "phase": "retained", "iteration": 2, "position": 0, "seconds": 2.327711937992717, "peak_reserved_bytes": 2600468480}
{"cell": "k1024", "method": "F8", "output_mode": "gpu_radix", "phase": "retained", "iteration": 2, "position": 1, "seconds": 0.38142475300992373, "peak_reserved_bytes": 2600468480}
{"cell": "k1024", "method": "F8", "output_mode": "gpu_radix", "phase": "retained", "iteration": 3, "position": 0, "seconds": 0.3789120620058384, "peak_reserved_bytes": 2600468480}
{"cell": "k1024", "method": "F8", "output_mode": "legacy", "phase": "retained", "iteration": 3, "position": 1, "seconds": 2.389692095995997, "peak_reserved_bytes": 2600468480}
{"cell": "k1024", "method": "F32", "output_mode": "gpu_radix", "phase": "warmup", "iteration": 0, "position": 0, "seconds": 0.41993691699462943, "peak_reserved_bytes": 2600468480}
{"cell": "k1024", "method": "F32", "output_mode": "legacy", "phase": "warmup", "iteration": 0, "position": 1, "seconds": 2.408717929996783, "peak_reserved_bytes": 2600468480}
{"cell": "k1024", "method": "F32", "output_mode": "gpu_radix", "phase": "retained", "iteration": 0, "position": 0, "seconds": 0.41969717599567957, "peak_reserved_bytes": 2600468480}
{"cell": "k1024", "method": "F32", "output_mode": "legacy", "phase": "retained", "iteration": 0, "position": 1, "seconds": 2.4100127080018865, "peak_reserved_bytes": 2600468480}
{"cell": "k1024", "method": "F32", "output_mode": "legacy", "phase": "retained", "iteration": 1, "position": 0, "seconds": 2.4137050830031512, "peak_reserved_bytes": 2600468480}
{"cell": "k1024", "method": "F32", "output_mode": "gpu_radix", "phase": "retained", "iteration": 1, "position": 1, "seconds": 0.4203237559995614, "peak_reserved_bytes": 2600468480}
{"cell": "k1024", "method": "F32", "output_mode": "gpu_radix", "phase": "retained", "iteration": 2, "position": 0, "seconds": 0.4164745029993355, "peak_reserved_bytes": 2600468480}
{"cell": "k1024", "method": "F32", "output_mode": "legacy", "phase": "retained", "iteration": 2, "position": 1, "seconds": 2.4189040959900012, "peak_reserved_bytes": 2600468480}
{"cell": "k1024", "method": "F32", "output_mode": "legacy", "phase": "retained", "iteration": 3, "position": 0, "seconds": 2.4104475259955507, "peak_reserved_bytes": 2600468480}
{"cell": "k1024", "method": "F32", "output_mode": "gpu_radix", "phase": "retained", "iteration": 3, "position": 1, "seconds": 0.4224249319959199, "peak_reserved_bytes": 2600468480}
{"cell": "k1024", "method": "F16", "output_mode": "legacy", "phase": "warmup", "iteration": 0, "position": 0, "seconds": 2.293797637001262, "peak_reserved_bytes": 2600468480}
{"cell": "k1024", "method": "F16", "output_mode": "gpu_radix", "phase": "warmup", "iteration": 0, "position": 1, "seconds": 0.3440855650114827, "peak_reserved_bytes": 2600468480}
{"cell": "k1024", "method": "F16", "output_mode": "legacy", "phase": "retained", "iteration": 0, "position": 0, "seconds": 2.3016257749986835, "peak_reserved_bytes": 2600468480}
{"cell": "k1024", "method": "F16", "output_mode": "gpu_radix", "phase": "retained", "iteration": 0, "position": 1, "seconds": 0.34457093600940425, "peak_reserved_bytes": 2600468480}
{"cell": "k1024", "method": "F16", "output_mode": "gpu_radix", "phase": "retained", "iteration": 1, "position": 0, "seconds": 0.34222271300677676, "peak_reserved_bytes": 2600468480}
{"cell": "k1024", "method": "F16", "output_mode": "legacy", "phase": "retained", "iteration": 1, "position": 1, "seconds": 2.300166643006378, "peak_reserved_bytes": 2600468480}
{"cell": "k1024", "method": "F16", "output_mode": "legacy", "phase": "retained", "iteration": 2, "position": 0, "seconds": 2.3037763939937577, "peak_reserved_bytes": 2600468480}
{"cell": "k1024", "method": "F16", "output_mode": "gpu_radix", "phase": "retained", "iteration": 2, "position": 1, "seconds": 0.34565474999544676, "peak_reserved_bytes": 2600468480}
{"cell": "k1024", "method": "F16", "output_mode": "gpu_radix", "phase": "retained", "iteration": 3, "position": 0, "seconds": 0.3427161699946737, "peak_reserved_bytes": 2600468480}
{"cell": "k1024", "method": "F16", "output_mode": "legacy", "phase": "retained", "iteration": 3, "position": 1, "seconds": 2.2981103820056887, "peak_reserved_bytes": 2600468480}
{"phase": "confirm", "index": 5, "pass_": true, "calls": 180}
