COMMAND ["@TENSORJOIN_ROOT@/isaacsim6/env/bin/python", "@TENSORJOIN_ROOT@/tensorjoin_20260902_certified_exact_join/tensorjoin_20260908_output_audit/src/runner.py", "--phase", "confirm", "--index", "4"]
{"cell": "k256", "method": "F16", "output_mode": "legacy", "phase": "warmup", "iteration": 0, "position": 0, "seconds": 1.0077172919991426, "peak_reserved_bytes": 612368384}
{"cell": "k256", "method": "F16", "output_mode": "gpu_radix", "phase": "warmup", "iteration": 0, "position": 1, "seconds": 0.13874981499975547, "peak_reserved_bytes": 1124073472}
{"cell": "k256", "method": "F16", "output_mode": "legacy", "phase": "retained", "iteration": 0, "position": 0, "seconds": 0.5687129440048011, "peak_reserved_bytes": 1124073472}
{"cell": "k256", "method": "F16", "output_mode": "gpu_radix", "phase": "retained", "iteration": 0, "position": 1, "seconds": 0.13221927799168043, "peak_reserved_bytes": 1124073472}
{"cell": "k256", "method": "F16", "output_mode": "gpu_radix", "phase": "retained", "iteration": 1, "position": 0, "seconds": 0.1282485749979969, "peak_reserved_bytes": 1124073472}
{"cell": "k256", "method": "F16", "output_mode": "legacy", "phase": "retained", "iteration": 1, "position": 1, "seconds": 0.5669170809997013, "peak_reserved_bytes": 1124073472}
{"cell": "k256", "method": "F16", "output_mode": "legacy", "phase": "retained", "iteration": 2, "position": 0, "seconds": 0.5683500809973339, "peak_reserved_bytes": 1124073472}
{"cell": "k256", "method": "F16", "output_mode": "gpu_radix", "phase": "retained", "iteration": 2, "position": 1, "seconds": 0.12927002400101628, "peak_reserved_bytes": 1124073472}
{"cell": "k256", "method": "F16", "output_mode": "gpu_radix", "phase": "retained", "iteration": 3, "position": 0, "seconds": 0.1271303030080162, "peak_reserved_bytes": 1124073472}
{"cell": "k256", "method": "F16", "output_mode": "legacy", "phase": "retained", "iteration": 3, "position": 1, "seconds": 0.563721037004143, "peak_reserved_bytes": 1124073472}
{"cell": "k256", "method": "F32", "output_mode": "gpu_radix", "phase": "warmup", "iteration": 0, "position": 0, "seconds": 0.28576978399360087, "peak_reserved_bytes": 1124073472}
{"cell": "k256", "method": "F32", "output_mode": "legacy", "phase": "warmup", "iteration": 0, "position": 1, "seconds": 0.6496441539929947, "peak_reserved_bytes": 1124073472}
{"cell": "k256", "method": "F32", "output_mode": "gpu_radix", "phase": "retained", "iteration": 0, "position": 0, "seconds": 0.20336917699023616, "peak_reserved_bytes": 1124073472}
{"cell": "k256", "method": "F32", "output_mode": "legacy", "phase": "retained", "iteration": 0, "position": 1, "seconds": 0.6435882289952133, "peak_reserved_bytes": 1124073472}
{"cell": "k256", "method": "F32", "output_mode": "legacy", "phase": "retained", "iteration": 1, "position": 0, "seconds": 0.6424579049926251, "peak_reserved_bytes": 1124073472}
{"cell": "k256", "method": "F32", "output_mode": "gpu_radix", "phase": "retained", "iteration": 1, "position": 1, "seconds": 0.20387230900814757, "peak_reserved_bytes": 1124073472}
{"cell": "k256", "method": "F32", "output_mode": "gpu_radix", "phase": "retained", "iteration": 2, "position": 0, "seconds": 0.20261888099776115, "peak_reserved_bytes": 1124073472}
{"cell": "k256", "method": "F32", "output_mode": "legacy", "phase": "retained", "iteration": 2, "position": 1, "seconds": 0.644059066005866, "peak_reserved_bytes": 1124073472}
{"cell": "k256", "method": "F32", "output_mode": "legacy", "phase": "retained", "iteration": 3, "position": 0, "seconds": 0.6413854100101162, "peak_reserved_bytes": 1124073472}
{"cell": "k256", "method": "F32", "output_mode": "gpu_radix", "phase": "retained", "iteration": 3, "position": 1, "seconds": 0.20643946700147353, "peak_reserved_bytes": 1124073472}
{"cell": "k256", "method": "F8", "output_mode": "legacy", "phase": "warmup", "iteration": 0, "position": 0, "seconds": 0.5801102099940181, "peak_reserved_bytes": 1124073472}
{"cell": "k256", "method": "F8", "output_mode": "gpu_radix", "phase": "warmup", "iteration": 0, "position": 1, "seconds": 0.1364348310016794, "peak_reserved_bytes": 1124073472}
{"cell": "k256", "method": "F8", "output_mode": "legacy", "phase": "retained", "iteration": 0, "position": 0, "seconds": 0.5696691359917168, "peak_reserved_bytes": 1124073472}
{"cell": "k256", "method": "F8", "output_mode": "gpu_radix", "phase": "retained", "iteration": 0, "position": 1, "seconds": 0.1337903189996723, "peak_reserved_bytes": 1124073472}
{"cell": "k256", "method": "F8", "output_mode": "gpu_radix", "phase": "retained", "iteration": 1, "position": 0, "seconds": 0.13249949700548314, "peak_reserved_bytes": 1124073472}
{"cell": "k256", "method": "F8", "output_mode": "legacy", "phase": "retained", "iteration": 1, "position": 1, "seconds": 0.5656248329905793, "peak_reserved_bytes": 1124073472}
{"cell": "k256", "method": "F8", "output_mode": "legacy", "phase": "retained", "iteration": 2, "position": 0, "seconds": 0.5705720960104372, "peak_reserved_bytes": 1124073472}
{"cell": "k256", "method": "F8", "output_mode": "gpu_radix", "phase": "retained", "iteration": 2, "position": 1, "seconds": 0.13334105399553664, "peak_reserved_bytes": 1124073472}
{"cell": "k256", "method": "F8", "output_mode": "gpu_radix", "phase": "retained", "iteration": 3, "position": 0, "seconds": 0.1324198329966748, "peak_reserved_bytes": 1124073472}
{"cell": "k256", "method": "F8", "output_mode": "legacy", "phase": "retained", "iteration": 3, "position": 1, "seconds": 0.5666321109893033, "peak_reserved_bytes": 1124073472}
{"cell": "k1024", "method": "F32", "output_mode": "gpu_radix", "phase": "warmup", "iteration": 0, "position": 0, "seconds": 0.42996443700394593, "peak_reserved_bytes": 2470445056}
{"cell": "k1024", "method": "F32", "output_mode": "legacy", "phase": "warmup", "iteration": 0, "position": 1, "seconds": 2.391004229997634, "peak_reserved_bytes": 2470445056}
{"cell": "k1024", "method": "F32", "output_mode": "gpu_radix", "phase": "retained", "iteration": 0, "position": 0, "seconds": 0.42278284500935115, "peak_reserved_bytes": 2470445056}
{"cell": "k1024", "method": "F32", "output_mode": "legacy", "phase": "retained", "iteration": 0, "position": 1, "seconds": 2.3858553879981628, "peak_reserved_bytes": 2470445056}
{"cell": "k1024", "method": "F32", "output_mode": "legacy", "phase": "retained", "iteration": 1, "position": 0, "seconds": 2.386174271989148, "peak_reserved_bytes": 2470445056}
{"cell": "k1024", "method": "F32", "output_mode": "gpu_radix", "phase": "retained", "iteration": 1, "position": 1, "seconds": 0.42148905400244985, "peak_reserved_bytes": 2470445056}
{"cell": "k1024", "method": "F32", "output_mode": "gpu_radix", "phase": "retained", "iteration": 2, "position": 0, "seconds": 0.41779704799409956, "peak_reserved_bytes": 2470445056}
{"cell": "k1024", "method": "F32", "output_mode": "legacy", "phase": "retained", "iteration": 2, "position": 1, "seconds": 2.3803290679934435, "peak_reserved_bytes": 2470445056}
{"cell": "k1024", "method": "F32", "output_mode": "legacy", "phase": "retained", "iteration": 3, "position": 0, "seconds": 2.3781855560082477, "peak_reserved_bytes": 2470445056}
{"cell": "k1024", "method": "F32", "output_mode": "gpu_radix", "phase": "retained", "iteration": 3, "position": 1, "seconds": 0.42698375799227506, "peak_reserved_bytes": 2470445056}
{"cell": "k1024", "method": "F8", "output_mode": "legacy", "phase": "warmup", "iteration": 0, "position": 0, "seconds": 2.325124575989321, "peak_reserved_bytes": 2470445056}
{"cell": "k1024", "method": "F8", "output_mode": "gpu_radix", "phase": "warmup", "iteration": 0, "position": 1, "seconds": 0.38440108399663586, "peak_reserved_bytes": 2470445056}
{"cell": "k1024", "method": "F8", "output_mode": "legacy", "phase": "retained", "iteration": 0, "position": 0, "seconds": 2.330349620009656, "peak_reserved_bytes": 2470445056}
{"cell": "k1024", "method": "F8", "output_mode": "gpu_radix", "phase": "retained", "iteration": 0, "position": 1, "seconds": 0.38479116300004534, "peak_reserved_bytes": 2470445056}
{"cell": "k1024", "method": "F8", "output_mode": "gpu_radix", "phase": "retained", "iteration": 1, "position": 0, "seconds": 0.3810534160002135, "peak_reserved_bytes": 2470445056}
{"cell": "k1024", "method": "F8", "output_mode": "legacy", "phase": "retained", "iteration": 1, "position": 1, "seconds": 2.3326481339900056, "peak_reserved_bytes": 2470445056}
{"cell": "k1024", "method": "F8", "output_mode": "legacy", "phase": "retained", "iteration": 2, "position": 0, "seconds": 2.3273811540129827, "peak_reserved_bytes": 2470445056}
{"cell": "k1024", "method": "F8", "output_mode": "gpu_radix", "phase": "retained", "iteration": 2, "position": 1, "seconds": 0.3844601480086567, "peak_reserved_bytes": 2470445056}
{"cell": "k1024", "method": "F8", "output_mode": "gpu_radix", "phase": "retained", "iteration": 3, "position": 0, "seconds": 0.3824098140030401, "peak_reserved_bytes": 2470445056}
{"cell": "k1024", "method": "F8", "output_mode": "legacy", "phase": "retained", "iteration": 3, "position": 1, "seconds": 2.3261557369987713, "peak_reserved_bytes": 2470445056}
{"cell": "k1024", "method": "F16", "output_mode": "gpu_radix", "phase": "warmup", "iteration": 0, "position": 0, "seconds": 0.3516697700106306, "peak_reserved_bytes": 2470445056}
{"cell": "k1024", "method": "F16", "output_mode": "legacy", "phase": "warmup", "iteration": 0, "position": 1, "seconds": 2.2981453529937426, "peak_reserved_bytes": 2470445056}
{"cell": "k1024", "method": "F16", "output_mode": "gpu_radix", "phase": "retained", "iteration": 0, "position": 0, "seconds": 0.34884098600014113, "peak_reserved_bytes": 2470445056}
{"cell": "k1024", "method": "F16", "output_mode": "legacy", "phase": "retained", "iteration": 0, "position": 1, "seconds": 2.2955615690007107, "peak_reserved_bytes": 2470445056}
{"cell": "k1024", "method": "F16", "output_mode": "legacy", "phase": "retained", "iteration": 1, "position": 0, "seconds": 2.2948250969930086, "peak_reserved_bytes": 2470445056}
{"cell": "k1024", "method": "F16", "output_mode": "gpu_radix", "phase": "retained", "iteration": 1, "position": 1, "seconds": 0.3498082699952647, "peak_reserved_bytes": 2470445056}
{"cell": "k1024", "method": "F16", "output_mode": "gpu_radix", "phase": "retained", "iteration": 2, "position": 0, "seconds": 0.34550167100678664, "peak_reserved_bytes": 2470445056}
{"cell": "k1024", "method": "F16", "output_mode": "legacy", "phase": "retained", "iteration": 2, "position": 1, "seconds": 2.291965555996285, "peak_reserved_bytes": 2470445056}
{"cell": "k1024", "method": "F16", "output_mode": "legacy", "phase": "retained", "iteration": 3, "position": 0, "seconds": 2.338422957996954, "peak_reserved_bytes": 2470445056}
{"cell": "k1024", "method": "F16", "output_mode": "gpu_radix", "phase": "retained", "iteration": 3, "position": 1, "seconds": 0.3504919610131765, "peak_reserved_bytes": 2470445056}
{"cell": "k4", "method": "F8", "output_mode": "legacy", "phase": "warmup", "iteration": 0, "position": 0, "seconds": 0.05700727499788627, "peak_reserved_bytes": 612368384}
{"cell": "k4", "method": "F8", "output_mode": "gpu_radix", "phase": "warmup", "iteration": 0, "position": 1, "seconds": 0.049535740006831475, "peak_reserved_bytes": 635437056}
{"cell": "k4", "method": "F8", "output_mode": "legacy", "phase": "retained", "iteration": 0, "position": 0, "seconds": 0.054452030002721585, "peak_reserved_bytes": 635437056}
{"cell": "k4", "method": "F8", "output_mode": "gpu_radix", "phase": "retained", "iteration": 0, "position": 1, "seconds": 0.047042307996889576, "peak_reserved_bytes": 635437056}
{"cell": "k4", "method": "F8", "output_mode": "gpu_radix", "phase": "retained", "iteration": 1, "position": 0, "seconds": 0.047408683007233776, "peak_reserved_bytes": 635437056}
{"cell": "k4", "method": "F8", "output_mode": "legacy", "phase": "retained", "iteration": 1, "position": 1, "seconds": 0.054245494000497274, "peak_reserved_bytes": 635437056}
{"cell": "k4", "method": "F8", "output_mode": "legacy", "phase": "retained", "iteration": 2, "position": 0, "seconds": 0.0543692409992218, "peak_reserved_bytes": 635437056}
{"cell": "k4", "method": "F8", "output_mode": "gpu_radix", "phase": "retained", "iteration": 2, "position": 1, "seconds": 0.04705104199820198, "peak_reserved_bytes": 635437056}
{"cell": "k4", "method": "F8", "output_mode": "gpu_radix", "phase": "retained", "iteration": 3, "position": 0, "seconds": 0.04721537399746012, "peak_reserved_bytes": 635437056}
{"cell": "k4", "method": "F8", "output_mode": "legacy", "phase": "retained", "iteration": 3, "position": 1, "seconds": 0.05414077300520148, "peak_reserved_bytes": 635437056}
{"cell": "k4", "method": "F16", "output_mode": "gpu_radix", "phase": "warmup", "iteration": 0, "position": 0, "seconds": 0.054247819003649056, "peak_reserved_bytes": 769654784}
{"cell": "k4", "method": "F16", "output_mode": "legacy", "phase": "warmup", "iteration": 0, "position": 1, "seconds": 0.05916163700749166, "peak_reserved_bytes": 769654784}
{"cell": "k4", "method": "F16", "output_mode": "gpu_radix", "phase": "retained", "iteration": 0, "position": 0, "seconds": 0.05186838000372518, "peak_reserved_bytes": 769654784}
{"cell": "k4", "method": "F16", "output_mode": "legacy", "phase": "retained", "iteration": 0, "position": 1, "seconds": 0.05910606199176982, "peak_reserved_bytes": 769654784}
{"cell": "k4", "method": "F16", "output_mode": "legacy", "phase": "retained", "iteration": 1, "position": 0, "seconds": 0.05868560700037051, "peak_reserved_bytes": 769654784}
{"cell": "k4", "method": "F16", "output_mode": "gpu_radix", "phase": "retained", "iteration": 1, "position": 1, "seconds": 0.052095175997237675, "peak_reserved_bytes": 769654784}
{"cell": "k4", "method": "F16", "output_mode": "gpu_radix", "phase": "retained", "iteration": 2, "position": 0, "seconds": 0.05213683599140495, "peak_reserved_bytes": 769654784}
{"cell": "k4", "method": "F16", "output_mode": "legacy", "phase": "retained", "iteration": 2, "position": 1, "seconds": 0.06540768899139948, "peak_reserved_bytes": 769654784}
{"cell": "k4", "method": "F16", "output_mode": "legacy", "phase": "retained", "iteration": 3, "position": 0, "seconds": 0.06554770399816334, "peak_reserved_bytes": 769654784}
{"cell": "k4", "method": "F16", "output_mode": "gpu_radix", "phase": "retained", "iteration": 3, "position": 1, "seconds": 0.056915156994364224, "peak_reserved_bytes": 769654784}
{"cell": "k4", "method": "F32", "output_mode": "legacy", "phase": "warmup", "iteration": 0, "position": 0, "seconds": 0.13696158200036734, "peak_reserved_bytes": 769654784}
{"cell": "k4", "method": "F32", "output_mode": "gpu_radix", "phase": "warmup", "iteration": 0, "position": 1, "seconds": 0.12891775599564426, "peak_reserved_bytes": 769654784}
{"cell": "k4", "method": "F32", "output_mode": "legacy", "phase": "retained", "iteration": 0, "position": 0, "seconds": 0.13753443799214438, "peak_reserved_bytes": 769654784}
{"cell": "k4", "method": "F32", "output_mode": "gpu_radix", "phase": "retained", "iteration": 0, "position": 1, "seconds": 0.12999999000749085, "peak_reserved_bytes": 769654784}
{"cell": "k4", "method": "F32", "output_mode": "gpu_radix", "phase": "retained", "iteration": 1, "position": 0, "seconds": 0.13119372600340284, "peak_reserved_bytes": 769654784}
{"cell": "k4", "method": "F32", "output_mode": "legacy", "phase": "retained", "iteration": 1, "position": 1, "seconds": 0.13627192100102548, "peak_reserved_bytes": 769654784}
{"cell": "k4", "method": "F32", "output_mode": "legacy", "phase": "retained", "iteration": 2, "position": 0, "seconds": 0.13482452899916098, "peak_reserved_bytes": 769654784}
{"cell": "k4", "method": "F32", "output_mode": "gpu_radix", "phase": "retained", "iteration": 2, "position": 1, "seconds": 0.1271959000005154, "peak_reserved_bytes": 769654784}
{"cell": "k4", "method": "F32", "output_mode": "gpu_radix", "phase": "retained", "iteration": 3, "position": 0, "seconds": 0.12699791599879973, "peak_reserved_bytes": 769654784}
{"cell": "k4", "method": "F32", "output_mode": "legacy", "phase": "retained", "iteration": 3, "position": 1, "seconds": 0.13428530399687588, "peak_reserved_bytes": 769654784}
{"cell": "k16", "method": "F16", "output_mode": "gpu_radix", "phase": "warmup", "iteration": 0, "position": 0, "seconds": 0.057145067999954335, "peak_reserved_bytes": 637534208}
{"cell": "k16", "method": "F16", "output_mode": "legacy", "phase": "warmup", "iteration": 0, "position": 1, "seconds": 0.07680659400648437, "peak_reserved_bytes": 637534208}
{"cell": "k16", "method": "F16", "output_mode": "gpu_radix", "phase": "retained", "iteration": 0, "position": 0, "seconds": 0.053600915998686105, "peak_reserved_bytes": 637534208}
{"cell": "k16", "method": "F16", "output_mode": "legacy", "phase": "retained", "iteration": 0, "position": 1, "seconds": 0.07460424999590032, "peak_reserved_bytes": 637534208}
{"cell": "k16", "method": "F16", "output_mode": "legacy", "phase": "retained", "iteration": 1, "position": 0, "seconds": 0.07510608500160743, "peak_reserved_bytes": 637534208}
{"cell": "k16", "method": "F16", "output_mode": "gpu_radix", "phase": "retained", "iteration": 1, "position": 1, "seconds": 0.05415151600027457, "peak_reserved_bytes": 637534208}
{"cell": "k16", "method": "F16", "output_mode": "gpu_radix", "phase": "retained", "iteration": 2, "position": 0, "seconds": 0.05338938500790391, "peak_reserved_bytes": 637534208}
{"cell": "k16", "method": "F16", "output_mode": "legacy", "phase": "retained", "iteration": 2, "position": 1, "seconds": 0.07435325199912768, "peak_reserved_bytes": 637534208}
{"cell": "k16", "method": "F16", "output_mode": "legacy", "phase": "retained", "iteration": 3, "position": 0, "seconds": 0.07462589899660088, "peak_reserved_bytes": 637534208}
{"cell": "k16", "method": "F16", "output_mode": "gpu_radix", "phase": "retained", "iteration": 3, "position": 1, "seconds": 0.05343954899581149, "peak_reserved_bytes": 637534208}
{"cell": "k16", "method": "F32", "output_mode": "legacy", "phase": "warmup", "iteration": 0, "position": 0, "seconds": 0.15076653500727843, "peak_reserved_bytes": 637534208}
{"cell": "k16", "method": "F32", "output_mode": "gpu_radix", "phase": "warmup", "iteration": 0, "position": 1, "seconds": 0.1281859740120126, "peak_reserved_bytes": 637534208}
{"cell": "k16", "method": "F32", "output_mode": "legacy", "phase": "retained", "iteration": 0, "position": 0, "seconds": 0.14981873000215273, "peak_reserved_bytes": 637534208}
{"cell": "k16", "method": "F32", "output_mode": "gpu_radix", "phase": "retained", "iteration": 0, "position": 1, "seconds": 0.1285436909965938, "peak_reserved_bytes": 637534208}
{"cell": "k16", "method": "F32", "output_mode": "gpu_radix", "phase": "retained", "iteration": 1, "position": 0, "seconds": 0.12826337599835824, "peak_reserved_bytes": 637534208}
{"cell": "k16", "method": "F32", "output_mode": "legacy", "phase": "retained", "iteration": 1, "position": 1, "seconds": 0.1498056220007129, "peak_reserved_bytes": 637534208}
{"cell": "k16", "method": "F32", "output_mode": "legacy", "phase": "retained", "iteration": 2, "position": 0, "seconds": 0.14964504199451767, "peak_reserved_bytes": 637534208}
{"cell": "k16", "method": "F32", "output_mode": "gpu_radix", "phase": "retained", "iteration": 2, "position": 1, "seconds": 0.12815932599187363, "peak_reserved_bytes": 637534208}
{"cell": "k16", "method": "F32", "output_mode": "gpu_radix", "phase": "retained", "iteration": 3, "position": 0, "seconds": 0.12767484599316958, "peak_reserved_bytes": 637534208}
{"cell": "k16", "method": "F32", "output_mode": "legacy", "phase": "retained", "iteration": 3, "position": 1, "seconds": 0.14881914400029927, "peak_reserved_bytes": 637534208}
{"cell": "k16", "method": "F8", "output_mode": "gpu_radix", "phase": "warmup", "iteration": 0, "position": 0, "seconds": 0.04856613700394519, "peak_reserved_bytes": 637534208}
{"cell": "k16", "method": "F8", "output_mode": "legacy", "phase": "warmup", "iteration": 0, "position": 1, "seconds": 0.06964578900078777, "peak_reserved_bytes": 637534208}
{"cell": "k16", "method": "F8", "output_mode": "gpu_radix", "phase": "retained", "iteration": 0, "position": 0, "seconds": 0.048520630996790715, "peak_reserved_bytes": 637534208}
{"cell": "k16", "method": "F8", "output_mode": "legacy", "phase": "retained", "iteration": 0, "position": 1, "seconds": 0.06945651900605299, "peak_reserved_bytes": 637534208}
{"cell": "k16", "method": "F8", "output_mode": "legacy", "phase": "retained", "iteration": 1, "position": 0, "seconds": 0.06963654200080782, "peak_reserved_bytes": 637534208}
{"cell": "k16", "method": "F8", "output_mode": "gpu_radix", "phase": "retained", "iteration": 1, "position": 1, "seconds": 0.048699043996748514, "peak_reserved_bytes": 637534208}
{"cell": "k16", "method": "F8", "output_mode": "gpu_radix", "phase": "retained", "iteration": 2, "position": 0, "seconds": 0.04885859299974982, "peak_reserved_bytes": 637534208}
{"cell": "k16", "method": "F8", "output_mode": "legacy", "phase": "retained", "iteration": 2, "position": 1, "seconds": 0.0696613900072407, "peak_reserved_bytes": 637534208}
{"cell": "k16", "method": "F8", "output_mode": "legacy", "phase": "retained", "iteration": 3, "position": 0, "seconds": 0.06972990599751938, "peak_reserved_bytes": 637534208}
{"cell": "k16", "method": "F8", "output_mode": "gpu_radix", "phase": "retained", "iteration": 3, "position": 1, "seconds": 0.04841222200775519, "peak_reserved_bytes": 637534208}
{"cell": "k64", "method": "F32", "output_mode": "legacy", "phase": "warmup", "iteration": 0, "position": 0, "seconds": 0.22961473200120963, "peak_reserved_bytes": 482344960}
{"cell": "k64", "method": "F32", "output_mode": "gpu_radix", "phase": "warmup", "iteration": 0, "position": 1, "seconds": 0.1497549759951653, "peak_reserved_bytes": 612368384}
{"cell": "k64", "method": "F32", "output_mode": "legacy", "phase": "retained", "iteration": 0, "position": 0, "seconds": 0.23314438000670634, "peak_reserved_bytes": 612368384}
{"cell": "k64", "method": "F32", "output_mode": "gpu_radix", "phase": "retained", "iteration": 0, "position": 1, "seconds": 0.14616539400594775, "peak_reserved_bytes": 612368384}
{"cell": "k64", "method": "F32", "output_mode": "gpu_radix", "phase": "retained", "iteration": 1, "position": 0, "seconds": 0.1455846060125623, "peak_reserved_bytes": 612368384}
{"cell": "k64", "method": "F32", "output_mode": "legacy", "phase": "retained", "iteration": 1, "position": 1, "seconds": 0.23322232499776874, "peak_reserved_bytes": 612368384}
{"cell": "k64", "method": "F32", "output_mode": "legacy", "phase": "retained", "iteration": 2, "position": 0, "seconds": 0.23272413600352593, "peak_reserved_bytes": 612368384}
{"cell": "k64", "method": "F32", "output_mode": "gpu_radix", "phase": "retained", "iteration": 2, "position": 1, "seconds": 0.14650570398953278, "peak_reserved_bytes": 612368384}
{"cell": "k64", "method": "F32", "output_mode": "gpu_radix", "phase": "retained", "iteration": 3, "position": 0, "seconds": 0.14572026798850857, "peak_reserved_bytes": 612368384}
{"cell": "k64", "method": "F32", "output_mode": "legacy", "phase": "retained", "iteration": 3, "position": 1, "seconds": 0.2327307890082011, "peak_reserved_bytes": 612368384}
{"cell": "k64", "method": "F8", "output_mode": "gpu_radix", "phase": "warmup", "iteration": 0, "position": 0, "seconds": 0.06922689400380477, "peak_reserved_bytes": 746586112}
{"cell": "k64", "method": "F8", "output_mode": "legacy", "phase": "warmup", "iteration": 0, "position": 1, "seconds": 0.15724944400426466, "peak_reserved_bytes": 746586112}
{"cell": "k64", "method": "F8", "output_mode": "gpu_radix", "phase": "retained", "iteration": 0, "position": 0, "seconds": 0.06907099399541039, "peak_reserved_bytes": 746586112}
{"cell": "k64", "method": "F8", "output_mode": "legacy", "phase": "retained", "iteration": 0, "position": 1, "seconds": 0.15748672500194516, "peak_reserved_bytes": 746586112}
{"cell": "k64", "method": "F8", "output_mode": "legacy", "phase": "retained", "iteration": 1, "position": 0, "seconds": 0.1572208489960758, "peak_reserved_bytes": 746586112}
{"cell": "k64", "method": "F8", "output_mode": "gpu_radix", "phase": "retained", "iteration": 1, "position": 1, "seconds": 0.0684937850019196, "peak_reserved_bytes": 746586112}
{"cell": "k64", "method": "F8", "output_mode": "gpu_radix", "phase": "retained", "iteration": 2, "position": 0, "seconds": 0.06848534899472725, "peak_reserved_bytes": 746586112}
{"cell": "k64", "method": "F8", "output_mode": "legacy", "phase": "retained", "iteration": 2, "position": 1, "seconds": 0.1567904429975897, "peak_reserved_bytes": 746586112}
{"cell": "k64", "method": "F8", "output_mode": "legacy", "phase": "retained", "iteration": 3, "position": 0, "seconds": 0.15578419300436508, "peak_reserved_bytes": 746586112}
{"cell": "k64", "method": "F8", "output_mode": "gpu_radix", "phase": "retained", "iteration": 3, "position": 1, "seconds": 0.06869976899179164, "peak_reserved_bytes": 746586112}
{"cell": "k64", "method": "F16", "output_mode": "legacy", "phase": "warmup", "iteration": 0, "position": 0, "seconds": 0.16245923200040124, "peak_reserved_bytes": 746586112}
{"cell": "k64", "method": "F16", "output_mode": "gpu_radix", "phase": "warmup", "iteration": 0, "position": 1, "seconds": 0.07081109700084198, "peak_reserved_bytes": 746586112}
{"cell": "k64", "method": "F16", "output_mode": "legacy", "phase": "retained", "iteration": 0, "position": 0, "seconds": 0.15937433700310066, "peak_reserved_bytes": 746586112}
{"cell": "k64", "method": "F16", "output_mode": "gpu_radix", "phase": "retained", "iteration": 0, "position": 1, "seconds": 0.07078549500147346, "peak_reserved_bytes": 746586112}
{"cell": "k64", "method": "F16", "output_mode": "gpu_radix", "phase": "retained", "iteration": 1, "position": 0, "seconds": 0.0707469009939814, "peak_reserved_bytes": 746586112}
{"cell": "k64", "method": "F16", "output_mode": "legacy", "phase": "retained", "iteration": 1, "position": 1, "seconds": 0.15960892599832732, "peak_reserved_bytes": 746586112}
{"cell": "k64", "method": "F16", "output_mode": "legacy", "phase": "retained", "iteration": 2, "position": 0, "seconds": 0.1590750030009076, "peak_reserved_bytes": 746586112}
{"cell": "k64", "method": "F16", "output_mode": "gpu_radix", "phase": "retained", "iteration": 2, "position": 1, "seconds": 0.07073396499617957, "peak_reserved_bytes": 746586112}
{"cell": "k64", "method": "F16", "output_mode": "gpu_radix", "phase": "retained", "iteration": 3, "position": 0, "seconds": 0.07079153199447319, "peak_reserved_bytes": 746586112}
{"cell": "k64", "method": "F16", "output_mode": "legacy", "phase": "retained", "iteration": 3, "position": 1, "seconds": 0.1588560009986395, "peak_reserved_bytes": 746586112}
{"cell": "original", "method": "F8", "output_mode": "gpu_radix", "phase": "warmup", "iteration": 0, "position": 0, "seconds": 0.07693513900449034, "peak_reserved_bytes": 746586112}
{"cell": "original", "method": "F8", "output_mode": "legacy", "phase": "warmup", "iteration": 0, "position": 1, "seconds": 0.15844607699546032, "peak_reserved_bytes": 746586112}
{"cell": "original", "method": "F8", "output_mode": "gpu_radix", "phase": "retained", "iteration": 0, "position": 0, "seconds": 0.06937488800031133, "peak_reserved_bytes": 746586112}
{"cell": "original", "method": "F8", "output_mode": "legacy", "phase": "retained", "iteration": 0, "position": 1, "seconds": 0.1599034780083457, "peak_reserved_bytes": 746586112}
{"cell": "original", "method": "F8", "output_mode": "legacy", "phase": "retained", "iteration": 1, "position": 0, "seconds": 0.15959870599908754, "peak_reserved_bytes": 746586112}
{"cell": "original", "method": "F8", "output_mode": "gpu_radix", "phase": "retained", "iteration": 1, "position": 1, "seconds": 0.06899076199624687, "peak_reserved_bytes": 746586112}
{"cell": "original", "method": "F8", "output_mode": "gpu_radix", "phase": "retained", "iteration": 2, "position": 0, "seconds": 0.06849965699075256, "peak_reserved_bytes": 746586112}
{"cell": "original", "method": "F8", "output_mode": "legacy", "phase": "retained", "iteration": 2, "position": 1, "seconds": 0.15959334799845237, "peak_reserved_bytes": 746586112}
{"cell": "original", "method": "F8", "output_mode": "legacy", "phase": "retained", "iteration": 3, "position": 0, "seconds": 0.16211445500084665, "peak_reserved_bytes": 746586112}
{"cell": "original", "method": "F8", "output_mode": "gpu_radix", "phase": "retained", "iteration": 3, "position": 1, "seconds": 0.06945721899683122, "peak_reserved_bytes": 746586112}
{"cell": "original", "method": "F16", "output_mode": "legacy", "phase": "warmup", "iteration": 0, "position": 0, "seconds": 0.16549159699934535, "peak_reserved_bytes": 880803840}
{"cell": "original", "method": "F16", "output_mode": "gpu_radix", "phase": "warmup", "iteration": 0, "position": 1, "seconds": 0.07183409199933521, "peak_reserved_bytes": 880803840}
{"cell": "original", "method": "F16", "output_mode": "legacy", "phase": "retained", "iteration": 0, "position": 0, "seconds": 0.16175030800513923, "peak_reserved_bytes": 880803840}
{"cell": "original", "method": "F16", "output_mode": "gpu_radix", "phase": "retained", "iteration": 0, "position": 1, "seconds": 0.0718761049938621, "peak_reserved_bytes": 880803840}
{"cell": "original", "method": "F16", "output_mode": "gpu_radix", "phase": "retained", "iteration": 1, "position": 0, "seconds": 0.07124331200611778, "peak_reserved_bytes": 880803840}
{"cell": "original", "method": "F16", "output_mode": "legacy", "phase": "retained", "iteration": 1, "position": 1, "seconds": 0.16237089700007346, "peak_reserved_bytes": 880803840}
{"cell": "original", "method": "F16", "output_mode": "legacy", "phase": "retained", "iteration": 2, "position": 0, "seconds": 0.16240278400073294, "peak_reserved_bytes": 880803840}
{"cell": "original", "method": "F16", "output_mode": "gpu_radix", "phase": "retained", "iteration": 2, "position": 1, "seconds": 0.07163870299700648, "peak_reserved_bytes": 880803840}
{"cell": "original", "method": "F16", "output_mode": "gpu_radix", "phase": "retained", "iteration": 3, "position": 0, "seconds": 0.07069622099515982, "peak_reserved_bytes": 880803840}
{"cell": "original", "method": "F16", "output_mode": "legacy", "phase": "retained", "iteration": 3, "position": 1, "seconds": 0.16157196799758822, "peak_reserved_bytes": 880803840}
{"cell": "original", "method": "F32", "output_mode": "gpu_radix", "phase": "warmup", "iteration": 0, "position": 0, "seconds": 0.1465029489918379, "peak_reserved_bytes": 880803840}
{"cell": "original", "method": "F32", "output_mode": "legacy", "phase": "warmup", "iteration": 0, "position": 1, "seconds": 0.23629752300621476, "peak_reserved_bytes": 880803840}
{"cell": "original", "method": "F32", "output_mode": "gpu_radix", "phase": "retained", "iteration": 0, "position": 0, "seconds": 0.14646550500765443, "peak_reserved_bytes": 880803840}
{"cell": "original", "method": "F32", "output_mode": "legacy", "phase": "retained", "iteration": 0, "position": 1, "seconds": 0.23552253999514505, "peak_reserved_bytes": 880803840}
{"cell": "original", "method": "F32", "output_mode": "legacy", "phase": "retained", "iteration": 1, "position": 0, "seconds": 0.23539910500403494, "peak_reserved_bytes": 880803840}
{"cell": "original", "method": "F32", "output_mode": "gpu_radix", "phase": "retained", "iteration": 1, "position": 1, "seconds": 0.14587193800252862, "peak_reserved_bytes": 880803840}
{"cell": "original", "method": "F32", "output_mode": "gpu_radix", "phase": "retained", "iteration": 2, "position": 0, "seconds": 0.14575658900139388, "peak_reserved_bytes": 880803840}
{"cell": "original", "method": "F32", "output_mode": "legacy", "phase": "retained", "iteration": 2, "position": 1, "seconds": 0.23868533900531475, "peak_reserved_bytes": 880803840}
{"cell": "original", "method": "F32", "output_mode": "legacy", "phase": "retained", "iteration": 3, "position": 0, "seconds": 0.2385150350019103, "peak_reserved_bytes": 880803840}
{"cell": "original", "method": "F32", "output_mode": "gpu_radix", "phase": "retained", "iteration": 3, "position": 1, "seconds": 0.14617494199774228, "peak_reserved_bytes": 880803840}
{"phase": "confirm", "index": 4, "pass_": true, "calls": 180}
