COMMAND ["@TENSORJOIN_ROOT@/isaacsim6/env/bin/python", "@TENSORJOIN_ROOT@/tensorjoin_20260902_certified_exact_join/tensorjoin_20260908_output_audit/src/runner.py", "--phase", "confirm", "--index", "2"]
{"cell": "k64", "method": "F32", "output_mode": "legacy", "phase": "warmup", "iteration": 0, "position": 0, "seconds": 0.33184278800035827, "peak_reserved_bytes": 482344960}
{"cell": "k64", "method": "F32", "output_mode": "gpu_radix", "phase": "warmup", "iteration": 0, "position": 1, "seconds": 0.15603512899542693, "peak_reserved_bytes": 612368384}
{"cell": "k64", "method": "F32", "output_mode": "legacy", "phase": "retained", "iteration": 0, "position": 0, "seconds": 0.23362090899900068, "peak_reserved_bytes": 612368384}
{"cell": "k64", "method": "F32", "output_mode": "gpu_radix", "phase": "retained", "iteration": 0, "position": 1, "seconds": 0.14814833899436053, "peak_reserved_bytes": 612368384}
{"cell": "k64", "method": "F32", "output_mode": "gpu_radix", "phase": "retained", "iteration": 1, "position": 0, "seconds": 0.14775390201248229, "peak_reserved_bytes": 612368384}
{"cell": "k64", "method": "F32", "output_mode": "legacy", "phase": "retained", "iteration": 1, "position": 1, "seconds": 0.2329813880060101, "peak_reserved_bytes": 612368384}
{"cell": "k64", "method": "F32", "output_mode": "legacy", "phase": "retained", "iteration": 2, "position": 0, "seconds": 0.23272790400369558, "peak_reserved_bytes": 612368384}
{"cell": "k64", "method": "F32", "output_mode": "gpu_radix", "phase": "retained", "iteration": 2, "position": 1, "seconds": 0.14884808400529437, "peak_reserved_bytes": 612368384}
{"cell": "k64", "method": "F32", "output_mode": "gpu_radix", "phase": "retained", "iteration": 3, "position": 0, "seconds": 0.14829551099683158, "peak_reserved_bytes": 612368384}
{"cell": "k64", "method": "F32", "output_mode": "legacy", "phase": "retained", "iteration": 3, "position": 1, "seconds": 0.23335590100032277, "peak_reserved_bytes": 612368384}
{"cell": "k64", "method": "F8", "output_mode": "gpu_radix", "phase": "warmup", "iteration": 0, "position": 0, "seconds": 0.07755226400331594, "peak_reserved_bytes": 746586112}
{"cell": "k64", "method": "F8", "output_mode": "legacy", "phase": "warmup", "iteration": 0, "position": 1, "seconds": 0.15748355101095513, "peak_reserved_bytes": 746586112}
{"cell": "k64", "method": "F8", "output_mode": "gpu_radix", "phase": "retained", "iteration": 0, "position": 0, "seconds": 0.06876117599313147, "peak_reserved_bytes": 746586112}
{"cell": "k64", "method": "F8", "output_mode": "legacy", "phase": "retained", "iteration": 0, "position": 1, "seconds": 0.155973567001638, "peak_reserved_bytes": 746586112}
{"cell": "k64", "method": "F8", "output_mode": "legacy", "phase": "retained", "iteration": 1, "position": 0, "seconds": 0.15589534500031732, "peak_reserved_bytes": 746586112}
{"cell": "k64", "method": "F8", "output_mode": "gpu_radix", "phase": "retained", "iteration": 1, "position": 1, "seconds": 0.06886614600080065, "peak_reserved_bytes": 746586112}
{"cell": "k64", "method": "F8", "output_mode": "gpu_radix", "phase": "retained", "iteration": 2, "position": 0, "seconds": 0.06791051701293327, "peak_reserved_bytes": 746586112}
{"cell": "k64", "method": "F8", "output_mode": "legacy", "phase": "retained", "iteration": 2, "position": 1, "seconds": 0.1560849329980556, "peak_reserved_bytes": 746586112}
{"cell": "k64", "method": "F8", "output_mode": "legacy", "phase": "retained", "iteration": 3, "position": 0, "seconds": 0.15631644500535913, "peak_reserved_bytes": 746586112}
{"cell": "k64", "method": "F8", "output_mode": "gpu_radix", "phase": "retained", "iteration": 3, "position": 1, "seconds": 0.0683820660051424, "peak_reserved_bytes": 746586112}
{"cell": "k64", "method": "F16", "output_mode": "legacy", "phase": "warmup", "iteration": 0, "position": 0, "seconds": 0.593576244005817, "peak_reserved_bytes": 746586112}
{"cell": "k64", "method": "F16", "output_mode": "gpu_radix", "phase": "warmup", "iteration": 0, "position": 1, "seconds": 0.06914268700347748, "peak_reserved_bytes": 746586112}
{"cell": "k64", "method": "F16", "output_mode": "legacy", "phase": "retained", "iteration": 0, "position": 0, "seconds": 0.1583474759972887, "peak_reserved_bytes": 746586112}
{"cell": "k64", "method": "F16", "output_mode": "gpu_radix", "phase": "retained", "iteration": 0, "position": 1, "seconds": 0.07118379100575112, "peak_reserved_bytes": 746586112}
{"cell": "k64", "method": "F16", "output_mode": "gpu_radix", "phase": "retained", "iteration": 1, "position": 0, "seconds": 0.07141803001286462, "peak_reserved_bytes": 746586112}
{"cell": "k64", "method": "F16", "output_mode": "legacy", "phase": "retained", "iteration": 1, "position": 1, "seconds": 0.15809254899795633, "peak_reserved_bytes": 746586112}
{"cell": "k64", "method": "F16", "output_mode": "legacy", "phase": "retained", "iteration": 2, "position": 0, "seconds": 0.15942753199487925, "peak_reserved_bytes": 746586112}
{"cell": "k64", "method": "F16", "output_mode": "gpu_radix", "phase": "retained", "iteration": 2, "position": 1, "seconds": 0.0709616240055766, "peak_reserved_bytes": 746586112}
{"cell": "k64", "method": "F16", "output_mode": "gpu_radix", "phase": "retained", "iteration": 3, "position": 0, "seconds": 0.07058590299857315, "peak_reserved_bytes": 746586112}
{"cell": "k64", "method": "F16", "output_mode": "legacy", "phase": "retained", "iteration": 3, "position": 1, "seconds": 0.15807372800190933, "peak_reserved_bytes": 746586112}
{"cell": "original", "method": "F8", "output_mode": "gpu_radix", "phase": "warmup", "iteration": 0, "position": 0, "seconds": 0.07520298499730416, "peak_reserved_bytes": 746586112}
{"cell": "original", "method": "F8", "output_mode": "legacy", "phase": "warmup", "iteration": 0, "position": 1, "seconds": 0.15799582499312237, "peak_reserved_bytes": 746586112}
{"cell": "original", "method": "F8", "output_mode": "gpu_radix", "phase": "retained", "iteration": 0, "position": 0, "seconds": 0.06898974400246516, "peak_reserved_bytes": 746586112}
{"cell": "original", "method": "F8", "output_mode": "legacy", "phase": "retained", "iteration": 0, "position": 1, "seconds": 0.16320815999642946, "peak_reserved_bytes": 746586112}
{"cell": "original", "method": "F8", "output_mode": "legacy", "phase": "retained", "iteration": 1, "position": 0, "seconds": 0.15978581200761255, "peak_reserved_bytes": 746586112}
{"cell": "original", "method": "F8", "output_mode": "gpu_radix", "phase": "retained", "iteration": 1, "position": 1, "seconds": 0.0691517980012577, "peak_reserved_bytes": 746586112}
{"cell": "original", "method": "F8", "output_mode": "gpu_radix", "phase": "retained", "iteration": 2, "position": 0, "seconds": 0.0681699650012888, "peak_reserved_bytes": 746586112}
{"cell": "original", "method": "F8", "output_mode": "legacy", "phase": "retained", "iteration": 2, "position": 1, "seconds": 0.15893330100516323, "peak_reserved_bytes": 746586112}
{"cell": "original", "method": "F8", "output_mode": "legacy", "phase": "retained", "iteration": 3, "position": 0, "seconds": 0.15998944798775483, "peak_reserved_bytes": 746586112}
{"cell": "original", "method": "F8", "output_mode": "gpu_radix", "phase": "retained", "iteration": 3, "position": 1, "seconds": 0.06853079199208878, "peak_reserved_bytes": 746586112}
{"cell": "original", "method": "F16", "output_mode": "legacy", "phase": "warmup", "iteration": 0, "position": 0, "seconds": 0.16486908399383537, "peak_reserved_bytes": 880803840}
{"cell": "original", "method": "F16", "output_mode": "gpu_radix", "phase": "warmup", "iteration": 0, "position": 1, "seconds": 0.07161661500867922, "peak_reserved_bytes": 880803840}
{"cell": "original", "method": "F16", "output_mode": "legacy", "phase": "retained", "iteration": 0, "position": 0, "seconds": 0.1620632940030191, "peak_reserved_bytes": 880803840}
{"cell": "original", "method": "F16", "output_mode": "gpu_radix", "phase": "retained", "iteration": 0, "position": 1, "seconds": 0.07507126699783839, "peak_reserved_bytes": 880803840}
{"cell": "original", "method": "F16", "output_mode": "gpu_radix", "phase": "retained", "iteration": 1, "position": 0, "seconds": 0.07125894800992683, "peak_reserved_bytes": 880803840}
{"cell": "original", "method": "F16", "output_mode": "legacy", "phase": "retained", "iteration": 1, "position": 1, "seconds": 0.16151775300386362, "peak_reserved_bytes": 880803840}
{"cell": "original", "method": "F16", "output_mode": "legacy", "phase": "retained", "iteration": 2, "position": 0, "seconds": 0.16179645599913783, "peak_reserved_bytes": 880803840}
{"cell": "original", "method": "F16", "output_mode": "gpu_radix", "phase": "retained", "iteration": 2, "position": 1, "seconds": 0.07142439699964598, "peak_reserved_bytes": 880803840}
{"cell": "original", "method": "F16", "output_mode": "gpu_radix", "phase": "retained", "iteration": 3, "position": 0, "seconds": 0.07092784000269603, "peak_reserved_bytes": 880803840}
{"cell": "original", "method": "F16", "output_mode": "legacy", "phase": "retained", "iteration": 3, "position": 1, "seconds": 0.16097784499288537, "peak_reserved_bytes": 880803840}
{"cell": "original", "method": "F32", "output_mode": "gpu_radix", "phase": "warmup", "iteration": 0, "position": 0, "seconds": 0.15034025801287498, "peak_reserved_bytes": 880803840}
{"cell": "original", "method": "F32", "output_mode": "legacy", "phase": "warmup", "iteration": 0, "position": 1, "seconds": 0.23907268099719658, "peak_reserved_bytes": 880803840}
{"cell": "original", "method": "F32", "output_mode": "gpu_radix", "phase": "retained", "iteration": 0, "position": 0, "seconds": 0.15166602199315093, "peak_reserved_bytes": 880803840}
{"cell": "original", "method": "F32", "output_mode": "legacy", "phase": "retained", "iteration": 0, "position": 1, "seconds": 0.2398792960011633, "peak_reserved_bytes": 880803840}
{"cell": "original", "method": "F32", "output_mode": "legacy", "phase": "retained", "iteration": 1, "position": 0, "seconds": 0.23852456000167876, "peak_reserved_bytes": 880803840}
{"cell": "original", "method": "F32", "output_mode": "gpu_radix", "phase": "retained", "iteration": 1, "position": 1, "seconds": 0.14805969299050048, "peak_reserved_bytes": 880803840}
{"cell": "original", "method": "F32", "output_mode": "gpu_radix", "phase": "retained", "iteration": 2, "position": 0, "seconds": 0.1475875280011678, "peak_reserved_bytes": 880803840}
{"cell": "original", "method": "F32", "output_mode": "legacy", "phase": "retained", "iteration": 2, "position": 1, "seconds": 0.23830693800118752, "peak_reserved_bytes": 880803840}
{"cell": "original", "method": "F32", "output_mode": "legacy", "phase": "retained", "iteration": 3, "position": 0, "seconds": 0.23811249900609255, "peak_reserved_bytes": 880803840}
{"cell": "original", "method": "F32", "output_mode": "gpu_radix", "phase": "retained", "iteration": 3, "position": 1, "seconds": 0.14767312598996796, "peak_reserved_bytes": 880803840}
{"cell": "k256", "method": "F16", "output_mode": "legacy", "phase": "warmup", "iteration": 0, "position": 0, "seconds": 0.5704104489996098, "peak_reserved_bytes": 612368384}
{"cell": "k256", "method": "F16", "output_mode": "gpu_radix", "phase": "warmup", "iteration": 0, "position": 1, "seconds": 0.13257684699783567, "peak_reserved_bytes": 1124073472}
{"cell": "k256", "method": "F16", "output_mode": "legacy", "phase": "retained", "iteration": 0, "position": 0, "seconds": 0.5644256619998487, "peak_reserved_bytes": 1124073472}
{"cell": "k256", "method": "F16", "output_mode": "gpu_radix", "phase": "retained", "iteration": 0, "position": 1, "seconds": 0.12767039900063537, "peak_reserved_bytes": 1124073472}
{"cell": "k256", "method": "F16", "output_mode": "gpu_radix", "phase": "retained", "iteration": 1, "position": 0, "seconds": 0.12613911100197583, "peak_reserved_bytes": 1124073472}
{"cell": "k256", "method": "F16", "output_mode": "legacy", "phase": "retained", "iteration": 1, "position": 1, "seconds": 0.5626255980023416, "peak_reserved_bytes": 1124073472}
{"cell": "k256", "method": "F16", "output_mode": "legacy", "phase": "retained", "iteration": 2, "position": 0, "seconds": 0.5642164550081361, "peak_reserved_bytes": 1124073472}
{"cell": "k256", "method": "F16", "output_mode": "gpu_radix", "phase": "retained", "iteration": 2, "position": 1, "seconds": 0.12745613399602007, "peak_reserved_bytes": 1124073472}
{"cell": "k256", "method": "F16", "output_mode": "gpu_radix", "phase": "retained", "iteration": 3, "position": 0, "seconds": 0.12590887700207531, "peak_reserved_bytes": 1124073472}
{"cell": "k256", "method": "F16", "output_mode": "legacy", "phase": "retained", "iteration": 3, "position": 1, "seconds": 0.5637820520059904, "peak_reserved_bytes": 1124073472}
{"cell": "k256", "method": "F32", "output_mode": "gpu_radix", "phase": "warmup", "iteration": 0, "position": 0, "seconds": 0.209015324988286, "peak_reserved_bytes": 1124073472}
{"cell": "k256", "method": "F32", "output_mode": "legacy", "phase": "warmup", "iteration": 0, "position": 1, "seconds": 0.6413262339920038, "peak_reserved_bytes": 1124073472}
{"cell": "k256", "method": "F32", "output_mode": "gpu_radix", "phase": "retained", "iteration": 0, "position": 0, "seconds": 0.20521936399745755, "peak_reserved_bytes": 1124073472}
{"cell": "k256", "method": "F32", "output_mode": "legacy", "phase": "retained", "iteration": 0, "position": 1, "seconds": 0.6404241700074635, "peak_reserved_bytes": 1124073472}
{"cell": "k256", "method": "F32", "output_mode": "legacy", "phase": "retained", "iteration": 1, "position": 0, "seconds": 0.643253634989378, "peak_reserved_bytes": 1124073472}
{"cell": "k256", "method": "F32", "output_mode": "gpu_radix", "phase": "retained", "iteration": 1, "position": 1, "seconds": 0.20466470999235753, "peak_reserved_bytes": 1124073472}
{"cell": "k256", "method": "F32", "output_mode": "gpu_radix", "phase": "retained", "iteration": 2, "position": 0, "seconds": 0.20714837200648617, "peak_reserved_bytes": 1124073472}
{"cell": "k256", "method": "F32", "output_mode": "legacy", "phase": "retained", "iteration": 2, "position": 1, "seconds": 0.6416483079956379, "peak_reserved_bytes": 1124073472}
{"cell": "k256", "method": "F32", "output_mode": "legacy", "phase": "retained", "iteration": 3, "position": 0, "seconds": 0.6423417640035041, "peak_reserved_bytes": 1124073472}
{"cell": "k256", "method": "F32", "output_mode": "gpu_radix", "phase": "retained", "iteration": 3, "position": 1, "seconds": 0.20505409200268332, "peak_reserved_bytes": 1124073472}
{"cell": "k256", "method": "F8", "output_mode": "legacy", "phase": "warmup", "iteration": 0, "position": 0, "seconds": 0.5689160689944401, "peak_reserved_bytes": 1124073472}
{"cell": "k256", "method": "F8", "output_mode": "gpu_radix", "phase": "warmup", "iteration": 0, "position": 1, "seconds": 0.1350155440013623, "peak_reserved_bytes": 1124073472}
{"cell": "k256", "method": "F8", "output_mode": "legacy", "phase": "retained", "iteration": 0, "position": 0, "seconds": 0.5696038119931472, "peak_reserved_bytes": 1124073472}
{"cell": "k256", "method": "F8", "output_mode": "gpu_radix", "phase": "retained", "iteration": 0, "position": 1, "seconds": 0.13306755699159112, "peak_reserved_bytes": 1124073472}
{"cell": "k256", "method": "F8", "output_mode": "gpu_radix", "phase": "retained", "iteration": 1, "position": 0, "seconds": 0.13187213998753577, "peak_reserved_bytes": 1124073472}
{"cell": "k256", "method": "F8", "output_mode": "legacy", "phase": "retained", "iteration": 1, "position": 1, "seconds": 0.5668825989996549, "peak_reserved_bytes": 1124073472}
{"cell": "k256", "method": "F8", "output_mode": "legacy", "phase": "retained", "iteration": 2, "position": 0, "seconds": 0.5673997280100593, "peak_reserved_bytes": 1124073472}
{"cell": "k256", "method": "F8", "output_mode": "gpu_radix", "phase": "retained", "iteration": 2, "position": 1, "seconds": 0.1334138390084263, "peak_reserved_bytes": 1124073472}
{"cell": "k256", "method": "F8", "output_mode": "gpu_radix", "phase": "retained", "iteration": 3, "position": 0, "seconds": 0.1313722240010975, "peak_reserved_bytes": 1124073472}
{"cell": "k256", "method": "F8", "output_mode": "legacy", "phase": "retained", "iteration": 3, "position": 1, "seconds": 0.5679929140023887, "peak_reserved_bytes": 1124073472}
{"cell": "k1024", "method": "F32", "output_mode": "gpu_radix", "phase": "warmup", "iteration": 0, "position": 0, "seconds": 0.43152317199565005, "peak_reserved_bytes": 2470445056}
{"cell": "k1024", "method": "F32", "output_mode": "legacy", "phase": "warmup", "iteration": 0, "position": 1, "seconds": 2.394009481999092, "peak_reserved_bytes": 2470445056}
{"cell": "k1024", "method": "F32", "output_mode": "gpu_radix", "phase": "retained", "iteration": 0, "position": 0, "seconds": 0.4204566879925551, "peak_reserved_bytes": 2470445056}
{"cell": "k1024", "method": "F32", "output_mode": "legacy", "phase": "retained", "iteration": 0, "position": 1, "seconds": 2.3863398280082038, "peak_reserved_bytes": 2470445056}
{"cell": "k1024", "method": "F32", "output_mode": "legacy", "phase": "retained", "iteration": 1, "position": 0, "seconds": 2.386887212007423, "peak_reserved_bytes": 2470445056}
{"cell": "k1024", "method": "F32", "output_mode": "gpu_radix", "phase": "retained", "iteration": 1, "position": 1, "seconds": 0.4204633159970399, "peak_reserved_bytes": 2470445056}
{"cell": "k1024", "method": "F32", "output_mode": "gpu_radix", "phase": "retained", "iteration": 2, "position": 0, "seconds": 0.4182074359996477, "peak_reserved_bytes": 2470445056}
{"cell": "k1024", "method": "F32", "output_mode": "legacy", "phase": "retained", "iteration": 2, "position": 1, "seconds": 2.3861977069900604, "peak_reserved_bytes": 2470445056}
{"cell": "k1024", "method": "F32", "output_mode": "legacy", "phase": "retained", "iteration": 3, "position": 0, "seconds": 2.3947163760021795, "peak_reserved_bytes": 2470445056}
{"cell": "k1024", "method": "F32", "output_mode": "gpu_radix", "phase": "retained", "iteration": 3, "position": 1, "seconds": 0.42519282700959593, "peak_reserved_bytes": 2470445056}
{"cell": "k1024", "method": "F8", "output_mode": "legacy", "phase": "warmup", "iteration": 0, "position": 0, "seconds": 2.3318182429939043, "peak_reserved_bytes": 2470445056}
{"cell": "k1024", "method": "F8", "output_mode": "gpu_radix", "phase": "warmup", "iteration": 0, "position": 1, "seconds": 0.3864622630062513, "peak_reserved_bytes": 2470445056}
{"cell": "k1024", "method": "F8", "output_mode": "legacy", "phase": "retained", "iteration": 0, "position": 0, "seconds": 2.3386228760064114, "peak_reserved_bytes": 2470445056}
{"cell": "k1024", "method": "F8", "output_mode": "gpu_radix", "phase": "retained", "iteration": 0, "position": 1, "seconds": 0.3843457409966504, "peak_reserved_bytes": 2470445056}
{"cell": "k1024", "method": "F8", "output_mode": "gpu_radix", "phase": "retained", "iteration": 1, "position": 0, "seconds": 0.3813586799951736, "peak_reserved_bytes": 2470445056}
{"cell": "k1024", "method": "F8", "output_mode": "legacy", "phase": "retained", "iteration": 1, "position": 1, "seconds": 2.334771200999967, "peak_reserved_bytes": 2470445056}
{"cell": "k1024", "method": "F8", "output_mode": "legacy", "phase": "retained", "iteration": 2, "position": 0, "seconds": 2.331300319987349, "peak_reserved_bytes": 2470445056}
{"cell": "k1024", "method": "F8", "output_mode": "gpu_radix", "phase": "retained", "iteration": 2, "position": 1, "seconds": 0.38599332299781963, "peak_reserved_bytes": 2470445056}
{"cell": "k1024", "method": "F8", "output_mode": "gpu_radix", "phase": "retained", "iteration": 3, "position": 0, "seconds": 0.3842280739918351, "peak_reserved_bytes": 2470445056}
{"cell": "k1024", "method": "F8", "output_mode": "legacy", "phase": "retained", "iteration": 3, "position": 1, "seconds": 2.335858375998214, "peak_reserved_bytes": 2470445056}
{"cell": "k1024", "method": "F16", "output_mode": "gpu_radix", "phase": "warmup", "iteration": 0, "position": 0, "seconds": 0.35395693499594927, "peak_reserved_bytes": 2470445056}
{"cell": "k1024", "method": "F16", "output_mode": "legacy", "phase": "warmup", "iteration": 0, "position": 1, "seconds": 2.3028325560007943, "peak_reserved_bytes": 2470445056}
{"cell": "k1024", "method": "F16", "output_mode": "gpu_radix", "phase": "retained", "iteration": 0, "position": 0, "seconds": 0.35145410100813024, "peak_reserved_bytes": 2470445056}
{"cell": "k1024", "method": "F16", "output_mode": "legacy", "phase": "retained", "iteration": 0, "position": 1, "seconds": 2.300636380998185, "peak_reserved_bytes": 2470445056}
{"cell": "k1024", "method": "F16", "output_mode": "legacy", "phase": "retained", "iteration": 1, "position": 0, "seconds": 2.301525718998164, "peak_reserved_bytes": 2470445056}
{"cell": "k1024", "method": "F16", "output_mode": "gpu_radix", "phase": "retained", "iteration": 1, "position": 1, "seconds": 0.34960739099187776, "peak_reserved_bytes": 2470445056}
{"cell": "k1024", "method": "F16", "output_mode": "gpu_radix", "phase": "retained", "iteration": 2, "position": 0, "seconds": 0.34601931799261365, "peak_reserved_bytes": 2470445056}
{"cell": "k1024", "method": "F16", "output_mode": "legacy", "phase": "retained", "iteration": 2, "position": 1, "seconds": 2.300796536001144, "peak_reserved_bytes": 2470445056}
{"cell": "k1024", "method": "F16", "output_mode": "legacy", "phase": "retained", "iteration": 3, "position": 0, "seconds": 2.2976599679968785, "peak_reserved_bytes": 2470445056}
{"cell": "k1024", "method": "F16", "output_mode": "gpu_radix", "phase": "retained", "iteration": 3, "position": 1, "seconds": 0.34935426100855693, "peak_reserved_bytes": 2470445056}
{"cell": "k4", "method": "F8", "output_mode": "legacy", "phase": "warmup", "iteration": 0, "position": 0, "seconds": 0.05668843899911735, "peak_reserved_bytes": 612368384}
{"cell": "k4", "method": "F8", "output_mode": "gpu_radix", "phase": "warmup", "iteration": 0, "position": 1, "seconds": 0.0476604270079406, "peak_reserved_bytes": 635437056}
{"cell": "k4", "method": "F8", "output_mode": "legacy", "phase": "retained", "iteration": 0, "position": 0, "seconds": 0.05424112599575892, "peak_reserved_bytes": 635437056}
{"cell": "k4", "method": "F8", "output_mode": "gpu_radix", "phase": "retained", "iteration": 0, "position": 1, "seconds": 0.04651245300192386, "peak_reserved_bytes": 635437056}
{"cell": "k4", "method": "F8", "output_mode": "gpu_radix", "phase": "retained", "iteration": 1, "position": 0, "seconds": 0.04648168900166638, "peak_reserved_bytes": 635437056}
{"cell": "k4", "method": "F8", "output_mode": "legacy", "phase": "retained", "iteration": 1, "position": 1, "seconds": 0.05331707101140637, "peak_reserved_bytes": 635437056}
{"cell": "k4", "method": "F8", "output_mode": "legacy", "phase": "retained", "iteration": 2, "position": 0, "seconds": 0.05317524999554735, "peak_reserved_bytes": 635437056}
{"cell": "k4", "method": "F8", "output_mode": "gpu_radix", "phase": "retained", "iteration": 2, "position": 1, "seconds": 0.04568689900042955, "peak_reserved_bytes": 635437056}
{"cell": "k4", "method": "F8", "output_mode": "gpu_radix", "phase": "retained", "iteration": 3, "position": 0, "seconds": 0.04597201799333561, "peak_reserved_bytes": 635437056}
{"cell": "k4", "method": "F8", "output_mode": "legacy", "phase": "retained", "iteration": 3, "position": 1, "seconds": 0.05869388399878517, "peak_reserved_bytes": 635437056}
{"cell": "k4", "method": "F16", "output_mode": "gpu_radix", "phase": "warmup", "iteration": 0, "position": 0, "seconds": 0.0586947279953165, "peak_reserved_bytes": 769654784}
{"cell": "k4", "method": "F16", "output_mode": "legacy", "phase": "warmup", "iteration": 0, "position": 1, "seconds": 0.06484709000505973, "peak_reserved_bytes": 769654784}
{"cell": "k4", "method": "F16", "output_mode": "gpu_radix", "phase": "retained", "iteration": 0, "position": 0, "seconds": 0.056058158006635495, "peak_reserved_bytes": 769654784}
{"cell": "k4", "method": "F16", "output_mode": "legacy", "phase": "retained", "iteration": 0, "position": 1, "seconds": 0.06505762599408627, "peak_reserved_bytes": 769654784}
{"cell": "k4", "method": "F16", "output_mode": "legacy", "phase": "retained", "iteration": 1, "position": 0, "seconds": 0.06430909299524501, "peak_reserved_bytes": 769654784}
{"cell": "k4", "method": "F16", "output_mode": "gpu_radix", "phase": "retained", "iteration": 1, "position": 1, "seconds": 0.05266219700570218, "peak_reserved_bytes": 769654784}
{"cell": "k4", "method": "F16", "output_mode": "gpu_radix", "phase": "retained", "iteration": 2, "position": 0, "seconds": 0.05080553398875054, "peak_reserved_bytes": 769654784}
{"cell": "k4", "method": "F16", "output_mode": "legacy", "phase": "retained", "iteration": 2, "position": 1, "seconds": 0.057626211986644194, "peak_reserved_bytes": 769654784}
{"cell": "k4", "method": "F16", "output_mode": "legacy", "phase": "retained", "iteration": 3, "position": 0, "seconds": 0.05783415099722333, "peak_reserved_bytes": 769654784}
{"cell": "k4", "method": "F16", "output_mode": "gpu_radix", "phase": "retained", "iteration": 3, "position": 1, "seconds": 0.050408872004481964, "peak_reserved_bytes": 769654784}
{"cell": "k4", "method": "F32", "output_mode": "legacy", "phase": "warmup", "iteration": 0, "position": 0, "seconds": 0.1351592300052289, "peak_reserved_bytes": 769654784}
{"cell": "k4", "method": "F32", "output_mode": "gpu_radix", "phase": "warmup", "iteration": 0, "position": 1, "seconds": 0.12784282500797417, "peak_reserved_bytes": 769654784}
{"cell": "k4", "method": "F32", "output_mode": "legacy", "phase": "retained", "iteration": 0, "position": 0, "seconds": 0.13611190899973735, "peak_reserved_bytes": 769654784}
{"cell": "k4", "method": "F32", "output_mode": "gpu_radix", "phase": "retained", "iteration": 0, "position": 1, "seconds": 0.1286122479941696, "peak_reserved_bytes": 769654784}
{"cell": "k4", "method": "F32", "output_mode": "gpu_radix", "phase": "retained", "iteration": 1, "position": 0, "seconds": 0.12860608399205375, "peak_reserved_bytes": 769654784}
{"cell": "k4", "method": "F32", "output_mode": "legacy", "phase": "retained", "iteration": 1, "position": 1, "seconds": 0.13696656799584161, "peak_reserved_bytes": 769654784}
{"cell": "k4", "method": "F32", "output_mode": "legacy", "phase": "retained", "iteration": 2, "position": 0, "seconds": 0.13663300999905914, "peak_reserved_bytes": 769654784}
{"cell": "k4", "method": "F32", "output_mode": "gpu_radix", "phase": "retained", "iteration": 2, "position": 1, "seconds": 0.12839126799372025, "peak_reserved_bytes": 769654784}
{"cell": "k4", "method": "F32", "output_mode": "gpu_radix", "phase": "retained", "iteration": 3, "position": 0, "seconds": 0.12586381399887614, "peak_reserved_bytes": 769654784}
{"cell": "k4", "method": "F32", "output_mode": "legacy", "phase": "retained", "iteration": 3, "position": 1, "seconds": 0.13326242899347562, "peak_reserved_bytes": 769654784}
{"cell": "k16", "method": "F16", "output_mode": "gpu_radix", "phase": "warmup", "iteration": 0, "position": 0, "seconds": 0.0568098070070846, "peak_reserved_bytes": 637534208}
{"cell": "k16", "method": "F16", "output_mode": "legacy", "phase": "warmup", "iteration": 0, "position": 1, "seconds": 0.07708704100514296, "peak_reserved_bytes": 637534208}
{"cell": "k16", "method": "F16", "output_mode": "gpu_radix", "phase": "retained", "iteration": 0, "position": 0, "seconds": 0.05321896600071341, "peak_reserved_bytes": 637534208}
{"cell": "k16", "method": "F16", "output_mode": "legacy", "phase": "retained", "iteration": 0, "position": 1, "seconds": 0.07451053299882915, "peak_reserved_bytes": 637534208}
{"cell": "k16", "method": "F16", "output_mode": "legacy", "phase": "retained", "iteration": 1, "position": 0, "seconds": 0.07457776699448004, "peak_reserved_bytes": 637534208}
{"cell": "k16", "method": "F16", "output_mode": "gpu_radix", "phase": "retained", "iteration": 1, "position": 1, "seconds": 0.053133366993279196, "peak_reserved_bytes": 637534208}
{"cell": "k16", "method": "F16", "output_mode": "gpu_radix", "phase": "retained", "iteration": 2, "position": 0, "seconds": 0.052907795005012304, "peak_reserved_bytes": 637534208}
{"cell": "k16", "method": "F16", "output_mode": "legacy", "phase": "retained", "iteration": 2, "position": 1, "seconds": 0.07401979700080119, "peak_reserved_bytes": 637534208}
{"cell": "k16", "method": "F16", "output_mode": "legacy", "phase": "retained", "iteration": 3, "position": 0, "seconds": 0.07410448099835776, "peak_reserved_bytes": 637534208}
{"cell": "k16", "method": "F16", "output_mode": "gpu_radix", "phase": "retained", "iteration": 3, "position": 1, "seconds": 0.052638434994150884, "peak_reserved_bytes": 637534208}
{"cell": "k16", "method": "F32", "output_mode": "legacy", "phase": "warmup", "iteration": 0, "position": 0, "seconds": 0.15046230900043156, "peak_reserved_bytes": 637534208}
{"cell": "k16", "method": "F32", "output_mode": "gpu_radix", "phase": "warmup", "iteration": 0, "position": 1, "seconds": 0.1277037499967264, "peak_reserved_bytes": 637534208}
{"cell": "k16", "method": "F32", "output_mode": "legacy", "phase": "retained", "iteration": 0, "position": 0, "seconds": 0.14908884098986164, "peak_reserved_bytes": 637534208}
{"cell": "k16", "method": "F32", "output_mode": "gpu_radix", "phase": "retained", "iteration": 0, "position": 1, "seconds": 0.12788265000563115, "peak_reserved_bytes": 637534208}
{"cell": "k16", "method": "F32", "output_mode": "gpu_radix", "phase": "retained", "iteration": 1, "position": 0, "seconds": 0.1266166389978025, "peak_reserved_bytes": 637534208}
{"cell": "k16", "method": "F32", "output_mode": "legacy", "phase": "retained", "iteration": 1, "position": 1, "seconds": 0.14905218800413422, "peak_reserved_bytes": 637534208}
{"cell": "k16", "method": "F32", "output_mode": "legacy", "phase": "retained", "iteration": 2, "position": 0, "seconds": 0.14921040800982155, "peak_reserved_bytes": 637534208}
{"cell": "k16", "method": "F32", "output_mode": "gpu_radix", "phase": "retained", "iteration": 2, "position": 1, "seconds": 0.127774969994789, "peak_reserved_bytes": 637534208}
{"cell": "k16", "method": "F32", "output_mode": "gpu_radix", "phase": "retained", "iteration": 3, "position": 0, "seconds": 0.12621380299970042, "peak_reserved_bytes": 637534208}
{"cell": "k16", "method": "F32", "output_mode": "legacy", "phase": "retained", "iteration": 3, "position": 1, "seconds": 0.1490630769985728, "peak_reserved_bytes": 637534208}
{"cell": "k16", "method": "F8", "output_mode": "gpu_radix", "phase": "warmup", "iteration": 0, "position": 0, "seconds": 0.04853491399262566, "peak_reserved_bytes": 637534208}
{"cell": "k16", "method": "F8", "output_mode": "legacy", "phase": "warmup", "iteration": 0, "position": 1, "seconds": 0.06915419099095743, "peak_reserved_bytes": 637534208}
{"cell": "k16", "method": "F8", "output_mode": "gpu_radix", "phase": "retained", "iteration": 0, "position": 0, "seconds": 0.04818897999939509, "peak_reserved_bytes": 637534208}
{"cell": "k16", "method": "F8", "output_mode": "legacy", "phase": "retained", "iteration": 0, "position": 1, "seconds": 0.06893341300019529, "peak_reserved_bytes": 637534208}
{"cell": "k16", "method": "F8", "output_mode": "legacy", "phase": "retained", "iteration": 1, "position": 0, "seconds": 0.06916887099214364, "peak_reserved_bytes": 637534208}
{"cell": "k16", "method": "F8", "output_mode": "gpu_radix", "phase": "retained", "iteration": 1, "position": 1, "seconds": 0.04789314699883107, "peak_reserved_bytes": 637534208}
{"cell": "k16", "method": "F8", "output_mode": "gpu_radix", "phase": "retained", "iteration": 2, "position": 0, "seconds": 0.04789601200900506, "peak_reserved_bytes": 637534208}
{"cell": "k16", "method": "F8", "output_mode": "legacy", "phase": "retained", "iteration": 2, "position": 1, "seconds": 0.06930521599133499, "peak_reserved_bytes": 637534208}
{"cell": "k16", "method": "F8", "output_mode": "legacy", "phase": "retained", "iteration": 3, "position": 0, "seconds": 0.06932196600246243, "peak_reserved_bytes": 637534208}
{"cell": "k16", "method": "F8", "output_mode": "gpu_radix", "phase": "retained", "iteration": 3, "position": 1, "seconds": 0.047849541006144136, "peak_reserved_bytes": 637534208}
{"phase": "confirm", "index": 2, "pass_": true, "calls": 180}
