COMMAND ["@TENSORJOIN_ROOT@/isaacsim6/env/bin/python", "@TENSORJOIN_ROOT@/tensorjoin_20260902_certified_exact_join/tensorjoin_20260908_output_audit/src/runner.py", "--phase", "explore", "--index", "0"]
{"cell": "k4", "method": "F8", "output_mode": "legacy", "phase": "warmup", "iteration": 0, "position": 0, "seconds": 0.09427591499115806, "peak_reserved_bytes": 612368384}
{"cell": "k4", "method": "F8", "output_mode": "cpu_single", "phase": "warmup", "iteration": 0, "position": 1, "seconds": 0.05993848499201704, "peak_reserved_bytes": 612368384}
{"cell": "k4", "method": "F8", "output_mode": "gpu_radix", "phase": "warmup", "iteration": 0, "position": 2, "seconds": 0.0588236909970874, "peak_reserved_bytes": 635437056}
{"cell": "k4", "method": "F16", "output_mode": "legacy", "phase": "warmup", "iteration": 0, "position": 3, "seconds": 0.4993294779997086, "peak_reserved_bytes": 769654784}
{"cell": "k4", "method": "F16", "output_mode": "cpu_single", "phase": "warmup", "iteration": 0, "position": 4, "seconds": 0.05831832300464157, "peak_reserved_bytes": 769654784}
{"cell": "k4", "method": "F16", "output_mode": "gpu_radix", "phase": "warmup", "iteration": 0, "position": 5, "seconds": 0.052423304005060345, "peak_reserved_bytes": 769654784}
{"cell": "k4", "method": "F32", "output_mode": "legacy", "phase": "warmup", "iteration": 0, "position": 6, "seconds": 0.22368584800278768, "peak_reserved_bytes": 769654784}
{"cell": "k4", "method": "F32", "output_mode": "cpu_single", "phase": "warmup", "iteration": 0, "position": 7, "seconds": 0.13728135100973304, "peak_reserved_bytes": 769654784}
{"cell": "k4", "method": "F32", "output_mode": "gpu_radix", "phase": "warmup", "iteration": 0, "position": 8, "seconds": 0.1312828410009388, "peak_reserved_bytes": 769654784}
{"cell": "k4", "method": "F8", "output_mode": "legacy", "phase": "retained", "iteration": 0, "position": 0, "seconds": 0.05564528900140431, "peak_reserved_bytes": 769654784}
{"cell": "k4", "method": "F8", "output_mode": "cpu_single", "phase": "retained", "iteration": 0, "position": 1, "seconds": 0.05329315499693621, "peak_reserved_bytes": 769654784}
{"cell": "k4", "method": "F8", "output_mode": "gpu_radix", "phase": "retained", "iteration": 0, "position": 2, "seconds": 0.04736454899830278, "peak_reserved_bytes": 769654784}
{"cell": "k4", "method": "F16", "output_mode": "legacy", "phase": "retained", "iteration": 0, "position": 3, "seconds": 0.05893667800410185, "peak_reserved_bytes": 769654784}
{"cell": "k4", "method": "F16", "output_mode": "cpu_single", "phase": "retained", "iteration": 0, "position": 4, "seconds": 0.05807482500676997, "peak_reserved_bytes": 769654784}
{"cell": "k4", "method": "F16", "output_mode": "gpu_radix", "phase": "retained", "iteration": 0, "position": 5, "seconds": 0.051918573008151725, "peak_reserved_bytes": 769654784}
{"cell": "k4", "method": "F32", "output_mode": "legacy", "phase": "retained", "iteration": 0, "position": 6, "seconds": 0.13796935399295762, "peak_reserved_bytes": 769654784}
{"cell": "k4", "method": "F32", "output_mode": "cpu_single", "phase": "retained", "iteration": 0, "position": 7, "seconds": 0.13624999699823093, "peak_reserved_bytes": 769654784}
{"cell": "k4", "method": "F32", "output_mode": "gpu_radix", "phase": "retained", "iteration": 0, "position": 8, "seconds": 0.13124443899141625, "peak_reserved_bytes": 769654784}
{"cell": "k4", "method": "F8", "output_mode": "legacy", "phase": "retained", "iteration": 1, "position": 0, "seconds": 0.05400471399480011, "peak_reserved_bytes": 769654784}
{"cell": "k4", "method": "F32", "output_mode": "gpu_radix", "phase": "retained", "iteration": 1, "position": 1, "seconds": 0.13103946699993685, "peak_reserved_bytes": 769654784}
{"cell": "k4", "method": "F32", "output_mode": "cpu_single", "phase": "retained", "iteration": 1, "position": 2, "seconds": 0.13676855398807675, "peak_reserved_bytes": 769654784}
{"cell": "k4", "method": "F32", "output_mode": "legacy", "phase": "retained", "iteration": 1, "position": 3, "seconds": 0.13821434500277974, "peak_reserved_bytes": 769654784}
{"cell": "k4", "method": "F16", "output_mode": "gpu_radix", "phase": "retained", "iteration": 1, "position": 4, "seconds": 0.051704430996323936, "peak_reserved_bytes": 769654784}
{"cell": "k4", "method": "F16", "output_mode": "cpu_single", "phase": "retained", "iteration": 1, "position": 5, "seconds": 0.057939865000662394, "peak_reserved_bytes": 769654784}
{"cell": "k4", "method": "F16", "output_mode": "legacy", "phase": "retained", "iteration": 1, "position": 6, "seconds": 0.05863564599712845, "peak_reserved_bytes": 769654784}
{"cell": "k4", "method": "F8", "output_mode": "gpu_radix", "phase": "retained", "iteration": 1, "position": 7, "seconds": 0.04699074800009839, "peak_reserved_bytes": 769654784}
{"cell": "k4", "method": "F8", "output_mode": "cpu_single", "phase": "retained", "iteration": 1, "position": 8, "seconds": 0.05266396499064285, "peak_reserved_bytes": 769654784}
{"cell": "k16", "method": "F8", "output_mode": "cpu_single", "phase": "warmup", "iteration": 0, "position": 0, "seconds": 0.0750403929996537, "peak_reserved_bytes": 612368384}
{"cell": "k16", "method": "F8", "output_mode": "gpu_radix", "phase": "warmup", "iteration": 0, "position": 1, "seconds": 0.05002074500953313, "peak_reserved_bytes": 637534208}
{"cell": "k16", "method": "F16", "output_mode": "legacy", "phase": "warmup", "iteration": 0, "position": 2, "seconds": 0.07814571500057355, "peak_reserved_bytes": 771751936}
{"cell": "k16", "method": "F16", "output_mode": "cpu_single", "phase": "warmup", "iteration": 0, "position": 3, "seconds": 0.07153802999528125, "peak_reserved_bytes": 771751936}
{"cell": "k16", "method": "F16", "output_mode": "gpu_radix", "phase": "warmup", "iteration": 0, "position": 4, "seconds": 0.05390732199884951, "peak_reserved_bytes": 771751936}
{"cell": "k16", "method": "F32", "output_mode": "legacy", "phase": "warmup", "iteration": 0, "position": 5, "seconds": 0.1532846689951839, "peak_reserved_bytes": 771751936}
{"cell": "k16", "method": "F32", "output_mode": "cpu_single", "phase": "warmup", "iteration": 0, "position": 6, "seconds": 0.14907693599525373, "peak_reserved_bytes": 771751936}
{"cell": "k16", "method": "F32", "output_mode": "gpu_radix", "phase": "warmup", "iteration": 0, "position": 7, "seconds": 0.13171529601095244, "peak_reserved_bytes": 771751936}
{"cell": "k16", "method": "F8", "output_mode": "legacy", "phase": "warmup", "iteration": 0, "position": 8, "seconds": 0.07073986899922602, "peak_reserved_bytes": 771751936}
{"cell": "k16", "method": "F8", "output_mode": "cpu_single", "phase": "retained", "iteration": 0, "position": 0, "seconds": 0.0661866779992124, "peak_reserved_bytes": 771751936}
{"cell": "k16", "method": "F8", "output_mode": "gpu_radix", "phase": "retained", "iteration": 0, "position": 1, "seconds": 0.04931222600862384, "peak_reserved_bytes": 771751936}
{"cell": "k16", "method": "F16", "output_mode": "legacy", "phase": "retained", "iteration": 0, "position": 2, "seconds": 0.07473697699606419, "peak_reserved_bytes": 771751936}
{"cell": "k16", "method": "F16", "output_mode": "cpu_single", "phase": "retained", "iteration": 0, "position": 3, "seconds": 0.0710325840045698, "peak_reserved_bytes": 771751936}
{"cell": "k16", "method": "F16", "output_mode": "gpu_radix", "phase": "retained", "iteration": 0, "position": 4, "seconds": 0.05383859800349455, "peak_reserved_bytes": 771751936}
{"cell": "k16", "method": "F32", "output_mode": "legacy", "phase": "retained", "iteration": 0, "position": 5, "seconds": 0.15322546199604403, "peak_reserved_bytes": 771751936}
{"cell": "k16", "method": "F32", "output_mode": "cpu_single", "phase": "retained", "iteration": 0, "position": 6, "seconds": 0.14847446999920066, "peak_reserved_bytes": 771751936}
{"cell": "k16", "method": "F32", "output_mode": "gpu_radix", "phase": "retained", "iteration": 0, "position": 7, "seconds": 0.13204751499870326, "peak_reserved_bytes": 771751936}
{"cell": "k16", "method": "F8", "output_mode": "legacy", "phase": "retained", "iteration": 0, "position": 8, "seconds": 0.06997109200165141, "peak_reserved_bytes": 771751936}
{"cell": "k16", "method": "F8", "output_mode": "cpu_single", "phase": "retained", "iteration": 1, "position": 0, "seconds": 0.06657508999342099, "peak_reserved_bytes": 771751936}
{"cell": "k16", "method": "F8", "output_mode": "legacy", "phase": "retained", "iteration": 1, "position": 1, "seconds": 0.07029040699126199, "peak_reserved_bytes": 771751936}
{"cell": "k16", "method": "F32", "output_mode": "gpu_radix", "phase": "retained", "iteration": 1, "position": 2, "seconds": 0.13368714299576823, "peak_reserved_bytes": 771751936}
{"cell": "k16", "method": "F32", "output_mode": "cpu_single", "phase": "retained", "iteration": 1, "position": 3, "seconds": 0.14858102600555867, "peak_reserved_bytes": 771751936}
{"cell": "k16", "method": "F32", "output_mode": "legacy", "phase": "retained", "iteration": 1, "position": 4, "seconds": 0.15384374899440445, "peak_reserved_bytes": 771751936}
{"cell": "k16", "method": "F16", "output_mode": "gpu_radix", "phase": "retained", "iteration": 1, "position": 5, "seconds": 0.05389689300500322, "peak_reserved_bytes": 771751936}
{"cell": "k16", "method": "F16", "output_mode": "cpu_single", "phase": "retained", "iteration": 1, "position": 6, "seconds": 0.07086795500072185, "peak_reserved_bytes": 771751936}
{"cell": "k16", "method": "F16", "output_mode": "legacy", "phase": "retained", "iteration": 1, "position": 7, "seconds": 0.07493955599784385, "peak_reserved_bytes": 771751936}
{"cell": "k16", "method": "F8", "output_mode": "gpu_radix", "phase": "retained", "iteration": 1, "position": 8, "seconds": 0.049085980994277634, "peak_reserved_bytes": 771751936}
{"cell": "k64", "method": "F8", "output_mode": "gpu_radix", "phase": "warmup", "iteration": 0, "position": 0, "seconds": 0.05806199199287221, "peak_reserved_bytes": 740294656}
{"cell": "k64", "method": "F16", "output_mode": "legacy", "phase": "warmup", "iteration": 0, "position": 1, "seconds": 0.15448320399445947, "peak_reserved_bytes": 874512384}
{"cell": "k64", "method": "F16", "output_mode": "cpu_single", "phase": "warmup", "iteration": 0, "position": 2, "seconds": 0.13900759900570847, "peak_reserved_bytes": 874512384}
{"cell": "k64", "method": "F16", "output_mode": "gpu_radix", "phase": "warmup", "iteration": 0, "position": 3, "seconds": 0.07140700599120464, "peak_reserved_bytes": 876609536}
{"cell": "k64", "method": "F32", "output_mode": "legacy", "phase": "warmup", "iteration": 0, "position": 4, "seconds": 0.2361506820016075, "peak_reserved_bytes": 876609536}
{"cell": "k64", "method": "F32", "output_mode": "cpu_single", "phase": "warmup", "iteration": 0, "position": 5, "seconds": 0.21936395799275488, "peak_reserved_bytes": 876609536}
{"cell": "k64", "method": "F32", "output_mode": "gpu_radix", "phase": "warmup", "iteration": 0, "position": 6, "seconds": 0.14948976099549327, "peak_reserved_bytes": 876609536}
{"cell": "k64", "method": "F8", "output_mode": "legacy", "phase": "warmup", "iteration": 0, "position": 7, "seconds": 0.15730455800076015, "peak_reserved_bytes": 876609536}
{"cell": "k64", "method": "F8", "output_mode": "cpu_single", "phase": "warmup", "iteration": 0, "position": 8, "seconds": 0.13879865300259553, "peak_reserved_bytes": 876609536}
{"cell": "k64", "method": "F8", "output_mode": "gpu_radix", "phase": "retained", "iteration": 0, "position": 0, "seconds": 0.068627654996817, "peak_reserved_bytes": 876609536}
{"cell": "k64", "method": "F16", "output_mode": "legacy", "phase": "retained", "iteration": 0, "position": 1, "seconds": 0.15933608000341337, "peak_reserved_bytes": 876609536}
{"cell": "k64", "method": "F16", "output_mode": "cpu_single", "phase": "retained", "iteration": 0, "position": 2, "seconds": 0.1401480419881409, "peak_reserved_bytes": 876609536}
{"cell": "k64", "method": "F16", "output_mode": "gpu_radix", "phase": "retained", "iteration": 0, "position": 3, "seconds": 0.07094789399707224, "peak_reserved_bytes": 876609536}
{"cell": "k64", "method": "F32", "output_mode": "legacy", "phase": "retained", "iteration": 0, "position": 4, "seconds": 0.23766465300286654, "peak_reserved_bytes": 876609536}
{"cell": "k64", "method": "F32", "output_mode": "cpu_single", "phase": "retained", "iteration": 0, "position": 5, "seconds": 0.22221851100039203, "peak_reserved_bytes": 876609536}
{"cell": "k64", "method": "F32", "output_mode": "gpu_radix", "phase": "retained", "iteration": 0, "position": 6, "seconds": 0.1495295200002147, "peak_reserved_bytes": 876609536}
{"cell": "k64", "method": "F8", "output_mode": "legacy", "phase": "retained", "iteration": 0, "position": 7, "seconds": 0.15706045800470747, "peak_reserved_bytes": 876609536}
{"cell": "k64", "method": "F8", "output_mode": "cpu_single", "phase": "retained", "iteration": 0, "position": 8, "seconds": 0.1373751520004589, "peak_reserved_bytes": 876609536}
{"cell": "k64", "method": "F8", "output_mode": "gpu_radix", "phase": "retained", "iteration": 1, "position": 0, "seconds": 0.07117930300591979, "peak_reserved_bytes": 876609536}
{"cell": "k64", "method": "F8", "output_mode": "cpu_single", "phase": "retained", "iteration": 1, "position": 1, "seconds": 0.13991912199708167, "peak_reserved_bytes": 876609536}
{"cell": "k64", "method": "F8", "output_mode": "legacy", "phase": "retained", "iteration": 1, "position": 2, "seconds": 0.15680541399342474, "peak_reserved_bytes": 876609536}
{"cell": "k64", "method": "F32", "output_mode": "gpu_radix", "phase": "retained", "iteration": 1, "position": 3, "seconds": 0.1491264750075061, "peak_reserved_bytes": 876609536}
{"cell": "k64", "method": "F32", "output_mode": "cpu_single", "phase": "retained", "iteration": 1, "position": 4, "seconds": 0.22045888300635852, "peak_reserved_bytes": 876609536}
{"cell": "k64", "method": "F32", "output_mode": "legacy", "phase": "retained", "iteration": 1, "position": 5, "seconds": 0.23596218199236318, "peak_reserved_bytes": 876609536}
{"cell": "k64", "method": "F16", "output_mode": "gpu_radix", "phase": "retained", "iteration": 1, "position": 6, "seconds": 0.07131057200604118, "peak_reserved_bytes": 876609536}
{"cell": "k64", "method": "F16", "output_mode": "cpu_single", "phase": "retained", "iteration": 1, "position": 7, "seconds": 0.14061517400841694, "peak_reserved_bytes": 876609536}
{"cell": "k64", "method": "F16", "output_mode": "legacy", "phase": "retained", "iteration": 1, "position": 8, "seconds": 0.15890620301070157, "peak_reserved_bytes": 876609536}
{"cell": "original", "method": "F16", "output_mode": "legacy", "phase": "warmup", "iteration": 0, "position": 0, "seconds": 0.16750346298795193, "peak_reserved_bytes": 612368384}
{"cell": "original", "method": "F16", "output_mode": "cpu_single", "phase": "warmup", "iteration": 0, "position": 1, "seconds": 0.1413024899957236, "peak_reserved_bytes": 612368384}
{"cell": "original", "method": "F16", "output_mode": "gpu_radix", "phase": "warmup", "iteration": 0, "position": 2, "seconds": 0.07341683699632995, "peak_reserved_bytes": 746586112}
{"cell": "original", "method": "F32", "output_mode": "legacy", "phase": "warmup", "iteration": 0, "position": 3, "seconds": 0.24030112799664494, "peak_reserved_bytes": 746586112}
{"cell": "original", "method": "F32", "output_mode": "cpu_single", "phase": "warmup", "iteration": 0, "position": 4, "seconds": 0.22232990298653021, "peak_reserved_bytes": 746586112}
{"cell": "original", "method": "F32", "output_mode": "gpu_radix", "phase": "warmup", "iteration": 0, "position": 5, "seconds": 0.14978056799736805, "peak_reserved_bytes": 746586112}
{"cell": "original", "method": "F8", "output_mode": "legacy", "phase": "warmup", "iteration": 0, "position": 6, "seconds": 0.160442382999463, "peak_reserved_bytes": 746586112}
{"cell": "original", "method": "F8", "output_mode": "cpu_single", "phase": "warmup", "iteration": 0, "position": 7, "seconds": 0.13950971800659318, "peak_reserved_bytes": 746586112}
{"cell": "original", "method": "F8", "output_mode": "gpu_radix", "phase": "warmup", "iteration": 0, "position": 8, "seconds": 0.07156446699809749, "peak_reserved_bytes": 780140544}
{"cell": "original", "method": "F16", "output_mode": "legacy", "phase": "retained", "iteration": 0, "position": 0, "seconds": 0.16229977100738324, "peak_reserved_bytes": 780140544}
{"cell": "original", "method": "F16", "output_mode": "cpu_single", "phase": "retained", "iteration": 0, "position": 1, "seconds": 0.14160670500132255, "peak_reserved_bytes": 780140544}
{"cell": "original", "method": "F16", "output_mode": "gpu_radix", "phase": "retained", "iteration": 0, "position": 2, "seconds": 0.07125111800269224, "peak_reserved_bytes": 780140544}
{"cell": "original", "method": "F32", "output_mode": "legacy", "phase": "retained", "iteration": 0, "position": 3, "seconds": 0.24256097499164753, "peak_reserved_bytes": 780140544}
{"cell": "original", "method": "F32", "output_mode": "cpu_single", "phase": "retained", "iteration": 0, "position": 4, "seconds": 0.22432280099019408, "peak_reserved_bytes": 780140544}
{"cell": "original", "method": "F32", "output_mode": "gpu_radix", "phase": "retained", "iteration": 0, "position": 5, "seconds": 0.14951106799708214, "peak_reserved_bytes": 780140544}
{"cell": "original", "method": "F8", "output_mode": "legacy", "phase": "retained", "iteration": 0, "position": 6, "seconds": 0.16011163000075612, "peak_reserved_bytes": 780140544}
{"cell": "original", "method": "F8", "output_mode": "cpu_single", "phase": "retained", "iteration": 0, "position": 7, "seconds": 0.1395122310059378, "peak_reserved_bytes": 780140544}
{"cell": "original", "method": "F8", "output_mode": "gpu_radix", "phase": "retained", "iteration": 0, "position": 8, "seconds": 0.06899020700075198, "peak_reserved_bytes": 780140544}
{"cell": "original", "method": "F16", "output_mode": "legacy", "phase": "retained", "iteration": 1, "position": 0, "seconds": 0.16317582699412014, "peak_reserved_bytes": 780140544}
{"cell": "original", "method": "F8", "output_mode": "gpu_radix", "phase": "retained", "iteration": 1, "position": 1, "seconds": 0.06981267800438218, "peak_reserved_bytes": 780140544}
{"cell": "original", "method": "F8", "output_mode": "cpu_single", "phase": "retained", "iteration": 1, "position": 2, "seconds": 0.140293867996661, "peak_reserved_bytes": 780140544}
{"cell": "original", "method": "F8", "output_mode": "legacy", "phase": "retained", "iteration": 1, "position": 3, "seconds": 0.16094721399713308, "peak_reserved_bytes": 780140544}
{"cell": "original", "method": "F32", "output_mode": "gpu_radix", "phase": "retained", "iteration": 1, "position": 4, "seconds": 0.14999227599764708, "peak_reserved_bytes": 780140544}
{"cell": "original", "method": "F32", "output_mode": "cpu_single", "phase": "retained", "iteration": 1, "position": 5, "seconds": 0.22303538701089565, "peak_reserved_bytes": 780140544}
{"cell": "original", "method": "F32", "output_mode": "legacy", "phase": "retained", "iteration": 1, "position": 6, "seconds": 0.23944814299466088, "peak_reserved_bytes": 780140544}
{"cell": "original", "method": "F16", "output_mode": "gpu_radix", "phase": "retained", "iteration": 1, "position": 7, "seconds": 0.07172119300230406, "peak_reserved_bytes": 780140544}
{"cell": "original", "method": "F16", "output_mode": "cpu_single", "phase": "retained", "iteration": 1, "position": 8, "seconds": 0.1410838470037561, "peak_reserved_bytes": 780140544}
{"cell": "k256", "method": "F16", "output_mode": "cpu_single", "phase": "warmup", "iteration": 0, "position": 0, "seconds": 0.4681511969974963, "peak_reserved_bytes": 612368384}
{"cell": "k256", "method": "F16", "output_mode": "gpu_radix", "phase": "warmup", "iteration": 0, "position": 1, "seconds": 0.13311166300263721, "peak_reserved_bytes": 1124073472}
{"cell": "k256", "method": "F32", "output_mode": "legacy", "phase": "warmup", "iteration": 0, "position": 2, "seconds": 0.6468252050108276, "peak_reserved_bytes": 1124073472}
{"cell": "k256", "method": "F32", "output_mode": "cpu_single", "phase": "warmup", "iteration": 0, "position": 3, "seconds": 0.5387978670041775, "peak_reserved_bytes": 1124073472}
{"cell": "k256", "method": "F32", "output_mode": "gpu_radix", "phase": "warmup", "iteration": 0, "position": 4, "seconds": 0.20517857499362435, "peak_reserved_bytes": 1124073472}
{"cell": "k256", "method": "F8", "output_mode": "legacy", "phase": "warmup", "iteration": 0, "position": 5, "seconds": 0.6047695669985842, "peak_reserved_bytes": 1124073472}
{"cell": "k256", "method": "F8", "output_mode": "cpu_single", "phase": "warmup", "iteration": 0, "position": 6, "seconds": 0.4641641519992845, "peak_reserved_bytes": 1124073472}
{"cell": "k256", "method": "F8", "output_mode": "gpu_radix", "phase": "warmup", "iteration": 0, "position": 7, "seconds": 0.1337255760008702, "peak_reserved_bytes": 1124073472}
{"cell": "k256", "method": "F16", "output_mode": "legacy", "phase": "warmup", "iteration": 0, "position": 8, "seconds": 0.5653409340011422, "peak_reserved_bytes": 1124073472}
{"cell": "k256", "method": "F16", "output_mode": "cpu_single", "phase": "retained", "iteration": 0, "position": 0, "seconds": 0.4566890179994516, "peak_reserved_bytes": 1124073472}
{"cell": "k256", "method": "F16", "output_mode": "gpu_radix", "phase": "retained", "iteration": 0, "position": 1, "seconds": 0.12732523800514173, "peak_reserved_bytes": 1124073472}
{"cell": "k256", "method": "F32", "output_mode": "legacy", "phase": "retained", "iteration": 0, "position": 2, "seconds": 0.6429245740000624, "peak_reserved_bytes": 1124073472}
{"cell": "k256", "method": "F32", "output_mode": "cpu_single", "phase": "retained", "iteration": 0, "position": 3, "seconds": 0.5360746329970425, "peak_reserved_bytes": 1124073472}
{"cell": "k256", "method": "F32", "output_mode": "gpu_radix", "phase": "retained", "iteration": 0, "position": 4, "seconds": 0.20322159200441092, "peak_reserved_bytes": 1124073472}
{"cell": "k256", "method": "F8", "output_mode": "legacy", "phase": "retained", "iteration": 0, "position": 5, "seconds": 0.5664511740033049, "peak_reserved_bytes": 1124073472}
{"cell": "k256", "method": "F8", "output_mode": "cpu_single", "phase": "retained", "iteration": 0, "position": 6, "seconds": 0.46117569800117053, "peak_reserved_bytes": 1124073472}
{"cell": "k256", "method": "F8", "output_mode": "gpu_radix", "phase": "retained", "iteration": 0, "position": 7, "seconds": 0.13289874499605503, "peak_reserved_bytes": 1124073472}
{"cell": "k256", "method": "F16", "output_mode": "legacy", "phase": "retained", "iteration": 0, "position": 8, "seconds": 0.5604462930059526, "peak_reserved_bytes": 1124073472}
{"cell": "k256", "method": "F16", "output_mode": "cpu_single", "phase": "retained", "iteration": 1, "position": 0, "seconds": 0.45578607299830765, "peak_reserved_bytes": 1124073472}
{"cell": "k256", "method": "F16", "output_mode": "legacy", "phase": "retained", "iteration": 1, "position": 1, "seconds": 0.564110487990547, "peak_reserved_bytes": 1124073472}
{"cell": "k256", "method": "F8", "output_mode": "gpu_radix", "phase": "retained", "iteration": 1, "position": 2, "seconds": 0.13324581799679436, "peak_reserved_bytes": 1124073472}
{"cell": "k256", "method": "F8", "output_mode": "cpu_single", "phase": "retained", "iteration": 1, "position": 3, "seconds": 0.46270786300010514, "peak_reserved_bytes": 1124073472}
{"cell": "k256", "method": "F8", "output_mode": "legacy", "phase": "retained", "iteration": 1, "position": 4, "seconds": 0.5646197499881964, "peak_reserved_bytes": 1124073472}
{"cell": "k256", "method": "F32", "output_mode": "gpu_radix", "phase": "retained", "iteration": 1, "position": 5, "seconds": 0.20752465700206812, "peak_reserved_bytes": 1124073472}
{"cell": "k256", "method": "F32", "output_mode": "cpu_single", "phase": "retained", "iteration": 1, "position": 6, "seconds": 0.5369579429971054, "peak_reserved_bytes": 1124073472}
{"cell": "k256", "method": "F32", "output_mode": "legacy", "phase": "retained", "iteration": 1, "position": 7, "seconds": 0.6382710920006502, "peak_reserved_bytes": 1124073472}
{"cell": "k256", "method": "F16", "output_mode": "gpu_radix", "phase": "retained", "iteration": 1, "position": 8, "seconds": 0.1282292889954988, "peak_reserved_bytes": 1124073472}
{"cell": "k1024", "method": "F16", "output_mode": "gpu_radix", "phase": "warmup", "iteration": 0, "position": 0, "seconds": 0.357469508991926, "peak_reserved_bytes": 2600468480}
{"cell": "k1024", "method": "F32", "output_mode": "legacy", "phase": "warmup", "iteration": 0, "position": 1, "seconds": 2.393277963012224, "peak_reserved_bytes": 2600468480}
{"cell": "k1024", "method": "F32", "output_mode": "cpu_single", "phase": "warmup", "iteration": 0, "position": 2, "seconds": 1.8904366669885349, "peak_reserved_bytes": 2600468480}
{"cell": "k1024", "method": "F32", "output_mode": "gpu_radix", "phase": "warmup", "iteration": 0, "position": 3, "seconds": 0.42232987900206354, "peak_reserved_bytes": 2600468480}
{"cell": "k1024", "method": "F8", "output_mode": "legacy", "phase": "warmup", "iteration": 0, "position": 4, "seconds": 2.3298399460036308, "peak_reserved_bytes": 2600468480}
{"cell": "k1024", "method": "F8", "output_mode": "cpu_single", "phase": "warmup", "iteration": 0, "position": 5, "seconds": 1.8288818409928354, "peak_reserved_bytes": 2600468480}
{"cell": "k1024", "method": "F8", "output_mode": "gpu_radix", "phase": "warmup", "iteration": 0, "position": 6, "seconds": 0.38332649700168986, "peak_reserved_bytes": 2600468480}
{"cell": "k1024", "method": "F16", "output_mode": "legacy", "phase": "warmup", "iteration": 0, "position": 7, "seconds": 2.2891481590049807, "peak_reserved_bytes": 2600468480}
{"cell": "k1024", "method": "F16", "output_mode": "cpu_single", "phase": "warmup", "iteration": 0, "position": 8, "seconds": 1.8029630149976583, "peak_reserved_bytes": 2600468480}
{"cell": "k1024", "method": "F16", "output_mode": "gpu_radix", "phase": "retained", "iteration": 0, "position": 0, "seconds": 0.34811667501344346, "peak_reserved_bytes": 2600468480}
{"cell": "k1024", "method": "F32", "output_mode": "legacy", "phase": "retained", "iteration": 0, "position": 1, "seconds": 2.3797059820062714, "peak_reserved_bytes": 2600468480}
{"cell": "k1024", "method": "F32", "output_mode": "cpu_single", "phase": "retained", "iteration": 0, "position": 2, "seconds": 1.8671357529965462, "peak_reserved_bytes": 2600468480}
{"cell": "k1024", "method": "F32", "output_mode": "gpu_radix", "phase": "retained", "iteration": 0, "position": 3, "seconds": 0.4289826010062825, "peak_reserved_bytes": 2600468480}
{"cell": "k1024", "method": "F8", "output_mode": "legacy", "phase": "retained", "iteration": 0, "position": 4, "seconds": 2.32377445801103, "peak_reserved_bytes": 2600468480}
{"cell": "k1024", "method": "F8", "output_mode": "cpu_single", "phase": "retained", "iteration": 0, "position": 5, "seconds": 1.8189167170057772, "peak_reserved_bytes": 2600468480}
{"cell": "k1024", "method": "F8", "output_mode": "gpu_radix", "phase": "retained", "iteration": 0, "position": 6, "seconds": 0.382819341000868, "peak_reserved_bytes": 2600468480}
{"cell": "k1024", "method": "F16", "output_mode": "legacy", "phase": "retained", "iteration": 0, "position": 7, "seconds": 2.3163603089924436, "peak_reserved_bytes": 2600468480}
{"cell": "k1024", "method": "F16", "output_mode": "cpu_single", "phase": "retained", "iteration": 0, "position": 8, "seconds": 1.8211223200050881, "peak_reserved_bytes": 2600468480}
{"cell": "k1024", "method": "F16", "output_mode": "gpu_radix", "phase": "retained", "iteration": 1, "position": 0, "seconds": 0.3567060219938867, "peak_reserved_bytes": 2600468480}
{"cell": "k1024", "method": "F16", "output_mode": "cpu_single", "phase": "retained", "iteration": 1, "position": 1, "seconds": 1.8139510479959426, "peak_reserved_bytes": 2600468480}
{"cell": "k1024", "method": "F16", "output_mode": "legacy", "phase": "retained", "iteration": 1, "position": 2, "seconds": 2.279301699993084, "peak_reserved_bytes": 2600468480}
{"cell": "k1024", "method": "F8", "output_mode": "gpu_radix", "phase": "retained", "iteration": 1, "position": 3, "seconds": 0.3820927779888734, "peak_reserved_bytes": 2600468480}
{"cell": "k1024", "method": "F8", "output_mode": "cpu_single", "phase": "retained", "iteration": 1, "position": 4, "seconds": 1.809512216001167, "peak_reserved_bytes": 2600468480}
{"cell": "k1024", "method": "F8", "output_mode": "legacy", "phase": "retained", "iteration": 1, "position": 5, "seconds": 2.318951143999584, "peak_reserved_bytes": 2600468480}
{"cell": "k1024", "method": "F32", "output_mode": "gpu_radix", "phase": "retained", "iteration": 1, "position": 6, "seconds": 0.4269717360002687, "peak_reserved_bytes": 2600468480}
{"cell": "k1024", "method": "F32", "output_mode": "cpu_single", "phase": "retained", "iteration": 1, "position": 7, "seconds": 1.9415948100067908, "peak_reserved_bytes": 2600468480}
{"cell": "k1024", "method": "F32", "output_mode": "legacy", "phase": "retained", "iteration": 1, "position": 8, "seconds": 2.395677994005382, "peak_reserved_bytes": 2600468480}
{"phase": "explore", "index": 0, "pass_": true, "calls": 162}
