COMMAND ["@TENSORJOIN_ROOT@/isaacsim6/env/bin/python", "@TENSORJOIN_ROOT@/tensorjoin_20260902_certified_exact_join/tensorjoin_20260908_output_audit/src/runner.py", "--phase", "explore", "--index", "1"]
{"cell": "k4", "method": "F8", "output_mode": "gpu_radix", "phase": "warmup", "iteration": 0, "position": 0, "seconds": 0.07637874699139502, "peak_reserved_bytes": 635437056}
{"cell": "k4", "method": "F8", "output_mode": "cpu_single", "phase": "warmup", "iteration": 0, "position": 1, "seconds": 0.056357539986493066, "peak_reserved_bytes": 635437056}
{"cell": "k4", "method": "F8", "output_mode": "legacy", "phase": "warmup", "iteration": 0, "position": 2, "seconds": 0.05457501800265163, "peak_reserved_bytes": 635437056}
{"cell": "k4", "method": "F32", "output_mode": "gpu_radix", "phase": "warmup", "iteration": 0, "position": 3, "seconds": 0.21014460099104326, "peak_reserved_bytes": 635437056}
{"cell": "k4", "method": "F32", "output_mode": "cpu_single", "phase": "warmup", "iteration": 0, "position": 4, "seconds": 0.1397143229987705, "peak_reserved_bytes": 635437056}
{"cell": "k4", "method": "F32", "output_mode": "legacy", "phase": "warmup", "iteration": 0, "position": 5, "seconds": 0.13862853300815914, "peak_reserved_bytes": 635437056}
{"cell": "k4", "method": "F16", "output_mode": "gpu_radix", "phase": "warmup", "iteration": 0, "position": 6, "seconds": 0.4858849060110515, "peak_reserved_bytes": 769654784}
{"cell": "k4", "method": "F16", "output_mode": "cpu_single", "phase": "warmup", "iteration": 0, "position": 7, "seconds": 0.060281154001131654, "peak_reserved_bytes": 769654784}
{"cell": "k4", "method": "F16", "output_mode": "legacy", "phase": "warmup", "iteration": 0, "position": 8, "seconds": 0.05965788300090935, "peak_reserved_bytes": 769654784}
{"cell": "k4", "method": "F8", "output_mode": "gpu_radix", "phase": "retained", "iteration": 0, "position": 0, "seconds": 0.046716753000509925, "peak_reserved_bytes": 769654784}
{"cell": "k4", "method": "F8", "output_mode": "cpu_single", "phase": "retained", "iteration": 0, "position": 1, "seconds": 0.0527292659971863, "peak_reserved_bytes": 769654784}
{"cell": "k4", "method": "F8", "output_mode": "legacy", "phase": "retained", "iteration": 0, "position": 2, "seconds": 0.05338197998935357, "peak_reserved_bytes": 769654784}
{"cell": "k4", "method": "F32", "output_mode": "gpu_radix", "phase": "retained", "iteration": 0, "position": 3, "seconds": 0.13066271800198592, "peak_reserved_bytes": 769654784}
{"cell": "k4", "method": "F32", "output_mode": "cpu_single", "phase": "retained", "iteration": 0, "position": 4, "seconds": 0.13735151699802373, "peak_reserved_bytes": 769654784}
{"cell": "k4", "method": "F32", "output_mode": "legacy", "phase": "retained", "iteration": 0, "position": 5, "seconds": 0.1403485560003901, "peak_reserved_bytes": 769654784}
{"cell": "k4", "method": "F16", "output_mode": "gpu_radix", "phase": "retained", "iteration": 0, "position": 6, "seconds": 0.053302551998058334, "peak_reserved_bytes": 769654784}
{"cell": "k4", "method": "F16", "output_mode": "cpu_single", "phase": "retained", "iteration": 0, "position": 7, "seconds": 0.059822527997312136, "peak_reserved_bytes": 769654784}
{"cell": "k4", "method": "F16", "output_mode": "legacy", "phase": "retained", "iteration": 0, "position": 8, "seconds": 0.06021413000416942, "peak_reserved_bytes": 769654784}
{"cell": "k4", "method": "F16", "output_mode": "cpu_single", "phase": "retained", "iteration": 1, "position": 0, "seconds": 0.059034617006545886, "peak_reserved_bytes": 769654784}
{"cell": "k4", "method": "F16", "output_mode": "gpu_radix", "phase": "retained", "iteration": 1, "position": 1, "seconds": 0.052738970989594236, "peak_reserved_bytes": 769654784}
{"cell": "k4", "method": "F32", "output_mode": "legacy", "phase": "retained", "iteration": 1, "position": 2, "seconds": 0.13945759300258942, "peak_reserved_bytes": 769654784}
{"cell": "k4", "method": "F32", "output_mode": "cpu_single", "phase": "retained", "iteration": 1, "position": 3, "seconds": 0.13960607300396077, "peak_reserved_bytes": 769654784}
{"cell": "k4", "method": "F32", "output_mode": "gpu_radix", "phase": "retained", "iteration": 1, "position": 4, "seconds": 0.1329040340060601, "peak_reserved_bytes": 769654784}
{"cell": "k4", "method": "F8", "output_mode": "legacy", "phase": "retained", "iteration": 1, "position": 5, "seconds": 0.05573048700171057, "peak_reserved_bytes": 769654784}
{"cell": "k4", "method": "F8", "output_mode": "cpu_single", "phase": "retained", "iteration": 1, "position": 6, "seconds": 0.05319030401005875, "peak_reserved_bytes": 769654784}
{"cell": "k4", "method": "F8", "output_mode": "gpu_radix", "phase": "retained", "iteration": 1, "position": 7, "seconds": 0.04680157300026622, "peak_reserved_bytes": 769654784}
{"cell": "k4", "method": "F16", "output_mode": "legacy", "phase": "retained", "iteration": 1, "position": 8, "seconds": 0.058784491004189476, "peak_reserved_bytes": 769654784}
{"cell": "k1024", "method": "F16", "output_mode": "legacy", "phase": "warmup", "iteration": 0, "position": 0, "seconds": 2.3188817290065344, "peak_reserved_bytes": 612368384}
{"cell": "k1024", "method": "F8", "output_mode": "gpu_radix", "phase": "warmup", "iteration": 0, "position": 1, "seconds": 0.38849131799361203, "peak_reserved_bytes": 2600468480}
{"cell": "k1024", "method": "F8", "output_mode": "cpu_single", "phase": "warmup", "iteration": 0, "position": 2, "seconds": 1.8406996699923184, "peak_reserved_bytes": 2600468480}
{"cell": "k1024", "method": "F8", "output_mode": "legacy", "phase": "warmup", "iteration": 0, "position": 3, "seconds": 2.3317574039974716, "peak_reserved_bytes": 2600468480}
{"cell": "k1024", "method": "F32", "output_mode": "gpu_radix", "phase": "warmup", "iteration": 0, "position": 4, "seconds": 0.42354930799046997, "peak_reserved_bytes": 2600468480}
{"cell": "k1024", "method": "F32", "output_mode": "cpu_single", "phase": "warmup", "iteration": 0, "position": 5, "seconds": 1.8950082060036948, "peak_reserved_bytes": 2600468480}
{"cell": "k1024", "method": "F32", "output_mode": "legacy", "phase": "warmup", "iteration": 0, "position": 6, "seconds": 2.395365739997942, "peak_reserved_bytes": 2600468480}
{"cell": "k1024", "method": "F16", "output_mode": "gpu_radix", "phase": "warmup", "iteration": 0, "position": 7, "seconds": 0.35182352300034836, "peak_reserved_bytes": 2600468480}
{"cell": "k1024", "method": "F16", "output_mode": "cpu_single", "phase": "warmup", "iteration": 0, "position": 8, "seconds": 1.8084157510020304, "peak_reserved_bytes": 2600468480}
{"cell": "k1024", "method": "F16", "output_mode": "legacy", "phase": "retained", "iteration": 0, "position": 0, "seconds": 2.3610903799999505, "peak_reserved_bytes": 2600468480}
{"cell": "k1024", "method": "F8", "output_mode": "gpu_radix", "phase": "retained", "iteration": 0, "position": 1, "seconds": 0.38475571700837463, "peak_reserved_bytes": 2600468480}
{"cell": "k1024", "method": "F8", "output_mode": "cpu_single", "phase": "retained", "iteration": 0, "position": 2, "seconds": 1.85115175799001, "peak_reserved_bytes": 2600468480}
{"cell": "k1024", "method": "F8", "output_mode": "legacy", "phase": "retained", "iteration": 0, "position": 3, "seconds": 2.3505193690070882, "peak_reserved_bytes": 2600468480}
{"cell": "k1024", "method": "F32", "output_mode": "gpu_radix", "phase": "retained", "iteration": 0, "position": 4, "seconds": 0.45952998200664297, "peak_reserved_bytes": 2600468480}
{"cell": "k1024", "method": "F32", "output_mode": "cpu_single", "phase": "retained", "iteration": 0, "position": 5, "seconds": 1.8829317619965877, "peak_reserved_bytes": 2600468480}
{"cell": "k1024", "method": "F32", "output_mode": "legacy", "phase": "retained", "iteration": 0, "position": 6, "seconds": 2.3916435279970756, "peak_reserved_bytes": 2600468480}
{"cell": "k1024", "method": "F16", "output_mode": "gpu_radix", "phase": "retained", "iteration": 0, "position": 7, "seconds": 0.3469339009898249, "peak_reserved_bytes": 2600468480}
{"cell": "k1024", "method": "F16", "output_mode": "cpu_single", "phase": "retained", "iteration": 0, "position": 8, "seconds": 1.808204423999996, "peak_reserved_bytes": 2600468480}
{"cell": "k1024", "method": "F16", "output_mode": "gpu_radix", "phase": "retained", "iteration": 1, "position": 0, "seconds": 0.35153866600012407, "peak_reserved_bytes": 2600468480}
{"cell": "k1024", "method": "F32", "output_mode": "legacy", "phase": "retained", "iteration": 1, "position": 1, "seconds": 2.40219353599241, "peak_reserved_bytes": 2600468480}
{"cell": "k1024", "method": "F32", "output_mode": "cpu_single", "phase": "retained", "iteration": 1, "position": 2, "seconds": 1.8852425090008182, "peak_reserved_bytes": 2600468480}
{"cell": "k1024", "method": "F32", "output_mode": "gpu_radix", "phase": "retained", "iteration": 1, "position": 3, "seconds": 0.42275704100029543, "peak_reserved_bytes": 2600468480}
{"cell": "k1024", "method": "F8", "output_mode": "legacy", "phase": "retained", "iteration": 1, "position": 4, "seconds": 2.4302186989953043, "peak_reserved_bytes": 2600468480}
{"cell": "k1024", "method": "F8", "output_mode": "cpu_single", "phase": "retained", "iteration": 1, "position": 5, "seconds": 1.8725997459987411, "peak_reserved_bytes": 2600468480}
{"cell": "k1024", "method": "F8", "output_mode": "gpu_radix", "phase": "retained", "iteration": 1, "position": 6, "seconds": 0.3933899060066324, "peak_reserved_bytes": 2600468480}
{"cell": "k1024", "method": "F16", "output_mode": "legacy", "phase": "retained", "iteration": 1, "position": 7, "seconds": 2.313519995994284, "peak_reserved_bytes": 2600468480}
{"cell": "k1024", "method": "F16", "output_mode": "cpu_single", "phase": "retained", "iteration": 1, "position": 8, "seconds": 1.80268750799587, "peak_reserved_bytes": 2600468480}
{"cell": "k256", "method": "F16", "output_mode": "cpu_single", "phase": "warmup", "iteration": 0, "position": 0, "seconds": 0.45487603500077967, "peak_reserved_bytes": 612368384}
{"cell": "k256", "method": "F16", "output_mode": "legacy", "phase": "warmup", "iteration": 0, "position": 1, "seconds": 0.5661026699963259, "peak_reserved_bytes": 612368384}
{"cell": "k256", "method": "F8", "output_mode": "gpu_radix", "phase": "warmup", "iteration": 0, "position": 2, "seconds": 0.139195762007148, "peak_reserved_bytes": 1124073472}
{"cell": "k256", "method": "F8", "output_mode": "cpu_single", "phase": "warmup", "iteration": 0, "position": 3, "seconds": 0.46628522100218106, "peak_reserved_bytes": 1124073472}
{"cell": "k256", "method": "F8", "output_mode": "legacy", "phase": "warmup", "iteration": 0, "position": 4, "seconds": 0.5747382830013521, "peak_reserved_bytes": 1124073472}
{"cell": "k256", "method": "F32", "output_mode": "gpu_radix", "phase": "warmup", "iteration": 0, "position": 5, "seconds": 0.20553885099070612, "peak_reserved_bytes": 1124073472}
{"cell": "k256", "method": "F32", "output_mode": "cpu_single", "phase": "warmup", "iteration": 0, "position": 6, "seconds": 0.5413268709962722, "peak_reserved_bytes": 1124073472}
{"cell": "k256", "method": "F32", "output_mode": "legacy", "phase": "warmup", "iteration": 0, "position": 7, "seconds": 0.645003572004498, "peak_reserved_bytes": 1124073472}
{"cell": "k256", "method": "F16", "output_mode": "gpu_radix", "phase": "warmup", "iteration": 0, "position": 8, "seconds": 0.12726311000005808, "peak_reserved_bytes": 1124073472}
{"cell": "k256", "method": "F16", "output_mode": "cpu_single", "phase": "retained", "iteration": 0, "position": 0, "seconds": 0.4612400429905392, "peak_reserved_bytes": 1124073472}
{"cell": "k256", "method": "F16", "output_mode": "legacy", "phase": "retained", "iteration": 0, "position": 1, "seconds": 0.5663233850063989, "peak_reserved_bytes": 1124073472}
{"cell": "k256", "method": "F8", "output_mode": "gpu_radix", "phase": "retained", "iteration": 0, "position": 2, "seconds": 0.13352476700674742, "peak_reserved_bytes": 1124073472}
{"cell": "k256", "method": "F8", "output_mode": "cpu_single", "phase": "retained", "iteration": 0, "position": 3, "seconds": 0.46659951499896124, "peak_reserved_bytes": 1124073472}
{"cell": "k256", "method": "F8", "output_mode": "legacy", "phase": "retained", "iteration": 0, "position": 4, "seconds": 0.5772818650002591, "peak_reserved_bytes": 1124073472}
{"cell": "k256", "method": "F32", "output_mode": "gpu_radix", "phase": "retained", "iteration": 0, "position": 5, "seconds": 0.20388644600461703, "peak_reserved_bytes": 1124073472}
{"cell": "k256", "method": "F32", "output_mode": "cpu_single", "phase": "retained", "iteration": 0, "position": 6, "seconds": 0.5368512089917203, "peak_reserved_bytes": 1124073472}
{"cell": "k256", "method": "F32", "output_mode": "legacy", "phase": "retained", "iteration": 0, "position": 7, "seconds": 0.6432398869947065, "peak_reserved_bytes": 1124073472}
{"cell": "k256", "method": "F16", "output_mode": "gpu_radix", "phase": "retained", "iteration": 0, "position": 8, "seconds": 0.1271683730010409, "peak_reserved_bytes": 1124073472}
{"cell": "k256", "method": "F32", "output_mode": "legacy", "phase": "retained", "iteration": 1, "position": 0, "seconds": 0.6444652060017688, "peak_reserved_bytes": 1124073472}
{"cell": "k256", "method": "F32", "output_mode": "cpu_single", "phase": "retained", "iteration": 1, "position": 1, "seconds": 0.5395367440069094, "peak_reserved_bytes": 1124073472}
{"cell": "k256", "method": "F32", "output_mode": "gpu_radix", "phase": "retained", "iteration": 1, "position": 2, "seconds": 0.20465176500147209, "peak_reserved_bytes": 1124073472}
{"cell": "k256", "method": "F8", "output_mode": "legacy", "phase": "retained", "iteration": 1, "position": 3, "seconds": 0.5707005050062435, "peak_reserved_bytes": 1124073472}
{"cell": "k256", "method": "F8", "output_mode": "cpu_single", "phase": "retained", "iteration": 1, "position": 4, "seconds": 0.4641236659954302, "peak_reserved_bytes": 1124073472}
{"cell": "k256", "method": "F8", "output_mode": "gpu_radix", "phase": "retained", "iteration": 1, "position": 5, "seconds": 0.13274132199876476, "peak_reserved_bytes": 1124073472}
{"cell": "k256", "method": "F16", "output_mode": "legacy", "phase": "retained", "iteration": 1, "position": 6, "seconds": 0.5665146930114133, "peak_reserved_bytes": 1124073472}
{"cell": "k256", "method": "F16", "output_mode": "cpu_single", "phase": "retained", "iteration": 1, "position": 7, "seconds": 0.46043707900389563, "peak_reserved_bytes": 1124073472}
{"cell": "k256", "method": "F16", "output_mode": "gpu_radix", "phase": "retained", "iteration": 1, "position": 8, "seconds": 0.12806987400108483, "peak_reserved_bytes": 1124073472}
{"cell": "original", "method": "F16", "output_mode": "gpu_radix", "phase": "warmup", "iteration": 0, "position": 0, "seconds": 0.07678135200694669, "peak_reserved_bytes": 746586112}
{"cell": "original", "method": "F16", "output_mode": "cpu_single", "phase": "warmup", "iteration": 0, "position": 1, "seconds": 0.14045959500072058, "peak_reserved_bytes": 746586112}
{"cell": "original", "method": "F16", "output_mode": "legacy", "phase": "warmup", "iteration": 0, "position": 2, "seconds": 0.1611209529946791, "peak_reserved_bytes": 746586112}
{"cell": "original", "method": "F8", "output_mode": "gpu_radix", "phase": "warmup", "iteration": 0, "position": 3, "seconds": 0.06889617499837186, "peak_reserved_bytes": 780140544}
{"cell": "original", "method": "F8", "output_mode": "cpu_single", "phase": "warmup", "iteration": 0, "position": 4, "seconds": 0.1394519669993315, "peak_reserved_bytes": 780140544}
{"cell": "original", "method": "F8", "output_mode": "legacy", "phase": "warmup", "iteration": 0, "position": 5, "seconds": 0.15947575600876007, "peak_reserved_bytes": 780140544}
{"cell": "original", "method": "F32", "output_mode": "gpu_radix", "phase": "warmup", "iteration": 0, "position": 6, "seconds": 0.14954684099939186, "peak_reserved_bytes": 780140544}
{"cell": "original", "method": "F32", "output_mode": "cpu_single", "phase": "warmup", "iteration": 0, "position": 7, "seconds": 0.22204807899834123, "peak_reserved_bytes": 780140544}
{"cell": "original", "method": "F32", "output_mode": "legacy", "phase": "warmup", "iteration": 0, "position": 8, "seconds": 0.23881794601038564, "peak_reserved_bytes": 780140544}
{"cell": "original", "method": "F16", "output_mode": "gpu_radix", "phase": "retained", "iteration": 0, "position": 0, "seconds": 0.07248086300387513, "peak_reserved_bytes": 780140544}
{"cell": "original", "method": "F16", "output_mode": "cpu_single", "phase": "retained", "iteration": 0, "position": 1, "seconds": 0.14329958500456996, "peak_reserved_bytes": 780140544}
{"cell": "original", "method": "F16", "output_mode": "legacy", "phase": "retained", "iteration": 0, "position": 2, "seconds": 0.1613954240019666, "peak_reserved_bytes": 780140544}
{"cell": "original", "method": "F8", "output_mode": "gpu_radix", "phase": "retained", "iteration": 0, "position": 3, "seconds": 0.06871749200217891, "peak_reserved_bytes": 780140544}
{"cell": "original", "method": "F8", "output_mode": "cpu_single", "phase": "retained", "iteration": 0, "position": 4, "seconds": 0.1384674820001237, "peak_reserved_bytes": 780140544}
{"cell": "original", "method": "F8", "output_mode": "legacy", "phase": "retained", "iteration": 0, "position": 5, "seconds": 0.16023072399548255, "peak_reserved_bytes": 780140544}
{"cell": "original", "method": "F32", "output_mode": "gpu_radix", "phase": "retained", "iteration": 0, "position": 6, "seconds": 0.14849755600153003, "peak_reserved_bytes": 780140544}
{"cell": "original", "method": "F32", "output_mode": "cpu_single", "phase": "retained", "iteration": 0, "position": 7, "seconds": 0.22232379899651278, "peak_reserved_bytes": 780140544}
{"cell": "original", "method": "F32", "output_mode": "legacy", "phase": "retained", "iteration": 0, "position": 8, "seconds": 0.23841502000868786, "peak_reserved_bytes": 780140544}
{"cell": "original", "method": "F32", "output_mode": "cpu_single", "phase": "retained", "iteration": 1, "position": 0, "seconds": 0.22216217398818117, "peak_reserved_bytes": 780140544}
{"cell": "original", "method": "F32", "output_mode": "gpu_radix", "phase": "retained", "iteration": 1, "position": 1, "seconds": 0.1490309530054219, "peak_reserved_bytes": 780140544}
{"cell": "original", "method": "F8", "output_mode": "legacy", "phase": "retained", "iteration": 1, "position": 2, "seconds": 0.15892954400624149, "peak_reserved_bytes": 780140544}
{"cell": "original", "method": "F8", "output_mode": "cpu_single", "phase": "retained", "iteration": 1, "position": 3, "seconds": 0.1382584180100821, "peak_reserved_bytes": 780140544}
{"cell": "original", "method": "F8", "output_mode": "gpu_radix", "phase": "retained", "iteration": 1, "position": 4, "seconds": 0.06844527200155426, "peak_reserved_bytes": 780140544}
{"cell": "original", "method": "F16", "output_mode": "legacy", "phase": "retained", "iteration": 1, "position": 5, "seconds": 0.16116966800473165, "peak_reserved_bytes": 780140544}
{"cell": "original", "method": "F16", "output_mode": "cpu_single", "phase": "retained", "iteration": 1, "position": 6, "seconds": 0.14073977000953164, "peak_reserved_bytes": 780140544}
{"cell": "original", "method": "F16", "output_mode": "gpu_radix", "phase": "retained", "iteration": 1, "position": 7, "seconds": 0.07087262600543909, "peak_reserved_bytes": 780140544}
{"cell": "original", "method": "F32", "output_mode": "legacy", "phase": "retained", "iteration": 1, "position": 8, "seconds": 0.23821951499849092, "peak_reserved_bytes": 780140544}
{"cell": "k64", "method": "F32", "output_mode": "legacy", "phase": "warmup", "iteration": 0, "position": 0, "seconds": 0.23980532499263063, "peak_reserved_bytes": 482344960}
{"cell": "k64", "method": "F16", "output_mode": "gpu_radix", "phase": "warmup", "iteration": 0, "position": 1, "seconds": 0.07627913700707722, "peak_reserved_bytes": 746586112}
{"cell": "k64", "method": "F16", "output_mode": "cpu_single", "phase": "warmup", "iteration": 0, "position": 2, "seconds": 0.13154581699927803, "peak_reserved_bytes": 746586112}
{"cell": "k64", "method": "F16", "output_mode": "legacy", "phase": "warmup", "iteration": 0, "position": 3, "seconds": 0.15821109399257693, "peak_reserved_bytes": 746586112}
{"cell": "k64", "method": "F8", "output_mode": "gpu_radix", "phase": "warmup", "iteration": 0, "position": 4, "seconds": 0.06905397400259972, "peak_reserved_bytes": 746586112}
{"cell": "k64", "method": "F8", "output_mode": "cpu_single", "phase": "warmup", "iteration": 0, "position": 5, "seconds": 0.1293345889862394, "peak_reserved_bytes": 746586112}
{"cell": "k64", "method": "F8", "output_mode": "legacy", "phase": "warmup", "iteration": 0, "position": 6, "seconds": 0.15617505999398418, "peak_reserved_bytes": 746586112}
{"cell": "k64", "method": "F32", "output_mode": "gpu_radix", "phase": "warmup", "iteration": 0, "position": 7, "seconds": 0.14969762798864394, "peak_reserved_bytes": 746586112}
{"cell": "k64", "method": "F32", "output_mode": "cpu_single", "phase": "warmup", "iteration": 0, "position": 8, "seconds": 0.2134176440013107, "peak_reserved_bytes": 746586112}
{"cell": "k64", "method": "F32", "output_mode": "legacy", "phase": "retained", "iteration": 0, "position": 0, "seconds": 0.2335184389958158, "peak_reserved_bytes": 746586112}
{"cell": "k64", "method": "F16", "output_mode": "gpu_radix", "phase": "retained", "iteration": 0, "position": 1, "seconds": 0.07143388400436379, "peak_reserved_bytes": 746586112}
{"cell": "k64", "method": "F16", "output_mode": "cpu_single", "phase": "retained", "iteration": 0, "position": 2, "seconds": 0.1315113799937535, "peak_reserved_bytes": 746586112}
{"cell": "k64", "method": "F16", "output_mode": "legacy", "phase": "retained", "iteration": 0, "position": 3, "seconds": 0.15866646100766957, "peak_reserved_bytes": 746586112}
{"cell": "k64", "method": "F8", "output_mode": "gpu_radix", "phase": "retained", "iteration": 0, "position": 4, "seconds": 0.06840178300626576, "peak_reserved_bytes": 746586112}
{"cell": "k64", "method": "F8", "output_mode": "cpu_single", "phase": "retained", "iteration": 0, "position": 5, "seconds": 0.13006689000758342, "peak_reserved_bytes": 746586112}
{"cell": "k64", "method": "F8", "output_mode": "legacy", "phase": "retained", "iteration": 0, "position": 6, "seconds": 0.15640649099077564, "peak_reserved_bytes": 746586112}
{"cell": "k64", "method": "F32", "output_mode": "gpu_radix", "phase": "retained", "iteration": 0, "position": 7, "seconds": 0.1490271799993934, "peak_reserved_bytes": 746586112}
{"cell": "k64", "method": "F32", "output_mode": "cpu_single", "phase": "retained", "iteration": 0, "position": 8, "seconds": 0.21336895499553066, "peak_reserved_bytes": 746586112}
{"cell": "k64", "method": "F32", "output_mode": "gpu_radix", "phase": "retained", "iteration": 1, "position": 0, "seconds": 0.14821170299546793, "peak_reserved_bytes": 746586112}
{"cell": "k64", "method": "F8", "output_mode": "legacy", "phase": "retained", "iteration": 1, "position": 1, "seconds": 0.14819857499969658, "peak_reserved_bytes": 746586112}
{"cell": "k64", "method": "F8", "output_mode": "cpu_single", "phase": "retained", "iteration": 1, "position": 2, "seconds": 0.13607782799226698, "peak_reserved_bytes": 746586112}
{"cell": "k64", "method": "F8", "output_mode": "gpu_radix", "phase": "retained", "iteration": 1, "position": 3, "seconds": 0.06844145999639295, "peak_reserved_bytes": 746586112}
{"cell": "k64", "method": "F16", "output_mode": "legacy", "phase": "retained", "iteration": 1, "position": 4, "seconds": 0.15085421099502128, "peak_reserved_bytes": 746586112}
{"cell": "k64", "method": "F16", "output_mode": "cpu_single", "phase": "retained", "iteration": 1, "position": 5, "seconds": 0.14002243099093903, "peak_reserved_bytes": 746586112}
{"cell": "k64", "method": "F16", "output_mode": "gpu_radix", "phase": "retained", "iteration": 1, "position": 6, "seconds": 0.07060488501156215, "peak_reserved_bytes": 746586112}
{"cell": "k64", "method": "F32", "output_mode": "legacy", "phase": "retained", "iteration": 1, "position": 7, "seconds": 0.226505107988487, "peak_reserved_bytes": 746586112}
{"cell": "k64", "method": "F32", "output_mode": "cpu_single", "phase": "retained", "iteration": 1, "position": 8, "seconds": 0.2181691809964832, "peak_reserved_bytes": 746586112}
{"cell": "k16", "method": "F32", "output_mode": "cpu_single", "phase": "warmup", "iteration": 0, "position": 0, "seconds": 0.158771591988625, "peak_reserved_bytes": 482344960}
{"cell": "k16", "method": "F32", "output_mode": "legacy", "phase": "warmup", "iteration": 0, "position": 1, "seconds": 0.1515378990006866, "peak_reserved_bytes": 482344960}
{"cell": "k16", "method": "F16", "output_mode": "gpu_radix", "phase": "warmup", "iteration": 0, "position": 2, "seconds": 0.05690850999963004, "peak_reserved_bytes": 641728512}
{"cell": "k16", "method": "F16", "output_mode": "cpu_single", "phase": "warmup", "iteration": 0, "position": 3, "seconds": 0.07121398700110149, "peak_reserved_bytes": 641728512}
{"cell": "k16", "method": "F16", "output_mode": "legacy", "phase": "warmup", "iteration": 0, "position": 4, "seconds": 0.07490813899494242, "peak_reserved_bytes": 641728512}
{"cell": "k16", "method": "F8", "output_mode": "gpu_radix", "phase": "warmup", "iteration": 0, "position": 5, "seconds": 0.04911081900354475, "peak_reserved_bytes": 641728512}
{"cell": "k16", "method": "F8", "output_mode": "cpu_single", "phase": "warmup", "iteration": 0, "position": 6, "seconds": 0.06975561901344918, "peak_reserved_bytes": 641728512}
{"cell": "k16", "method": "F8", "output_mode": "legacy", "phase": "warmup", "iteration": 0, "position": 7, "seconds": 0.07089136399736162, "peak_reserved_bytes": 641728512}
{"cell": "k16", "method": "F32", "output_mode": "gpu_radix", "phase": "warmup", "iteration": 0, "position": 8, "seconds": 0.1297505559923593, "peak_reserved_bytes": 641728512}
{"cell": "k16", "method": "F32", "output_mode": "cpu_single", "phase": "retained", "iteration": 0, "position": 0, "seconds": 0.14630966600088868, "peak_reserved_bytes": 641728512}
{"cell": "k16", "method": "F32", "output_mode": "legacy", "phase": "retained", "iteration": 0, "position": 1, "seconds": 0.15056952700251713, "peak_reserved_bytes": 641728512}
{"cell": "k16", "method": "F16", "output_mode": "gpu_radix", "phase": "retained", "iteration": 0, "position": 2, "seconds": 0.05376848600280937, "peak_reserved_bytes": 641728512}
{"cell": "k16", "method": "F16", "output_mode": "cpu_single", "phase": "retained", "iteration": 0, "position": 3, "seconds": 0.07089070799702313, "peak_reserved_bytes": 641728512}
{"cell": "k16", "method": "F16", "output_mode": "legacy", "phase": "retained", "iteration": 0, "position": 4, "seconds": 0.07481524400645867, "peak_reserved_bytes": 641728512}
{"cell": "k16", "method": "F8", "output_mode": "gpu_radix", "phase": "retained", "iteration": 0, "position": 5, "seconds": 0.04900067600829061, "peak_reserved_bytes": 641728512}
{"cell": "k16", "method": "F8", "output_mode": "cpu_single", "phase": "retained", "iteration": 0, "position": 6, "seconds": 0.06606180699600372, "peak_reserved_bytes": 641728512}
{"cell": "k16", "method": "F8", "output_mode": "legacy", "phase": "retained", "iteration": 0, "position": 7, "seconds": 0.0698762770043686, "peak_reserved_bytes": 641728512}
{"cell": "k16", "method": "F32", "output_mode": "gpu_radix", "phase": "retained", "iteration": 0, "position": 8, "seconds": 0.12972354800149333, "peak_reserved_bytes": 641728512}
{"cell": "k16", "method": "F8", "output_mode": "legacy", "phase": "retained", "iteration": 1, "position": 0, "seconds": 0.07014893399900757, "peak_reserved_bytes": 641728512}
{"cell": "k16", "method": "F8", "output_mode": "cpu_single", "phase": "retained", "iteration": 1, "position": 1, "seconds": 0.06676685699494556, "peak_reserved_bytes": 641728512}
{"cell": "k16", "method": "F8", "output_mode": "gpu_radix", "phase": "retained", "iteration": 1, "position": 2, "seconds": 0.04932084800384473, "peak_reserved_bytes": 641728512}
{"cell": "k16", "method": "F16", "output_mode": "legacy", "phase": "retained", "iteration": 1, "position": 3, "seconds": 0.0748522609937936, "peak_reserved_bytes": 641728512}
{"cell": "k16", "method": "F16", "output_mode": "cpu_single", "phase": "retained", "iteration": 1, "position": 4, "seconds": 0.07085362799989525, "peak_reserved_bytes": 641728512}
{"cell": "k16", "method": "F16", "output_mode": "gpu_radix", "phase": "retained", "iteration": 1, "position": 5, "seconds": 0.05356532700534444, "peak_reserved_bytes": 641728512}
{"cell": "k16", "method": "F32", "output_mode": "legacy", "phase": "retained", "iteration": 1, "position": 6, "seconds": 0.15073098099674098, "peak_reserved_bytes": 641728512}
{"cell": "k16", "method": "F32", "output_mode": "cpu_single", "phase": "retained", "iteration": 1, "position": 7, "seconds": 0.14575773700198624, "peak_reserved_bytes": 641728512}
{"cell": "k16", "method": "F32", "output_mode": "gpu_radix", "phase": "retained", "iteration": 1, "position": 8, "seconds": 0.1287285489961505, "peak_reserved_bytes": 641728512}
{"phase": "explore", "index": 1, "pass_": true, "calls": 162}
