RUN_START {"cuda_visible_devices": "", "dataset_root": "@TENSORJOIN_ROOT@/tensorjoin_20260902_certified_exact_join/raw/ESC-50-33c8ce9eb2cf0b1c2f8bcf322eb349b6be34dbb6", "experiment_id": "tensorjoin_20260902_int8_certificate_esc50_a0", "host": "gpu-host-8", "numpy": "2.4.4", "project_root": "@TENSORJOIN_ROOT@/tensorjoin_20260902_certified_exact_join", "python": "3.12.3 (main, Jan 22 2026, 20:57:42) [GCC 13.3.0]", "seed": 20260902, "source_commit": "33c8ce9eb2cf0b1c2f8bcf322eb349b6be34dbb6"}
EXCLUDE_ZERO_NORM clip=1-100032-A-0.wav start_sample=0
EXCLUDE_ZERO_NORM clip=1-100032-A-0.wav start_sample=22050
EXCLUDE_ZERO_NORM clip=1-100032-A-0.wav start_sample=44100
EXCLUDE_ZERO_NORM clip=1-100032-A-0.wav start_sample=132300
EXCLUDE_ZERO_NORM clip=1-100032-A-0.wav start_sample=154350
EXCLUDE_ZERO_NORM clip=1-100032-A-0.wav start_sample=176400
EXCLUDE_ZERO_NORM clip=1-101336-A-30.wav start_sample=132300
EXCLUDE_ZERO_NORM clip=1-101336-A-30.wav start_sample=154350
EXCLUDE_ZERO_NORM clip=1-101336-A-30.wav start_sample=176400
EXCLUDE_ZERO_NORM clip=1-103995-A-30.wav start_sample=66150
EXCLUDE_ZERO_NORM clip=1-103995-A-30.wav start_sample=88200
EXCLUDE_ZERO_NORM clip=1-103995-A-30.wav start_sample=110250
EXCLUDE_ZERO_NORM clip=1-103995-A-30.wav start_sample=132300
EXCLUDE_ZERO_NORM clip=1-103995-A-30.wav start_sample=154350
EXCLUDE_ZERO_NORM clip=1-103995-A-30.wav start_sample=176400
EXCLUDE_ZERO_NORM clip=1-103999-A-30.wav start_sample=66150
EXCLUDE_ZERO_NORM clip=1-103999-A-30.wav start_sample=88200
EXCLUDE_ZERO_NORM clip=1-103999-A-30.wav start_sample=110250
EXCLUDE_ZERO_NORM clip=1-103999-A-30.wav start_sample=132300
EXCLUDE_ZERO_NORM clip=1-103999-A-30.wav start_sample=154350
EXCLUDE_ZERO_NORM clip=1-103999-A-30.wav start_sample=176400
EXCLUDE_ZERO_NORM clip=1-110389-A-0.wav start_sample=44100
EXCLUDE_ZERO_NORM clip=1-110389-A-0.wav start_sample=66150
EXCLUDE_ZERO_NORM clip=1-110389-A-0.wav start_sample=88200
EXCLUDE_ZERO_NORM clip=1-110389-A-0.wav start_sample=110250
EXCLUDE_ZERO_NORM clip=1-110389-A-0.wav start_sample=132300
EXCLUDE_ZERO_NORM clip=1-110389-A-0.wav start_sample=154350
EXCLUDE_ZERO_NORM clip=1-110389-A-0.wav start_sample=176400
EXCLUDE_ZERO_NORM clip=1-16746-A-15.wav start_sample=66150
EXCLUDE_ZERO_NORM clip=1-16746-A-15.wav start_sample=88200
EXCLUDE_ZERO_NORM clip=1-16746-A-15.wav start_sample=110250
EXCLUDE_ZERO_NORM clip=1-16746-A-15.wav start_sample=132300
EXCLUDE_ZERO_NORM clip=1-16746-A-15.wav start_sample=154350
EXCLUDE_ZERO_NORM clip=1-16746-A-15.wav start_sample=176400
EXCLUDE_ZERO_NORM clip=1-17092-B-27.wav start_sample=154350
EXCLUDE_ZERO_NORM clip=1-17092-B-27.wav start_sample=176400
EXCLUDE_ZERO_NORM clip=1-17124-A-43.wav start_sample=44100
EXCLUDE_ZERO_NORM clip=1-17124-A-43.wav start_sample=66150
EXCLUDE_ZERO_NORM clip=1-17124-A-43.wav start_sample=88200
EXCLUDE_ZERO_NORM clip=1-17124-A-43.wav start_sample=110250
EXCLUDE_ZERO_NORM clip=1-17124-A-43.wav start_sample=132300
EXCLUDE_ZERO_NORM clip=1-17124-A-43.wav start_sample=154350
EXCLUDE_ZERO_NORM clip=1-17124-A-43.wav start_sample=176400
EXCLUDE_ZERO_NORM clip=1-1791-A-26.wav start_sample=88200
EXCLUDE_ZERO_NORM clip=1-1791-A-26.wav start_sample=110250
EXCLUDE_ZERO_NORM clip=1-1791-A-26.wav start_sample=132300
EXCLUDE_ZERO_NORM clip=1-1791-A-26.wav start_sample=154350
EXCLUDE_ZERO_NORM clip=1-1791-A-26.wav start_sample=176400
EXCLUDE_ZERO_NORM clip=1-18655-A-31.wav start_sample=22050
EXCLUDE_ZERO_NORM clip=1-19026-A-43.wav start_sample=88200
EXCLUDE_ZERO_NORM clip=1-19026-A-43.wav start_sample=110250
EXCLUDE_ZERO_NORM clip=1-19026-A-43.wav start_sample=132300
EXCLUDE_ZERO_NORM clip=1-19026-A-43.wav start_sample=154350
EXCLUDE_ZERO_NORM clip=1-19026-A-43.wav start_sample=176400
EXCLUDE_ZERO_NORM clip=1-19111-A-24.wav start_sample=44100
EXCLUDE_ZERO_NORM clip=1-19111-A-24.wav start_sample=66150
EXCLUDE_ZERO_NORM clip=1-19111-A-24.wav start_sample=88200
EXCLUDE_ZERO_NORM clip=1-19111-A-24.wav start_sample=110250
EXCLUDE_ZERO_NORM clip=1-19111-A-24.wav start_sample=132300
EXCLUDE_ZERO_NORM clip=1-19111-A-24.wav start_sample=154350
EXCLUDE_ZERO_NORM clip=1-19111-A-24.wav start_sample=176400
EXCLUDE_ZERO_NORM clip=1-19118-A-24.wav start_sample=44100
EXCLUDE_ZERO_NORM clip=1-19118-A-24.wav start_sample=66150
EXCLUDE_ZERO_NORM clip=1-19118-A-24.wav start_sample=88200
EXCLUDE_ZERO_NORM clip=1-19118-A-24.wav start_sample=110250
EXCLUDE_ZERO_NORM clip=1-19118-A-24.wav start_sample=132300
EXCLUDE_ZERO_NORM clip=1-19118-A-24.wav start_sample=154350
EXCLUDE_ZERO_NORM clip=1-19118-A-24.wav start_sample=176400
EXCLUDE_ZERO_NORM clip=1-19501-A-7.wav start_sample=66150
EXCLUDE_ZERO_NORM clip=1-19501-A-7.wav start_sample=88200
EXCLUDE_ZERO_NORM clip=1-19501-A-7.wav start_sample=110250
EXCLUDE_ZERO_NORM clip=1-19501-A-7.wav start_sample=132300
EXCLUDE_ZERO_NORM clip=1-19501-A-7.wav start_sample=154350
EXCLUDE_ZERO_NORM clip=1-19501-A-7.wav start_sample=176400
EXCLUDE_ZERO_NORM clip=1-20133-A-39.wav start_sample=154350
EXCLUDE_ZERO_NORM clip=1-20133-A-39.wav start_sample=176400
FEATURE_PROGRESS clips=100/2000 windows=824 elapsed_s=1.546
EXCLUDE_ZERO_NORM clip=1-223162-A-25.wav start_sample=22050
EXCLUDE_ZERO_NORM clip=1-223162-A-25.wav start_sample=44100
EXCLUDE_ZERO_NORM clip=1-223162-A-25.wav start_sample=66150
EXCLUDE_ZERO_NORM clip=1-223162-A-25.wav start_sample=88200
EXCLUDE_ZERO_NORM clip=1-223162-A-25.wav start_sample=110250
EXCLUDE_ZERO_NORM clip=1-223162-A-25.wav start_sample=132300
EXCLUDE_ZERO_NORM clip=1-223162-A-25.wav start_sample=154350
EXCLUDE_ZERO_NORM clip=1-223162-A-25.wav start_sample=176400
EXCLUDE_ZERO_NORM clip=1-26143-A-21.wav start_sample=154350
EXCLUDE_ZERO_NORM clip=1-26143-A-21.wav start_sample=176400
EXCLUDE_ZERO_NORM clip=1-26176-A-43.wav start_sample=66150
EXCLUDE_ZERO_NORM clip=1-26176-A-43.wav start_sample=88200
EXCLUDE_ZERO_NORM clip=1-26176-A-43.wav start_sample=110250
EXCLUDE_ZERO_NORM clip=1-26176-A-43.wav start_sample=132300
EXCLUDE_ZERO_NORM clip=1-26176-A-43.wav start_sample=154350
EXCLUDE_ZERO_NORM clip=1-26176-A-43.wav start_sample=176400
EXCLUDE_ZERO_NORM clip=1-26177-A-43.wav start_sample=88200
EXCLUDE_ZERO_NORM clip=1-26177-A-43.wav start_sample=110250
EXCLUDE_ZERO_NORM clip=1-26177-A-43.wav start_sample=132300
EXCLUDE_ZERO_NORM clip=1-26177-A-43.wav start_sample=154350
EXCLUDE_ZERO_NORM clip=1-26177-A-43.wav start_sample=176400
EXCLUDE_ZERO_NORM clip=1-26806-A-1.wav start_sample=132300
EXCLUDE_ZERO_NORM clip=1-26806-A-1.wav start_sample=154350
EXCLUDE_ZERO_NORM clip=1-26806-A-1.wav start_sample=176400
EXCLUDE_ZERO_NORM clip=1-27724-A-1.wav start_sample=110250
EXCLUDE_ZERO_NORM clip=1-27724-A-1.wav start_sample=132300
EXCLUDE_ZERO_NORM clip=1-27724-A-1.wav start_sample=154350
EXCLUDE_ZERO_NORM clip=1-27724-A-1.wav start_sample=176400
EXCLUDE_ZERO_NORM clip=1-29680-A-21.wav start_sample=132300
EXCLUDE_ZERO_NORM clip=1-29680-A-21.wav start_sample=154350
EXCLUDE_ZERO_NORM clip=1-29680-A-21.wav start_sample=176400
EXCLUDE_ZERO_NORM clip=1-30043-A-26.wav start_sample=154350
EXCLUDE_ZERO_NORM clip=1-30043-A-26.wav start_sample=176400
EXCLUDE_ZERO_NORM clip=1-30830-A-24.wav start_sample=88200
EXCLUDE_ZERO_NORM clip=1-30830-A-24.wav start_sample=110250
EXCLUDE_ZERO_NORM clip=1-30830-A-24.wav start_sample=132300
EXCLUDE_ZERO_NORM clip=1-30830-A-24.wav start_sample=154350
EXCLUDE_ZERO_NORM clip=1-30830-A-24.wav start_sample=176400
EXCLUDE_ZERO_NORM clip=1-31748-A-21.wav start_sample=44100
EXCLUDE_ZERO_NORM clip=1-31748-A-21.wav start_sample=66150
EXCLUDE_ZERO_NORM clip=1-31748-A-21.wav start_sample=88200
EXCLUDE_ZERO_NORM clip=1-31748-A-21.wav start_sample=110250
EXCLUDE_ZERO_NORM clip=1-31748-A-21.wav start_sample=132300
EXCLUDE_ZERO_NORM clip=1-31748-A-21.wav start_sample=154350
EXCLUDE_ZERO_NORM clip=1-31748-A-21.wav start_sample=176400
EXCLUDE_ZERO_NORM clip=1-34119-A-1.wav start_sample=88200
EXCLUDE_ZERO_NORM clip=1-34119-A-1.wav start_sample=110250
EXCLUDE_ZERO_NORM clip=1-34119-A-1.wav start_sample=132300
EXCLUDE_ZERO_NORM clip=1-34119-A-1.wav start_sample=154350
EXCLUDE_ZERO_NORM clip=1-34119-A-1.wav start_sample=176400
EXCLUDE_ZERO_NORM clip=1-34119-B-1.wav start_sample=88200
EXCLUDE_ZERO_NORM clip=1-34119-B-1.wav start_sample=110250
EXCLUDE_ZERO_NORM clip=1-34119-B-1.wav start_sample=132300
EXCLUDE_ZERO_NORM clip=1-34119-B-1.wav start_sample=154350
EXCLUDE_ZERO_NORM clip=1-34119-B-1.wav start_sample=176400
EXCLUDE_ZERO_NORM clip=1-36393-A-23.wav start_sample=66150
EXCLUDE_ZERO_NORM clip=1-36393-A-23.wav start_sample=88200
EXCLUDE_ZERO_NORM clip=1-36393-A-23.wav start_sample=110250
EXCLUDE_ZERO_NORM clip=1-36393-A-23.wav start_sample=132300
EXCLUDE_ZERO_NORM clip=1-36393-A-23.wav start_sample=154350
EXCLUDE_ZERO_NORM clip=1-36393-A-23.wav start_sample=176400
EXCLUDE_ZERO_NORM clip=1-36397-A-23.wav start_sample=110250
EXCLUDE_ZERO_NORM clip=1-36397-A-23.wav start_sample=132300
EXCLUDE_ZERO_NORM clip=1-36397-A-23.wav start_sample=154350
EXCLUDE_ZERO_NORM clip=1-36397-A-23.wav start_sample=176400
EXCLUDE_ZERO_NORM clip=1-36400-A-23.wav start_sample=66150
EXCLUDE_ZERO_NORM clip=1-36400-A-23.wav start_sample=88200
EXCLUDE_ZERO_NORM clip=1-36400-A-23.wav start_sample=110250
EXCLUDE_ZERO_NORM clip=1-36400-A-23.wav start_sample=132300
EXCLUDE_ZERO_NORM clip=1-36400-A-23.wav start_sample=154350
EXCLUDE_ZERO_NORM clip=1-36400-A-23.wav start_sample=176400
EXCLUDE_ZERO_NORM clip=1-36402-A-23.wav start_sample=66150
EXCLUDE_ZERO_NORM clip=1-36402-A-23.wav start_sample=88200
EXCLUDE_ZERO_NORM clip=1-36402-A-23.wav start_sample=110250
EXCLUDE_ZERO_NORM clip=1-36402-A-23.wav start_sample=132300
EXCLUDE_ZERO_NORM clip=1-36402-A-23.wav start_sample=154350
EXCLUDE_ZERO_NORM clip=1-36402-A-23.wav start_sample=176400
EXCLUDE_ZERO_NORM clip=1-37226-A-29.wav start_sample=132300
EXCLUDE_ZERO_NORM clip=1-37226-A-29.wav start_sample=154350
EXCLUDE_ZERO_NORM clip=1-37226-A-29.wav start_sample=176400
EXCLUDE_ZERO_NORM clip=1-39923-A-1.wav start_sample=110250
EXCLUDE_ZERO_NORM clip=1-39923-A-1.wav start_sample=132300
EXCLUDE_ZERO_NORM clip=1-39923-A-1.wav start_sample=154350
EXCLUDE_ZERO_NORM clip=1-39923-A-1.wav start_sample=176400
FEATURE_PROGRESS clips=200/2000 windows=1640 elapsed_s=3.091
EXCLUDE_ZERO_NORM clip=1-40730-A-1.wav start_sample=154350
EXCLUDE_ZERO_NORM clip=1-40730-A-1.wav start_sample=176400
EXCLUDE_ZERO_NORM clip=1-41615-A-34.wav start_sample=110250
EXCLUDE_ZERO_NORM clip=1-41615-A-34.wav start_sample=132300
EXCLUDE_ZERO_NORM clip=1-41615-A-34.wav start_sample=154350
EXCLUDE_ZERO_NORM clip=1-41615-A-34.wav start_sample=176400
EXCLUDE_ZERO_NORM clip=1-43382-A-1.wav start_sample=154350
EXCLUDE_ZERO_NORM clip=1-43382-A-1.wav start_sample=176400
EXCLUDE_ZERO_NORM clip=1-43764-A-34.wav start_sample=88200
EXCLUDE_ZERO_NORM clip=1-43764-A-34.wav start_sample=110250
EXCLUDE_ZERO_NORM clip=1-43764-A-34.wav start_sample=132300
EXCLUDE_ZERO_NORM clip=1-43764-A-34.wav start_sample=154350
EXCLUDE_ZERO_NORM clip=1-43764-A-34.wav start_sample=176400
EXCLUDE_ZERO_NORM clip=1-44831-A-1.wav start_sample=88200
EXCLUDE_ZERO_NORM clip=1-44831-A-1.wav start_sample=110250
EXCLUDE_ZERO_NORM clip=1-44831-A-1.wav start_sample=132300
EXCLUDE_ZERO_NORM clip=1-44831-A-1.wav start_sample=154350
EXCLUDE_ZERO_NORM clip=1-44831-A-1.wav start_sample=176400
EXCLUDE_ZERO_NORM clip=1-47273-A-21.wav start_sample=132300
EXCLUDE_ZERO_NORM clip=1-47273-A-21.wav start_sample=154350
EXCLUDE_ZERO_NORM clip=1-47273-A-21.wav start_sample=176400
EXCLUDE_ZERO_NORM clip=1-47274-A-21.wav start_sample=110250
EXCLUDE_ZERO_NORM clip=1-47274-A-21.wav start_sample=132300
EXCLUDE_ZERO_NORM clip=1-47274-A-21.wav start_sample=154350
EXCLUDE_ZERO_NORM clip=1-47274-A-21.wav start_sample=176400
EXCLUDE_ZERO_NORM clip=1-49098-A-35.wav start_sample=176400
EXCLUDE_ZERO_NORM clip=1-50454-A-44.wav start_sample=132300
EXCLUDE_ZERO_NORM clip=1-50454-A-44.wav start_sample=154350
EXCLUDE_ZERO_NORM clip=1-50454-A-44.wav start_sample=176400
EXCLUDE_ZERO_NORM clip=1-50455-A-44.wav start_sample=132300
EXCLUDE_ZERO_NORM clip=1-50455-A-44.wav start_sample=154350
EXCLUDE_ZERO_NORM clip=1-50455-A-44.wav start_sample=176400
EXCLUDE_ZERO_NORM clip=1-51147-A-25.wav start_sample=176400
EXCLUDE_ZERO_NORM clip=1-52290-A-30.wav start_sample=88200
EXCLUDE_ZERO_NORM clip=1-52290-A-30.wav start_sample=110250
EXCLUDE_ZERO_NORM clip=1-52290-A-30.wav start_sample=132300
EXCLUDE_ZERO_NORM clip=1-52290-A-30.wav start_sample=154350
EXCLUDE_ZERO_NORM clip=1-52290-A-30.wav start_sample=176400
EXCLUDE_ZERO_NORM clip=1-52323-A-24.wav start_sample=176400
EXCLUDE_ZERO_NORM clip=1-53501-A-32.wav start_sample=176400
EXCLUDE_ZERO_NORM clip=1-53663-A-24.wav start_sample=176400
EXCLUDE_ZERO_NORM clip=1-54505-A-21.wav start_sample=176400
EXCLUDE_ZERO_NORM clip=1-56234-A-9.wav start_sample=176400
EXCLUDE_ZERO_NORM clip=1-56270-A-29.wav start_sample=132300
EXCLUDE_ZERO_NORM clip=1-56270-A-29.wav start_sample=154350
EXCLUDE_ZERO_NORM clip=1-56270-A-29.wav start_sample=176400
EXCLUDE_ZERO_NORM clip=1-56380-B-5.wav start_sample=44100
EXCLUDE_ZERO_NORM clip=1-58277-A-3.wav start_sample=110250
EXCLUDE_ZERO_NORM clip=1-58277-A-3.wav start_sample=132300
EXCLUDE_ZERO_NORM clip=1-58277-A-3.wav start_sample=154350
EXCLUDE_ZERO_NORM clip=1-58277-A-3.wav start_sample=176400
EXCLUDE_ZERO_NORM clip=1-58792-A-24.wav start_sample=154350
EXCLUDE_ZERO_NORM clip=1-58792-A-24.wav start_sample=176400
EXCLUDE_ZERO_NORM clip=1-59324-A-21.wav start_sample=88200
EXCLUDE_ZERO_NORM clip=1-59324-A-21.wav start_sample=110250
EXCLUDE_ZERO_NORM clip=1-59324-A-21.wav start_sample=132300
EXCLUDE_ZERO_NORM clip=1-59324-A-21.wav start_sample=154350
EXCLUDE_ZERO_NORM clip=1-59324-A-21.wav start_sample=176400
EXCLUDE_ZERO_NORM clip=1-60676-A-34.wav start_sample=176400
FEATURE_PROGRESS clips=300/2000 windows=2481 elapsed_s=4.643
EXCLUDE_ZERO_NORM clip=1-61221-A-17.wav start_sample=88200
EXCLUDE_ZERO_NORM clip=1-61221-A-17.wav start_sample=110250
EXCLUDE_ZERO_NORM clip=1-61221-A-17.wav start_sample=132300
EXCLUDE_ZERO_NORM clip=1-61221-A-17.wav start_sample=154350
EXCLUDE_ZERO_NORM clip=1-61221-A-17.wav start_sample=176400
EXCLUDE_ZERO_NORM clip=1-67152-A-17.wav start_sample=110250
EXCLUDE_ZERO_NORM clip=1-67152-A-17.wav start_sample=132300
EXCLUDE_ZERO_NORM clip=1-67152-A-17.wav start_sample=154350
EXCLUDE_ZERO_NORM clip=1-67152-A-17.wav start_sample=176400
EXCLUDE_ZERO_NORM clip=1-68628-A-27.wav start_sample=132300
EXCLUDE_ZERO_NORM clip=1-68628-A-27.wav start_sample=154350
EXCLUDE_ZERO_NORM clip=1-68628-A-27.wav start_sample=176400
EXCLUDE_ZERO_NORM clip=1-69165-A-34.wav start_sample=132300
EXCLUDE_ZERO_NORM clip=1-69165-A-34.wav start_sample=154350
EXCLUDE_ZERO_NORM clip=1-69165-A-34.wav start_sample=176400
EXCLUDE_ZERO_NORM clip=1-77241-A-3.wav start_sample=176400
EXCLUDE_ZERO_NORM clip=1-79113-A-5.wav start_sample=176400
EXCLUDE_ZERO_NORM clip=1-79146-A-29.wav start_sample=132300
EXCLUDE_ZERO_NORM clip=1-79146-A-29.wav start_sample=154350
EXCLUDE_ZERO_NORM clip=1-79146-A-29.wav start_sample=176400
EXCLUDE_ZERO_NORM clip=1-7974-B-49.wav start_sample=110250
EXCLUDE_ZERO_NORM clip=1-7974-B-49.wav start_sample=132300
EXCLUDE_ZERO_NORM clip=1-7974-B-49.wav start_sample=154350
EXCLUDE_ZERO_NORM clip=1-7974-B-49.wav start_sample=176400
EXCLUDE_ZERO_NORM clip=1-81001-B-30.wav start_sample=176400
EXCLUDE_ZERO_NORM clip=1-81883-A-21.wav start_sample=132300
EXCLUDE_ZERO_NORM clip=1-81883-A-21.wav start_sample=154350
EXCLUDE_ZERO_NORM clip=1-81883-A-21.wav start_sample=176400
EXCLUDE_ZERO_NORM clip=1-82817-A-30.wav start_sample=44100
EXCLUDE_ZERO_NORM clip=1-82817-A-30.wav start_sample=66150
EXCLUDE_ZERO_NORM clip=1-82817-A-30.wav start_sample=88200
EXCLUDE_ZERO_NORM clip=1-82817-A-30.wav start_sample=110250
EXCLUDE_ZERO_NORM clip=1-82817-A-30.wav start_sample=132300
EXCLUDE_ZERO_NORM clip=1-82817-A-30.wav start_sample=154350
EXCLUDE_ZERO_NORM clip=1-82817-A-30.wav start_sample=176400
EXCLUDE_ZERO_NORM clip=1-84536-A-39.wav start_sample=132300
EXCLUDE_ZERO_NORM clip=1-84536-A-39.wav start_sample=154350
EXCLUDE_ZERO_NORM clip=1-84536-A-39.wav start_sample=176400
EXCLUDE_ZERO_NORM clip=1-84704-A-39.wav start_sample=110250
EXCLUDE_ZERO_NORM clip=1-84704-A-39.wav start_sample=132300
EXCLUDE_ZERO_NORM clip=1-84704-A-39.wav start_sample=154350
EXCLUDE_ZERO_NORM clip=1-84704-A-39.wav start_sample=176400
EXCLUDE_ZERO_NORM clip=1-84705-A-39.wav start_sample=44100
EXCLUDE_ZERO_NORM clip=1-84705-A-39.wav start_sample=66150
EXCLUDE_ZERO_NORM clip=1-84705-A-39.wav start_sample=88200
EXCLUDE_ZERO_NORM clip=1-84705-A-39.wav start_sample=110250
EXCLUDE_ZERO_NORM clip=1-84705-A-39.wav start_sample=132300
EXCLUDE_ZERO_NORM clip=1-84705-A-39.wav start_sample=154350
EXCLUDE_ZERO_NORM clip=1-84705-A-39.wav start_sample=176400
EXCLUDE_ZERO_NORM clip=1-85168-A-39.wav start_sample=154350
EXCLUDE_ZERO_NORM clip=1-85168-A-39.wav start_sample=176400
EXCLUDE_ZERO_NORM clip=1-85184-A-39.wav start_sample=44100
EXCLUDE_ZERO_NORM clip=1-85184-A-39.wav start_sample=66150
EXCLUDE_ZERO_NORM clip=1-85184-A-39.wav start_sample=88200
EXCLUDE_ZERO_NORM clip=1-85184-A-39.wav start_sample=110250
EXCLUDE_ZERO_NORM clip=1-85184-A-39.wav start_sample=132300
EXCLUDE_ZERO_NORM clip=1-85184-A-39.wav start_sample=154350
EXCLUDE_ZERO_NORM clip=1-85184-A-39.wav start_sample=176400
EXCLUDE_ZERO_NORM clip=1-88807-A-39.wav start_sample=110250
EXCLUDE_ZERO_NORM clip=1-88807-A-39.wav start_sample=132300
EXCLUDE_ZERO_NORM clip=1-88807-A-39.wav start_sample=154350
EXCLUDE_ZERO_NORM clip=1-88807-A-39.wav start_sample=176400
EXCLUDE_ZERO_NORM clip=1-90797-A-15.wav start_sample=132300
EXCLUDE_ZERO_NORM clip=1-90797-A-15.wav start_sample=154350
EXCLUDE_ZERO_NORM clip=1-90797-A-15.wav start_sample=176400
EXCLUDE_ZERO_NORM clip=1-96890-A-37.wav start_sample=176400
EXCLUDE_ZERO_NORM clip=1-97392-A-0.wav start_sample=132300
EXCLUDE_ZERO_NORM clip=1-97392-A-0.wav start_sample=154350
EXCLUDE_ZERO_NORM clip=1-97392-A-0.wav start_sample=176400
EXCLUDE_ZERO_NORM clip=1-977-A-39.wav start_sample=66150
EXCLUDE_ZERO_NORM clip=1-977-A-39.wav start_sample=88200
EXCLUDE_ZERO_NORM clip=1-977-A-39.wav start_sample=110250
EXCLUDE_ZERO_NORM clip=1-977-A-39.wav start_sample=132300
EXCLUDE_ZERO_NORM clip=1-977-A-39.wav start_sample=154350
EXCLUDE_ZERO_NORM clip=1-977-A-39.wav start_sample=176400
EXCLUDE_ZERO_NORM clip=1-97793-A-31.wav start_sample=176400
FEATURE_PROGRESS clips=400/2000 windows=3305 elapsed_s=6.194
EXCLUDE_ZERO_NORM clip=2-100786-A-1.wav start_sample=132300
EXCLUDE_ZERO_NORM clip=2-100786-A-1.wav start_sample=154350
EXCLUDE_ZERO_NORM clip=2-100786-A-1.wav start_sample=176400
EXCLUDE_ZERO_NORM clip=2-102414-G-17.wav start_sample=110250
EXCLUDE_ZERO_NORM clip=2-102414-G-17.wav start_sample=132300
EXCLUDE_ZERO_NORM clip=2-102414-G-17.wav start_sample=154350
EXCLUDE_ZERO_NORM clip=2-102414-G-17.wav start_sample=176400
EXCLUDE_ZERO_NORM clip=2-102435-A-37.wav start_sample=132300
EXCLUDE_ZERO_NORM clip=2-102435-A-37.wav start_sample=154350
EXCLUDE_ZERO_NORM clip=2-102435-A-37.wav start_sample=176400
EXCLUDE_ZERO_NORM clip=2-102581-A-29.wav start_sample=0
EXCLUDE_ZERO_NORM clip=2-102581-A-29.wav start_sample=22050
EXCLUDE_ZERO_NORM clip=2-102581-A-29.wav start_sample=44100
EXCLUDE_ZERO_NORM clip=2-102581-B-29.wav start_sample=44100
EXCLUDE_ZERO_NORM clip=2-102581-B-29.wav start_sample=66150
EXCLUDE_ZERO_NORM clip=2-102581-B-29.wav start_sample=88200
EXCLUDE_ZERO_NORM clip=2-102581-B-29.wav start_sample=110250
EXCLUDE_ZERO_NORM clip=2-102581-B-29.wav start_sample=176400
EXCLUDE_ZERO_NORM clip=2-103423-A-3.wav start_sample=88200
EXCLUDE_ZERO_NORM clip=2-103423-A-3.wav start_sample=110250
EXCLUDE_ZERO_NORM clip=2-103423-A-3.wav start_sample=132300
EXCLUDE_ZERO_NORM clip=2-103423-A-3.wav start_sample=154350
EXCLUDE_ZERO_NORM clip=2-103423-A-3.wav start_sample=176400
EXCLUDE_ZERO_NORM clip=2-103424-A-3.wav start_sample=88200
EXCLUDE_ZERO_NORM clip=2-103424-A-3.wav start_sample=110250
EXCLUDE_ZERO_NORM clip=2-103424-A-3.wav start_sample=132300
EXCLUDE_ZERO_NORM clip=2-103424-A-3.wav start_sample=154350
EXCLUDE_ZERO_NORM clip=2-103424-A-3.wav start_sample=176400
EXCLUDE_ZERO_NORM clip=2-103426-A-3.wav start_sample=88200
EXCLUDE_ZERO_NORM clip=2-103426-A-3.wav start_sample=110250
EXCLUDE_ZERO_NORM clip=2-103426-A-3.wav start_sample=132300
EXCLUDE_ZERO_NORM clip=2-103426-A-3.wav start_sample=154350
EXCLUDE_ZERO_NORM clip=2-103426-A-3.wav start_sample=176400
EXCLUDE_ZERO_NORM clip=2-103427-A-3.wav start_sample=88200
EXCLUDE_ZERO_NORM clip=2-103427-A-3.wav start_sample=110250
EXCLUDE_ZERO_NORM clip=2-103427-A-3.wav start_sample=132300
EXCLUDE_ZERO_NORM clip=2-103427-A-3.wav start_sample=154350
EXCLUDE_ZERO_NORM clip=2-103427-A-3.wav start_sample=176400
EXCLUDE_ZERO_NORM clip=2-103428-A-3.wav start_sample=110250
EXCLUDE_ZERO_NORM clip=2-103428-A-3.wav start_sample=132300
EXCLUDE_ZERO_NORM clip=2-103428-A-3.wav start_sample=154350
EXCLUDE_ZERO_NORM clip=2-103428-A-3.wav start_sample=176400
EXCLUDE_ZERO_NORM clip=2-106881-A-39.wav start_sample=176400
EXCLUDE_ZERO_NORM clip=2-109505-A-21.wav start_sample=88200
EXCLUDE_ZERO_NORM clip=2-109505-A-21.wav start_sample=110250
EXCLUDE_ZERO_NORM clip=2-109505-A-21.wav start_sample=132300
EXCLUDE_ZERO_NORM clip=2-109505-A-21.wav start_sample=154350
EXCLUDE_ZERO_NORM clip=2-109505-A-21.wav start_sample=176400
EXCLUDE_ZERO_NORM clip=2-110010-A-5.wav start_sample=44100
EXCLUDE_ZERO_NORM clip=2-110010-A-5.wav start_sample=66150
EXCLUDE_ZERO_NORM clip=2-110010-A-5.wav start_sample=88200
EXCLUDE_ZERO_NORM clip=2-110010-A-5.wav start_sample=110250
EXCLUDE_ZERO_NORM clip=2-110010-A-5.wav start_sample=132300
EXCLUDE_ZERO_NORM clip=2-110010-A-5.wav start_sample=154350
EXCLUDE_ZERO_NORM clip=2-110010-A-5.wav start_sample=176400
EXCLUDE_ZERO_NORM clip=2-110011-A-5.wav start_sample=66150
EXCLUDE_ZERO_NORM clip=2-110011-A-5.wav start_sample=88200
EXCLUDE_ZERO_NORM clip=2-110011-A-5.wav start_sample=110250
EXCLUDE_ZERO_NORM clip=2-110011-A-5.wav start_sample=132300
EXCLUDE_ZERO_NORM clip=2-110011-A-5.wav start_sample=154350
EXCLUDE_ZERO_NORM clip=2-110011-A-5.wav start_sample=176400
EXCLUDE_ZERO_NORM clip=2-114254-A-30.wav start_sample=66150
EXCLUDE_ZERO_NORM clip=2-114254-A-30.wav start_sample=88200
EXCLUDE_ZERO_NORM clip=2-114254-A-30.wav start_sample=110250
EXCLUDE_ZERO_NORM clip=2-114254-A-30.wav start_sample=132300
EXCLUDE_ZERO_NORM clip=2-114254-A-30.wav start_sample=154350
EXCLUDE_ZERO_NORM clip=2-114254-A-30.wav start_sample=176400
EXCLUDE_ZERO_NORM clip=2-117616-A-48.wav start_sample=154350
EXCLUDE_ZERO_NORM clip=2-117616-A-48.wav start_sample=176400
EXCLUDE_ZERO_NORM clip=2-118072-A-0.wav start_sample=110250
EXCLUDE_ZERO_NORM clip=2-118072-A-0.wav start_sample=132300
EXCLUDE_ZERO_NORM clip=2-118072-A-0.wav start_sample=154350
EXCLUDE_ZERO_NORM clip=2-118072-A-0.wav start_sample=176400
FEATURE_PROGRESS clips=500/2000 windows=4132 elapsed_s=7.757
EXCLUDE_ZERO_NORM clip=2-118624-A-30.wav start_sample=88200
EXCLUDE_ZERO_NORM clip=2-118624-A-30.wav start_sample=110250
EXCLUDE_ZERO_NORM clip=2-118624-A-30.wav start_sample=132300
EXCLUDE_ZERO_NORM clip=2-118624-A-30.wav start_sample=154350
EXCLUDE_ZERO_NORM clip=2-118625-A-30.wav start_sample=88200
EXCLUDE_ZERO_NORM clip=2-118625-A-30.wav start_sample=110250
EXCLUDE_ZERO_NORM clip=2-118625-A-30.wav start_sample=132300
EXCLUDE_ZERO_NORM clip=2-118625-A-30.wav start_sample=154350
EXCLUDE_ZERO_NORM clip=2-118964-A-0.wav start_sample=132300
EXCLUDE_ZERO_NORM clip=2-118964-A-0.wav start_sample=154350
EXCLUDE_ZERO_NORM clip=2-118964-A-0.wav start_sample=176400
EXCLUDE_ZERO_NORM clip=2-119102-A-21.wav start_sample=88200
EXCLUDE_ZERO_NORM clip=2-119102-A-21.wav start_sample=110250
EXCLUDE_ZERO_NORM clip=2-119102-A-21.wav start_sample=132300
EXCLUDE_ZERO_NORM clip=2-119102-A-21.wav start_sample=154350
EXCLUDE_ZERO_NORM clip=2-119102-A-21.wav start_sample=176400
EXCLUDE_ZERO_NORM clip=2-119139-A-31.wav start_sample=44100
EXCLUDE_ZERO_NORM clip=2-119139-A-31.wav start_sample=66150
EXCLUDE_ZERO_NORM clip=2-119139-A-31.wav start_sample=88200
EXCLUDE_ZERO_NORM clip=2-119139-A-31.wav start_sample=110250
EXCLUDE_ZERO_NORM clip=2-119139-A-31.wav start_sample=132300
EXCLUDE_ZERO_NORM clip=2-119139-A-31.wav start_sample=154350
EXCLUDE_ZERO_NORM clip=2-119139-A-31.wav start_sample=176400
EXCLUDE_ZERO_NORM clip=2-119161-C-8.wav start_sample=154350
EXCLUDE_ZERO_NORM clip=2-119161-C-8.wav start_sample=176400
EXCLUDE_ZERO_NORM clip=2-120586-A-6.wav start_sample=154350
EXCLUDE_ZERO_NORM clip=2-120586-A-6.wav start_sample=176400
EXCLUDE_ZERO_NORM clip=2-120587-A-6.wav start_sample=132300
EXCLUDE_ZERO_NORM clip=2-120587-A-6.wav start_sample=154350
EXCLUDE_ZERO_NORM clip=2-120587-A-6.wav start_sample=176400
EXCLUDE_ZERO_NORM clip=2-126756-A-29.wav start_sample=132300
EXCLUDE_ZERO_NORM clip=2-126756-A-29.wav start_sample=154350
EXCLUDE_ZERO_NORM clip=2-126756-A-29.wav start_sample=176400
EXCLUDE_ZERO_NORM clip=2-128631-A-21.wav start_sample=88200
EXCLUDE_ZERO_NORM clip=2-128631-A-21.wav start_sample=110250
EXCLUDE_ZERO_NORM clip=2-128631-A-21.wav start_sample=132300
EXCLUDE_ZERO_NORM clip=2-128631-A-21.wav start_sample=154350
EXCLUDE_ZERO_NORM clip=2-128631-A-21.wav start_sample=176400
EXCLUDE_ZERO_NORM clip=2-130978-A-21.wav start_sample=88200
EXCLUDE_ZERO_NORM clip=2-130978-A-21.wav start_sample=110250
EXCLUDE_ZERO_NORM clip=2-130978-A-21.wav start_sample=132300
EXCLUDE_ZERO_NORM clip=2-130978-A-21.wav start_sample=154350
EXCLUDE_ZERO_NORM clip=2-130978-A-21.wav start_sample=176400
EXCLUDE_ZERO_NORM clip=2-130979-A-21.wav start_sample=176400
EXCLUDE_ZERO_NORM clip=2-133889-A-30.wav start_sample=88200
EXCLUDE_ZERO_NORM clip=2-133889-A-30.wav start_sample=110250
EXCLUDE_ZERO_NORM clip=2-133889-A-30.wav start_sample=132300
EXCLUDE_ZERO_NORM clip=2-133889-A-30.wav start_sample=154350
EXCLUDE_ZERO_NORM clip=2-133889-A-30.wav start_sample=176400
EXCLUDE_ZERO_NORM clip=2-134049-A-6.wav start_sample=110250
EXCLUDE_ZERO_NORM clip=2-134049-A-6.wav start_sample=132300
EXCLUDE_ZERO_NORM clip=2-134049-A-6.wav start_sample=154350
EXCLUDE_ZERO_NORM clip=2-134049-A-6.wav start_sample=176400
EXCLUDE_ZERO_NORM clip=2-134915-A-30.wav start_sample=110250
EXCLUDE_ZERO_NORM clip=2-134915-A-30.wav start_sample=132300
EXCLUDE_ZERO_NORM clip=2-134915-A-30.wav start_sample=154350
EXCLUDE_ZERO_NORM clip=2-134915-A-30.wav start_sample=176400
EXCLUDE_ZERO_NORM clip=2-135860-A-49.wav start_sample=154350
EXCLUDE_ZERO_NORM clip=2-135860-A-49.wav start_sample=176400
EXCLUDE_ZERO_NORM clip=2-140841-A-30.wav start_sample=66150
EXCLUDE_ZERO_NORM clip=2-140841-A-30.wav start_sample=88200
EXCLUDE_ZERO_NORM clip=2-140841-A-30.wav start_sample=110250
EXCLUDE_ZERO_NORM clip=2-140841-A-30.wav start_sample=132300
EXCLUDE_ZERO_NORM clip=2-140841-A-30.wav start_sample=154350
EXCLUDE_ZERO_NORM clip=2-140841-A-30.wav start_sample=176400
EXCLUDE_ZERO_NORM clip=2-141563-A-39.wav start_sample=88200
EXCLUDE_ZERO_NORM clip=2-141563-A-39.wav start_sample=110250
EXCLUDE_ZERO_NORM clip=2-141563-A-39.wav start_sample=132300
EXCLUDE_ZERO_NORM clip=2-141563-A-39.wav start_sample=154350
EXCLUDE_ZERO_NORM clip=2-141563-A-39.wav start_sample=176400
EXCLUDE_ZERO_NORM clip=2-144031-A-34.wav start_sample=66150
EXCLUDE_ZERO_NORM clip=2-144031-A-34.wav start_sample=88200
EXCLUDE_ZERO_NORM clip=2-144031-A-34.wav start_sample=110250
EXCLUDE_ZERO_NORM clip=2-144031-A-34.wav start_sample=132300
EXCLUDE_ZERO_NORM clip=2-144031-A-34.wav start_sample=154350
EXCLUDE_ZERO_NORM clip=2-144031-A-34.wav start_sample=176400
EXCLUDE_ZERO_NORM clip=2-144137-A-43.wav start_sample=110250
EXCLUDE_ZERO_NORM clip=2-144137-A-43.wav start_sample=132300
EXCLUDE_ZERO_NORM clip=2-144137-A-43.wav start_sample=154350
EXCLUDE_ZERO_NORM clip=2-144137-A-43.wav start_sample=176400
EXCLUDE_ZERO_NORM clip=2-152895-A-31.wav start_sample=154350
EXCLUDE_ZERO_NORM clip=2-152895-A-31.wav start_sample=176400
EXCLUDE_ZERO_NORM clip=2-152964-A-31.wav start_sample=66150
EXCLUDE_ZERO_NORM clip=2-152964-A-31.wav start_sample=88200
EXCLUDE_ZERO_NORM clip=2-152964-A-31.wav start_sample=110250
EXCLUDE_ZERO_NORM clip=2-152964-A-31.wav start_sample=132300
EXCLUDE_ZERO_NORM clip=2-152964-A-31.wav start_sample=154350
EXCLUDE_ZERO_NORM clip=2-152964-A-31.wav start_sample=176400
EXCLUDE_ZERO_NORM clip=2-153388-A-31.wav start_sample=88200
EXCLUDE_ZERO_NORM clip=2-153388-A-31.wav start_sample=110250
EXCLUDE_ZERO_NORM clip=2-153388-A-31.wav start_sample=132300
EXCLUDE_ZERO_NORM clip=2-153388-A-31.wav start_sample=154350
EXCLUDE_ZERO_NORM clip=2-153388-A-31.wav start_sample=176400
EXCLUDE_ZERO_NORM clip=2-154688-A-31.wav start_sample=176400
FEATURE_PROGRESS clips=600/2000 windows=4938 elapsed_s=9.302
EXCLUDE_ZERO_NORM clip=2-250710-A-39.wav start_sample=154350
EXCLUDE_ZERO_NORM clip=2-250710-A-39.wav start_sample=176400
EXCLUDE_ZERO_NORM clip=2-25293-A-22.wav start_sample=132300
EXCLUDE_ZERO_NORM clip=2-25293-A-22.wav start_sample=154350
EXCLUDE_ZERO_NORM clip=2-25293-A-22.wav start_sample=176400
EXCLUDE_ZERO_NORM clip=2-50665-A-20.wav start_sample=176400
EXCLUDE_ZERO_NORM clip=2-50774-A-23.wav start_sample=88200
EXCLUDE_ZERO_NORM clip=2-50774-A-23.wav start_sample=110250
EXCLUDE_ZERO_NORM clip=2-50774-A-23.wav start_sample=132300
EXCLUDE_ZERO_NORM clip=2-50774-A-23.wav start_sample=154350
EXCLUDE_ZERO_NORM clip=2-50774-A-23.wav start_sample=176400
EXCLUDE_ZERO_NORM clip=2-54086-A-43.wav start_sample=132300
EXCLUDE_ZERO_NORM clip=2-54086-A-43.wav start_sample=154350
EXCLUDE_ZERO_NORM clip=2-54086-A-43.wav start_sample=176400
EXCLUDE_ZERO_NORM clip=2-54961-A-23.wav start_sample=154350
EXCLUDE_ZERO_NORM clip=2-54961-A-23.wav start_sample=176400
EXCLUDE_ZERO_NORM clip=2-54962-A-23.wav start_sample=132300
EXCLUDE_ZERO_NORM clip=2-54962-A-23.wav start_sample=154350
EXCLUDE_ZERO_NORM clip=2-54962-A-23.wav start_sample=176400
EXCLUDE_ZERO_NORM clip=2-57733-A-22.wav start_sample=154350
EXCLUDE_ZERO_NORM clip=2-57733-A-22.wav start_sample=176400
EXCLUDE_ZERO_NORM clip=2-65750-A-1.wav start_sample=88200
EXCLUDE_ZERO_NORM clip=2-65750-A-1.wav start_sample=110250
EXCLUDE_ZERO_NORM clip=2-65750-A-1.wav start_sample=132300
EXCLUDE_ZERO_NORM clip=2-65750-A-1.wav start_sample=154350
EXCLUDE_ZERO_NORM clip=2-65750-A-1.wav start_sample=176400
EXCLUDE_ZERO_NORM clip=2-66205-A-23.wav start_sample=66150
EXCLUDE_ZERO_NORM clip=2-66205-A-23.wav start_sample=88200
EXCLUDE_ZERO_NORM clip=2-66205-A-23.wav start_sample=110250
EXCLUDE_ZERO_NORM clip=2-66205-A-23.wav start_sample=132300
EXCLUDE_ZERO_NORM clip=2-66205-A-23.wav start_sample=154350
EXCLUDE_ZERO_NORM clip=2-66205-A-23.wav start_sample=176400
EXCLUDE_ZERO_NORM clip=2-70052-B-42.wav start_sample=176400
EXCLUDE_ZERO_NORM clip=2-70344-A-33.wav start_sample=44100
EXCLUDE_ZERO_NORM clip=2-70344-A-33.wav start_sample=66150
EXCLUDE_ZERO_NORM clip=2-70344-A-33.wav start_sample=88200
EXCLUDE_ZERO_NORM clip=2-70344-A-33.wav start_sample=110250
EXCLUDE_ZERO_NORM clip=2-70344-A-33.wav start_sample=132300
EXCLUDE_ZERO_NORM clip=2-70344-A-33.wav start_sample=154350
EXCLUDE_ZERO_NORM clip=2-70344-A-33.wav start_sample=176400
EXCLUDE_ZERO_NORM clip=2-70366-A-33.wav start_sample=88200
EXCLUDE_ZERO_NORM clip=2-70366-A-33.wav start_sample=110250
EXCLUDE_ZERO_NORM clip=2-70366-A-33.wav start_sample=132300
EXCLUDE_ZERO_NORM clip=2-70366-A-33.wav start_sample=154350
EXCLUDE_ZERO_NORM clip=2-70366-A-33.wav start_sample=176400
EXCLUDE_ZERO_NORM clip=2-70367-A-33.wav start_sample=154350
EXCLUDE_ZERO_NORM clip=2-70367-A-33.wav start_sample=176400
FEATURE_PROGRESS clips=700/2000 windows=5791 elapsed_s=10.851
EXCLUDE_ZERO_NORM clip=2-75726-A-6.wav start_sample=66150
EXCLUDE_ZERO_NORM clip=2-75726-A-6.wav start_sample=88200
EXCLUDE_ZERO_NORM clip=2-75726-A-6.wav start_sample=110250
EXCLUDE_ZERO_NORM clip=2-75726-A-6.wav start_sample=132300
EXCLUDE_ZERO_NORM clip=2-75726-A-6.wav start_sample=154350
EXCLUDE_ZERO_NORM clip=2-75726-A-6.wav start_sample=176400
EXCLUDE_ZERO_NORM clip=2-79775-A-26.wav start_sample=110250
EXCLUDE_ZERO_NORM clip=2-79775-A-26.wav start_sample=132300
EXCLUDE_ZERO_NORM clip=2-79775-A-26.wav start_sample=154350
EXCLUDE_ZERO_NORM clip=2-79775-A-26.wav start_sample=176400
EXCLUDE_ZERO_NORM clip=2-81190-A-34.wav start_sample=66150
EXCLUDE_ZERO_NORM clip=2-81190-A-34.wav start_sample=88200
EXCLUDE_ZERO_NORM clip=2-81190-A-34.wav start_sample=110250
EXCLUDE_ZERO_NORM clip=2-81190-A-34.wav start_sample=132300
EXCLUDE_ZERO_NORM clip=2-81190-A-34.wav start_sample=154350
EXCLUDE_ZERO_NORM clip=2-81190-A-34.wav start_sample=176400
EXCLUDE_ZERO_NORM clip=2-82538-A-21.wav start_sample=154350
EXCLUDE_ZERO_NORM clip=2-82538-A-21.wav start_sample=176400
EXCLUDE_ZERO_NORM clip=2-87412-A-24.wav start_sample=110250
EXCLUDE_ZERO_NORM clip=2-87412-A-24.wav start_sample=132300
EXCLUDE_ZERO_NORM clip=2-87412-A-24.wav start_sample=154350
EXCLUDE_ZERO_NORM clip=2-87412-A-24.wav start_sample=176400
EXCLUDE_ZERO_NORM clip=2-87780-A-33.wav start_sample=132300
EXCLUDE_ZERO_NORM clip=2-87780-A-33.wav start_sample=154350
EXCLUDE_ZERO_NORM clip=2-87780-A-33.wav start_sample=176400
EXCLUDE_ZERO_NORM clip=2-87794-A-24.wav start_sample=176400
EXCLUDE_ZERO_NORM clip=2-92978-A-29.wav start_sample=132300
EXCLUDE_ZERO_NORM clip=2-92978-A-29.wav start_sample=154350
EXCLUDE_ZERO_NORM clip=2-92978-A-29.wav start_sample=176400
EXCLUDE_ZERO_NORM clip=2-95035-A-1.wav start_sample=176400
EXCLUDE_ZERO_NORM clip=2-96460-A-1.wav start_sample=110250
EXCLUDE_ZERO_NORM clip=2-96460-A-1.wav start_sample=132300
EXCLUDE_ZERO_NORM clip=2-96460-A-1.wav start_sample=154350
EXCLUDE_ZERO_NORM clip=2-96460-A-1.wav start_sample=176400
EXCLUDE_ZERO_NORM clip=2-98392-A-23.wav start_sample=132300
EXCLUDE_ZERO_NORM clip=2-98392-A-23.wav start_sample=154350
EXCLUDE_ZERO_NORM clip=2-98392-A-23.wav start_sample=176400
EXCLUDE_ZERO_NORM clip=2-98676-A-24.wav start_sample=66150
EXCLUDE_ZERO_NORM clip=2-98676-A-24.wav start_sample=88200
EXCLUDE_ZERO_NORM clip=2-98676-A-24.wav start_sample=110250
EXCLUDE_ZERO_NORM clip=2-98676-A-24.wav start_sample=132300
EXCLUDE_ZERO_NORM clip=2-98676-A-24.wav start_sample=154350
EXCLUDE_ZERO_NORM clip=2-98676-A-24.wav start_sample=176400
FEATURE_PROGRESS clips=800/2000 windows=6648 elapsed_s=12.394
EXCLUDE_ZERO_NORM clip=3-107123-A-26.wav start_sample=154350
EXCLUDE_ZERO_NORM clip=3-107123-A-26.wav start_sample=176400
EXCLUDE_ZERO_NORM clip=3-107219-A-1.wav start_sample=88200
EXCLUDE_ZERO_NORM clip=3-107219-A-1.wav start_sample=110250
EXCLUDE_ZERO_NORM clip=3-107219-A-1.wav start_sample=132300
EXCLUDE_ZERO_NORM clip=3-107219-A-1.wav start_sample=154350
EXCLUDE_ZERO_NORM clip=3-107219-A-1.wav start_sample=176400
EXCLUDE_ZERO_NORM clip=3-110536-A-26.wav start_sample=66150
EXCLUDE_ZERO_NORM clip=3-110536-A-26.wav start_sample=88200
EXCLUDE_ZERO_NORM clip=3-110536-A-26.wav start_sample=110250
EXCLUDE_ZERO_NORM clip=3-110536-A-26.wav start_sample=132300
EXCLUDE_ZERO_NORM clip=3-110536-A-26.wav start_sample=154350
EXCLUDE_ZERO_NORM clip=3-110536-A-26.wav start_sample=176400
EXCLUDE_ZERO_NORM clip=3-112557-B-23.wav start_sample=110250
EXCLUDE_ZERO_NORM clip=3-112557-B-23.wav start_sample=132300
EXCLUDE_ZERO_NORM clip=3-112557-B-23.wav start_sample=154350
EXCLUDE_ZERO_NORM clip=3-112557-B-23.wav start_sample=176400
EXCLUDE_ZERO_NORM clip=3-117793-A-37.wav start_sample=88200
EXCLUDE_ZERO_NORM clip=3-117793-A-37.wav start_sample=110250
EXCLUDE_ZERO_NORM clip=3-117793-A-37.wav start_sample=132300
EXCLUDE_ZERO_NORM clip=3-117793-A-37.wav start_sample=154350
EXCLUDE_ZERO_NORM clip=3-117793-A-37.wav start_sample=176400
EXCLUDE_ZERO_NORM clip=3-121348-A-9.wav start_sample=88200
EXCLUDE_ZERO_NORM clip=3-121348-A-9.wav start_sample=110250
EXCLUDE_ZERO_NORM clip=3-121348-A-9.wav start_sample=132300
EXCLUDE_ZERO_NORM clip=3-121348-A-9.wav start_sample=154350
EXCLUDE_ZERO_NORM clip=3-121348-A-9.wav start_sample=176400
EXCLUDE_ZERO_NORM clip=3-124795-A-28.wav start_sample=132300
EXCLUDE_ZERO_NORM clip=3-124795-A-28.wav start_sample=154350
EXCLUDE_ZERO_NORM clip=3-124795-A-28.wav start_sample=176400
EXCLUDE_ZERO_NORM clip=3-124925-A-9.wav start_sample=44100
EXCLUDE_ZERO_NORM clip=3-124925-A-9.wav start_sample=66150
EXCLUDE_ZERO_NORM clip=3-124925-A-9.wav start_sample=88200
EXCLUDE_ZERO_NORM clip=3-124925-A-9.wav start_sample=110250
EXCLUDE_ZERO_NORM clip=3-124925-A-9.wav start_sample=132300
EXCLUDE_ZERO_NORM clip=3-124925-A-9.wav start_sample=154350
EXCLUDE_ZERO_NORM clip=3-124925-A-9.wav start_sample=176400
EXCLUDE_ZERO_NORM clip=3-125418-A-24.wav start_sample=154350
EXCLUDE_ZERO_NORM clip=3-125418-A-24.wav start_sample=176400
EXCLUDE_ZERO_NORM clip=3-127874-A-17.wav start_sample=154350
EXCLUDE_ZERO_NORM clip=3-127874-A-17.wav start_sample=176400
FEATURE_PROGRESS clips=900/2000 windows=7507 elapsed_s=13.937
EXCLUDE_ZERO_NORM clip=3-129264-A-9.wav start_sample=176400
EXCLUDE_ZERO_NORM clip=3-132601-A-24.wav start_sample=66150
EXCLUDE_ZERO_NORM clip=3-132601-A-24.wav start_sample=88200
EXCLUDE_ZERO_NORM clip=3-132601-A-24.wav start_sample=110250
EXCLUDE_ZERO_NORM clip=3-132601-A-24.wav start_sample=132300
EXCLUDE_ZERO_NORM clip=3-132601-A-24.wav start_sample=154350
EXCLUDE_ZERO_NORM clip=3-132601-A-24.wav start_sample=176400
EXCLUDE_ZERO_NORM clip=3-133977-A-29.wav start_sample=44100
EXCLUDE_ZERO_NORM clip=3-133977-A-29.wav start_sample=66150
EXCLUDE_ZERO_NORM clip=3-133977-A-29.wav start_sample=88200
EXCLUDE_ZERO_NORM clip=3-133977-A-29.wav start_sample=110250
EXCLUDE_ZERO_NORM clip=3-133977-A-29.wav start_sample=132300
EXCLUDE_ZERO_NORM clip=3-133977-A-29.wav start_sample=154350
EXCLUDE_ZERO_NORM clip=3-133977-A-29.wav start_sample=176400
EXCLUDE_ZERO_NORM clip=3-134049-A-1.wav start_sample=176400
EXCLUDE_ZERO_NORM clip=3-137152-A-1.wav start_sample=110250
EXCLUDE_ZERO_NORM clip=3-137152-A-1.wav start_sample=132300
EXCLUDE_ZERO_NORM clip=3-137152-A-1.wav start_sample=154350
EXCLUDE_ZERO_NORM clip=3-137152-A-1.wav start_sample=176400
EXCLUDE_ZERO_NORM clip=3-142601-A-21.wav start_sample=132300
EXCLUDE_ZERO_NORM clip=3-142601-A-21.wav start_sample=154350
EXCLUDE_ZERO_NORM clip=3-142601-A-21.wav start_sample=176400
EXCLUDE_ZERO_NORM clip=3-143119-A-21.wav start_sample=154350
EXCLUDE_ZERO_NORM clip=3-143119-A-21.wav start_sample=176400
EXCLUDE_ZERO_NORM clip=3-144510-A-30.wav start_sample=88200
EXCLUDE_ZERO_NORM clip=3-144510-A-30.wav start_sample=110250
EXCLUDE_ZERO_NORM clip=3-144510-A-30.wav start_sample=132300
EXCLUDE_ZERO_NORM clip=3-144510-A-30.wav start_sample=154350
EXCLUDE_ZERO_NORM clip=3-144510-A-30.wav start_sample=176400
EXCLUDE_ZERO_NORM clip=3-145382-A-1.wav start_sample=110250
EXCLUDE_ZERO_NORM clip=3-145382-A-1.wav start_sample=132300
EXCLUDE_ZERO_NORM clip=3-145382-A-1.wav start_sample=154350
EXCLUDE_ZERO_NORM clip=3-145382-A-1.wav start_sample=176400
EXCLUDE_ZERO_NORM clip=3-145487-A-24.wav start_sample=44100
EXCLUDE_ZERO_NORM clip=3-145487-A-24.wav start_sample=66150
EXCLUDE_ZERO_NORM clip=3-145487-A-24.wav start_sample=88200
EXCLUDE_ZERO_NORM clip=3-145487-A-24.wav start_sample=110250
EXCLUDE_ZERO_NORM clip=3-145487-A-24.wav start_sample=132300
EXCLUDE_ZERO_NORM clip=3-145487-A-24.wav start_sample=154350
EXCLUDE_ZERO_NORM clip=3-145487-A-24.wav start_sample=176400
EXCLUDE_ZERO_NORM clip=3-145577-A-43.wav start_sample=44100
EXCLUDE_ZERO_NORM clip=3-145577-A-43.wav start_sample=66150
EXCLUDE_ZERO_NORM clip=3-145577-A-43.wav start_sample=88200
EXCLUDE_ZERO_NORM clip=3-145577-A-43.wav start_sample=110250
EXCLUDE_ZERO_NORM clip=3-145577-A-43.wav start_sample=132300
EXCLUDE_ZERO_NORM clip=3-145577-A-43.wav start_sample=154350
EXCLUDE_ZERO_NORM clip=3-145577-A-43.wav start_sample=176400
EXCLUDE_ZERO_NORM clip=3-146873-A-24.wav start_sample=88200
EXCLUDE_ZERO_NORM clip=3-146873-A-24.wav start_sample=110250
EXCLUDE_ZERO_NORM clip=3-146873-A-24.wav start_sample=132300
EXCLUDE_ZERO_NORM clip=3-146873-A-24.wav start_sample=154350
EXCLUDE_ZERO_NORM clip=3-146873-A-24.wav start_sample=176400
EXCLUDE_ZERO_NORM clip=3-147342-A-34.wav start_sample=66150
EXCLUDE_ZERO_NORM clip=3-147342-A-34.wav start_sample=88200
EXCLUDE_ZERO_NORM clip=3-147342-A-34.wav start_sample=110250
EXCLUDE_ZERO_NORM clip=3-147342-A-34.wav start_sample=132300
EXCLUDE_ZERO_NORM clip=3-147342-A-34.wav start_sample=154350
EXCLUDE_ZERO_NORM clip=3-147342-A-34.wav start_sample=176400
EXCLUDE_ZERO_NORM clip=3-147343-A-34.wav start_sample=44100
EXCLUDE_ZERO_NORM clip=3-147343-A-34.wav start_sample=66150
EXCLUDE_ZERO_NORM clip=3-147343-A-34.wav start_sample=88200
EXCLUDE_ZERO_NORM clip=3-147343-A-34.wav start_sample=110250
EXCLUDE_ZERO_NORM clip=3-147343-A-34.wav start_sample=132300
EXCLUDE_ZERO_NORM clip=3-147343-A-34.wav start_sample=154350
EXCLUDE_ZERO_NORM clip=3-147343-A-34.wav start_sample=176400
EXCLUDE_ZERO_NORM clip=3-148330-A-21.wav start_sample=66150
EXCLUDE_ZERO_NORM clip=3-148330-A-21.wav start_sample=88200
EXCLUDE_ZERO_NORM clip=3-148330-A-21.wav start_sample=110250
EXCLUDE_ZERO_NORM clip=3-148330-A-21.wav start_sample=132300
EXCLUDE_ZERO_NORM clip=3-148330-A-21.wav start_sample=154350
EXCLUDE_ZERO_NORM clip=3-148330-A-21.wav start_sample=176400
EXCLUDE_ZERO_NORM clip=3-148932-A-34.wav start_sample=66150
EXCLUDE_ZERO_NORM clip=3-148932-A-34.wav start_sample=88200
EXCLUDE_ZERO_NORM clip=3-148932-A-34.wav start_sample=110250
EXCLUDE_ZERO_NORM clip=3-148932-A-34.wav start_sample=132300
EXCLUDE_ZERO_NORM clip=3-148932-A-34.wav start_sample=154350
EXCLUDE_ZERO_NORM clip=3-148932-A-34.wav start_sample=176400
EXCLUDE_ZERO_NORM clip=3-149042-A-24.wav start_sample=44100
EXCLUDE_ZERO_NORM clip=3-149042-A-24.wav start_sample=66150
EXCLUDE_ZERO_NORM clip=3-149042-A-24.wav start_sample=88200
EXCLUDE_ZERO_NORM clip=3-149042-A-24.wav start_sample=110250
EXCLUDE_ZERO_NORM clip=3-149042-A-24.wav start_sample=132300
EXCLUDE_ZERO_NORM clip=3-149042-A-24.wav start_sample=154350
EXCLUDE_ZERO_NORM clip=3-149042-A-24.wav start_sample=176400
EXCLUDE_ZERO_NORM clip=3-149189-A-1.wav start_sample=0
EXCLUDE_ZERO_NORM clip=3-149189-A-1.wav start_sample=22050
EXCLUDE_ZERO_NORM clip=3-149189-A-1.wav start_sample=154350
EXCLUDE_ZERO_NORM clip=3-149189-A-1.wav start_sample=176400
EXCLUDE_ZERO_NORM clip=3-150231-A-21.wav start_sample=88200
EXCLUDE_ZERO_NORM clip=3-150231-A-21.wav start_sample=110250
EXCLUDE_ZERO_NORM clip=3-150231-A-21.wav start_sample=132300
EXCLUDE_ZERO_NORM clip=3-150231-A-21.wav start_sample=154350
EXCLUDE_ZERO_NORM clip=3-150231-A-21.wav start_sample=176400
EXCLUDE_ZERO_NORM clip=3-151089-A-30.wav start_sample=132300
EXCLUDE_ZERO_NORM clip=3-151089-A-30.wav start_sample=154350
EXCLUDE_ZERO_NORM clip=3-151089-A-30.wav start_sample=176400
FEATURE_PROGRESS clips=1000/2000 windows=8311 elapsed_s=15.486
EXCLUDE_ZERO_NORM clip=3-151212-A-24.wav start_sample=88200
EXCLUDE_ZERO_NORM clip=3-151212-A-24.wav start_sample=110250
EXCLUDE_ZERO_NORM clip=3-151212-A-24.wav start_sample=132300
EXCLUDE_ZERO_NORM clip=3-151212-A-24.wav start_sample=154350
EXCLUDE_ZERO_NORM clip=3-151212-A-24.wav start_sample=176400
EXCLUDE_ZERO_NORM clip=3-151213-A-24.wav start_sample=66150
EXCLUDE_ZERO_NORM clip=3-151213-A-24.wav start_sample=88200
EXCLUDE_ZERO_NORM clip=3-151213-A-24.wav start_sample=110250
EXCLUDE_ZERO_NORM clip=3-151213-A-24.wav start_sample=132300
EXCLUDE_ZERO_NORM clip=3-151213-A-24.wav start_sample=154350
EXCLUDE_ZERO_NORM clip=3-151213-A-24.wav start_sample=176400
EXCLUDE_ZERO_NORM clip=3-152594-A-30.wav start_sample=66150
EXCLUDE_ZERO_NORM clip=3-152594-A-30.wav start_sample=88200
EXCLUDE_ZERO_NORM clip=3-152594-A-30.wav start_sample=110250
EXCLUDE_ZERO_NORM clip=3-152594-A-30.wav start_sample=132300
EXCLUDE_ZERO_NORM clip=3-152594-A-30.wav start_sample=154350
EXCLUDE_ZERO_NORM clip=3-152594-A-30.wav start_sample=176400
EXCLUDE_ZERO_NORM clip=3-152912-A-26.wav start_sample=88200
EXCLUDE_ZERO_NORM clip=3-152912-A-26.wav start_sample=110250
EXCLUDE_ZERO_NORM clip=3-152912-A-26.wav start_sample=132300
EXCLUDE_ZERO_NORM clip=3-152912-A-26.wav start_sample=154350
EXCLUDE_ZERO_NORM clip=3-152912-A-26.wav start_sample=176400
EXCLUDE_ZERO_NORM clip=3-153057-A-43.wav start_sample=44100
EXCLUDE_ZERO_NORM clip=3-153057-A-43.wav start_sample=66150
EXCLUDE_ZERO_NORM clip=3-153057-A-43.wav start_sample=88200
EXCLUDE_ZERO_NORM clip=3-153057-A-43.wav start_sample=110250
EXCLUDE_ZERO_NORM clip=3-153057-A-43.wav start_sample=132300
EXCLUDE_ZERO_NORM clip=3-153057-A-43.wav start_sample=154350
EXCLUDE_ZERO_NORM clip=3-153057-A-43.wav start_sample=176400
EXCLUDE_ZERO_NORM clip=3-154378-A-30.wav start_sample=44100
EXCLUDE_ZERO_NORM clip=3-154378-A-30.wav start_sample=66150
EXCLUDE_ZERO_NORM clip=3-154378-A-30.wav start_sample=88200
EXCLUDE_ZERO_NORM clip=3-154378-A-30.wav start_sample=110250
EXCLUDE_ZERO_NORM clip=3-154378-A-30.wav start_sample=132300
EXCLUDE_ZERO_NORM clip=3-154378-A-30.wav start_sample=154350
EXCLUDE_ZERO_NORM clip=3-154378-A-30.wav start_sample=176400
EXCLUDE_ZERO_NORM clip=3-154926-A-40.wav start_sample=132300
EXCLUDE_ZERO_NORM clip=3-154926-A-40.wav start_sample=154350
EXCLUDE_ZERO_NORM clip=3-154926-A-40.wav start_sample=176400
EXCLUDE_ZERO_NORM clip=3-155556-A-31.wav start_sample=22050
EXCLUDE_ZERO_NORM clip=3-155556-A-31.wav start_sample=44100
EXCLUDE_ZERO_NORM clip=3-155556-A-31.wav start_sample=66150
EXCLUDE_ZERO_NORM clip=3-155556-A-31.wav start_sample=88200
EXCLUDE_ZERO_NORM clip=3-155556-A-31.wav start_sample=110250
EXCLUDE_ZERO_NORM clip=3-155556-A-31.wav start_sample=132300
EXCLUDE_ZERO_NORM clip=3-155556-A-31.wav start_sample=154350
EXCLUDE_ZERO_NORM clip=3-155556-A-31.wav start_sample=176400
EXCLUDE_ZERO_NORM clip=3-155659-A-34.wav start_sample=110250
EXCLUDE_ZERO_NORM clip=3-155659-A-34.wav start_sample=132300
EXCLUDE_ZERO_NORM clip=3-155659-A-34.wav start_sample=154350
EXCLUDE_ZERO_NORM clip=3-155659-A-34.wav start_sample=176400
EXCLUDE_ZERO_NORM clip=3-156558-A-21.wav start_sample=132300
EXCLUDE_ZERO_NORM clip=3-156558-A-21.wav start_sample=154350
EXCLUDE_ZERO_NORM clip=3-156558-A-21.wav start_sample=176400
EXCLUDE_ZERO_NORM clip=3-156907-A-15.wav start_sample=110250
EXCLUDE_ZERO_NORM clip=3-156907-A-15.wav start_sample=132300
EXCLUDE_ZERO_NORM clip=3-156907-A-15.wav start_sample=154350
EXCLUDE_ZERO_NORM clip=3-156907-A-15.wav start_sample=176400
EXCLUDE_ZERO_NORM clip=3-157187-A-12.wav start_sample=110250
EXCLUDE_ZERO_NORM clip=3-157187-A-12.wav start_sample=132300
EXCLUDE_ZERO_NORM clip=3-157187-A-12.wav start_sample=154350
EXCLUDE_ZERO_NORM clip=3-157187-A-12.wav start_sample=176400
EXCLUDE_ZERO_NORM clip=3-160119-A-15.wav start_sample=66150
EXCLUDE_ZERO_NORM clip=3-160119-A-15.wav start_sample=88200
EXCLUDE_ZERO_NORM clip=3-160119-A-15.wav start_sample=110250
EXCLUDE_ZERO_NORM clip=3-160119-A-15.wav start_sample=132300
EXCLUDE_ZERO_NORM clip=3-160119-A-15.wav start_sample=154350
EXCLUDE_ZERO_NORM clip=3-160119-A-15.wav start_sample=176400
EXCLUDE_ZERO_NORM clip=3-163288-A-1.wav start_sample=0
EXCLUDE_ZERO_NORM clip=3-163288-A-1.wav start_sample=22050
EXCLUDE_ZERO_NORM clip=3-163459-A-0.wav start_sample=88200
EXCLUDE_ZERO_NORM clip=3-163459-A-0.wav start_sample=110250
EXCLUDE_ZERO_NORM clip=3-163459-A-0.wav start_sample=132300
EXCLUDE_ZERO_NORM clip=3-163459-A-0.wav start_sample=154350
EXCLUDE_ZERO_NORM clip=3-163459-A-0.wav start_sample=176400
EXCLUDE_ZERO_NORM clip=3-164592-A-15.wav start_sample=110250
EXCLUDE_ZERO_NORM clip=3-164592-A-15.wav start_sample=132300
EXCLUDE_ZERO_NORM clip=3-164592-A-15.wav start_sample=154350
EXCLUDE_ZERO_NORM clip=3-164592-A-15.wav start_sample=176400
EXCLUDE_ZERO_NORM clip=3-164593-A-15.wav start_sample=110250
EXCLUDE_ZERO_NORM clip=3-164593-A-15.wav start_sample=132300
EXCLUDE_ZERO_NORM clip=3-164593-A-15.wav start_sample=154350
EXCLUDE_ZERO_NORM clip=3-164593-A-15.wav start_sample=176400
EXCLUDE_ZERO_NORM clip=3-164594-A-15.wav start_sample=88200
EXCLUDE_ZERO_NORM clip=3-164594-A-15.wav start_sample=110250
EXCLUDE_ZERO_NORM clip=3-164594-A-15.wav start_sample=132300
EXCLUDE_ZERO_NORM clip=3-164594-A-15.wav start_sample=154350
EXCLUDE_ZERO_NORM clip=3-164594-A-15.wav start_sample=176400
EXCLUDE_ZERO_NORM clip=3-164595-A-15.wav start_sample=88200
EXCLUDE_ZERO_NORM clip=3-164595-A-15.wav start_sample=110250
EXCLUDE_ZERO_NORM clip=3-164595-A-15.wav start_sample=132300
EXCLUDE_ZERO_NORM clip=3-164595-A-15.wav start_sample=154350
EXCLUDE_ZERO_NORM clip=3-164595-A-15.wav start_sample=176400
EXCLUDE_ZERO_NORM clip=3-166546-B-34.wav start_sample=176400
EXCLUDE_ZERO_NORM clip=3-170015-A-0.wav start_sample=154350
EXCLUDE_ZERO_NORM clip=3-170015-A-0.wav start_sample=176400
EXCLUDE_ZERO_NORM clip=3-170312-A-31.wav start_sample=154350
EXCLUDE_ZERO_NORM clip=3-170312-A-31.wav start_sample=176400
FEATURE_PROGRESS clips=1100/2000 windows=9113 elapsed_s=17.036
EXCLUDE_ZERO_NORM clip=3-170574-A-30.wav start_sample=88200
EXCLUDE_ZERO_NORM clip=3-170574-A-30.wav start_sample=110250
EXCLUDE_ZERO_NORM clip=3-170574-A-30.wav start_sample=132300
EXCLUDE_ZERO_NORM clip=3-170574-A-30.wav start_sample=154350
EXCLUDE_ZERO_NORM clip=3-170574-A-30.wav start_sample=176400
EXCLUDE_ZERO_NORM clip=3-174840-A-43.wav start_sample=176400
EXCLUDE_ZERO_NORM clip=3-174866-A-29.wav start_sample=110250
EXCLUDE_ZERO_NORM clip=3-174866-A-29.wav start_sample=132300
EXCLUDE_ZERO_NORM clip=3-174866-A-29.wav start_sample=154350
EXCLUDE_ZERO_NORM clip=3-174866-A-29.wav start_sample=176400
EXCLUDE_ZERO_NORM clip=3-182023-A-30.wav start_sample=154350
EXCLUDE_ZERO_NORM clip=3-182023-A-30.wav start_sample=176400
EXCLUDE_ZERO_NORM clip=3-182025-A-30.wav start_sample=132300
EXCLUDE_ZERO_NORM clip=3-182025-A-30.wav start_sample=154350
EXCLUDE_ZERO_NORM clip=3-182025-A-30.wav start_sample=176400
EXCLUDE_ZERO_NORM clip=3-188390-A-6.wav start_sample=110250
EXCLUDE_ZERO_NORM clip=3-188390-A-6.wav start_sample=132300
EXCLUDE_ZERO_NORM clip=3-188390-A-6.wav start_sample=154350
EXCLUDE_ZERO_NORM clip=3-188390-A-6.wav start_sample=176400
EXCLUDE_ZERO_NORM clip=3-203371-A-39.wav start_sample=66150
EXCLUDE_ZERO_NORM clip=3-203371-A-39.wav start_sample=88200
EXCLUDE_ZERO_NORM clip=3-203371-A-39.wav start_sample=110250
EXCLUDE_ZERO_NORM clip=3-203371-A-39.wav start_sample=132300
EXCLUDE_ZERO_NORM clip=3-203371-A-39.wav start_sample=154350
EXCLUDE_ZERO_NORM clip=3-203371-A-39.wav start_sample=176400
EXCLUDE_ZERO_NORM clip=3-203373-A-39.wav start_sample=44100
EXCLUDE_ZERO_NORM clip=3-203373-A-39.wav start_sample=66150
EXCLUDE_ZERO_NORM clip=3-203373-A-39.wav start_sample=88200
EXCLUDE_ZERO_NORM clip=3-203373-A-39.wav start_sample=110250
EXCLUDE_ZERO_NORM clip=3-203373-A-39.wav start_sample=132300
EXCLUDE_ZERO_NORM clip=3-203373-A-39.wav start_sample=154350
EXCLUDE_ZERO_NORM clip=3-203373-A-39.wav start_sample=176400
EXCLUDE_ZERO_NORM clip=3-203374-A-39.wav start_sample=44100
EXCLUDE_ZERO_NORM clip=3-203374-A-39.wav start_sample=66150
EXCLUDE_ZERO_NORM clip=3-203374-A-39.wav start_sample=88200
EXCLUDE_ZERO_NORM clip=3-203374-A-39.wav start_sample=110250
EXCLUDE_ZERO_NORM clip=3-203374-A-39.wav start_sample=132300
EXCLUDE_ZERO_NORM clip=3-203374-A-39.wav start_sample=154350
EXCLUDE_ZERO_NORM clip=3-203374-A-39.wav start_sample=176400
EXCLUDE_ZERO_NORM clip=3-203375-A-39.wav start_sample=66150
EXCLUDE_ZERO_NORM clip=3-203375-A-39.wav start_sample=88200
EXCLUDE_ZERO_NORM clip=3-203375-A-39.wav start_sample=110250
EXCLUDE_ZERO_NORM clip=3-203375-A-39.wav start_sample=132300
EXCLUDE_ZERO_NORM clip=3-203375-A-39.wav start_sample=154350
EXCLUDE_ZERO_NORM clip=3-203375-A-39.wav start_sample=176400
EXCLUDE_ZERO_NORM clip=3-203377-A-39.wav start_sample=44100
EXCLUDE_ZERO_NORM clip=3-203377-A-39.wav start_sample=66150
EXCLUDE_ZERO_NORM clip=3-203377-A-39.wav start_sample=88200
EXCLUDE_ZERO_NORM clip=3-203377-A-39.wav start_sample=110250
EXCLUDE_ZERO_NORM clip=3-203377-A-39.wav start_sample=132300
EXCLUDE_ZERO_NORM clip=3-203377-A-39.wav start_sample=154350
EXCLUDE_ZERO_NORM clip=3-203377-A-39.wav start_sample=176400
EXCLUDE_ZERO_NORM clip=3-216280-A-39.wav start_sample=44100
EXCLUDE_ZERO_NORM clip=3-216280-A-39.wav start_sample=66150
EXCLUDE_ZERO_NORM clip=3-216280-A-39.wav start_sample=88200
EXCLUDE_ZERO_NORM clip=3-216280-A-39.wav start_sample=110250
EXCLUDE_ZERO_NORM clip=3-216280-A-39.wav start_sample=132300
EXCLUDE_ZERO_NORM clip=3-216280-A-39.wav start_sample=154350
EXCLUDE_ZERO_NORM clip=3-216280-A-39.wav start_sample=176400
EXCLUDE_ZERO_NORM clip=3-216281-A-39.wav start_sample=88200
EXCLUDE_ZERO_NORM clip=3-216281-A-39.wav start_sample=110250
EXCLUDE_ZERO_NORM clip=3-216281-A-39.wav start_sample=132300
EXCLUDE_ZERO_NORM clip=3-216281-A-39.wav start_sample=154350
EXCLUDE_ZERO_NORM clip=3-216281-A-39.wav start_sample=176400
EXCLUDE_ZERO_NORM clip=3-216284-A-39.wav start_sample=66150
EXCLUDE_ZERO_NORM clip=3-216284-A-39.wav start_sample=88200
EXCLUDE_ZERO_NORM clip=3-216284-A-39.wav start_sample=110250
EXCLUDE_ZERO_NORM clip=3-216284-A-39.wav start_sample=132300
EXCLUDE_ZERO_NORM clip=3-216284-A-39.wav start_sample=154350
EXCLUDE_ZERO_NORM clip=3-216284-A-39.wav start_sample=176400
EXCLUDE_ZERO_NORM clip=3-233151-A-2.wav start_sample=88200
EXCLUDE_ZERO_NORM clip=3-233151-A-2.wav start_sample=110250
EXCLUDE_ZERO_NORM clip=3-233151-A-2.wav start_sample=132300
EXCLUDE_ZERO_NORM clip=3-233151-A-2.wav start_sample=154350
EXCLUDE_ZERO_NORM clip=3-233151-A-2.wav start_sample=176400
EXCLUDE_ZERO_NORM clip=3-62878-B-42.wav start_sample=110250
EXCLUDE_ZERO_NORM clip=3-62878-B-42.wav start_sample=132300
EXCLUDE_ZERO_NORM clip=3-62878-B-42.wav start_sample=154350
EXCLUDE_ZERO_NORM clip=3-62878-B-42.wav start_sample=176400
EXCLUDE_ZERO_NORM clip=3-95697-A-5.wav start_sample=88200
EXCLUDE_ZERO_NORM clip=3-95697-A-5.wav start_sample=110250
EXCLUDE_ZERO_NORM clip=3-95697-A-5.wav start_sample=132300
EXCLUDE_ZERO_NORM clip=3-95697-A-5.wav start_sample=154350
EXCLUDE_ZERO_NORM clip=3-95697-A-5.wav start_sample=176400
EXCLUDE_ZERO_NORM clip=3-95698-A-5.wav start_sample=176400
FEATURE_PROGRESS clips=1200/2000 windows=9928 elapsed_s=18.584
EXCLUDE_ZERO_NORM clip=4-107120-A-33.wav start_sample=110250
EXCLUDE_ZERO_NORM clip=4-107120-A-33.wav start_sample=132300
EXCLUDE_ZERO_NORM clip=4-107120-A-33.wav start_sample=154350
EXCLUDE_ZERO_NORM clip=4-107120-A-33.wav start_sample=176400
EXCLUDE_ZERO_NORM clip=4-120160-A-5.wav start_sample=132300
EXCLUDE_ZERO_NORM clip=4-120160-A-5.wav start_sample=154350
EXCLUDE_ZERO_NORM clip=4-120160-A-5.wav start_sample=176400
EXCLUDE_ZERO_NORM clip=4-132810-A-26.wav start_sample=154350
EXCLUDE_ZERO_NORM clip=4-132810-A-26.wav start_sample=176400
EXCLUDE_ZERO_NORM clip=4-133895-A-7.wav start_sample=44100
EXCLUDE_ZERO_NORM clip=4-133895-A-7.wav start_sample=66150
EXCLUDE_ZERO_NORM clip=4-133895-A-7.wav start_sample=88200
EXCLUDE_ZERO_NORM clip=4-133895-A-7.wav start_sample=110250
EXCLUDE_ZERO_NORM clip=4-133895-A-7.wav start_sample=132300
EXCLUDE_ZERO_NORM clip=4-133895-A-7.wav start_sample=154350
EXCLUDE_ZERO_NORM clip=4-133895-A-7.wav start_sample=176400
EXCLUDE_ZERO_NORM clip=4-136381-A-9.wav start_sample=110250
EXCLUDE_ZERO_NORM clip=4-136381-A-9.wav start_sample=132300
EXCLUDE_ZERO_NORM clip=4-136381-A-9.wav start_sample=154350
EXCLUDE_ZERO_NORM clip=4-136381-A-9.wav start_sample=176400
EXCLUDE_ZERO_NORM clip=4-152958-A-18.wav start_sample=176400
EXCLUDE_ZERO_NORM clip=4-152995-A-24.wav start_sample=110250
EXCLUDE_ZERO_NORM clip=4-152995-A-24.wav start_sample=132300
EXCLUDE_ZERO_NORM clip=4-152995-A-24.wav start_sample=154350
EXCLUDE_ZERO_NORM clip=4-152995-A-24.wav start_sample=176400
EXCLUDE_ZERO_NORM clip=4-154443-A-24.wav start_sample=44100
EXCLUDE_ZERO_NORM clip=4-154443-A-24.wav start_sample=66150
EXCLUDE_ZERO_NORM clip=4-154443-A-24.wav start_sample=88200
EXCLUDE_ZERO_NORM clip=4-154443-A-24.wav start_sample=110250
EXCLUDE_ZERO_NORM clip=4-154443-A-24.wav start_sample=132300
EXCLUDE_ZERO_NORM clip=4-154443-A-24.wav start_sample=154350
EXCLUDE_ZERO_NORM clip=4-154443-A-24.wav start_sample=176400
EXCLUDE_ZERO_NORM clip=4-155650-B-24.wav start_sample=154350
EXCLUDE_ZERO_NORM clip=4-155650-B-24.wav start_sample=176400
EXCLUDE_ZERO_NORM clip=4-156843-A-21.wav start_sample=88200
EXCLUDE_ZERO_NORM clip=4-156843-A-21.wav start_sample=110250
EXCLUDE_ZERO_NORM clip=4-156843-A-21.wav start_sample=132300
EXCLUDE_ZERO_NORM clip=4-156843-A-21.wav start_sample=154350
EXCLUDE_ZERO_NORM clip=4-156843-A-21.wav start_sample=176400
EXCLUDE_ZERO_NORM clip=4-159426-A-9.wav start_sample=110250
EXCLUDE_ZERO_NORM clip=4-159426-A-9.wav start_sample=132300
EXCLUDE_ZERO_NORM clip=4-159426-A-9.wav start_sample=154350
EXCLUDE_ZERO_NORM clip=4-159426-A-9.wav start_sample=176400
FEATURE_PROGRESS clips=1300/2000 windows=10785 elapsed_s=20.132
EXCLUDE_ZERO_NORM clip=4-161303-B-5.wav start_sample=66150
EXCLUDE_ZERO_NORM clip=4-161303-B-5.wav start_sample=88200
EXCLUDE_ZERO_NORM clip=4-161303-B-5.wav start_sample=110250
EXCLUDE_ZERO_NORM clip=4-161303-B-5.wav start_sample=132300
EXCLUDE_ZERO_NORM clip=4-161303-B-5.wav start_sample=154350
EXCLUDE_ZERO_NORM clip=4-161303-B-5.wav start_sample=176400
EXCLUDE_ZERO_NORM clip=4-161579-A-40.wav start_sample=0
EXCLUDE_ZERO_NORM clip=4-161579-A-40.wav start_sample=22050
EXCLUDE_ZERO_NORM clip=4-161579-A-40.wav start_sample=44100
EXCLUDE_ZERO_NORM clip=4-161579-A-40.wav start_sample=66150
EXCLUDE_ZERO_NORM clip=4-164064-A-1.wav start_sample=154350
EXCLUDE_ZERO_NORM clip=4-164064-A-1.wav start_sample=176400
EXCLUDE_ZERO_NORM clip=4-164064-B-1.wav start_sample=132300
EXCLUDE_ZERO_NORM clip=4-164064-B-1.wav start_sample=154350
EXCLUDE_ZERO_NORM clip=4-164064-B-1.wav start_sample=176400
EXCLUDE_ZERO_NORM clip=4-164064-C-1.wav start_sample=154350
EXCLUDE_ZERO_NORM clip=4-164064-C-1.wav start_sample=176400
EXCLUDE_ZERO_NORM clip=4-164661-B-12.wav start_sample=176400
EXCLUDE_ZERO_NORM clip=4-164859-A-1.wav start_sample=154350
EXCLUDE_ZERO_NORM clip=4-164859-A-1.wav start_sample=176400
EXCLUDE_ZERO_NORM clip=4-167571-A-26.wav start_sample=110250
EXCLUDE_ZERO_NORM clip=4-167571-A-26.wav start_sample=132300
EXCLUDE_ZERO_NORM clip=4-167571-A-26.wav start_sample=154350
EXCLUDE_ZERO_NORM clip=4-167571-A-26.wav start_sample=176400
EXCLUDE_ZERO_NORM clip=4-167642-A-21.wav start_sample=88200
EXCLUDE_ZERO_NORM clip=4-167642-A-21.wav start_sample=110250
EXCLUDE_ZERO_NORM clip=4-167642-A-21.wav start_sample=132300
EXCLUDE_ZERO_NORM clip=4-167642-A-21.wav start_sample=154350
EXCLUDE_ZERO_NORM clip=4-167642-A-21.wav start_sample=176400
EXCLUDE_ZERO_NORM clip=4-169726-A-24.wav start_sample=66150
EXCLUDE_ZERO_NORM clip=4-169726-A-24.wav start_sample=88200
EXCLUDE_ZERO_NORM clip=4-169726-A-24.wav start_sample=110250
EXCLUDE_ZERO_NORM clip=4-169726-A-24.wav start_sample=132300
EXCLUDE_ZERO_NORM clip=4-169726-A-24.wav start_sample=154350
EXCLUDE_ZERO_NORM clip=4-169726-A-24.wav start_sample=176400
EXCLUDE_ZERO_NORM clip=4-170078-A-1.wav start_sample=154350
EXCLUDE_ZERO_NORM clip=4-170078-A-1.wav start_sample=176400
EXCLUDE_ZERO_NORM clip=4-171519-A-21.wav start_sample=88200
EXCLUDE_ZERO_NORM clip=4-171519-A-21.wav start_sample=110250
EXCLUDE_ZERO_NORM clip=4-171519-A-21.wav start_sample=132300
EXCLUDE_ZERO_NORM clip=4-171519-A-21.wav start_sample=154350
EXCLUDE_ZERO_NORM clip=4-171519-A-21.wav start_sample=176400
EXCLUDE_ZERO_NORM clip=4-172377-A-17.wav start_sample=176400
EXCLUDE_ZERO_NORM clip=4-172742-A-32.wav start_sample=132300
EXCLUDE_ZERO_NORM clip=4-172742-A-32.wav start_sample=154350
EXCLUDE_ZERO_NORM clip=4-172742-A-32.wav start_sample=176400
EXCLUDE_ZERO_NORM clip=4-175846-A-43.wav start_sample=132300
EXCLUDE_ZERO_NORM clip=4-175846-A-43.wav start_sample=154350
EXCLUDE_ZERO_NORM clip=4-175846-A-43.wav start_sample=176400
EXCLUDE_ZERO_NORM clip=4-175855-A-43.wav start_sample=110250
EXCLUDE_ZERO_NORM clip=4-175855-A-43.wav start_sample=132300
EXCLUDE_ZERO_NORM clip=4-175855-A-43.wav start_sample=154350
EXCLUDE_ZERO_NORM clip=4-175855-A-43.wav start_sample=176400
EXCLUDE_ZERO_NORM clip=4-176914-A-23.wav start_sample=44100
EXCLUDE_ZERO_NORM clip=4-176914-A-23.wav start_sample=66150
EXCLUDE_ZERO_NORM clip=4-176914-A-23.wav start_sample=88200
EXCLUDE_ZERO_NORM clip=4-176914-A-23.wav start_sample=110250
EXCLUDE_ZERO_NORM clip=4-176914-A-23.wav start_sample=132300
EXCLUDE_ZERO_NORM clip=4-176914-A-23.wav start_sample=154350
EXCLUDE_ZERO_NORM clip=4-176914-A-23.wav start_sample=176400
EXCLUDE_ZERO_NORM clip=4-177835-A-24.wav start_sample=88200
EXCLUDE_ZERO_NORM clip=4-177835-A-24.wav start_sample=110250
EXCLUDE_ZERO_NORM clip=4-177835-A-24.wav start_sample=132300
EXCLUDE_ZERO_NORM clip=4-177835-A-24.wav start_sample=154350
EXCLUDE_ZERO_NORM clip=4-177835-A-24.wav start_sample=176400
EXCLUDE_ZERO_NORM clip=4-179836-A-34.wav start_sample=110250
EXCLUDE_ZERO_NORM clip=4-179836-A-34.wav start_sample=132300
EXCLUDE_ZERO_NORM clip=4-179836-A-34.wav start_sample=154350
EXCLUDE_ZERO_NORM clip=4-179836-A-34.wav start_sample=176400
FEATURE_PROGRESS clips=1400/2000 windows=11616 elapsed_s=21.683
EXCLUDE_ZERO_NORM clip=4-182039-A-30.wav start_sample=110250
EXCLUDE_ZERO_NORM clip=4-182039-A-30.wav start_sample=132300
EXCLUDE_ZERO_NORM clip=4-182039-A-30.wav start_sample=154350
EXCLUDE_ZERO_NORM clip=4-182039-A-30.wav start_sample=176400
EXCLUDE_ZERO_NORM clip=4-182041-A-30.wav start_sample=66150
EXCLUDE_ZERO_NORM clip=4-182041-A-30.wav start_sample=88200
EXCLUDE_ZERO_NORM clip=4-182041-A-30.wav start_sample=110250
EXCLUDE_ZERO_NORM clip=4-182041-A-30.wav start_sample=132300
EXCLUDE_ZERO_NORM clip=4-182041-A-30.wav start_sample=154350
EXCLUDE_ZERO_NORM clip=4-182041-A-30.wav start_sample=176400
EXCLUDE_ZERO_NORM clip=4-182395-A-0.wav start_sample=88200
EXCLUDE_ZERO_NORM clip=4-182395-A-0.wav start_sample=110250
EXCLUDE_ZERO_NORM clip=4-182395-A-0.wav start_sample=132300
EXCLUDE_ZERO_NORM clip=4-182395-A-0.wav start_sample=154350
EXCLUDE_ZERO_NORM clip=4-182395-A-0.wav start_sample=176400
EXCLUDE_ZERO_NORM clip=4-185415-A-21.wav start_sample=110250
EXCLUDE_ZERO_NORM clip=4-185415-A-21.wav start_sample=132300
EXCLUDE_ZERO_NORM clip=4-185415-A-21.wav start_sample=154350
EXCLUDE_ZERO_NORM clip=4-185415-A-21.wav start_sample=176400
EXCLUDE_ZERO_NORM clip=4-185619-A-21.wav start_sample=154350
EXCLUDE_ZERO_NORM clip=4-185619-A-21.wav start_sample=176400
EXCLUDE_ZERO_NORM clip=4-186935-A-44.wav start_sample=176400
EXCLUDE_ZERO_NORM clip=4-186938-A-44.wav start_sample=132300
EXCLUDE_ZERO_NORM clip=4-186938-A-44.wav start_sample=154350
EXCLUDE_ZERO_NORM clip=4-186938-A-44.wav start_sample=176400
EXCLUDE_ZERO_NORM clip=4-186940-A-44.wav start_sample=176400
EXCLUDE_ZERO_NORM clip=4-187384-A-34.wav start_sample=44100
EXCLUDE_ZERO_NORM clip=4-187384-A-34.wav start_sample=66150
EXCLUDE_ZERO_NORM clip=4-187384-A-34.wav start_sample=88200
EXCLUDE_ZERO_NORM clip=4-187384-A-34.wav start_sample=110250
EXCLUDE_ZERO_NORM clip=4-187384-A-34.wav start_sample=132300
EXCLUDE_ZERO_NORM clip=4-187384-A-34.wav start_sample=154350
EXCLUDE_ZERO_NORM clip=4-187384-A-34.wav start_sample=176400
EXCLUDE_ZERO_NORM clip=4-188287-A-9.wav start_sample=176400
EXCLUDE_ZERO_NORM clip=4-188595-A-29.wav start_sample=154350
EXCLUDE_ZERO_NORM clip=4-188595-A-29.wav start_sample=176400
EXCLUDE_ZERO_NORM clip=4-194808-A-29.wav start_sample=88200
EXCLUDE_ZERO_NORM clip=4-194808-A-29.wav start_sample=110250
EXCLUDE_ZERO_NORM clip=4-194808-A-29.wav start_sample=132300
EXCLUDE_ZERO_NORM clip=4-194808-A-29.wav start_sample=154350
EXCLUDE_ZERO_NORM clip=4-194808-A-29.wav start_sample=176400
FEATURE_PROGRESS clips=1500/2000 windows=12475 elapsed_s=23.231
EXCLUDE_ZERO_NORM clip=4-197871-A-15.wav start_sample=110250
EXCLUDE_ZERO_NORM clip=4-197871-A-15.wav start_sample=132300
EXCLUDE_ZERO_NORM clip=4-197871-A-15.wav start_sample=154350
EXCLUDE_ZERO_NORM clip=4-197871-A-15.wav start_sample=176400
EXCLUDE_ZERO_NORM clip=4-201300-A-31.wav start_sample=66150
EXCLUDE_ZERO_NORM clip=4-201300-A-31.wav start_sample=88200
EXCLUDE_ZERO_NORM clip=4-201300-A-31.wav start_sample=110250
EXCLUDE_ZERO_NORM clip=4-201300-A-31.wav start_sample=132300
EXCLUDE_ZERO_NORM clip=4-201300-A-31.wav start_sample=154350
EXCLUDE_ZERO_NORM clip=4-201300-A-31.wav start_sample=176400
EXCLUDE_ZERO_NORM clip=4-204115-A-39.wav start_sample=66150
EXCLUDE_ZERO_NORM clip=4-204115-A-39.wav start_sample=88200
EXCLUDE_ZERO_NORM clip=4-204115-A-39.wav start_sample=110250
EXCLUDE_ZERO_NORM clip=4-204115-A-39.wav start_sample=132300
EXCLUDE_ZERO_NORM clip=4-204115-A-39.wav start_sample=154350
EXCLUDE_ZERO_NORM clip=4-204115-A-39.wav start_sample=176400
EXCLUDE_ZERO_NORM clip=4-204119-A-39.wav start_sample=66150
EXCLUDE_ZERO_NORM clip=4-204119-A-39.wav start_sample=88200
EXCLUDE_ZERO_NORM clip=4-204119-A-39.wav start_sample=110250
EXCLUDE_ZERO_NORM clip=4-204119-A-39.wav start_sample=132300
EXCLUDE_ZERO_NORM clip=4-204119-A-39.wav start_sample=154350
EXCLUDE_ZERO_NORM clip=4-204119-A-39.wav start_sample=176400
EXCLUDE_ZERO_NORM clip=4-204121-A-39.wav start_sample=110250
EXCLUDE_ZERO_NORM clip=4-204121-A-39.wav start_sample=132300
EXCLUDE_ZERO_NORM clip=4-204121-A-39.wav start_sample=154350
EXCLUDE_ZERO_NORM clip=4-204121-A-39.wav start_sample=176400
EXCLUDE_ZERO_NORM clip=4-204123-A-39.wav start_sample=88200
EXCLUDE_ZERO_NORM clip=4-204123-A-39.wav start_sample=110250
EXCLUDE_ZERO_NORM clip=4-204123-A-39.wav start_sample=132300
EXCLUDE_ZERO_NORM clip=4-204123-A-39.wav start_sample=154350
EXCLUDE_ZERO_NORM clip=4-204123-A-39.wav start_sample=176400
EXCLUDE_ZERO_NORM clip=4-204202-A-29.wav start_sample=132300
EXCLUDE_ZERO_NORM clip=4-204202-A-29.wav start_sample=154350
EXCLUDE_ZERO_NORM clip=4-204202-A-29.wav start_sample=176400
EXCLUDE_ZERO_NORM clip=4-204777-C-39.wav start_sample=154350
EXCLUDE_ZERO_NORM clip=4-204777-C-39.wav start_sample=176400
EXCLUDE_ZERO_NORM clip=4-208021-A-1.wav start_sample=132300
EXCLUDE_ZERO_NORM clip=4-208021-A-1.wav start_sample=154350
EXCLUDE_ZERO_NORM clip=4-208021-A-1.wav start_sample=176400
EXCLUDE_ZERO_NORM clip=4-209698-A-37.wav start_sample=110250
EXCLUDE_ZERO_NORM clip=4-209698-A-37.wav start_sample=132300
EXCLUDE_ZERO_NORM clip=4-209698-A-37.wav start_sample=154350
EXCLUDE_ZERO_NORM clip=4-209698-A-37.wav start_sample=176400
EXCLUDE_ZERO_NORM clip=4-210309-A-31.wav start_sample=132300
EXCLUDE_ZERO_NORM clip=4-210309-A-31.wav start_sample=154350
EXCLUDE_ZERO_NORM clip=4-210309-A-31.wav start_sample=176400
EXCLUDE_ZERO_NORM clip=4-211502-A-30.wav start_sample=88200
EXCLUDE_ZERO_NORM clip=4-211502-A-30.wav start_sample=110250
EXCLUDE_ZERO_NORM clip=4-211502-A-30.wav start_sample=132300
EXCLUDE_ZERO_NORM clip=4-211502-A-30.wav start_sample=154350
EXCLUDE_ZERO_NORM clip=4-211502-A-30.wav start_sample=176400
EXCLUDE_ZERO_NORM clip=4-212698-A-39.wav start_sample=110250
EXCLUDE_ZERO_NORM clip=4-212698-A-39.wav start_sample=132300
EXCLUDE_ZERO_NORM clip=4-212698-A-39.wav start_sample=154350
EXCLUDE_ZERO_NORM clip=4-212698-A-39.wav start_sample=176400
EXCLUDE_ZERO_NORM clip=4-212728-A-34.wav start_sample=88200
EXCLUDE_ZERO_NORM clip=4-212728-A-34.wav start_sample=110250
EXCLUDE_ZERO_NORM clip=4-212728-A-34.wav start_sample=132300
EXCLUDE_ZERO_NORM clip=4-212728-A-34.wav start_sample=154350
EXCLUDE_ZERO_NORM clip=4-212728-A-34.wav start_sample=176400
EXCLUDE_ZERO_NORM clip=4-215635-A-34.wav start_sample=132300
EXCLUDE_ZERO_NORM clip=4-215635-A-34.wav start_sample=154350
EXCLUDE_ZERO_NORM clip=4-215635-A-34.wav start_sample=176400
EXCLUDE_ZERO_NORM clip=4-216349-A-34.wav start_sample=0
EXCLUDE_ZERO_NORM clip=4-216349-A-34.wav start_sample=110250
EXCLUDE_ZERO_NORM clip=4-216349-A-34.wav start_sample=132300
EXCLUDE_ZERO_NORM clip=4-216349-A-34.wav start_sample=154350
EXCLUDE_ZERO_NORM clip=4-216349-A-34.wav start_sample=176400
EXCLUDE_ZERO_NORM clip=4-264453-A-34.wav start_sample=176400
EXCLUDE_ZERO_NORM clip=4-59579-B-20.wav start_sample=132300
EXCLUDE_ZERO_NORM clip=4-59579-B-20.wav start_sample=154350
EXCLUDE_ZERO_NORM clip=4-59579-B-20.wav start_sample=176400
EXCLUDE_ZERO_NORM clip=4-67358-A-42.wav start_sample=176400
FEATURE_PROGRESS clips=1600/2000 windows=13302 elapsed_s=24.778
EXCLUDE_ZERO_NORM clip=5-103416-A-2.wav start_sample=88200
EXCLUDE_ZERO_NORM clip=5-103416-A-2.wav start_sample=110250
EXCLUDE_ZERO_NORM clip=5-103416-A-2.wav start_sample=132300
EXCLUDE_ZERO_NORM clip=5-103416-A-2.wav start_sample=154350
EXCLUDE_ZERO_NORM clip=5-103416-A-2.wav start_sample=176400
EXCLUDE_ZERO_NORM clip=5-103418-A-2.wav start_sample=110250
EXCLUDE_ZERO_NORM clip=5-103418-A-2.wav start_sample=132300
EXCLUDE_ZERO_NORM clip=5-103418-A-2.wav start_sample=154350
EXCLUDE_ZERO_NORM clip=5-103418-A-2.wav start_sample=176400
EXCLUDE_ZERO_NORM clip=5-103420-A-2.wav start_sample=44100
EXCLUDE_ZERO_NORM clip=5-103420-A-2.wav start_sample=66150
EXCLUDE_ZERO_NORM clip=5-103420-A-2.wav start_sample=88200
EXCLUDE_ZERO_NORM clip=5-103420-A-2.wav start_sample=110250
EXCLUDE_ZERO_NORM clip=5-103420-A-2.wav start_sample=132300
EXCLUDE_ZERO_NORM clip=5-103420-A-2.wav start_sample=154350
EXCLUDE_ZERO_NORM clip=5-103420-A-2.wav start_sample=176400
EXCLUDE_ZERO_NORM clip=5-103422-A-2.wav start_sample=22050
EXCLUDE_ZERO_NORM clip=5-103422-A-2.wav start_sample=44100
EXCLUDE_ZERO_NORM clip=5-103422-A-2.wav start_sample=66150
EXCLUDE_ZERO_NORM clip=5-103422-A-2.wav start_sample=88200
EXCLUDE_ZERO_NORM clip=5-103422-A-2.wav start_sample=110250
EXCLUDE_ZERO_NORM clip=5-103422-A-2.wav start_sample=132300
EXCLUDE_ZERO_NORM clip=5-103422-A-2.wav start_sample=154350
EXCLUDE_ZERO_NORM clip=5-103422-A-2.wav start_sample=176400
EXCLUDE_ZERO_NORM clip=5-117250-A-2.wav start_sample=44100
EXCLUDE_ZERO_NORM clip=5-117250-A-2.wav start_sample=66150
EXCLUDE_ZERO_NORM clip=5-117250-A-2.wav start_sample=88200
EXCLUDE_ZERO_NORM clip=5-117250-A-2.wav start_sample=110250
EXCLUDE_ZERO_NORM clip=5-117250-A-2.wav start_sample=132300
EXCLUDE_ZERO_NORM clip=5-117250-A-2.wav start_sample=154350
EXCLUDE_ZERO_NORM clip=5-117250-A-2.wav start_sample=176400
EXCLUDE_ZERO_NORM clip=5-171118-A-26.wav start_sample=176400
EXCLUDE_ZERO_NORM clip=5-173568-A-33.wav start_sample=66150
EXCLUDE_ZERO_NORM clip=5-173568-A-33.wav start_sample=88200
EXCLUDE_ZERO_NORM clip=5-173568-A-33.wav start_sample=110250
EXCLUDE_ZERO_NORM clip=5-173568-A-33.wav start_sample=132300
EXCLUDE_ZERO_NORM clip=5-173568-A-33.wav start_sample=154350
EXCLUDE_ZERO_NORM clip=5-173568-A-33.wav start_sample=176400
EXCLUDE_ZERO_NORM clip=5-177614-A-5.wav start_sample=132300
EXCLUDE_ZERO_NORM clip=5-177614-A-5.wav start_sample=154350
EXCLUDE_ZERO_NORM clip=5-177614-A-5.wav start_sample=176400
EXCLUDE_ZERO_NORM clip=5-179860-A-43.wav start_sample=88200
EXCLUDE_ZERO_NORM clip=5-179860-A-43.wav start_sample=110250
EXCLUDE_ZERO_NORM clip=5-179860-A-43.wav start_sample=132300
EXCLUDE_ZERO_NORM clip=5-179860-A-43.wav start_sample=154350
EXCLUDE_ZERO_NORM clip=5-179860-A-43.wav start_sample=176400
EXCLUDE_ZERO_NORM clip=5-179863-A-43.wav start_sample=110250
EXCLUDE_ZERO_NORM clip=5-179863-A-43.wav start_sample=132300
EXCLUDE_ZERO_NORM clip=5-179863-A-43.wav start_sample=154350
EXCLUDE_ZERO_NORM clip=5-179863-A-43.wav start_sample=176400
EXCLUDE_ZERO_NORM clip=5-179865-A-43.wav start_sample=132300
EXCLUDE_ZERO_NORM clip=5-179865-A-43.wav start_sample=154350
EXCLUDE_ZERO_NORM clip=5-179865-A-43.wav start_sample=176400
EXCLUDE_ZERO_NORM clip=5-179866-A-43.wav start_sample=88200
EXCLUDE_ZERO_NORM clip=5-179866-A-43.wav start_sample=110250
EXCLUDE_ZERO_NORM clip=5-179866-A-43.wav start_sample=132300
EXCLUDE_ZERO_NORM clip=5-179866-A-43.wav start_sample=154350
EXCLUDE_ZERO_NORM clip=5-179866-A-43.wav start_sample=176400
EXCLUDE_ZERO_NORM clip=5-187979-A-21.wav start_sample=110250
EXCLUDE_ZERO_NORM clip=5-187979-A-21.wav start_sample=132300
EXCLUDE_ZERO_NORM clip=5-187979-A-21.wav start_sample=154350
EXCLUDE_ZERO_NORM clip=5-187979-A-21.wav start_sample=176400
EXCLUDE_ZERO_NORM clip=5-188606-A-33.wav start_sample=88200
EXCLUDE_ZERO_NORM clip=5-188606-A-33.wav start_sample=110250
EXCLUDE_ZERO_NORM clip=5-188606-A-33.wav start_sample=132300
EXCLUDE_ZERO_NORM clip=5-188606-A-33.wav start_sample=154350
EXCLUDE_ZERO_NORM clip=5-188606-A-33.wav start_sample=176400
FEATURE_PROGRESS clips=1700/2000 windows=14135 elapsed_s=26.336
EXCLUDE_ZERO_NORM clip=5-200334-A-1.wav start_sample=176400
EXCLUDE_ZERO_NORM clip=5-200334-B-1.wav start_sample=176400
EXCLUDE_ZERO_NORM clip=5-200339-A-1.wav start_sample=176400
EXCLUDE_ZERO_NORM clip=5-201274-A-21.wav start_sample=0
EXCLUDE_ZERO_NORM clip=5-201274-A-21.wav start_sample=22050
EXCLUDE_ZERO_NORM clip=5-204604-A-24.wav start_sample=66150
EXCLUDE_ZERO_NORM clip=5-204604-A-24.wav start_sample=88200
EXCLUDE_ZERO_NORM clip=5-204604-A-24.wav start_sample=110250
EXCLUDE_ZERO_NORM clip=5-204604-A-24.wav start_sample=132300
EXCLUDE_ZERO_NORM clip=5-204604-A-24.wav start_sample=154350
EXCLUDE_ZERO_NORM clip=5-204604-A-24.wav start_sample=176400
EXCLUDE_ZERO_NORM clip=5-207781-A-17.wav start_sample=132300
EXCLUDE_ZERO_NORM clip=5-207781-A-17.wav start_sample=154350
EXCLUDE_ZERO_NORM clip=5-207781-A-17.wav start_sample=176400
EXCLUDE_ZERO_NORM clip=5-209719-A-24.wav start_sample=44100
EXCLUDE_ZERO_NORM clip=5-209719-A-24.wav start_sample=66150
EXCLUDE_ZERO_NORM clip=5-209719-A-24.wav start_sample=88200
EXCLUDE_ZERO_NORM clip=5-209719-A-24.wav start_sample=110250
EXCLUDE_ZERO_NORM clip=5-209719-A-24.wav start_sample=132300
EXCLUDE_ZERO_NORM clip=5-209719-A-24.wav start_sample=154350
EXCLUDE_ZERO_NORM clip=5-209719-A-24.wav start_sample=176400
FEATURE_PROGRESS clips=1800/2000 windows=15014 elapsed_s=27.889
EXCLUDE_ZERO_NORM clip=5-218494-A-22.wav start_sample=110250
EXCLUDE_ZERO_NORM clip=5-218494-A-22.wav start_sample=132300
EXCLUDE_ZERO_NORM clip=5-218494-A-22.wav start_sample=154350
EXCLUDE_ZERO_NORM clip=5-218494-A-22.wav start_sample=176400
EXCLUDE_ZERO_NORM clip=5-218980-A-30.wav start_sample=88200
EXCLUDE_ZERO_NORM clip=5-218980-A-30.wav start_sample=110250
EXCLUDE_ZERO_NORM clip=5-218980-A-30.wav start_sample=132300
EXCLUDE_ZERO_NORM clip=5-218980-A-30.wav start_sample=154350
EXCLUDE_ZERO_NORM clip=5-218980-A-30.wav start_sample=176400
EXCLUDE_ZERO_NORM clip=5-218981-A-30.wav start_sample=66150
EXCLUDE_ZERO_NORM clip=5-218981-A-30.wav start_sample=88200
EXCLUDE_ZERO_NORM clip=5-218981-A-30.wav start_sample=110250
EXCLUDE_ZERO_NORM clip=5-218981-A-30.wav start_sample=132300
EXCLUDE_ZERO_NORM clip=5-218981-A-30.wav start_sample=154350
EXCLUDE_ZERO_NORM clip=5-218981-A-30.wav start_sample=176400
EXCLUDE_ZERO_NORM clip=5-220026-A-21.wav start_sample=154350
EXCLUDE_ZERO_NORM clip=5-220027-A-21.wav start_sample=110250
EXCLUDE_ZERO_NORM clip=5-220027-A-21.wav start_sample=132300
EXCLUDE_ZERO_NORM clip=5-220027-A-21.wav start_sample=154350
EXCLUDE_ZERO_NORM clip=5-220027-A-21.wav start_sample=176400
EXCLUDE_ZERO_NORM clip=5-220939-A-27.wav start_sample=88200
EXCLUDE_ZERO_NORM clip=5-220939-A-27.wav start_sample=110250
EXCLUDE_ZERO_NORM clip=5-220939-A-27.wav start_sample=132300
EXCLUDE_ZERO_NORM clip=5-220939-A-27.wav start_sample=154350
EXCLUDE_ZERO_NORM clip=5-220939-A-27.wav start_sample=176400
EXCLUDE_ZERO_NORM clip=5-221528-A-39.wav start_sample=88200
EXCLUDE_ZERO_NORM clip=5-221528-A-39.wav start_sample=110250
EXCLUDE_ZERO_NORM clip=5-221528-A-39.wav start_sample=132300
EXCLUDE_ZERO_NORM clip=5-221528-A-39.wav start_sample=154350
EXCLUDE_ZERO_NORM clip=5-221528-A-39.wav start_sample=176400
EXCLUDE_ZERO_NORM clip=5-221529-A-39.wav start_sample=110250
EXCLUDE_ZERO_NORM clip=5-221529-A-39.wav start_sample=132300
EXCLUDE_ZERO_NORM clip=5-221529-A-39.wav start_sample=154350
EXCLUDE_ZERO_NORM clip=5-221529-A-39.wav start_sample=176400
EXCLUDE_ZERO_NORM clip=5-221593-A-21.wav start_sample=66150
EXCLUDE_ZERO_NORM clip=5-221593-A-21.wav start_sample=88200
EXCLUDE_ZERO_NORM clip=5-221593-A-21.wav start_sample=110250
EXCLUDE_ZERO_NORM clip=5-221593-A-21.wav start_sample=132300
EXCLUDE_ZERO_NORM clip=5-221593-A-21.wav start_sample=154350
EXCLUDE_ZERO_NORM clip=5-221593-A-21.wav start_sample=176400
EXCLUDE_ZERO_NORM clip=5-223103-A-31.wav start_sample=176400
EXCLUDE_ZERO_NORM clip=5-231762-A-0.wav start_sample=88200
EXCLUDE_ZERO_NORM clip=5-231762-A-0.wav start_sample=110250
EXCLUDE_ZERO_NORM clip=5-231762-A-0.wav start_sample=132300
EXCLUDE_ZERO_NORM clip=5-231762-A-0.wav start_sample=154350
EXCLUDE_ZERO_NORM clip=5-231762-A-0.wav start_sample=176400
EXCLUDE_ZERO_NORM clip=5-232802-A-31.wav start_sample=132300
EXCLUDE_ZERO_NORM clip=5-232802-A-31.wav start_sample=154350
EXCLUDE_ZERO_NORM clip=5-232802-A-31.wav start_sample=176400
EXCLUDE_ZERO_NORM clip=5-233160-A-1.wav start_sample=132300
EXCLUDE_ZERO_NORM clip=5-233160-A-1.wav start_sample=154350
EXCLUDE_ZERO_NORM clip=5-233160-A-1.wav start_sample=176400
EXCLUDE_ZERO_NORM clip=5-233605-A-39.wav start_sample=66150
EXCLUDE_ZERO_NORM clip=5-233605-A-39.wav start_sample=88200
EXCLUDE_ZERO_NORM clip=5-233605-A-39.wav start_sample=110250
EXCLUDE_ZERO_NORM clip=5-233605-A-39.wav start_sample=132300
EXCLUDE_ZERO_NORM clip=5-233605-A-39.wav start_sample=154350
EXCLUDE_ZERO_NORM clip=5-233605-A-39.wav start_sample=176400
EXCLUDE_ZERO_NORM clip=5-233607-A-39.wav start_sample=66150
EXCLUDE_ZERO_NORM clip=5-233607-A-39.wav start_sample=88200
EXCLUDE_ZERO_NORM clip=5-233607-A-39.wav start_sample=110250
EXCLUDE_ZERO_NORM clip=5-233607-A-39.wav start_sample=132300
EXCLUDE_ZERO_NORM clip=5-233607-A-39.wav start_sample=154350
EXCLUDE_ZERO_NORM clip=5-233607-A-39.wav start_sample=176400
EXCLUDE_ZERO_NORM clip=5-234263-A-25.wav start_sample=88200
EXCLUDE_ZERO_NORM clip=5-234263-A-25.wav start_sample=110250
EXCLUDE_ZERO_NORM clip=5-234263-A-25.wav start_sample=132300
EXCLUDE_ZERO_NORM clip=5-234263-A-25.wav start_sample=154350
EXCLUDE_ZERO_NORM clip=5-234263-A-25.wav start_sample=176400
EXCLUDE_ZERO_NORM clip=5-234879-A-1.wav start_sample=110250
EXCLUDE_ZERO_NORM clip=5-234879-A-1.wav start_sample=132300
EXCLUDE_ZERO_NORM clip=5-234879-A-1.wav start_sample=154350
EXCLUDE_ZERO_NORM clip=5-234879-A-1.wav start_sample=176400
EXCLUDE_ZERO_NORM clip=5-234879-B-1.wav start_sample=110250
EXCLUDE_ZERO_NORM clip=5-234879-B-1.wav start_sample=132300
EXCLUDE_ZERO_NORM clip=5-234879-B-1.wav start_sample=154350
EXCLUDE_ZERO_NORM clip=5-234879-B-1.wav start_sample=176400
EXCLUDE_ZERO_NORM clip=5-235644-A-30.wav start_sample=110250
EXCLUDE_ZERO_NORM clip=5-235644-A-30.wav start_sample=132300
EXCLUDE_ZERO_NORM clip=5-235644-A-30.wav start_sample=154350
EXCLUDE_ZERO_NORM clip=5-235644-A-30.wav start_sample=176400
EXCLUDE_ZERO_NORM clip=5-236299-A-34.wav start_sample=66150
EXCLUDE_ZERO_NORM clip=5-236299-A-34.wav start_sample=88200
EXCLUDE_ZERO_NORM clip=5-236299-A-34.wav start_sample=110250
EXCLUDE_ZERO_NORM clip=5-236299-A-34.wav start_sample=132300
EXCLUDE_ZERO_NORM clip=5-236299-A-34.wav start_sample=154350
EXCLUDE_ZERO_NORM clip=5-236299-A-34.wav start_sample=176400
FEATURE_PROGRESS clips=1900/2000 windows=15827 elapsed_s=29.434
EXCLUDE_ZERO_NORM clip=5-238492-A-23.wav start_sample=132300
EXCLUDE_ZERO_NORM clip=5-238492-A-23.wav start_sample=154350
EXCLUDE_ZERO_NORM clip=5-238492-A-23.wav start_sample=176400
EXCLUDE_ZERO_NORM clip=5-242492-A-3.wav start_sample=154350
EXCLUDE_ZERO_NORM clip=5-242492-A-3.wav start_sample=176400
EXCLUDE_ZERO_NORM clip=5-243036-A-29.wav start_sample=132300
EXCLUDE_ZERO_NORM clip=5-243036-A-29.wav start_sample=154350
EXCLUDE_ZERO_NORM clip=5-243036-A-29.wav start_sample=176400
EXCLUDE_ZERO_NORM clip=5-243635-A-29.wav start_sample=110250
EXCLUDE_ZERO_NORM clip=5-243635-A-29.wav start_sample=132300
EXCLUDE_ZERO_NORM clip=5-243635-A-29.wav start_sample=154350
EXCLUDE_ZERO_NORM clip=5-243635-A-29.wav start_sample=176400
EXCLUDE_ZERO_NORM clip=5-251489-A-24.wav start_sample=44100
EXCLUDE_ZERO_NORM clip=5-251489-A-24.wav start_sample=66150
EXCLUDE_ZERO_NORM clip=5-251489-A-24.wav start_sample=88200
EXCLUDE_ZERO_NORM clip=5-251489-A-24.wav start_sample=110250
EXCLUDE_ZERO_NORM clip=5-251489-A-24.wav start_sample=132300
EXCLUDE_ZERO_NORM clip=5-251489-A-24.wav start_sample=154350
EXCLUDE_ZERO_NORM clip=5-251489-A-24.wav start_sample=176400
EXCLUDE_ZERO_NORM clip=5-252248-A-34.wav start_sample=66150
EXCLUDE_ZERO_NORM clip=5-252248-A-34.wav start_sample=88200
EXCLUDE_ZERO_NORM clip=5-252248-A-34.wav start_sample=110250
EXCLUDE_ZERO_NORM clip=5-252248-A-34.wav start_sample=132300
EXCLUDE_ZERO_NORM clip=5-252248-A-34.wav start_sample=154350
EXCLUDE_ZERO_NORM clip=5-252248-A-34.wav start_sample=176400
EXCLUDE_ZERO_NORM clip=5-256452-A-5.wav start_sample=66150
EXCLUDE_ZERO_NORM clip=5-256452-A-5.wav start_sample=88200
EXCLUDE_ZERO_NORM clip=5-256452-A-5.wav start_sample=110250
EXCLUDE_ZERO_NORM clip=5-256452-A-5.wav start_sample=132300
EXCLUDE_ZERO_NORM clip=5-256452-A-5.wav start_sample=154350
EXCLUDE_ZERO_NORM clip=5-256452-A-5.wav start_sample=176400
EXCLUDE_ZERO_NORM clip=5-259169-A-5.wav start_sample=44100
EXCLUDE_ZERO_NORM clip=5-259169-A-5.wav start_sample=66150
EXCLUDE_ZERO_NORM clip=5-259169-A-5.wav start_sample=88200
EXCLUDE_ZERO_NORM clip=5-259169-A-5.wav start_sample=110250
EXCLUDE_ZERO_NORM clip=5-259169-A-5.wav start_sample=132300
EXCLUDE_ZERO_NORM clip=5-259169-A-5.wav start_sample=154350
EXCLUDE_ZERO_NORM clip=5-259169-A-5.wav start_sample=176400
EXCLUDE_ZERO_NORM clip=5-259180-A-15.wav start_sample=88200
EXCLUDE_ZERO_NORM clip=5-259180-A-15.wav start_sample=110250
EXCLUDE_ZERO_NORM clip=5-259180-A-15.wav start_sample=132300
EXCLUDE_ZERO_NORM clip=5-259180-A-15.wav start_sample=154350
EXCLUDE_ZERO_NORM clip=5-259180-A-15.wav start_sample=176400
EXCLUDE_ZERO_NORM clip=5-259640-A-29.wav start_sample=132300
EXCLUDE_ZERO_NORM clip=5-259640-A-29.wav start_sample=154350
EXCLUDE_ZERO_NORM clip=5-259640-A-29.wav start_sample=176400
EXCLUDE_ZERO_NORM clip=5-260011-A-34.wav start_sample=66150
EXCLUDE_ZERO_NORM clip=5-260011-A-34.wav start_sample=88200
EXCLUDE_ZERO_NORM clip=5-260011-A-34.wav start_sample=110250
EXCLUDE_ZERO_NORM clip=5-260011-A-34.wav start_sample=132300
EXCLUDE_ZERO_NORM clip=5-260011-A-34.wav start_sample=154350
EXCLUDE_ZERO_NORM clip=5-260011-A-34.wav start_sample=176400
EXCLUDE_ZERO_NORM clip=5-260432-A-39.wav start_sample=44100
EXCLUDE_ZERO_NORM clip=5-260432-A-39.wav start_sample=66150
EXCLUDE_ZERO_NORM clip=5-260432-A-39.wav start_sample=88200
EXCLUDE_ZERO_NORM clip=5-260432-A-39.wav start_sample=110250
EXCLUDE_ZERO_NORM clip=5-260432-A-39.wav start_sample=132300
EXCLUDE_ZERO_NORM clip=5-260432-A-39.wav start_sample=154350
EXCLUDE_ZERO_NORM clip=5-260432-A-39.wav start_sample=176400
EXCLUDE_ZERO_NORM clip=5-260433-A-39.wav start_sample=44100
EXCLUDE_ZERO_NORM clip=5-260433-A-39.wav start_sample=66150
EXCLUDE_ZERO_NORM clip=5-260433-A-39.wav start_sample=88200
EXCLUDE_ZERO_NORM clip=5-260433-A-39.wav start_sample=110250
EXCLUDE_ZERO_NORM clip=5-260433-A-39.wav start_sample=132300
EXCLUDE_ZERO_NORM clip=5-260433-A-39.wav start_sample=154350
EXCLUDE_ZERO_NORM clip=5-260433-A-39.wav start_sample=176400
EXCLUDE_ZERO_NORM clip=5-260434-A-39.wav start_sample=44100
EXCLUDE_ZERO_NORM clip=5-260434-A-39.wav start_sample=66150
EXCLUDE_ZERO_NORM clip=5-260434-A-39.wav start_sample=88200
EXCLUDE_ZERO_NORM clip=5-260434-A-39.wav start_sample=110250
EXCLUDE_ZERO_NORM clip=5-260434-A-39.wav start_sample=132300
EXCLUDE_ZERO_NORM clip=5-260434-A-39.wav start_sample=154350
EXCLUDE_ZERO_NORM clip=5-260434-A-39.wav start_sample=176400
EXCLUDE_ZERO_NORM clip=5-261433-A-15.wav start_sample=44100
EXCLUDE_ZERO_NORM clip=5-261433-A-15.wav start_sample=66150
EXCLUDE_ZERO_NORM clip=5-261433-A-15.wav start_sample=88200
EXCLUDE_ZERO_NORM clip=5-261433-A-15.wav start_sample=110250
EXCLUDE_ZERO_NORM clip=5-261433-A-15.wav start_sample=132300
EXCLUDE_ZERO_NORM clip=5-261433-A-15.wav start_sample=154350
EXCLUDE_ZERO_NORM clip=5-261433-A-15.wav start_sample=176400
EXCLUDE_ZERO_NORM clip=5-51149-A-25.wav start_sample=176400
EXCLUDE_ZERO_NORM clip=5-9032-A-0.wav start_sample=132300
EXCLUDE_ZERO_NORM clip=5-9032-A-0.wav start_sample=154350
FEATURE_PROGRESS clips=2000/2000 windows=16644 elapsed_s=30.981
FEATURE_CACHE path=@TENSORJOIN_ROOT@/tensorjoin_20260902_certified_exact_join/data/esc50_windows_logstft_32x32.npz sha256=66f6292129029f63ee7bd237e15f390e949531a275a3463e786fe5c03893dd41 shape=(16644, 1024) sample_rates=[44100] excluded_zero_norm=1356
SPLIT query_shape=(512, 1024) base_shape=(4096, 1024) query_clips=62 base_clips=488
ORACLE elapsed_s=0.060691
INT_DISTANCE elapsed_s=1.285457
THRESHOLD {"ambiguous_fraction": 0.0007653236389160156, "ambiguous_pairs": 1605, "ambiguous_to_output": 3.134765625, "direct_accept_pairs": 82, "direct_reject_pairs": 2095465, "exact_pairs": 512, "exact_results_per_query": 1.0, "false_accept_pairs": 0, "false_reject_pairs": 0, "final_classification_mismatch": 0, "lower_containment_violations": 0, "target_results_per_query": 1, "threshold_d2": 0.044906670704735197, "upper_containment_violations": 0}
THRESHOLD {"ambiguous_fraction": 0.0034809112548828125, "ambiguous_pairs": 7300, "ambiguous_to_output": 1.7822265625, "direct_accept_pairs": 1520, "direct_reject_pairs": 2088332, "exact_pairs": 4096, "exact_results_per_query": 8.0, "false_accept_pairs": 0, "false_reject_pairs": 0, "final_classification_mismatch": 0, "lower_containment_violations": 0, "target_results_per_query": 8, "threshold_d2": 0.0736337647108618, "upper_containment_violations": 0}
THRESHOLD {"ambiguous_fraction": 0.012485980987548828, "ambiguous_pairs": 26185, "ambiguous_to_output": 0.799102783203125, "direct_accept_pairs": 21158, "direct_reject_pairs": 2049809, "exact_pairs": 32768, "exact_results_per_query": 64.0, "false_accept_pairs": 0, "false_reject_pairs": 0, "final_classification_mismatch": 0, "lower_containment_violations": 0, "target_results_per_query": 64, "threshold_d2": 0.14719391456816644, "upper_containment_violations": 0}
RUN_SUMMARY {"accumulator_pass": true, "accumulator_worst_case": 16516096, "ambiguity_pass": true, "base_shape": [4096, 1024], "base_unique_clips": 488, "clip_overlap": 0, "containment_guard": 1e-12, "elapsed_s": 32.816025257110596, "exactness_pass": true, "experiment_id": "tensorjoin_20260902_int8_certificate_esc50_a0", "feature_cache": "@TENSORJOIN_ROOT@/tensorjoin_20260902_certified_exact_join/data/esc50_windows_logstft_32x32.npz", "feature_cache_sha256": "66f6292129029f63ee7bd237e15f390e949531a275a3463e786fe5c03893dd41", "fp32_source_bytes": 18874368, "gate_pass": true, "host": "gpu-host-8", "hot_representation_bytes": 4773888, "hot_to_fp32_ratio": 0.2529296875, "max_ambiguity_fraction": 0.012485980987548828, "median_ambiguity_fraction": 0.0034809112548828125, "query_shape": [512, 1024], "query_unique_clips": 62, "retained_total_to_fp32_ratio": 1.2529296875, "seed": 20260902, "source_commit": "33c8ce9eb2cf0b1c2f8bcf322eb349b6be34dbb6", "thresholds": [{"ambiguous_fraction": 0.0007653236389160156, "ambiguous_pairs": 1605, "ambiguous_to_output": 3.134765625, "direct_accept_pairs": 82, "direct_reject_pairs": 2095465, "exact_pairs": 512, "exact_results_per_query": 1.0, "false_accept_pairs": 0, "false_reject_pairs": 0, "final_classification_mismatch": 0, "lower_containment_violations": 0, "target_results_per_query": 1, "threshold_d2": 0.044906670704735197, "upper_containment_violations": 0}, {"ambiguous_fraction": 0.0034809112548828125, "ambiguous_pairs": 7300, "ambiguous_to_output": 1.7822265625, "direct_accept_pairs": 1520, "direct_reject_pairs": 2088332, "exact_pairs": 4096, "exact_results_per_query": 8.0, "false_accept_pairs": 0, "false_reject_pairs": 0, "final_classification_mismatch": 0, "lower_containment_violations": 0, "target_results_per_query": 8, "threshold_d2": 0.0736337647108618, "upper_containment_violations": 0}, {"ambiguous_fraction": 0.012485980987548828, "ambiguous_pairs": 26185, "ambiguous_to_output": 0.799102783203125, "direct_accept_pairs": 21158, "direct_reject_pairs": 2049809, "exact_pairs": 32768, "exact_results_per_query": 64.0, "false_accept_pairs": 0, "false_reject_pairs": 0, "final_classification_mismatch": 0, "lower_containment_violations": 0, "target_results_per_query": 64, "threshold_d2": 0.14719391456816644, "upper_containment_violations": 0}]}
RUN_END gate_pass=True elapsed_s=32.816
