PROCESS_PREFLIGHT id=8 order=BA utc=2026-09-02T14:40:44Z
0, GPU-9bd364a9-9d88-0b78-ef55-caac6f73d6b1, NVIDIA RTX PRO 6000 Blackwell Server Edition, 590.48.01, P0, 122.51 W, 600.00 W, 2332 MHz, 12481 MHz, 17 MiB, 0 %
b0321ec6e01aaede79bbd077a0ba3635ef44b116488088ca055e857b653e8376  @TENSORJOIN_ROOT@/tensorjoin_20260902_certified_exact_join/src/run_b0_gpu.py
04292f728f5815adf5c506d26c0f65b7f85a935c1cde0a2d580f8d7fc96ac1af  @TENSORJOIN_ROOT@/tensorjoin_20260902_certified_exact_join/PROTOCOL_B0.md
66f6292129029f63ee7bd237e15f390e949531a275a3463e786fe5c03893dd41  @TENSORJOIN_ROOT@/tensorjoin_20260902_certified_exact_join/data/esc50_windows_logstft_32x32.npz
CORRECTNESS {"ambiguous_fraction": 0.0007653236389160156, "ambiguous_pairs": 1605, "candidate_duplicate_ids": 0, "candidate_mismatch": 0, "keeper_mismatch": 0, "oracle_pairs": 512, "target": 1, "threshold_d2": 0.04491402423105895}
CORRECTNESS {"ambiguous_fraction": 0.0034809112548828125, "ambiguous_pairs": 7300, "candidate_duplicate_ids": 0, "candidate_mismatch": 0, "keeper_mismatch": 0, "oracle_pairs": 4096, "target": 8, "threshold_d2": 0.07363405343530216}
CORRECTNESS {"ambiguous_fraction": 0.012485980987548828, "ambiguous_pairs": 26185, "candidate_duplicate_ids": 0, "candidate_mismatch": 0, "keeper_mismatch": 0, "oracle_pairs": 32768, "target": 64, "threshold_d2": 0.14719462156999386}
TIMING metric=dense_int8 median_us=43.232001 p10_us=42.431999 p90_us=44.803198
TIMING metric=dense_fp32 median_us=92.992000 p10_us=91.740798 p90_us=93.695998
TIMING metric=dense_fp64 median_us=2945.279956 p10_us=2941.436887 p90_us=2949.417639
TIMING metric=candidate_e2e_s1 median_us=438.832000 p10_us=433.020797 p90_us=447.913593
TIMING metric=baseline_e2e_s1 median_us=3034.720063 p10_us=3025.596762 p90_us=3073.638391
TIMING metric=candidate_scan_bounds_s1 median_us=220.784001
TIMING metric=candidate_e2e_s8 median_us=609.055996 p10_us=603.321588 p90_us=619.043213
TIMING metric=baseline_e2e_s8 median_us=3035.935998 p10_us=3024.748898 p90_us=3063.878465
TIMING metric=candidate_scan_bounds_s8 median_us=221.471995
TIMING metric=candidate_e2e_s64 median_us=1598.367989 p10_us=1591.727948 p90_us=1605.766380
TIMING metric=baseline_e2e_s64 median_us=3032.768011 p10_us=3024.281549 p90_us=3062.428808
TIMING metric=candidate_scan_bounds_s64 median_us=220.495999
PROCESS_SUMMARY {"correctness_pass": true, "order": "BA", "output": "@TENSORJOIN_ROOT@/tensorjoin_20260902_certified_exact_join/results/b0_process_8.json", "process_id": 8}
