PROCESS_PREFLIGHT id=7 order=AB utc=2026-09-02T14:40:37Z
0, GPU-9bd364a9-9d88-0b78-ef55-caac6f73d6b1, NVIDIA RTX PRO 6000 Blackwell Server Edition, 590.48.01, P0, 118.41 W, 600.00 W, 2317 MHz, 12481 MHz, 17 MiB, 4 %
b0321ec6e01aaede79bbd077a0ba3635ef44b116488088ca055e857b653e8376  @TENSORJOIN_ROOT@/tensorjoin_20260902_certified_exact_join/src/run_b0_gpu.py
04292f728f5815adf5c506d26c0f65b7f85a935c1cde0a2d580f8d7fc96ac1af  @TENSORJOIN_ROOT@/tensorjoin_20260902_certified_exact_join/PROTOCOL_B0.md
66f6292129029f63ee7bd237e15f390e949531a275a3463e786fe5c03893dd41  @TENSORJOIN_ROOT@/tensorjoin_20260902_certified_exact_join/data/esc50_windows_logstft_32x32.npz
CORRECTNESS {"ambiguous_fraction": 0.0007653236389160156, "ambiguous_pairs": 1605, "candidate_duplicate_ids": 0, "candidate_mismatch": 0, "keeper_mismatch": 0, "oracle_pairs": 512, "target": 1, "threshold_d2": 0.04491402423105895}
CORRECTNESS {"ambiguous_fraction": 0.0034809112548828125, "ambiguous_pairs": 7300, "candidate_duplicate_ids": 0, "candidate_mismatch": 0, "keeper_mismatch": 0, "oracle_pairs": 4096, "target": 8, "threshold_d2": 0.07363405343530216}
CORRECTNESS {"ambiguous_fraction": 0.012485980987548828, "ambiguous_pairs": 26185, "candidate_duplicate_ids": 0, "candidate_mismatch": 0, "keeper_mismatch": 0, "oracle_pairs": 32768, "target": 64, "threshold_d2": 0.14719462156999386}
TIMING metric=dense_fp32 median_us=93.152002 p10_us=92.352003 p90_us=93.766399
TIMING metric=dense_int8 median_us=43.471999 p10_us=42.656001 p90_us=44.739201
TIMING metric=dense_fp64 median_us=2947.088003 p10_us=2941.625619 p90_us=2950.857687
TIMING metric=baseline_e2e_s1 median_us=3029.568076 p10_us=3024.844885 p90_us=3067.951941
TIMING metric=candidate_e2e_s1 median_us=423.087999 p10_us=416.422397 p90_us=433.548787
TIMING metric=candidate_scan_bounds_s1 median_us=219.584003
TIMING metric=baseline_e2e_s8 median_us=3030.015945 p10_us=3025.151968 p90_us=3073.030353
TIMING metric=candidate_e2e_s8 median_us=587.664008 p10_us=582.969588 p90_us=595.948792
TIMING metric=candidate_scan_bounds_s8 median_us=219.567999
TIMING metric=baseline_e2e_s64 median_us=3028.735995 p10_us=3025.276804 p90_us=3067.926311
TIMING metric=candidate_e2e_s64 median_us=1656.399965 p10_us=1639.187169 p90_us=1700.390422
TIMING metric=candidate_scan_bounds_s64 median_us=231.376000
PROCESS_SUMMARY {"correctness_pass": true, "order": "AB", "output": "@TENSORJOIN_ROOT@/tensorjoin_20260902_certified_exact_join/results/b0_process_7.json", "process_id": 7}
