PROCESS_PREFLIGHT id=1 order=AB utc=2026-09-02T14:49:17Z
0, GPU-9bd364a9-9d88-0b78-ef55-caac6f73d6b1, NVIDIA RTX PRO 6000 Blackwell Server Edition, 590.48.01, P8, 35.06 W, 600.00 W, 180 MHz, 405 MHz, 14 MiB, 0 %
18b82ded95c998e617016cb3a375120ae87436048b5bbc3373f4c850011607fc  @TENSORJOIN_ROOT@/tensorjoin_20260902_certified_exact_join/src/run_b0y_gpu.py
4012dc9a541fa3ff37640c565f2ebb51c4ca6ceff26a676d45e7153f755234f9  @TENSORJOIN_ROOT@/tensorjoin_20260902_certified_exact_join/PROTOCOL_B0Y.md
66f6292129029f63ee7bd237e15f390e949531a275a3463e786fe5c03893dd41  @TENSORJOIN_ROOT@/tensorjoin_20260902_certified_exact_join/data/esc50_windows_logstft_32x32.npz
CORRECTNESS {"ambiguous_fraction": 0.0007653236389160156, "ambiguous_pairs": 1605, "candidate_duplicate_ids": 0, "candidate_mismatch": 0, "keeper_ambiguous_pairs": 107, "keeper_mismatch": 0, "oracle_pairs": 512, "target": 1, "threshold_d2": 0.04491402423105895}
CORRECTNESS {"ambiguous_fraction": 0.0034809112548828125, "ambiguous_pairs": 7300, "candidate_duplicate_ids": 0, "candidate_mismatch": 0, "keeper_ambiguous_pairs": 418, "keeper_mismatch": 0, "oracle_pairs": 4096, "target": 8, "threshold_d2": 0.07363405343530216}
CORRECTNESS {"ambiguous_fraction": 0.012485980987548828, "ambiguous_pairs": 26185, "candidate_duplicate_ids": 0, "candidate_mismatch": 0, "keeper_ambiguous_pairs": 993, "keeper_mismatch": 0, "oracle_pairs": 32768, "target": 64, "threshold_d2": 0.14719462156999386}
TIMING metric=dense_fp32 median_us=93.200002 p10_us=92.604797 p90_us=94.275202
TIMING metric=dense_int8 median_us=43.744002 p10_us=43.004800 p90_us=45.027200
TIMING metric=dense_fp64 median_us=2930.480003 p10_us=2925.440025 p90_us=2934.470391
TIMING metric=baseline_fp32_certified_e2e_s1 median_us=343.568012 p10_us=336.374405 p90_us=356.937605
TIMING metric=candidate_e2e_s1 median_us=435.103998 p10_us=427.891210 p90_us=443.737602
TIMING metric=candidate_scan_bounds_s1 median_us=218.943998
TIMING metric=baseline_fp32_certified_e2e_s8 median_us=335.216001 p10_us=332.521600 p90_us=341.574407
TIMING metric=candidate_e2e_s8 median_us=596.464008 p10_us=591.407996 p90_us=603.353626
TIMING metric=candidate_scan_bounds_s8 median_us=218.832001
TIMING metric=baseline_fp32_certified_e2e_s64 median_us=332.959995 p10_us=329.791993 p90_us=340.432006
TIMING metric=candidate_e2e_s64 median_us=1586.495996 p10_us=1580.764854 p90_us=1592.694378
TIMING metric=candidate_scan_bounds_s64 median_us=219.168007
PROCESS_SUMMARY {"correctness_pass": true, "order": "AB", "output": "@TENSORJOIN_ROOT@/tensorjoin_20260902_certified_exact_join/results/b0y_process_1.json", "process_id": 1}
