PROCESS_PREFLIGHT id=8 order=BA utc=2026-09-02T14:49:55Z
0, GPU-9bd364a9-9d88-0b78-ef55-caac6f73d6b1, NVIDIA RTX PRO 6000 Blackwell Server Edition, 590.48.01, P0, 141.08 W, 600.00 W, 2317 MHz, 12481 MHz, 14 MiB, 0 %
18b82ded95c998e617016cb3a375120ae87436048b5bbc3373f4c850011607fc  @TENSORJOIN_ROOT@/tensorjoin_20260902_certified_exact_join/src/run_b0y_gpu.py
4012dc9a541fa3ff37640c565f2ebb51c4ca6ceff26a676d45e7153f755234f9  @TENSORJOIN_ROOT@/tensorjoin_20260902_certified_exact_join/PROTOCOL_B0Y.md
66f6292129029f63ee7bd237e15f390e949531a275a3463e786fe5c03893dd41  @TENSORJOIN_ROOT@/tensorjoin_20260902_certified_exact_join/data/esc50_windows_logstft_32x32.npz
CORRECTNESS {"ambiguous_fraction": 0.0007653236389160156, "ambiguous_pairs": 1605, "candidate_duplicate_ids": 0, "candidate_mismatch": 0, "keeper_ambiguous_pairs": 107, "keeper_mismatch": 0, "oracle_pairs": 512, "target": 1, "threshold_d2": 0.04491402423105895}
CORRECTNESS {"ambiguous_fraction": 0.0034809112548828125, "ambiguous_pairs": 7300, "candidate_duplicate_ids": 0, "candidate_mismatch": 0, "keeper_ambiguous_pairs": 418, "keeper_mismatch": 0, "oracle_pairs": 4096, "target": 8, "threshold_d2": 0.07363405343530216}
CORRECTNESS {"ambiguous_fraction": 0.012485980987548828, "ambiguous_pairs": 26185, "candidate_duplicate_ids": 0, "candidate_mismatch": 0, "keeper_ambiguous_pairs": 993, "keeper_mismatch": 0, "oracle_pairs": 32768, "target": 64, "threshold_d2": 0.14719462156999386}
TIMING metric=dense_int8 median_us=43.327998 p10_us=42.528000 p90_us=44.640001
TIMING metric=dense_fp32 median_us=92.863999 p10_us=91.759998 p90_us=93.734398
TIMING metric=dense_fp64 median_us=2947.391987 p10_us=2942.816019 p90_us=2951.523161
TIMING metric=candidate_e2e_s1 median_us=440.160006 p10_us=430.940795 p90_us=447.926411
TIMING metric=baseline_fp32_certified_e2e_s1 median_us=333.279997 p10_us=329.753587 p90_us=340.924788
TIMING metric=candidate_scan_bounds_s1 median_us=219.567999
TIMING metric=candidate_e2e_s8 median_us=595.952004 p10_us=589.398384 p90_us=602.697611
TIMING metric=baseline_fp32_certified_e2e_s8 median_us=338.496000 p10_us=335.004795 p90_us=344.912010
TIMING metric=candidate_scan_bounds_s8 median_us=219.744004
TIMING metric=candidate_e2e_s64 median_us=1587.711990 p10_us=1582.319951 p90_us=1596.604776
TIMING metric=baseline_fp32_certified_e2e_s64 median_us=341.120005 p10_us=334.742394 p90_us=347.804797
TIMING metric=candidate_scan_bounds_s64 median_us=219.584003
PROCESS_SUMMARY {"correctness_pass": true, "order": "BA", "output": "@TENSORJOIN_ROOT@/tensorjoin_20260902_certified_exact_join/results/b0y_process_8.json", "process_id": 8}
