Traceback (most recent call last):
  File "@TENSORJOIN_ROOT@/isaacsim6/env/lib/python3.12/site-packages/triton/language/core.py", line 43, in wrapper
    return fn(*args, **kwargs)
           ^^^^^^^^^^^^^^^^^^^
  File "@TENSORJOIN_ROOT@/isaacsim6/env/lib/python3.12/site-packages/triton/language/core.py", line 2233, in store
    return _semantic.store(pointer, value, mask, boundary_check, cache_modifier, eviction_policy)
           ^^^^^^^^^^^^^^^^^^^^^^^^^^^^^^^^^^^^^^^^^^^^^^^^^^^^^^^^^^^^^^^^^^^^^^^^^^^^^^^^^^^^^^
  File "@TENSORJOIN_ROOT@/isaacsim6/env/lib/python3.12/site-packages/triton/language/semantic.py", line 1301, in store
    return self._store_legacy(ptr, val, mask, boundary_check, cache, eviction)
           ^^^^^^^^^^^^^^^^^^^^^^^^^^^^^^^^^^^^^^^^^^^^^^^^^^^^^^^^^^^^^^^^^^^
  File "@TENSORJOIN_ROOT@/isaacsim6/env/lib/python3.12/site-packages/triton/language/semantic.py", line 1253, in _store_legacy
    raise ValueError("Value argument cannot be block type if pointer argument is not a block")
ValueError: Value argument cannot be block type if pointer argument is not a block

The above exception was the direct cause of the following exception:

Traceback (most recent call last):
  File "@TENSORJOIN_ROOT@/tensorjoin_20260902_certified_exact_join/src/run_c0b_triton.py", line 423, in <module>
    raise SystemExit(main())
                     ^^^^^^
  File "@TENSORJOIN_ROOT@/tensorjoin_20260902_certified_exact_join/src/run_c0b_triton.py", line 303, in main
    scan_compact()
  File "@TENSORJOIN_ROOT@/tensorjoin_20260902_certified_exact_join/src/run_c0b_triton.py", line 238, in scan_compact
    fused_int8_certificate_compact[scan_grid](
  File "@TENSORJOIN_ROOT@/isaacsim6/env/lib/python3.12/site-packages/triton/runtime/jit.py", line 370, in <lambda>
    return lambda *args, **kwargs: self.run(grid=grid, warmup=False, *args, **kwargs)
                                   ^^^^^^^^^^^^^^^^^^^^^^^^^^^^^^^^^^^^^^^^^^^^^^^^^^
  File "@TENSORJOIN_ROOT@/isaacsim6/env/lib/python3.12/site-packages/triton/runtime/jit.py", line 720, in run
    kernel = self._do_compile(key, signature, device, constexprs, options, attrs, warmup)
             ^^^^^^^^^^^^^^^^^^^^^^^^^^^^^^^^^^^^^^^^^^^^^^^^^^^^^^^^^^^^^^^^^^^^^^^^^^^^
  File "@TENSORJOIN_ROOT@/isaacsim6/env/lib/python3.12/site-packages/triton/runtime/jit.py", line 849, in _do_compile
    kernel = self.compile(src, target=target, options=options.__dict__)
             ^^^^^^^^^^^^^^^^^^^^^^^^^^^^^^^^^^^^^^^^^^^^^^^^^^^^^^^^^^
  File "@TENSORJOIN_ROOT@/isaacsim6/env/lib/python3.12/site-packages/triton/compiler/compiler.py", line 304, in compile
    module = src.make_ir(target, options, codegen_fns, module_map, context)
             ^^^^^^^^^^^^^^^^^^^^^^^^^^^^^^^^^^^^^^^^^^^^^^^^^^^^^^^^^^^^^^
  File "@TENSORJOIN_ROOT@/isaacsim6/env/lib/python3.12/site-packages/triton/compiler/compiler.py", line 80, in make_ir
    return ast_to_ttir(self.fn, self, context=context, options=options, codegen_fns=codegen_fns,
           ^^^^^^^^^^^^^^^^^^^^^^^^^^^^^^^^^^^^^^^^^^^^^^^^^^^^^^^^^^^^^^^^^^^^^^^^^^^^^^^^^^^^^
triton.compiler.errors.CompilationError: at 72:4:
    upper = reconstructed_d + radius
    lower_d2 = lower * lower
    upper_d2 = upper * upper
    output_mask = (offsets_m[:, None] < M) & (offsets_n[None, :] < N)
    accept = output_mask & (upper_d2 <= threshold_d2)
    reject = output_mask & (lower_d2 > threshold_d2)
    ambiguous = output_mask & ~(accept | reject)
    pair_ids = (offsets_m[:, None] * N + offsets_n[None, :]).to(tl.int32)

    accept_positions = tl.atomic_add(counters + 0, 1, mask=accept, sem="relaxed")
    accept_store = accept & (accept_positions < CAPACITY)
    tl.store(result_ids + accept_positions, pair_ids, mask=accept_store)
    ^
Value argument cannot be block type if pointer argument is not a block
