{
  "experiment_id": "tensorjoin_20260902_panns_triton_d1",
  "gate_pass": true,
  "targets": {
    "1": {
      "actual_results_per_query_values": [
        7.025390625
      ],
      "baseline_marginal": {
        "median_us": 1430.4159879684448,
        "p10_us": 1421.3440418243408,
        "p90_us": 1441.0271525382996
      },
      "bootstrap_95_high": 4.051118212877677,
      "bootstrap_95_low": 4.0350825557888506,
      "bootstrap_samples": 20000,
      "bootstrap_seed": 20260903,
      "candidate_marginal": {
        "median_us": 353.8239896297455,
        "p10_us": 349.3727922439575,
        "p90_us": 358.62401127815247
      },
      "correctness_pass": true,
      "feature_cache_sha256_values": [
        "e56eeec8a995e56f0bd858dac95bbf6532fb94a5ed06e0f1829ee3402a282bb1"
      ],
      "gate_pass": true,
      "geomean_speedup": 4.043827572082682,
      "input_files": [
        "@TENSORJOIN_ROOT@/tensorjoin_20260902_certified_exact_join/results/d1_t1_process_1.json",
        "@TENSORJOIN_ROOT@/tensorjoin_20260902_certified_exact_join/results/d1_t1_process_2.json",
        "@TENSORJOIN_ROOT@/tensorjoin_20260902_certified_exact_join/results/d1_t1_process_3.json",
        "@TENSORJOIN_ROOT@/tensorjoin_20260902_certified_exact_join/results/d1_t1_process_4.json",
        "@TENSORJOIN_ROOT@/tensorjoin_20260902_certified_exact_join/results/d1_t1_process_5.json",
        "@TENSORJOIN_ROOT@/tensorjoin_20260902_certified_exact_join/results/d1_t1_process_6.json",
        "@TENSORJOIN_ROOT@/tensorjoin_20260902_certified_exact_join/results/d1_t1_process_7.json",
        "@TENSORJOIN_ROOT@/tensorjoin_20260902_certified_exact_join/results/d1_t1_process_8.json"
      ],
      "order_split_geomean": {
        "AB": 4.049182954225795,
        "BA": 4.03847927287907
      },
      "orders": [
        "AB",
        "BA",
        "AB",
        "BA",
        "AB",
        "BA",
        "AB",
        "BA"
      ],
      "per_process_ratios": [
        4.04683475060918,
        4.050421307336785,
        4.056663760962672,
        4.0480479050157765,
        4.037799544442455,
        4.036935428944084,
        4.055462238723084,
        4.01859081934011
      ],
      "process_wins": 8,
      "script_sha256_values": [
        "a522375f9147a9b4a082b85939c0b100da563401ef34f70b3d32a5309be1e52f"
      ],
      "target_results_per_query": 1
    },
    "64": {
      "actual_results_per_query_values": [
        64.01953125
      ],
      "baseline_marginal": {
        "median_us": 403.26398611068726,
        "p10_us": 392.9855912923813,
        "p90_us": 416.83200001716614
      },
      "bootstrap_95_high": 1.5609829552667862,
      "bootstrap_95_low": 1.5355200104535895,
      "bootstrap_samples": 20000,
      "bootstrap_seed": 20260966,
      "candidate_marginal": {
        "median_us": 260.3519856929779,
        "p10_us": 257.1168124675751,
        "p90_us": 263.96799087524414
      },
      "correctness_pass": true,
      "feature_cache_sha256_values": [
        "e56eeec8a995e56f0bd858dac95bbf6532fb94a5ed06e0f1829ee3402a282bb1"
      ],
      "gate_pass": true,
      "geomean_speedup": 1.5477149168038113,
      "input_files": [
        "@TENSORJOIN_ROOT@/tensorjoin_20260902_certified_exact_join/results/d1_t64_process_1.json",
        "@TENSORJOIN_ROOT@/tensorjoin_20260902_certified_exact_join/results/d1_t64_process_2.json",
        "@TENSORJOIN_ROOT@/tensorjoin_20260902_certified_exact_join/results/d1_t64_process_3.json",
        "@TENSORJOIN_ROOT@/tensorjoin_20260902_certified_exact_join/results/d1_t64_process_4.json",
        "@TENSORJOIN_ROOT@/tensorjoin_20260902_certified_exact_join/results/d1_t64_process_5.json",
        "@TENSORJOIN_ROOT@/tensorjoin_20260902_certified_exact_join/results/d1_t64_process_6.json",
        "@TENSORJOIN_ROOT@/tensorjoin_20260902_certified_exact_join/results/d1_t64_process_7.json",
        "@TENSORJOIN_ROOT@/tensorjoin_20260902_certified_exact_join/results/d1_t64_process_8.json"
      ],
      "order_split_geomean": {
        "AB": 1.5424904039909424,
        "BA": 1.5529571253728813
      },
      "orders": [
        "AB",
        "BA",
        "AB",
        "BA",
        "AB",
        "BA",
        "AB",
        "BA"
      ],
      "per_process_ratios": [
        1.52698691190804,
        1.5507441009468237,
        1.5614700827824506,
        1.5521918753002797,
        1.5312998713146126,
        1.525510533873821,
        1.550460317146954,
        1.583934098997716
      ],
      "process_wins": 8,
      "script_sha256_values": [
        "a522375f9147a9b4a082b85939c0b100da563401ef34f70b3d32a5309be1e52f"
      ],
      "target_results_per_query": 64
    }
  }
}
