=== D1 target=1 smoke preflight ===
2026-09-02T15:57:41Z
gpu-host-8
0, GPU-9bd364a9-9d88-0b78-ef55-caac6f73d6b1, NVIDIA RTX PRO 6000 Blackwell Server Edition, 14 MiB, 0 %
211cb7925f82e9dc9272554390c3793fdef36bcf95bc5bcb01589befe75bdd20  @TENSORJOIN_ROOT@/tensorjoin_20260902_certified_exact_join/src/run_d1_triton.py
e56eeec8a995e56f0bd858dac95bbf6532fb94a5ed06e0f1829ee3402a282bb1  @TENSORJOIN_ROOT@/tensorjoin_20260902_certified_exact_join/data/esc50_panns_cnn14_1s_2048d.npz
Traceback (most recent call last):
  File "@TENSORJOIN_ROOT@/isaacsim6/env/lib/python3.12/site-packages/triton/language/core.py", line 43, in wrapper
    return fn(*args, **kwargs)
           ^^^^^^^^^^^^^^^^^^^
  File "@TENSORJOIN_ROOT@/isaacsim6/env/lib/python3.12/site-packages/triton/language/core.py", line 2233, in store
    return _semantic.store(pointer, value, mask, boundary_check, cache_modifier, eviction_policy)
           ^^^^^^^^^^^^^^^^^^^^^^^^^^^^^^^^^^^^^^^^^^^^^^^^^^^^^^^^^^^^^^^^^^^^^^^^^^^^^^^^^^^^^^
  File "@TENSORJOIN_ROOT@/isaacsim6/env/lib/python3.12/site-packages/triton/language/semantic.py", line 1301, in store
    return self._store_legacy(ptr, val, mask, boundary_check, cache, eviction)
           ^^^^^^^^^^^^^^^^^^^^^^^^^^^^^^^^^^^^^^^^^^^^^^^^^^^^^^^^^^^^^^^^^^^
  File "@TENSORJOIN_ROOT@/isaacsim6/env/lib/python3.12/site-packages/triton/language/semantic.py", line 1255, in _store_legacy
    raise ValueError("Mask argument cannot be block type if pointer argument is not a block")
ValueError: Mask argument cannot be block type if pointer argument is not a block

The above exception was the direct cause of the following exception:

Traceback (most recent call last):
  File "@TENSORJOIN_ROOT@/tensorjoin_20260902_certified_exact_join/src/run_d1_triton.py", line 505, in <module>
    raise SystemExit(main())
                     ^^^^^^
  File "@TENSORJOIN_ROOT@/tensorjoin_20260902_certified_exact_join/src/run_d1_triton.py", line 392, in main
    refine(min(ambiguous_count, CAPACITY))
  File "@TENSORJOIN_ROOT@/tensorjoin_20260902_certified_exact_join/src/run_d1_triton.py", line 344, in refine
    refine_ambiguous_fp64[(count,)](
  File "@TENSORJOIN_ROOT@/isaacsim6/env/lib/python3.12/site-packages/triton/runtime/jit.py", line 370, in <lambda>
    return lambda *args, **kwargs: self.run(grid=grid, warmup=False, *args, **kwargs)
                                   ^^^^^^^^^^^^^^^^^^^^^^^^^^^^^^^^^^^^^^^^^^^^^^^^^^
  File "@TENSORJOIN_ROOT@/isaacsim6/env/lib/python3.12/site-packages/triton/runtime/jit.py", line 720, in run
    kernel = self._do_compile(key, signature, device, constexprs, options, attrs, warmup)
             ^^^^^^^^^^^^^^^^^^^^^^^^^^^^^^^^^^^^^^^^^^^^^^^^^^^^^^^^^^^^^^^^^^^^^^^^^^^^
  File "@TENSORJOIN_ROOT@/isaacsim6/env/lib/python3.12/site-packages/triton/runtime/jit.py", line 849, in _do_compile
    kernel = self.compile(src, target=target, options=options.__dict__)
             ^^^^^^^^^^^^^^^^^^^^^^^^^^^^^^^^^^^^^^^^^^^^^^^^^^^^^^^^^^
  File "@TENSORJOIN_ROOT@/isaacsim6/env/lib/python3.12/site-packages/triton/compiler/compiler.py", line 304, in compile
    module = src.make_ir(target, options, codegen_fns, module_map, context)
             ^^^^^^^^^^^^^^^^^^^^^^^^^^^^^^^^^^^^^^^^^^^^^^^^^^^^^^^^^^^^^^
  File "@TENSORJOIN_ROOT@/isaacsim6/env/lib/python3.12/site-packages/triton/compiler/compiler.py", line 80, in make_ir
    return ast_to_ttir(self.fn, self, context=context, options=options, codegen_fns=codegen_fns,
           ^^^^^^^^^^^^^^^^^^^^^^^^^^^^^^^^^^^^^^^^^^^^^^^^^^^^^^^^^^^^^^^^^^^^^^^^^^^^^^^^^^^^^
triton.compiler.errors.CompilationError: at 32:4:
        query_values = tl.load(
            query + query_row * K + k, mask=k < K, other=0.0
        ).to(tl.float64)
        base_values = tl.load(
            base + base_row * K + k, mask=k < K, other=0.0
        ).to(tl.float64)
        delta = query_values - base_values
        distance_d2 += tl.sum(delta * delta, axis=0)
    inside = distance_d2 <= threshold_d2
    position = tl.atomic_add(counters + 0, 1, mask=inside, sem="relaxed")
    can_store = inside & (position < CAPACITY)
    tl.store(result_ids + position, pair_id, mask=can_store)
    ^
Mask argument cannot be block type if pointer argument is not a block
