timestamp_utc=2026-09-02T17:25:48Z
gpu0_compute_apps
2237400, @EXTERNAL_DATA_ROOT@/xyh/proxypose-dmd2-pro6000x8-20260902T152108Z/env/python_runtime/bin/python3.11, 4212 MiB
gpu0_state
0, GPU-9bd364a9-9d88-0b78-ef55-caac6f73d6b1, NVIDIA RTX PRO 6000 Blackwell Server Edition, 0 %, 4234 MiB, 84.24 W, 2332 MHz
process
USER         PID    PPID                  STARTED     ELAPSED STAT CMD
xyh      2237400 2237366 Wed Sep  2 17:25:20 2026       00:27 Dl   @EXTERNAL_DATA_ROOT@/xyh/proxypose-dmd2-pro6000x8-20260902T152108Z/env/python_runtime/bin/python3.11 @EXTERNAL_DATA_ROOT@/xyh/proxypose-dmd2-pro6000x8-20260902T152108Z/code/FastGen/scripts/proxypose/generate_teacher_latent_sample.py --proxypose-root @EXTERNAL_DATA_ROOT@/xyh/proxypose-dmd2-pro6000x8-20260902T152108Z/code/proxypose --generation-config @EXTERNAL_DATA_ROOT@/xyh/proxypose-dmd2-pro6000x8-20260902T152108Z/code/proxypose/configs/generation/wan1.3b.yaml --base-model-dir @EXTERNAL_DATA_ROOT@/xyh/proxypose-dmd2-pro6000x8-20260902T152108Z/models/base --base-checkpoint @EXTERNAL_DATA_ROOT@/xyh/proxypose-dmd2-pro6000x8-20260902T152108Z/models/base/Wan-AI/Wan2.1-T2V-1.3B/diffusion_pytorch_model.safetensors --lora @EXTERNAL_DATA_ROOT@/xyh/proxypose-dmd2-pro6000x8-20260902T152108Z/models/wan1.3b.final.step.100000.safetensors --teacher-checkpoint @EXTERNAL_DATA_ROOT@/xyh/proxypose-dmd2-pro6000x8-20260902T152108Z/models/proxypose_wan1.3b_merged.safetensors --teacher-checkpoint-sha256 3b57269389ed39da02e3a257bac5aa243ed0e1d5b99c5e2a7857b917e381f7e3 --split-manifest @EXTERNAL_DATA_ROOT@/xyh/proxypose-dmd2-pro6000x8-20260902T152108Z/data/split_result.json --extracted-root @EXTERNAL_DATA_ROOT@/xyh/proxypose-dmd2-pro6000x8-20260902T152108Z/data/ho3d_dmd2_clips --clip-id BB10_0065_0113 --output @EXTERNAL_DATA_ROOT@/xyh/proxypose-dmd2-pro6000x8-20260902T152108Z/runs/formal_teacher_corpus/samples/BB10_0065_0113 --seed-namespace proxypose-dmd2-formal-teacher-pro6000x8-v1 --device cuda --scope formal_query_valid --protocol-manifest @EXTERNAL_DATA_ROOT@/xyh/proxypose-dmd2-pro6000x8-20260902T152108Z/control/formal_teacher_protocol.json --protocol-manifest-sha256 2987a5ab39feeebb1d545f54ced091edf0c4a788add28b61b89e656536b9366e --physical-gpu-index 0
completed_results
f1_audio_process_0.json
f1_audio_process_1.json
f1_audio_process_2.json
f1_audio_process_3.json
f1_audio_process_4.json
f1_audio_process_5.json
f1_audio_process_6.json
f1_audio_process_7.json
f1_video_process_0.json
f1_video_process_1.json
f1_video_process_2.json
f1_video_process_3.json
