{
  "all_illustration_checks_pass": true,
  "allowed_conclusion": "FP64-oracle equality does not imply an exact-real predicate; an unresolved interval is not a false decision.",
  "cases": [
    {
      "binary64_accept": true,
      "binary64_disagrees_with_exact": false,
      "binary64_hex": "0x1.0000000000000p-2",
      "binary64_squared_distance": 0.25,
      "exact_accept": true,
      "exact_margin_above_T": "-3/4",
      "exact_squared_distance": "1/4",
      "input_sha256": "0c5e08b30feda0b19fb138e1b28ffb1a43bb09ab6dc058a80edb27f323b226db",
      "interval_enclosure_pass": true,
      "interval_lower": 0.24999999999977263,
      "interval_state": "accept",
      "interval_upper": 0.2500000000002274,
      "name": "inside",
      "nonzero_prefix": [
        0.5,
        0.0
      ],
      "shape": [
        2,
        512
      ]
    },
    {
      "binary64_accept": true,
      "binary64_disagrees_with_exact": false,
      "binary64_hex": "0x1.0000000000000p+0",
      "binary64_squared_distance": 1.0,
      "exact_accept": true,
      "exact_margin_above_T": "0",
      "exact_squared_distance": "1",
      "input_sha256": "f7e4b7df98e2b9533216f4a9c1261224bda07083b93fe9357ea76c0f83477cee",
      "interval_enclosure_pass": true,
      "interval_lower": 0.9999999999990905,
      "interval_state": "unresolved",
      "interval_upper": 1.0000000000009095,
      "name": "equality",
      "nonzero_prefix": [
        1.0,
        0.0
      ],
      "shape": [
        2,
        512
      ]
    },
    {
      "binary64_accept": true,
      "binary64_disagrees_with_exact": true,
      "binary64_hex": "0x1.0000000000000p+0",
      "binary64_squared_distance": 1.0,
      "exact_accept": false,
      "exact_margin_above_T": "1/18014398509481984",
      "exact_squared_distance": "18014398509481985/18014398509481984",
      "input_sha256": "1c5c1654ae7066ff339aa29480d2b42154571db86737ff69caca2caf615d3e96",
      "interval_enclosure_pass": true,
      "interval_lower": 0.9999999999990905,
      "interval_state": "unresolved",
      "interval_upper": 1.0000000000009095,
      "name": "just_outside",
      "nonzero_prefix": [
        1.0,
        7.450580596923828e-09
      ],
      "shape": [
        2,
        512
      ]
    },
    {
      "binary64_accept": false,
      "binary64_disagrees_with_exact": false,
      "binary64_hex": "0x1.0000004000000p+0",
      "binary64_squared_distance": 1.0000000149011612,
      "exact_accept": false,
      "exact_margin_above_T": "1/67108864",
      "exact_squared_distance": "67108865/67108864",
      "input_sha256": "1623cb300642828dda069963389d9e608b7dd9d23998b0cd00c6732095ee8b2b",
      "interval_enclosure_pass": true,
      "interval_lower": 1.0000000149002515,
      "interval_state": "reject",
      "interval_upper": 1.000000014902071,
      "name": "clearly_outside",
      "nonzero_prefix": [
        1.0,
        0.0001220703125
      ],
      "shape": [
        2,
        512
      ]
    }
  ],
  "executable": "/Library/Developer/CommandLineTools/usr/bin/python3",
  "experiment_id": "tensorjoin_20260904_g10_fp64_vs_exact_predicate_cpu",
  "gpu_executed": false,
  "host": "wxrdeMacBook-Air.local",
  "not_claimed": "A new GPU failure, public-data error rate, performance result, or production correctness proof.",
  "performance_measured": false,
  "platform": "macOS-26.4-arm64-arm-64bit",
  "python": "3.9.6 (default, Jan  9 2026, 11:03:41) \n[Clang 17.0.0 (clang-1700.6.4.2)]",
  "scope": "CPU arithmetic illustration; not an execution of any TensorJoin GPU kernel",
  "source_sha256": {
    "PROTOCOL_G10_CERTIFICATE_AUDIT.md": "68203b8b4507268f6ea90354938a7b5d5b567dec11dde2dd7d073a7ade0e7b3f",
    "src/check_g10_exactness_contract_cpu.py": "abee3eb1700f9335f882d5c3336b6c78bb11a749697c417d2ff6366f63eee6b5",
    "src/g9_tc_kernels.py": "e4d4fcff9ae3e8d4508236dd46781e730b625085bc3a3db83a47c16b9072d080",
    "src/run_g2a_tensorjoin.py": "84f611fa029e0ce798c3945fad54600598bc7a708f630ebd5fc07fe7dac1e6d8",
    "src/run_g3b_r1_gpu_analytic_certificate.py": "057245c5288763702e7b916c6739980d07b622d595bb9d946fa14011437a67ec",
    "src/run_g3c_b_r1_gpu_cascade.py": "637e9455fdcdffcc8cddbed625ef74ef371f117876bc3f25977a79b4a95f706d",
    "src/run_g9_tc_refinement.py": "d0dc254fb52688bb6a615cd9927ec4fc38a8890214d85779b14c4f247d712dda"
  },
  "squared_threshold": 1.0
}
