BUILD_AUDIT_ATTEMPT2_START_UTC 2026-09-02T22:04:47Z
nvcc: NVIDIA (R) Cuda compiler driver
Copyright (c) 2005-2025 NVIDIA Corporation
Built on Tue_Dec_16_07:23:41_PM_PST_2025
Cuda compilation tools, release 13.1, V13.1.115
Build cuda_13.1.r13.1/compiler.37061995_0
REPAIR use resolved nvcc path because /usr/local/bin/nvcc derives an invalid toolkit root
== FASTED paper-tag source, SM120 compile ==
ptxas info    : Overriding maximum register limit 256 for '_ZN6SumSqd17SquaredSumsKernelIfEEvP7__half2jjPT_' with  128 of maxrregcount option
ptxas info    : Overriding maximum register limit 256 for '_ZN3cub18CUB_300104_SM_12006detail10merge_sort30DeviceMergeSortPartitionKernelIPN5Pairs4PairEmN4cuda3std3__44lessIS5_EES5_EEvbT_PT2_T0_SF_PSF_T1_SF_i' with  128 of maxrregcount option
ptxas info    : Overriding maximum register limit 256 for '_ZN3cub18CUB_300104_SM_12006detail10merge_sort30DeviceMergeSortPartitionKernelIPN5Pairs4PairEjN4cuda3std3__44lessIS5_EES5_EEvbT_PT2_T0_SF_PSF_T1_SF_i' with  128 of maxrregcount option
ptxas info    : Overriding maximum register limit 256 for '_ZN3cub18CUB_300104_SM_12006detail11EmptyKernelIvEEvv' with  128 of maxrregcount option
ptxas info    : Overriding maximum register limit 256 for '_ZN9SimSearch22initOnDemandRasterizerEPN6Raster18OnDemandRasterizerEyyjN3Mma8mmaShapeE' with  128 of maxrregcount option
ptxas info    : Overriding maximum register limit 256 for '_ZN9SimSearch15FindPairsKernelENS_21FindPairsParamsDeviceEPN6Raster18OnDemandRasterizerEN5Pairs5PairsE' with  128 of maxrregcount option
ptxas info    : 62 bytes gmem
ptxas info    : Compiling entry function '_ZN6SumSqd17SquaredSumsKernelIfEEvP7__half2jjPT_' for 'sm_120'
ptxas info    : Function properties for _ZN6SumSqd17SquaredSumsKernelIfEEvP7__half2jjPT_
    0 bytes stack frame, 0 bytes spill stores, 0 bytes spill loads
ptxas info    : Used 30 registers, used 0 barriers
ptxas info    : Compile time = 16.547 ms
ptxas info    : Compiling entry function '_ZN3cub18CUB_300104_SM_12006detail10merge_sort26DeviceMergeSortMergeKernelINS2_10policy_hubIPN5Pairs4PairEE9Policy600ES7_PNS0_8NullTypeES7_SB_mN4cuda3std3__44lessIS6_EES6_SA_NS2_11VSMemHelperEEEvbT2_T3_T4_PT6_PT7_T5_PSK_SK_NS1_7vsmem_tE' for 'sm_120'
ptxas info    : Function properties for _ZN3cub18CUB_300104_SM_12006detail10merge_sort26DeviceMergeSortMergeKernelINS2_10policy_hubIPN5Pairs4PairEE9Policy600ES7_PNS0_8NullTypeES7_SB_mN4cuda3std3__44lessIS6_EES6_SA_NS2_11VSMemHelperEEEvbT2_T3_T4_PT6_PT7_T5_PSK_SK_NS1_7vsmem_tE
    0 bytes stack frame, 0 bytes spill stores, 0 bytes spill loads
ptxas info    : Used 40 registers, used 1 barriers, 17024 bytes smem
ptxas info    : Compile time = 93.360 ms
ptxas info    : Compiling entry function '_ZN3cub18CUB_300104_SM_12006detail10merge_sort30DeviceMergeSortPartitionKernelIPN5Pairs4PairEmN4cuda3std3__44lessIS5_EES5_EEvbT_PT2_T0_SF_PSF_T1_SF_i' for 'sm_120'
ptxas info    : Function properties for _ZN3cub18CUB_300104_SM_12006detail10merge_sort30DeviceMergeSortPartitionKernelIPN5Pairs4PairEmN4cuda3std3__44lessIS5_EES5_EEvbT_PT2_T0_SF_PSF_T1_SF_i
    0 bytes stack frame, 0 bytes spill stores, 0 bytes spill loads
ptxas info    : Used 24 registers, used 0 barriers
ptxas info    : Compile time = 9.753 ms
ptxas info    : Compiling entry function '_ZN3cub18CUB_300104_SM_12006detail10merge_sort30DeviceMergeSortBlockSortKernelINS2_10policy_hubIPN5Pairs4PairEE9Policy600ES7_PNS0_8NullTypeES7_SB_mN4cuda3std3__44lessIS6_EES6_SA_NS2_11VSMemHelperEEEvbT0_T1_T2_T3_T4_PT6_PT7_T5_NS1_7vsmem_tE' for 'sm_120'
ptxas info    : Function properties for _ZN3cub18CUB_300104_SM_12006detail10merge_sort30DeviceMergeSortBlockSortKernelINS2_10policy_hubIPN5Pairs4PairEE9Policy600ES7_PNS0_8NullTypeES7_SB_mN4cuda3std3__44lessIS6_EES6_SA_NS2_11VSMemHelperEEEvbT0_T1_T2_T3_T4_PT6_PT7_T5_NS1_7vsmem_tE
    0 bytes stack frame, 0 bytes spill stores, 0 bytes spill loads
ptxas info    : Used 51 registers, used 1 barriers, 17024 bytes smem
ptxas info    : Compile time = 123.479 ms
ptxas info    : Compiling entry function '_ZN3cub18CUB_300104_SM_12006detail10merge_sort26DeviceMergeSortMergeKernelINS2_10policy_hubIPN5Pairs4PairEE9Policy600ES7_PNS0_8NullTypeES7_SB_jN4cuda3std3__44lessIS6_EES6_SA_NS2_11VSMemHelperEEEvbT2_T3_T4_PT6_PT7_T5_PSK_SK_NS1_7vsmem_tE' for 'sm_120'
ptxas info    : Function properties for _ZN3cub18CUB_300104_SM_12006detail10merge_sort26DeviceMergeSortMergeKernelINS2_10policy_hubIPN5Pairs4PairEE9Policy600ES7_PNS0_8NullTypeES7_SB_jN4cuda3std3__44lessIS6_EES6_SA_NS2_11VSMemHelperEEEvbT2_T3_T4_PT6_PT7_T5_PSK_SK_NS1_7vsmem_tE
    0 bytes stack frame, 0 bytes spill stores, 0 bytes spill loads
ptxas info    : Used 40 registers, used 1 barriers, 17024 bytes smem
ptxas info    : Compile time = 92.929 ms
ptxas info    : Compiling entry function '_ZN3cub18CUB_300104_SM_12006detail10merge_sort30DeviceMergeSortPartitionKernelIPN5Pairs4PairEjN4cuda3std3__44lessIS5_EES5_EEvbT_PT2_T0_SF_PSF_T1_SF_i' for 'sm_120'
ptxas info    : Function properties for _ZN3cub18CUB_300104_SM_12006detail10merge_sort30DeviceMergeSortPartitionKernelIPN5Pairs4PairEjN4cuda3std3__44lessIS5_EES5_EEvbT_PT2_T0_SF_PSF_T1_SF_i
    0 bytes stack frame, 0 bytes spill stores, 0 bytes spill loads
ptxas info    : Used 24 registers, used 0 barriers
ptxas info    : Compile time = 10.010 ms
ptxas info    : Compiling entry function '_ZN3cub18CUB_300104_SM_12006detail10merge_sort30DeviceMergeSortBlockSortKernelINS2_10policy_hubIPN5Pairs4PairEE9Policy600ES7_PNS0_8NullTypeES7_SB_jN4cuda3std3__44lessIS6_EES6_SA_NS2_11VSMemHelperEEEvbT0_T1_T2_T3_T4_PT6_PT7_T5_NS1_7vsmem_tE' for 'sm_120'
ptxas info    : Function properties for _ZN3cub18CUB_300104_SM_12006detail10merge_sort30DeviceMergeSortBlockSortKernelINS2_10policy_hubIPN5Pairs4PairEE9Policy600ES7_PNS0_8NullTypeES7_SB_jN4cuda3std3__44lessIS6_EES6_SA_NS2_11VSMemHelperEEEvbT0_T1_T2_T3_T4_PT6_PT7_T5_NS1_7vsmem_tE
    0 bytes stack frame, 0 bytes spill stores, 0 bytes spill loads
ptxas info    : Used 48 registers, used 1 barriers, 17024 bytes smem
ptxas info    : Compile time = 124.561 ms
ptxas info    : Compiling entry function '_ZN3cub18CUB_300104_SM_12006detail11EmptyKernelIvEEvv' for 'sm_120'
ptxas info    : Function properties for _ZN3cub18CUB_300104_SM_12006detail11EmptyKernelIvEEvv
    0 bytes stack frame, 0 bytes spill stores, 0 bytes spill loads
ptxas info    : Used 4 registers, used 0 barriers
ptxas info    : Compile time = 0.683 ms
ptxas info    : Compiling entry function '_ZN9SimSearch22initOnDemandRasterizerEPN6Raster18OnDemandRasterizerEyyjN3Mma8mmaShapeE' for 'sm_120'
ptxas info    : Function properties for _ZN9SimSearch22initOnDemandRasterizerEPN6Raster18OnDemandRasterizerEyyjN3Mma8mmaShapeE
    0 bytes stack frame, 0 bytes spill stores, 0 bytes spill loads
ptxas info    : Used 18 registers, used 0 barriers
ptxas info    : Compile time = 10.270 ms
ptxas info    : Compiling entry function '_ZN9SimSearch15FindPairsKernelENS_21FindPairsParamsDeviceEPN6Raster18OnDemandRasterizerEN5Pairs5PairsE' for 'sm_120'
ptxas info    : Function properties for _ZN9SimSearch15FindPairsKernelENS_21FindPairsParamsDeviceEPN6Raster18OnDemandRasterizerEN5Pairs5PairsE
    728 bytes stack frame, 1520 bytes spill stores, 1512 bytes spill loads
ptxas info    : Used 128 registers, used 1 barriers, 728 bytes cumulative stack size, 1152 bytes smem
ptxas info    : Compile time = 1588.519 ms
FASTED_BUILD_RC 0 ELAPSED_S 26
8ee2891b3af0391b831869794487d842c1ebc425a4444a89b3fa34c213e3b3b0  build_sm120/main
== GDS-JOIN upstream HEAD, SM120 compile ==
In file included from /usr/local/cuda-13.1/targets/x86_64-linux/include/cccl/thrust/detail/config/config.h:37,
                 from /usr/local/cuda-13.1/targets/x86_64-linux/include/cccl/thrust/detail/config.h:22,
                 from /usr/local/cuda-13.1/targets/x86_64-linux/include/cccl/thrust/host_vector.h:24,
                 from structs.h:11,
                 from GPU.h:1,
                 from main.cu:11:
/usr/local/cuda-13.1/targets/x86_64-linux/include/cccl/thrust/detail/config/cpp_dialect.h:74:6: error: #error Thrust requires at least C++17. Define CCCL_IGNORE_DEPRECATED_CPP_DIALECT to suppress this message.
   74 | #    error Thrust requires at least C++17. Define CCCL_IGNORE_DEPRECATED_CPP_DIALECT to suppress this message.
      |      ^~~~~
In file included from /usr/local/cuda-13.1/targets/x86_64-linux/include/cccl/cuda/std/detail/libcxx/include/__config:24,
                 from /usr/local/cuda-13.1/targets/x86_64-linux/include/cccl/cuda/std/detail/__config:43,
                 from /usr/local/cuda-13.1/targets/x86_64-linux/include/cccl/cuda/std/version:14,
                 from /usr/local/cuda-13.1/targets/x86_64-linux/include/cccl/cuda/version:14,
                 from /usr/local/cuda-13.1/targets/x86_64-linux/include/cccl/thrust/version.h:41,
                 from /usr/local/cuda-13.1/targets/x86_64-linux/include/cccl/thrust/detail/config/namespace.h:30,
                 from /usr/local/cuda-13.1/targets/x86_64-linux/include/cccl/thrust/detail/config/config.h:43:
/usr/local/cuda-13.1/targets/x86_64-linux/include/cccl/cuda/std/__internal/cpp_dialect.h:40:6: error: #error libcu++ requires at least C++ 17. Define CCCL_IGNORE_DEPRECATED_CPP_DIALECT to suppress this message.
   40 | #    error libcu++ requires at least C++ 17. Define CCCL_IGNORE_DEPRECATED_CPP_DIALECT to suppress this message.
      |      ^~~~~
In file included from /usr/local/cuda-13.1/targets/x86_64-linux/include/cccl/cub/util_arch.cuh:46,
                 from /usr/local/cuda-13.1/targets/x86_64-linux/include/cccl/cub/config.cuh:46,
                 from /usr/local/cuda-13.1/targets/x86_64-linux/include/cccl/cub/util_debug.cuh:39,
                 from /usr/local/cuda-13.1/targets/x86_64-linux/include/cccl/thrust/system/cuda/config.h:49,
                 from /usr/local/cuda-13.1/targets/x86_64-linux/include/cccl/thrust/system/cuda/detail/execution_policy.h:40,
                 from /usr/local/cuda-13.1/targets/x86_64-linux/include/cccl/thrust/iterator/detail/device_system_tag.h:31,
                 from /usr/local/cuda-13.1/targets/x86_64-linux/include/cccl/thrust/iterator/iterator_traits.h:43,
                 from /usr/local/cuda-13.1/targets/x86_64-linux/include/cccl/thrust/detail/type_traits/pointer_traits.h:32,
                 from /usr/local/cuda-13.1/targets/x86_64-linux/include/cccl/thrust/detail/allocator/allocator_traits.h:37,
                 from /usr/local/cuda-13.1/targets/x86_64-linux/include/cccl/thrust/detail/contiguous_storage.h:29,
                 from /usr/local/cuda-13.1/targets/x86_64-linux/include/cccl/thrust/detail/vector_base.h:34,
                 from /usr/local/cuda-13.1/targets/x86_64-linux/include/cccl/thrust/host_vector.h:34:
/usr/local/cuda-13.1/targets/x86_64-linux/include/cccl/cub/util_cpp_dialect.cuh:89:8: error: #error CUB requires at least C++17. Define CCCL_IGNORE_DEPRECATED_CPP_DIALECT to suppress this message.
   89 | #      error CUB requires at least C++17. Define CCCL_IGNORE_DEPRECATED_CPP_DIALECT to suppress this message.
      |        ^~~~~
GDS_BUILD_RC 1 ELAPSED_S 2
== MISTIC upstream HEAD, published BS/KB, D=512, SM120 compile ==
In file included from /usr/local/cuda-13.1/targets/x86_64-linux/include/cccl/thrust/detail/config/config.h:37,
                 from /usr/local/cuda-13.1/targets/x86_64-linux/include/cccl/thrust/detail/config.h:22,
                 from /usr/local/cuda-13.1/targets/x86_64-linux/include/cccl/thrust/host_vector.h:24,
                 from ./include/utils.cuh:3,
                 from ./include/tree.cuh:3,
                 from src/main.cu:14:
/usr/local/cuda-13.1/targets/x86_64-linux/include/cccl/thrust/detail/config/cpp_dialect.h:74:6: error: #error Thrust requires at least C++17. Define CCCL_IGNORE_DEPRECATED_CPP_DIALECT to suppress this message.
   74 | #    error Thrust requires at least C++17. Define CCCL_IGNORE_DEPRECATED_CPP_DIALECT to suppress this message.
      |      ^~~~~
In file included from /usr/local/cuda-13.1/targets/x86_64-linux/include/cccl/cuda/std/detail/libcxx/include/__config:24,
                 from /usr/local/cuda-13.1/targets/x86_64-linux/include/cccl/cuda/std/detail/__config:43,
                 from /usr/local/cuda-13.1/targets/x86_64-linux/include/cccl/cuda/std/version:14,
                 from /usr/local/cuda-13.1/targets/x86_64-linux/include/cccl/cuda/version:14,
                 from /usr/local/cuda-13.1/targets/x86_64-linux/include/cccl/thrust/version.h:41,
                 from /usr/local/cuda-13.1/targets/x86_64-linux/include/cccl/thrust/detail/config/namespace.h:30,
                 from /usr/local/cuda-13.1/targets/x86_64-linux/include/cccl/thrust/detail/config/config.h:43:
/usr/local/cuda-13.1/targets/x86_64-linux/include/cccl/cuda/std/__internal/cpp_dialect.h:40:6: error: #error libcu++ requires at least C++ 17. Define CCCL_IGNORE_DEPRECATED_CPP_DIALECT to suppress this message.
   40 | #    error libcu++ requires at least C++ 17. Define CCCL_IGNORE_DEPRECATED_CPP_DIALECT to suppress this message.
      |      ^~~~~
In file included from /usr/local/cuda-13.1/targets/x86_64-linux/include/cccl/cub/util_arch.cuh:46,
                 from /usr/local/cuda-13.1/targets/x86_64-linux/include/cccl/cub/config.cuh:46,
                 from /usr/local/cuda-13.1/targets/x86_64-linux/include/cccl/cub/util_debug.cuh:39,
                 from /usr/local/cuda-13.1/targets/x86_64-linux/include/cccl/thrust/system/cuda/config.h:49,
                 from /usr/local/cuda-13.1/targets/x86_64-linux/include/cccl/thrust/system/cuda/detail/execution_policy.h:40,
                 from /usr/local/cuda-13.1/targets/x86_64-linux/include/cccl/thrust/iterator/detail/device_system_tag.h:31,
                 from /usr/local/cuda-13.1/targets/x86_64-linux/include/cccl/thrust/iterator/iterator_traits.h:43,
                 from /usr/local/cuda-13.1/targets/x86_64-linux/include/cccl/thrust/detail/type_traits/pointer_traits.h:32,
                 from /usr/local/cuda-13.1/targets/x86_64-linux/include/cccl/thrust/detail/allocator/allocator_traits.h:37,
                 from /usr/local/cuda-13.1/targets/x86_64-linux/include/cccl/thrust/detail/contiguous_storage.h:29,
                 from /usr/local/cuda-13.1/targets/x86_64-linux/include/cccl/thrust/detail/vector_base.h:34,
                 from /usr/local/cuda-13.1/targets/x86_64-linux/include/cccl/thrust/host_vector.h:34:
/usr/local/cuda-13.1/targets/x86_64-linux/include/cccl/cub/util_cpp_dialect.cuh:89:8: error: #error CUB requires at least C++17. Define CCCL_IGNORE_DEPRECATED_CPP_DIALECT to suppress this message.
   89 | #      error CUB requires at least C++17. Define CCCL_IGNORE_DEPRECATED_CPP_DIALECT to suppress this message.
      |        ^~~~~
MISTIC_D512_BUILD_RC 1 ELAPSED_S 2
BUILD_AUDIT_ATTEMPT2_END_UTC 2026-09-02T22:05:17Z
BUILD_RCS fasted=0 gds=1 mistic_d512=1
