BUILD_AUDIT_ATTEMPT3_START_UTC 2026-09-02T22:05:36Z
REPAIR use C++17 required by CUDA 13.1 CCCL; no algorithm/source change
== GDS-JOIN upstream HEAD, SM120 compile ==
GDS_BUILD_RC 0 ELAPSED_S 62
202d50dcc83ffd76f772a53b9d4f01a093cc406ede4bc7914a568e633a3ea488  build_sm120/main
== MISTIC upstream HEAD, published BS/KB, D=512, SM120 compile ==
src/nodes.cu: In function ‘void updateNeighbors(std::vector<Node>, std::vector<std::vector<Node> >*)’:
src/nodes.cu:729:63: warning: format ‘%u’ expects argument of type ‘unsigned int’, but argument 3 has type ‘std::vector<std::vector<Node> >::size_type’ {aka ‘long unsigned int’} [-Wformat=]
  729 |                 if(neighborNodesIndex > (*newNodes).size()-1) printf("ERROR: neighbor index: %u max: %u\n", neighborNodesIndex,(*newNodes).size()-1 );
      |                                                               ^~~~~~~~~~~~~~~~~~~~~~~~~~~~~~~~~~~~~                      ~~~~~~~~~~~~~~~~~~~~~~~~
      |                                                                                                                                             |
      |                                                                                                                                             std::vector<std::vector<Node> >::size_type {aka long unsigned int}
src/nodes.cu: In function ‘std::vector<std::vector<Node> > genSubGraphs(std::vector<Node>)’:
src/nodes.cu:970:8: warning: format ‘%u’ expects argument of type ‘unsigned int’, but argument 2 has type ‘std::vector<std::vector<Node> >::size_type’ {aka ‘long unsigned int’} [-Wformat=]
  970 |     printf("Num SubGraphs: %u\n", subGraphs.size());
      |        ^~~~~~~~~~~~~~~~~~~~~  ~~~~~~~~~~~~~~~~
      |                                             |
      |                                             std::vector<std::vector<Node> >::size_type {aka long unsigned int}
MISTIC_D512_BUILD_RC 0 ELAPSED_S 109
0fe2f6f716b6099d853383cf7ec5b63eff45e944b937ec0a7119d67fd0880e51  build_sm120/main_d512
BUILD_AUDIT_ATTEMPT3_END_UTC 2026-09-02T22:08:27Z
BUILD_RCS gds=0 mistic_d512=0
