BUILD_AUDIT_ATTEMPT1_START_UTC 2026-09-02T22:04:15Z
nvcc: NVIDIA (R) Cuda compiler driver
Copyright (c) 2005-2025 NVIDIA Corporation
Built on Tue_Dec_16_07:23:41_PM_PST_2025
Cuda compilation tools, release 13.1, V13.1.115
Build cuda_13.1.r13.1/compiler.37061995_0
== FASTED paper-tag source, SM120 compile ==
<command-line>: fatal error: cuda_runtime.h: No such file or directory
compilation terminated.
FASTED_BUILD_RC 1 ELAPSED_S 0
== GDS-JOIN upstream HEAD, SM120 compile ==
<command-line>: fatal error: cuda_runtime.h: No such file or directory
compilation terminated.
GDS_BUILD_RC 1 ELAPSED_S 0
== MISTIC upstream HEAD, published BS/KB, D=512, SM120 compile ==
<command-line>: fatal error: cuda_runtime.h: No such file or directory
compilation terminated.
MISTIC_D512_BUILD_RC 1 ELAPSED_S 0
BUILD_AUDIT_ATTEMPT1_END_UTC 2026-09-02T22:04:15Z
BUILD_RCS fasted=1 gds=1 mistic_d512=1
