FASTED_RUNTIME_SMOKE_START_UTC 2026-09-02T22:11:03Z
SOURCE_REVISION 9af85ed8edc818d5aa7cc0473187631adab3e6ba
8ee2891b3af0391b831869794487d842c1ebc425a4444a89b3fa34c213e3b3b0  external/fasted/source/build_sm120/main
0, 0, 14
0, 0, 14
0, 0, 14
0, 0, 14
Running from a generated exponential dataset
Building point list
Number of points is: 4096
Padding with 0 points
Dataset creation time: 0.0654227 (sec)
Padded Search Dimensions:
M: 4096
N: 4096
K: 512
Input Search Dimensions:
M: 4096
N: 4096
K: 512
Query vector has 2097152 elements
Candidate vector has 2097152 elements
Allocating 4194304 bytes for query points
Allocating 4194304 bytes for candidate points
Number of pairs found 4114
Number of pairs stored 4114
Total Elapsed time: 0.424213 seconds
Total Kernel Elapsed time: 0.003874 seconds
SumSquard Kernel Elapsed time: 0.002743 seconds
FindPairs Kernel Elapsed time: 0.001130 seconds
Pairs sort Elapsed time: 0.000700 seconds
Pairs found: 4114
Estimated TFLOPS 4.435
FASTED_RUNTIME_RC 0
0, 1, 14
FASTED_RUNTIME_SMOKE_END_UTC 2026-09-02T22:11:24Z
