{
  "accepted_upper_pair_count": 133120,
  "accepted_upper_raw_u64_sha256": "036a4d84c1f1a10076287b9e4ad1cd950f979dac456093878c3cfd09d27ca959",
  "ambiguous_upper_pairs": 102277,
  "analytical_upper_comparisons": 8390656,
  "canonical_pair_count": 262144,
  "canonical_raw_u64_sha256": "da2c81605542e2079fbce2817cad3b42f651f33abd8e1b5b6000629068fb2f5d",
  "capacity_rule": "scheduled_tiles_in_largest_batch * 64 * 64",
  "decision": "accepted_for_g2b_full_smoke",
  "direct_accept_upper_pairs": 90857,
  "experiment_id": "tensorjoin_20260903_tensorjoin_cifar4096_triangular_g2a2",
  "fp32_accept_upper_pairs": 40690,
  "fp32_reject_upper_pairs": 58412,
  "fp64_refine_upper_pairs": 3175,
  "gate_pass": true,
  "performance_claim_allowed": false,
  "repeated_work_and_hash_pass": true,
  "runs": [
    {
      "diagnostic_wall_s": 1.881429280998418,
      "exact_match": true,
      "isolation_pass": true,
      "overflow_events": 0,
      "run_id": 0
    },
    {
      "diagnostic_wall_s": 0.7455411060000188,
      "exact_match": true,
      "isolation_pass": true,
      "overflow_events": 0,
      "run_id": 1
    }
  ],
  "scheduled_tiles": 2080,
  "scope": "triangular chunk-bounded TensorJoin correctness on frozen G2A oracle",
  "source_hashes": {
    "DESIGN_G2B.md": "6b56e80079448501b3c3fdaccc7adac01e5da7b197c247b2bf3964a8851cd195",
    "raw/g2a2_tensorjoin_process_0.log": "61d60fc3974df26425c2b4ebd5b035727c48c7e784367554c43ff7da035a3acf",
    "raw/g2a2_tensorjoin_process_0_occupancy.log": "1ad8d1f183dc837b47d592426bcde1a4bfb9a08b4d0803ed9062116b9e9c3a08",
    "raw/g2a2_tensorjoin_process_0_preflight.log": "d16b8ad299bd64f033138a12aad0a39cc51bd38fe69f9f642e024d9feb6c833e",
    "raw/g2a2_tensorjoin_process_1.log": "619c5159a1bd0e34e01ad9e23b655d03f99cfdae8c0dfa9edb5bbeb9f5754041",
    "raw/g2a2_tensorjoin_process_1_occupancy.log": "d6754cfbb8ef14ea8b847f265cdb10480dbe0f8fe71db94c14a3d62b359fb3aa",
    "raw/g2a2_tensorjoin_process_1_preflight.log": "2c8f0ffd1fc15363430017c2d7005b3732fd9fddb2d8d666d283d21633a11818",
    "results/g2a2_tensorjoin_process_0.json": "cd24c1bad34e9eef053396eb80de23205e1969d9e26f3b040a3a43ac089a8ae0",
    "results/g2a2_tensorjoin_process_1.json": "879ce8510e2cdae6d0e7d296c7bae8baf9f16488ced08bcb92fddd3d5140dc86",
    "src/run_g2a2_tensorjoin_triangular.py": "9eeaa7e21fa7137812e2fcccf09dde654e0a07ab4d95181f2e87bd6326f3f892"
  }
}
