COMMAND ["/usr/local/cuda-13.1/bin/nvcc", "-std=c++17", "-O3", "-Xcompiler=-fopenmp", "-lineinfo", "-arch=sm_120", "-I.", "-DDIM=512", "-DBS=256", "-DKB=1024", "-c", "src/main.cu", "-o", "build_g2a/main.o"]
COMMAND ["/usr/local/cuda-13.1/bin/nvcc", "-std=c++17", "-O3", "-Xcompiler=-fopenmp", "-lineinfo", "-arch=sm_120", "-I.", "-DDIM=512", "-DBS=256", "-DKB=1024", "-c", "src/launcher.cu", "-o", "build_g2a/launcher.o"]
COMMAND ["/usr/local/cuda-13.1/bin/nvcc", "-std=c++17", "-O3", "-Xcompiler=-fopenmp", "-lineinfo", "-arch=sm_120", "-I.", "-DDIM=512", "-DBS=256", "-DKB=1024", "-c", "src/kernel.cu", "-o", "build_g2a/kernel.o"]
COMMAND ["/usr/local/cuda-13.1/bin/nvcc", "-std=c++17", "-O3", "-Xcompiler=-fopenmp", "-lineinfo", "-arch=sm_120", "-I.", "-DDIM=512", "-DBS=256", "-DKB=1024", "-c", "src/nodes.cu", "-o", "build_g2a/nodes.o"]
src/nodes.cu: In function ‘void updateNeighbors(std::vector<Node>, std::vector<std::vector<Node> >*)’:
src/nodes.cu:729:63: warning: format ‘%u’ expects argument of type ‘unsigned int’, but argument 3 has type ‘std::vector<std::vector<Node> >::size_type’ {aka ‘long unsigned int’} [-Wformat=]
  729 |                 if(neighborNodesIndex > (*newNodes).size()-1) printf("ERROR: neighbor index: %u max: %u\n", neighborNodesIndex,(*newNodes).size()-1 );
      |                                                               ^~~~~~~~~~~~~~~~~~~~~~~~~~~~~~~~~~~~~                      ~~~~~~~~~~~~~~~~~~~~~~~~
      |                                                                                                                                             |
      |                                                                                                                                             std::vector<std::vector<Node> >::size_type {aka long unsigned int}
src/nodes.cu: In function ‘std::vector<std::vector<Node> > genSubGraphs(std::vector<Node>)’:
src/nodes.cu:970:8: warning: format ‘%u’ expects argument of type ‘unsigned int’, but argument 2 has type ‘std::vector<std::vector<Node> >::size_type’ {aka ‘long unsigned int’} [-Wformat=]
  970 |     printf("Num SubGraphs: %u\n", subGraphs.size());
      |        ^~~~~~~~~~~~~~~~~~~~~  ~~~~~~~~~~~~~~~~
      |                                             |
      |                                             std::vector<std::vector<Node> >::size_type {aka long unsigned int}
COMMAND ["/usr/local/cuda-13.1/bin/nvcc", "-std=c++17", "-O3", "-Xcompiler=-fopenmp", "-lineinfo", "-arch=sm_120", "-I.", "-DDIM=512", "-DBS=256", "-DKB=1024", "-c", "src/tree.cu", "-o", "build_g2a/tree.o"]
COMMAND ["/usr/local/cuda-13.1/bin/nvcc", "-std=c++17", "-O3", "-Xcompiler=-fopenmp", "-lineinfo", "-arch=sm_120", "-I.", "-DDIM=512", "-DBS=256", "-DKB=1024", "-c", "src/utils.cu", "-o", "build_g2a/utils.o"]
COMMAND ["/usr/local/cuda-13.1/bin/nvcc", "-std=c++17", "-O3", "-Xcompiler=-fopenmp", "-lineinfo", "-arch=sm_120", "-I.", "-DDIM=512", "-DBS=256", "-DKB=1024", "build_g2a/main.o", "build_g2a/launcher.o", "build_g2a/kernel.o", "build_g2a/nodes.o", "build_g2a/tree.o", "build_g2a/utils.o", "-o", "build_g2a/main_d512"]
BUILD_COMPLETE {"adapter_path": "@TENSORJOIN_ROOT@/tensorjoin_20260902_certified_exact_join/adapters/mistic_g2a", "binary_bytes": 3111464, "binary_sha256": "71c0e8d8892d7f6e6e44d217fec095ecf1cc3c180b3ecb25590d573d321ef979", "changes": ["Select physical/visible GPU0 instead of upstream CUDA_DEVICE=1", "Use new[] for nodeLauncher5 neighborTable objects containing std::vector", "Serialize mapped directed uint64 pair IDs; normalize only missing self-pairs"], "commands": [["/usr/local/cuda-13.1/bin/nvcc", "-std=c++17", "-O3", "-Xcompiler=-fopenmp", "-lineinfo", "-arch=sm_120", "-I.", "-DDIM=512", "-DBS=256", "-DKB=1024", "-c", "src/main.cu", "-o", "build_g2a/main.o"], ["/usr/local/cuda-13.1/bin/nvcc", "-std=c++17", "-O3", "-Xcompiler=-fopenmp", "-lineinfo", "-arch=sm_120", "-I.", "-DDIM=512", "-DBS=256", "-DKB=1024", "-c", "src/launcher.cu", "-o", "build_g2a/launcher.o"], ["/usr/local/cuda-13.1/bin/nvcc", "-std=c++17", "-O3", "-Xcompiler=-fopenmp", "-lineinfo", "-arch=sm_120", "-I.", "-DDIM=512", "-DBS=256", "-DKB=1024", "-c", "src/kernel.cu", "-o", "build_g2a/kernel.o"], ["/usr/local/cuda-13.1/bin/nvcc", "-std=c++17", "-O3", "-Xcompiler=-fopenmp", "-lineinfo", "-arch=sm_120", "-I.", "-DDIM=512", "-DBS=256", "-DKB=1024", "-c", "src/nodes.cu", "-o", "build_g2a/nodes.o"], ["/usr/local/cuda-13.1/bin/nvcc", "-std=c++17", "-O3", "-Xcompiler=-fopenmp", "-lineinfo", "-arch=sm_120", "-I.", "-DDIM=512", "-DBS=256", "-DKB=1024", "-c", "src/tree.cu", "-o", "build_g2a/tree.o"], ["/usr/local/cuda-13.1/bin/nvcc", "-std=c++17", "-O3", "-Xcompiler=-fopenmp", "-lineinfo", "-arch=sm_120", "-I.", "-DDIM=512", "-DBS=256", "-DKB=1024", "-c", "src/utils.cu", "-o", "build_g2a/utils.o"], ["/usr/local/cuda-13.1/bin/nvcc", "-std=c++17", "-O3", "-Xcompiler=-fopenmp", "-lineinfo", "-arch=sm_120", "-I.", "-DDIM=512", "-DBS=256", "-DKB=1024", "build_g2a/main.o", "build_g2a/launcher.o", "build_g2a/kernel.o", "build_g2a/nodes.o", "build_g2a/tree.o", "build_g2a/utils.o", "-o", "build_g2a/main_d512"]], "configuration": {"BS": 256, "CUDA_DEVICE": 0, "DIM": 512, "KB": 1024, "KT": 5, "architecture": "sm_120", "language_standard": "c++17"}, "kernel_or_distance_predicate_change": false, "name": "MiSTIC G2A canonical-output adapter", "nvcc": "nvcc: NVIDIA (R) Cuda compiler driver\nCopyright (c) 2005-2025 NVIDIA Corporation\nBuilt on Tue_Dec_16_07:23:41_PM_PST_2025\nCuda compilation tools, release 13.1, V13.1.115\nBuild cuda_13.1.r13.1/compiler.37061995_0\n", "patch_sha256": "4da0e169a95ef69661ff3fb60319d1559a8eacc84dd4c45bfaf78abbba48437a", "script_sha256": "fba08f5503f7cf1287ff61d94888cbd65ed1354ad5b1c9d59c315303030f9a96", "upstream_path": "@TENSORJOIN_ROOT@/tensorjoin_20260902_certified_exact_join/external/self-join-MiSTIC", "upstream_revision": "656dd47b5594f1d9d7f961f008cfc6aedb0aed9d", "upstream_tree": "0297078cb57283f91fe59bcf453cdb6b7726a627"}
