RUN_START {"binary_sha256": "71c0e8d8892d7f6e6e44d217fec095ecf1cc3c180b3ecb25590d573d321ef979", "cuda_visible_devices": "0", "epsilon": 0.7541135250198396, "experiment_id": "tensorjoin_20260903_mistic_cifar4096_g2a", "host": "gpu-host-8", "input_sha256": "3e4568b12119730052fbcd629c4961d4ae2b5b7c55abf963f9525cc85591ba90", "numpy": "2.3.1", "oracle_file_sha256": "ac93d96ac39ea5a2bc2d1e81baa179a533a6344aae97f058b3b33a8155e6c0c9", "oracle_raw_u64_sha256": "da2c81605542e2079fbce2817cad3b42f651f33abd8e1b5b6000629068fb2f5d", "python": "3.12.3 (main, Jun 19 2026, 12:46:00) [GCC 13.3.0]", "run_id": 0, "runner_sha256": "91a1d21ac7bac360d2fb4da6f6efe18d0368ecce88f610359744e371c551cc2f"}

0.754114 4096 
Time to read in file: 0.011417

Number points: 4096 
Number Dimensions: 512 
Number Reference Points: 0 
Number Concurent Streams: 2
Block Size: 256, Kernel Blocks: 1024
Using dynamic searching
Distance Threshold: 0.754114 
*********************************

32 6 1 16777216 0.118390 1 1.000000 Predicted calcsPerSecond: 444
SubGraph 0 Layer 0 Selecting RP 33 with Nodes: 1 and calcs: 16777216 and stdev 0.000000:: Predicted time: 0.000000, Actual Time: 0.009272
Build Time: 0.009272, Calc Time: 37786.522523, reduction -37786.522523
############################################
Predicted calcsPerSecond: 1384
SubGraph 0 Layer 1 Selecting RP 33 with Nodes: 1 and calcs: 16777216 and stdev 0.000000:: Predicted time: 0.009272, Actual Time: 0.008223
Build Time: 0.008223, Calc Time: 12122.265896, reduction 25664.256627
############################################
Predicted calcsPerSecond: 2794
SubGraph 0 Layer 2 Selecting RP 36 with Nodes: 1 and calcs: 16777216 and stdev 0.000000:: Predicted time: 0.008223, Actual Time: 0.008168
Build Time: 0.008168, Calc Time: 6004.730136, reduction 6117.535760
############################################
Predicted calcsPerSecond: 4908
SubGraph 0 Layer 3 Selecting RP 32 with Nodes: 1 and calcs: 16777216 and stdev 0.000000:: Predicted time: 0.008168, Actual Time: 0.008179
Build Time: 0.008179, Calc Time: 3418.340668, reduction 2586.389468
############################################
Predicted calcsPerSecond: 8080
SubGraph 0 Layer 4 Selecting RP 32 with Nodes: 1 and calcs: 16777216 and stdev 0.000000:: Predicted time: 0.008179, Actual Time: 0.008171
Build Time: 0.008171, Calc Time: 2076.388119, reduction 1341.952549
############################################
Predicted calcsPerSecond: 12835
SubGraph 0 Layer 5 Selecting RP 37 with Nodes: 1 and calcs: 16777216 and stdev 0.000000:: Predicted time: 0.008171, Actual Time: 0.008194
Build Time: 0.008194, Calc Time: 1307.145773, reduction 769.242346
############################################
Final graph has 1 nodes, 16777216 calcs total
Node Construct time: 0.118390
Batchs: 1
Batch 0 Results: 262144
Total results Set Size: 262144 
Kernel Time: 0.055780
0.0557796 262144 G2A_ADAPTER raw_kernel_pairs=262144 normalized_self_insertions=0 invalid_positions=0 output_pairs=262144
0.223786 0.266719 Node Laucnher time: 0.223786
Total Time: 0.266719
RUN_COMPLETE {"binary_sha256": "71c0e8d8892d7f6e6e44d217fec095ecf1cc3c180b3ecb25590d573d321ef979", "canonical_pair_count": 262144, "canonical_raw_u64_sha256": "da2c81605542e2079fbce2817cad3b42f651f33abd8e1b5b6000629068fb2f5d", "canonical_unique_pair_count": 262144, "command": ["@TENSORJOIN_ROOT@/tensorjoin_20260902_certified_exact_join/adapters/mistic_g2a/build_g2a/main_d512", "@TENSORJOIN_ROOT@/tensorjoin_20260902_certified_exact_join/data/g2a_cifar4096/vectors_f64_le.bin", "512", "0", "0.75411352501983964"], "cuda_visible_devices": "0", "diagnostic_wall_s": 0.797065257000213, "duplicate_pairs": 0, "epsilon": 0.7541135250198396, "exact_match": true, "experiment_id": "tensorjoin_20260903_mistic_cifar4096_g2a", "extra_pairs": 0, "first_extra_pairs": [], "first_missing_pairs": [], "host": "gpu-host-8", "input_sha256": "3e4568b12119730052fbcd629c4961d4ae2b5b7c55abf963f9525cc85591ba90", "invalid_pairs": 0, "measurement_status": "correctness_admission_only_no_performance_claim", "missing_pairs": 0, "numpy": "2.3.1", "oracle_file_sha256": "ac93d96ac39ea5a2bc2d1e81baa179a533a6344aae97f058b3b33a8155e6c0c9", "oracle_raw_u64_sha256": "da2c81605542e2079fbce2817cad3b42f651f33abd8e1b5b6000629068fb2f5d", "pair_file": "@TENSORJOIN_ROOT@/tensorjoin_20260902_certified_exact_join/results/g2a_mistic_process_0_pairs_u64_le.bin", "pair_file_sha256": "da2c81605542e2079fbce2817cad3b42f651f33abd8e1b5b6000629068fb2f5d", "python": "3.12.3 (main, Jun 19 2026, 12:46:00) [GCC 13.3.0]", "run_id": 0, "runner_sha256": "91a1d21ac7bac360d2fb4da6f6efe18d0368ecce88f610359744e371c551cc2f"}
