COMMAND ["/usr/local/cuda-13.1/bin/nvcc", "-std=c++17", "-O3", "-Xptxas=-v", "-Xcompiler", "-fopenmp", "-lcuda", "-lineinfo", "-D_MWAITXINTRIN_H_INCLUDED", "-D_FORCE_INLINES", "-arch=sm_120", "main.cu", "-o", "build/main"]
ptxas info    : 62 bytes gmem
ptxas info    : Compiling entry function '_ZN9SimSearch22initOnDemandRasterizerEPN6Raster18OnDemandRasterizerEyyjN3Mma8mmaShapeE' for 'sm_120'
ptxas info    : Function properties for _ZN9SimSearch22initOnDemandRasterizerEPN6Raster18OnDemandRasterizerEyyjN3Mma8mmaShapeE
    0 bytes stack frame, 0 bytes spill stores, 0 bytes spill loads
ptxas info    : Used 18 registers, used 0 barriers
ptxas info    : Compile time = 9.266 ms
ptxas info    : Compiling entry function '_ZN9SimSearch15FindPairsKernelENS_21FindPairsParamsDeviceEPN6Raster18OnDemandRasterizerEN5Pairs5PairsE' for 'sm_120'
ptxas info    : Function properties for _ZN9SimSearch15FindPairsKernelENS_21FindPairsParamsDeviceEPN6Raster18OnDemandRasterizerEN5Pairs5PairsE
    0 bytes stack frame, 0 bytes spill stores, 0 bytes spill loads
ptxas info    : Used 232 registers, used 1 barriers, 1152 bytes smem
ptxas info    : Compile time = 850.303 ms
ptxas info    : Compiling entry function '_ZN6SumSqd17SquaredSumsKernelIfEEvP7__half2jjPT_' for 'sm_120'
ptxas info    : Function properties for _ZN6SumSqd17SquaredSumsKernelIfEEvP7__half2jjPT_
    0 bytes stack frame, 0 bytes spill stores, 0 bytes spill loads
ptxas info    : Used 30 registers, used 0 barriers
ptxas info    : Compile time = 9.820 ms
ptxas info    : Compiling entry function '_ZN3cub18CUB_300104_SM_12006detail10merge_sort26DeviceMergeSortMergeKernelINS2_10policy_hubIPN5Pairs4PairEE9Policy600ES7_PNS0_8NullTypeES7_SB_mN4cuda3std3__44lessIS6_EES6_SA_NS2_11VSMemHelperEEEvbT2_T3_T4_PT6_PT7_T5_PSK_SK_NS1_7vsmem_tE' for 'sm_120'
ptxas info    : Function properties for _ZN3cub18CUB_300104_SM_12006detail10merge_sort26DeviceMergeSortMergeKernelINS2_10policy_hubIPN5Pairs4PairEE9Policy600ES7_PNS0_8NullTypeES7_SB_mN4cuda3std3__44lessIS6_EES6_SA_NS2_11VSMemHelperEEEvbT2_T3_T4_PT6_PT7_T5_PSK_SK_NS1_7vsmem_tE
    0 bytes stack frame, 0 bytes spill stores, 0 bytes spill loads
ptxas info    : Used 40 registers, used 1 barriers, 17024 bytes smem
ptxas info    : Compile time = 58.627 ms
ptxas info    : Compiling entry function '_ZN3cub18CUB_300104_SM_12006detail10merge_sort30DeviceMergeSortPartitionKernelIPN5Pairs4PairEmN4cuda3std3__44lessIS5_EES5_EEvbT_PT2_T0_SF_PSF_T1_SF_i' for 'sm_120'
ptxas info    : Function properties for _ZN3cub18CUB_300104_SM_12006detail10merge_sort30DeviceMergeSortPartitionKernelIPN5Pairs4PairEmN4cuda3std3__44lessIS5_EES5_EEvbT_PT2_T0_SF_PSF_T1_SF_i
    0 bytes stack frame, 0 bytes spill stores, 0 bytes spill loads
ptxas info    : Used 24 registers, used 0 barriers
ptxas info    : Compile time = 7.017 ms
ptxas info    : Compiling entry function '_ZN3cub18CUB_300104_SM_12006detail10merge_sort30DeviceMergeSortBlockSortKernelINS2_10policy_hubIPN5Pairs4PairEE9Policy600ES7_PNS0_8NullTypeES7_SB_mN4cuda3std3__44lessIS6_EES6_SA_NS2_11VSMemHelperEEEvbT0_T1_T2_T3_T4_PT6_PT7_T5_NS1_7vsmem_tE' for 'sm_120'
ptxas info    : Function properties for _ZN3cub18CUB_300104_SM_12006detail10merge_sort30DeviceMergeSortBlockSortKernelINS2_10policy_hubIPN5Pairs4PairEE9Policy600ES7_PNS0_8NullTypeES7_SB_mN4cuda3std3__44lessIS6_EES6_SA_NS2_11VSMemHelperEEEvbT0_T1_T2_T3_T4_PT6_PT7_T5_NS1_7vsmem_tE
    0 bytes stack frame, 0 bytes spill stores, 0 bytes spill loads
ptxas info    : Used 51 registers, used 1 barriers, 17024 bytes smem
ptxas info    : Compile time = 76.607 ms
ptxas info    : Compiling entry function '_ZN3cub18CUB_300104_SM_12006detail10merge_sort26DeviceMergeSortMergeKernelINS2_10policy_hubIPN5Pairs4PairEE9Policy600ES7_PNS0_8NullTypeES7_SB_jN4cuda3std3__44lessIS6_EES6_SA_NS2_11VSMemHelperEEEvbT2_T3_T4_PT6_PT7_T5_PSK_SK_NS1_7vsmem_tE' for 'sm_120'
ptxas info    : Function properties for _ZN3cub18CUB_300104_SM_12006detail10merge_sort26DeviceMergeSortMergeKernelINS2_10policy_hubIPN5Pairs4PairEE9Policy600ES7_PNS0_8NullTypeES7_SB_jN4cuda3std3__44lessIS6_EES6_SA_NS2_11VSMemHelperEEEvbT2_T3_T4_PT6_PT7_T5_PSK_SK_NS1_7vsmem_tE
    0 bytes stack frame, 0 bytes spill stores, 0 bytes spill loads
ptxas info    : Used 40 registers, used 1 barriers, 17024 bytes smem
ptxas info    : Compile time = 57.603 ms
ptxas info    : Compiling entry function '_ZN3cub18CUB_300104_SM_12006detail10merge_sort30DeviceMergeSortPartitionKernelIPN5Pairs4PairEjN4cuda3std3__44lessIS5_EES5_EEvbT_PT2_T0_SF_PSF_T1_SF_i' for 'sm_120'
ptxas info    : Function properties for _ZN3cub18CUB_300104_SM_12006detail10merge_sort30DeviceMergeSortPartitionKernelIPN5Pairs4PairEjN4cuda3std3__44lessIS5_EES5_EEvbT_PT2_T0_SF_PSF_T1_SF_i
    0 bytes stack frame, 0 bytes spill stores, 0 bytes spill loads
ptxas info    : Used 24 registers, used 0 barriers
ptxas info    : Compile time = 6.278 ms
ptxas info    : Compiling entry function '_ZN3cub18CUB_300104_SM_12006detail10merge_sort30DeviceMergeSortBlockSortKernelINS2_10policy_hubIPN5Pairs4PairEE9Policy600ES7_PNS0_8NullTypeES7_SB_jN4cuda3std3__44lessIS6_EES6_SA_NS2_11VSMemHelperEEEvbT0_T1_T2_T3_T4_PT6_PT7_T5_NS1_7vsmem_tE' for 'sm_120'
ptxas info    : Function properties for _ZN3cub18CUB_300104_SM_12006detail10merge_sort30DeviceMergeSortBlockSortKernelINS2_10policy_hubIPN5Pairs4PairEE9Policy600ES7_PNS0_8NullTypeES7_SB_jN4cuda3std3__44lessIS6_EES6_SA_NS2_11VSMemHelperEEEvbT0_T1_T2_T3_T4_PT6_PT7_T5_NS1_7vsmem_tE
    0 bytes stack frame, 0 bytes spill stores, 0 bytes spill loads
ptxas info    : Used 48 registers, used 1 barriers, 17024 bytes smem
ptxas info    : Compile time = 76.653 ms
ptxas info    : Compiling entry function '_ZN3cub18CUB_300104_SM_12006detail11EmptyKernelIvEEvv' for 'sm_120'
ptxas info    : Function properties for _ZN3cub18CUB_300104_SM_12006detail11EmptyKernelIvEEvv
    0 bytes stack frame, 0 bytes spill stores, 0 bytes spill loads
ptxas info    : Used 4 registers, used 0 barriers
ptxas info    : Compile time = 0.555 ms
BUILD_COMPLETE {"binary_bytes": 2584352, "binary_sha256": "aa047a4843c02fab42c0496c6e49a0defddea42823c2ab2ba7c8a9c76abb1e2f", "changes": ["Read frozen raw float32 input before public timer", "Include FP16 conversion/padding through sorted canonical host output", "Retain upstream D2H pair vector instead of discarding it", "Serialize canonical IDs only after timer"], "command": ["/usr/local/cuda-13.1/bin/nvcc", "-std=c++17", "-O3", "-Xptxas=-v", "-Xcompiler", "-fopenmp", "-lcuda", "-lineinfo", "-D_MWAITXINTRIN_H_INCLUDED", "-D_FORCE_INLINES", "-arch=sm_120", "main.cu", "-o", "build/main"], "configuration": {"architecture": "sm_120", "language_standard": "c++17", "optimization": "O3"}, "kernel_or_distance_predicate_change": false, "name": "FaSTED G2B private public-denominator adapter", "nvcc": "nvcc: NVIDIA (R) Cuda compiler driver\nCopyright (c) 2005-2025 NVIDIA Corporation\nBuilt on Tue_Dec_16_07:23:41_PM_PST_2025\nCuda compilation tools, release 13.1, V13.1.115\nBuild cuda_13.1.r13.1/compiler.37061995_0\n", "redistribution_status": "private evaluation only; pinned source had no license file", "runner_sha256": "13977193d37da987e1ada02bef8dcea498b65c00a3c7ab0a1ee5d6c4732021cc", "source_hashes": {"DataLoader/ExponentialPointGenerator.hpp": "1211f4589e01ff94dcbca34e85244ae40fabdd9de26465d209759710ec69b0e4", "DataLoader/FilePointGenerator.hpp": "eaea6197111713bf3bfe7e94de5cd3cf7b886c7baa43ff0bb8631820bb24c527", "DataLoader/PointGenerator.hpp": "2d1caa25372362d06f4a1d73f10331b6edaeea70d7f27f12065d4a01e7680265", "DataLoader/PointList.hpp": "18f8e97a071b93c2a4c7a350f06b82804f9b8df5dc7ae9aa26bbda4d4bee0efc", "DataLoader/PointListBuilder.hpp": "36643dd020557f3ed544caad4e5c44c0fec43f9d7db50681417257951f958979", "DataLoader/half.hpp": "9572ab28bafbb3a85f3178969ceb7a45fb8fd725f54be6e56a589368fe26178e", "DataLoader/main.cpp": "4da67fd562665030df685a8f3a6ce385f52ea1344b5909068ffcc0d739f9356d", "DataLoader/makefile": "a5dc6c14bad94a7d0dc4c6167704d5acbcc90e89c0b8987247be08516eb07aea", "PROVENANCE.md": "4a2c4712376f6855216a9485c988089fcb1adad5bc17195e3009d2905a0848b3", "findPairs.cuh": "289d5dbd0dfa5c5413bc41606b05ec6124efbeb1933893dc60b7eeff3ec055ec", "main.cu": "1d9e023fcbb7fdbc8b6325075b7bd8ad6b29ed9aca6f5a568c7c048db0290455", "makefile": "ca800e403403d98fb0e23202e99660d8b064ff512e546c4bed44956cddd67802", "matrix.cuh": "b182776f0f58cc0e2f8b1dc1abf968f85e4aed934c5f2499c590278e226123dd", "pair.cuh": "41247e5bba3850a03fce48d5e15d44be0172a9d66b2fefcef4e7f3d508734173", "ptxMma.cuh": "bd1000e40a684306c8e05ae6224adf5ed1c6cc85f1496d1094b67880311b6b08", "rasterizer/bulkRasterizer.hpp": "ebdce13e9a94c64afa23ea1a39270857ab0ba84d534006d9c8a4dd855f7d7a9b", "rasterizer/main.cpp": "56f9669f57bd11154300d8841a0a3c492b077e696708268c5083e490bcebafb2", "rasterizer/onDemandRasterizer.cuh": "6c21d28b0ca29d08d0b5d7361b132d06925fd4ba2953631470be11c70f041552", "run.sh": "6e58a23023e091903c3168dd717f6844269a7ba0007789ac44570f6931c0d655", "scripts/cmp3101_Copy.sh": "a0c93d12d48d739041e93d24dfe3104270df930f9c29f9eb848434d2a4d3335c", "scripts/datasetGeneration/dataset_gen_fixed_len_expo_dist.cpp": "df81cfb1cae5aeef69e92942f11d80a9ae387f4f0f553985870e3f8126136220", "scripts/datasetGeneration/dataset_gen_fixed_len_normal_dist.cpp": "fe6695e89ae6d18dccb801bdd5a9923b8186516d0e8772b2a236608a0a4d7f3c", "scripts/datasetGeneration/gen_datasets_expo_dist.sh": "fde4710fb0eb9686e5cded8f15a0fee3f4bf4c1aac79d54b33035bd41161b0c5", "scripts/datasetGeneration/read_fvec.py": "ddfbf53b32f5a4901452bb857a249aad574f3a0b2f670e5c7e4d949ddd11eff0", "scripts/helper_slurm_funcs.sh": "07c438ecd05b128a0e822a7e6d42e333baa4016ddff871bb84263d9ffdc011c9", "scripts/monsoon_Copy.sh": "180da31efdc37e050f760282802109465ade5b00d6c043977438ac93c5a712cb", "sumSquared.cuh": "86663e7eefbad8bd7d892874349d98519efd0de2a3613dabcc1823968c3da560", "utils.cuh": "a1de3588244b9943bacb2dced76e594aa22164386b3176c5bf850dd0ea867594", "warpMma.cuh": "c1337d57bc0905e588b934d5f4676e9f909772df6f8bf9e02a3e72489feb6457"}, "upstream_archive": "artifacts/upstream/fasted_9af85ed8_source.tar.gz", "upstream_archive_sha256": "c91e7e7b83f700823a821ba999fd3abcf42a8095be4f1bafcfb6e81b43665250", "upstream_main_snapshot_sha256": "ff0c31fe149da7d665898b5999a7547bdfed9040673e7a156f3fda9b7c92a191", "upstream_revision": "9af85ed8edc818d5aa7cc0473187631adab3e6ba", "upstream_tree": "cb1b71b2b56ff59865c18211957d7fcc9781e3da"}
