timestamp=2026-09-02T23:10:04,157141282+00:00
hostname=gpu-host-8
user=uid=0(root) gid=0(root) groups=0(root)
cwd=@TENSORJOIN_ROOT@/tensorjoin_20260902_certified_exact_join
gpu_uuid=GPU-9bd364a9-9d88-0b78-ef55-caac6f73d6b1
Python 3.12.3
runner_sha256=6c38fa06383a2f5e08181b8135a55c9e10b58a6e6f4e172f27555aeb34fd9e9c
binary_sha256=71c0e8d8892d7f6e6e44d217fec095ecf1cc3c180b3ecb25590d573d321ef979
--- who ---
--- gpu ---
Wed Sep  2 23:10:04 2026       
+-----------------------------------------------------------------------------------------+
| NVIDIA-SMI 590.48.01              Driver Version: 590.48.01      CUDA Version: 13.1     |
+-----------------------------------------+------------------------+----------------------+
| GPU  Name                 Persistence-M | Bus-Id          Disp.A | Volatile Uncorr. ECC |
| Fan  Temp   Perf          Pwr:Usage/Cap |           Memory-Usage | GPU-Util  Compute M. |
|                                         |                        |               MIG M. |
|=========================================+========================+======================|
|   0  NVIDIA RTX PRO 6000 Blac...    Off |   00000000:16:00.0 Off |                    0 |
| N/A   27C    P8             34W /  600W |      14MiB /  97887MiB |      0%      Default |
|                                         |                        |             Disabled |
+-----------------------------------------+------------------------+----------------------+

+-----------------------------------------------------------------------------------------+
| Processes:                                                                              |
|  GPU   GI   CI              PID   Type   Process name                        GPU Memory |
|        ID   ID                                                               Usage      |
|=========================================================================================|
|  No running processes found                                                             |
+-----------------------------------------------------------------------------------------+
--- processes ---
2026-09-02T23:10:04,519800359+00:00 preflight_second=1 apps=''
2026-09-02T23:10:05,633241517+00:00 preflight_second=2 apps=''
2026-09-02T23:10:06,738492605+00:00 preflight_second=3 apps=''
2026-09-02T23:10:07,844066009+00:00 preflight_second=4 apps=''
2026-09-02T23:10:08,954541296+00:00 preflight_second=5 apps=''
2026-09-02T23:10:10,067600121+00:00 preflight_second=6 apps=''
2026-09-02T23:10:11,179175108+00:00 preflight_second=7 apps=''
2026-09-02T23:10:12,288311703+00:00 preflight_second=8 apps=''
2026-09-02T23:10:13,388948639+00:00 preflight_second=9 apps=''
2026-09-02T23:10:14,497970311+00:00 preflight_second=10 apps=''
2026-09-02T23:10:15,603203740+00:00 preflight_second=11 apps=''
2026-09-02T23:10:16,715537262+00:00 preflight_second=12 apps=''
2026-09-02T23:10:17,819682914+00:00 preflight_second=13 apps=''
2026-09-02T23:10:18,922122760+00:00 preflight_second=14 apps=''
2026-09-02T23:10:20,027846099+00:00 preflight_second=15 apps=''
2026-09-02T23:10:21,127423439+00:00 preflight_second=16 apps=''
2026-09-02T23:10:22,230179281+00:00 preflight_second=17 apps=''
2026-09-02T23:10:23,335140660+00:00 preflight_second=18 apps=''
2026-09-02T23:10:24,438123690+00:00 preflight_second=19 apps=''
2026-09-02T23:10:25,539338621+00:00 preflight_second=20 apps=''
2026-09-02T23:10:26,652137078+00:00 preflight_second=21 apps=''
2026-09-02T23:10:27,755127478+00:00 preflight_second=22 apps=''
2026-09-02T23:10:28,855518277+00:00 preflight_second=23 apps=''
2026-09-02T23:10:29,954541717+00:00 preflight_second=24 apps=''
2026-09-02T23:10:31,052135800+00:00 preflight_second=25 apps=''
2026-09-02T23:10:32,157349872+00:00 preflight_second=26 apps=''
2026-09-02T23:10:33,255525618+00:00 preflight_second=27 apps=''
2026-09-02T23:10:34,355219540+00:00 preflight_second=28 apps=''
2026-09-02T23:10:35,455495360+00:00 preflight_second=29 apps=''
2026-09-02T23:10:36,553276742+00:00 preflight_second=30 apps=''
