COMMAND ["@TENSORJOIN_ROOT@/isaacsim6/env/bin/python", "@TENSORJOIN_ROOT@/tensorjoin_20260902_certified_exact_join/src/run_g2b_mistic_public.py", "--record-id", "r6_p0_a0", "--phase", "formal"]
RUN_START {"binary_sha256": "20739abefe2fc21cfb93ec70b0c9cddbde20b76dc896243c72336981c402326a", "cuda_visible_devices": "0", "epsilon": 0.62890625, "excluded_after_timer": ["disk_serialization", "pair_file_reload", "hashing", "correctness_checks", "json_write"], "excluded_before_timer": ["file_io", "process_startup", "cuda_context_initialization"], "experiment_id": "tensorjoin_20260903_g2b_public_screen", "host": "gpu-host-8", "metadata_sha256": "5c8daf9cba6cbd83390d467b53ebb4a97521638a038837df2fe7f91bfc041ae4", "method": "mistic_fp64", "method_dtype": "float64 exact widening", "numpy": "2.3.1", "phase": "formal", "python": "3.12.3 (main, Jun 19 2026, 12:46:00) [GCC 13.3.0]", "record_id": "r6_p0_a0", "runner_sha256": "2d6681adaeaff82df7e4b29e4ddf2657292fddf01225625617335bb30d6f7e6d", "shape": [60000, 512], "smoke_summary_sha256": "b68f1d56e45d550b2cea60029e21a818c0cbd9b3dd3d84e39fbac27b561a101c", "source_dtype": "float32", "source_raw_sha256": "f7b51da49d6555fff8e094584b27c8c5c4efbfdcde1db2b7f86e58d9142af326", "threshold_d2": 0.3955230712890625, "timing_scope": "f32 pageable host -> sorted canonical u64 host"}

Time to read in file: 0.071371

Number points: 60000 
Number Dimensions: 512 
Number Reference Points: 0 
Number Concurent Streams: 2
Block Size: 256, Kernel Blocks: 1024
Using dynamic searching
Distance Threshold: 0.628906 
*********************************

Predicted calcsPerSecond: 15372
SubGraph 0 Layer 0 Selecting RP 37 with Nodes: 1 and calcs: 3600000000 and stdev 0.000000:: Predicted time: 0.000000, Actual Time: 0.016841
Build Time: 0.016841, Calc Time: 234192.037471, reduction -234192.037471
############################################
Predicted calcsPerSecond: 46917
SubGraph 0 Layer 1 Selecting RP 35 with Nodes: 1 and calcs: 3600000000 and stdev 0.000000:: Predicted time: 0.016841, Actual Time: 0.018594
Build Time: 0.018594, Calc Time: 76731.248801, reduction 157460.788670
############################################
Predicted calcsPerSecond: 93682
SubGraph 0 Layer 2 Selecting RP 33 with Nodes: 1 and calcs: 3600000000 and stdev 0.000000:: Predicted time: 0.018594, Actual Time: 0.017334
Build Time: 0.017334, Calc Time: 38427.873017, reduction 38303.375784
############################################
Predicted calcsPerSecond: 164311
SubGraph 0 Layer 3 Selecting RP 35 with Nodes: 1 and calcs: 3600000000 and stdev 0.000000:: Predicted time: 0.017334, Actual Time: 0.016891
Build Time: 0.016891, Calc Time: 21909.671294, reduction 16518.201723
############################################
Predicted calcsPerSecond: 270547
SubGraph 0 Layer 4 Selecting RP 33 with Nodes: 1 and calcs: 3600000000 and stdev 0.000000:: Predicted time: 0.016891, Actual Time: 0.016808
Build Time: 0.016808, Calc Time: 13306.375602, reduction 8603.295692
############################################
Predicted calcsPerSecond: 430240
SubGraph 0 Layer 5 Selecting RP 32 with Nodes: 1 and calcs: 3600000000 and stdev 0.000000:: Predicted time: 0.016808, Actual Time: 0.016568
Build Time: 0.016568, Calc Time: 8367.422834, reduction 4938.952768
############################################
Final graph has 1 nodes, 3600000000 calcs total
Node Construct time: 0.271811
Batchs: 1
Batch 0 Results: 3926078
Total results Set Size: 3926078 
Kernel Time: 3.580198
G2B_PUBLIC_SECONDS=4.643989272
G2B_PUBLIC_OUTPUT_PAIRS=3926078
G2B_ADAPTER raw_kernel_pairs=3926078 normalized_self_insertions=0 invalid_positions=0 output_pairs=3926078
Node Laucnher time: 4.052926
Total Time: 4.626793

0.628906 60000 32 6 1 3600000000 0.271811 1 1.000000 3.5802 3926078 4.052926 4.626794 
RUN_COMPLETE {"binary_sha256": "20739abefe2fc21cfb93ec70b0c9cddbde20b76dc896243c72336981c402326a", "command": ["@TENSORJOIN_ROOT@/tensorjoin_20260902_certified_exact_join/adapters/mistic_g2b_public/build/main_d512", "@TENSORJOIN_ROOT@/tensorjoin_20260902_certified_exact_join/data/g2b_cifar60000/vectors_f32.raw", "512", "0", "0.62890625"], "correctness": {"canonical_pair_count": 3926078, "canonical_raw_u64_sha256": "13cae87e6a0f75a13f3e9a7881b33c42ab77680f6d13e99dcc00fa2de5963495", "duplicate_pairs": 0, "emitted_count": 3926078, "emitted_count_matches_file": true, "exact_contract_pass": true, "expected_pair_count": 3926078, "expected_raw_u64_sha256": "13cae87e6a0f75a13f3e9a7881b33c42ab77680f6d13e99dcc00fa2de5963495", "invalid_pairs": 0, "self_pairs": 60000, "sorted_output": true, "symmetry_missing_pairs": 0}, "cuda_visible_devices": "0", "epsilon": 0.62890625, "excluded_after_timer": ["disk_serialization", "pair_file_reload", "hashing", "correctness_checks", "json_write"], "excluded_before_timer": ["file_io", "process_startup", "cuda_context_initialization"], "experiment_id": "tensorjoin_20260903_g2b_public_screen", "host": "gpu-host-8", "max_rss_kib_after_run_wrapper_only": 368308, "max_rss_kib_mistic_child": 1035400, "measurement_status": "formal_public_denominator_exact_keeper", "metadata_sha256": "5c8daf9cba6cbd83390d467b53ebb4a97521638a038837df2fe7f91bfc041ae4", "method": "mistic_fp64", "method_dtype": "float64 exact widening", "numpy": "2.3.1", "pair_file": "artifacts/g2b_public_formal/mistic_r6_p0_a0.u64.bin", "pair_file_bytes": 31408624, "pair_file_sha256": "13cae87e6a0f75a13f3e9a7881b33c42ab77680f6d13e99dcc00fa2de5963495", "phase": "formal", "public_seconds": 4.643989272, "python": "3.12.3 (main, Jun 19 2026, 12:46:00) [GCC 13.3.0]", "record_id": "r6_p0_a0", "runner_sha256": "2d6681adaeaff82df7e4b29e4ddf2657292fddf01225625617335bb30d6f7e6d", "shape": [60000, 512], "smoke_summary_sha256": "b68f1d56e45d550b2cea60029e21a818c0cbd9b3dd3d84e39fbac27b561a101c", "source_dtype": "float32", "source_raw_sha256": "f7b51da49d6555fff8e094584b27c8c5c4efbfdcde1db2b7f86e58d9142af326", "threshold_d2": 0.3955230712890625, "timing_scope": "f32 pageable host -> sorted canonical u64 host"}
