timestamp=2026-09-02T23:11:38,266944480+00:00
hostname=gpu-host-8
user=uid=0(root) gid=0(root) groups=0(root)
cwd=@TENSORJOIN_ROOT@/tensorjoin_20260902_certified_exact_join
gpu_uuid=GPU-9bd364a9-9d88-0b78-ef55-caac6f73d6b1
Python 3.12.3
runner_sha256=6c38fa06383a2f5e08181b8135a55c9e10b58a6e6f4e172f27555aeb34fd9e9c
binary_sha256=71c0e8d8892d7f6e6e44d217fec095ecf1cc3c180b3ecb25590d573d321ef979
--- who ---
--- gpu ---
Wed Sep  2 23:11:38 2026       
+-----------------------------------------------------------------------------------------+
| NVIDIA-SMI 590.48.01              Driver Version: 590.48.01      CUDA Version: 13.1     |
+-----------------------------------------+------------------------+----------------------+
| GPU  Name                 Persistence-M | Bus-Id          Disp.A | Volatile Uncorr. ECC |
| Fan  Temp   Perf          Pwr:Usage/Cap |           Memory-Usage | GPU-Util  Compute M. |
|                                         |                        |               MIG M. |
|=========================================+========================+======================|
|   0  NVIDIA RTX PRO 6000 Blac...    Off |   00000000:16:00.0 Off |                    0 |
| N/A   28C    P8             35W /  600W |      14MiB /  97887MiB |      0%      Default |
|                                         |                        |             Disabled |
+-----------------------------------------+------------------------+----------------------+

+-----------------------------------------------------------------------------------------+
| Processes:                                                                              |
|  GPU   GI   CI              PID   Type   Process name                        GPU Memory |
|        ID   ID                                                               Usage      |
|=========================================================================================|
|  No running processes found                                                             |
+-----------------------------------------------------------------------------------------+
--- processes ---
2026-09-02T23:11:38,623779214+00:00 preflight_second=1 apps=''
2026-09-02T23:11:39,727276497+00:00 preflight_second=2 apps=''
2026-09-02T23:11:40,836165529+00:00 preflight_second=3 apps=''
2026-09-02T23:11:41,938355563+00:00 preflight_second=4 apps=''
2026-09-02T23:11:43,041982585+00:00 preflight_second=5 apps=''
2026-09-02T23:11:44,146340759+00:00 preflight_second=6 apps=''
2026-09-02T23:11:45,255104723+00:00 preflight_second=7 apps=''
2026-09-02T23:11:46,353194091+00:00 preflight_second=8 apps=''
2026-09-02T23:11:47,456840856+00:00 preflight_second=9 apps=''
2026-09-02T23:11:48,567140306+00:00 preflight_second=10 apps=''
2026-09-02T23:11:49,678371129+00:00 preflight_second=11 apps=''
2026-09-02T23:11:50,788276125+00:00 preflight_second=12 apps=''
2026-09-02T23:11:51,893164332+00:00 preflight_second=13 apps=''
2026-09-02T23:11:53,000650473+00:00 preflight_second=14 apps=''
2026-09-02T23:11:54,103115414+00:00 preflight_second=15 apps=''
2026-09-02T23:11:55,212747702+00:00 preflight_second=16 apps=''
2026-09-02T23:11:56,316749817+00:00 preflight_second=17 apps=''
2026-09-02T23:11:57,415935360+00:00 preflight_second=18 apps=''
2026-09-02T23:11:58,516002016+00:00 preflight_second=19 apps=''
2026-09-02T23:11:59,626588885+00:00 preflight_second=20 apps=''
2026-09-02T23:12:00,728523976+00:00 preflight_second=21 apps=''
2026-09-02T23:12:01,825137732+00:00 preflight_second=22 apps=''
2026-09-02T23:12:02,937797758+00:00 preflight_second=23 apps=''
2026-09-02T23:12:04,044215154+00:00 preflight_second=24 apps=''
2026-09-02T23:12:05,149692248+00:00 preflight_second=25 apps=''
2026-09-02T23:12:06,255925393+00:00 preflight_second=26 apps=''
2026-09-02T23:12:07,356529040+00:00 preflight_second=27 apps=''
2026-09-02T23:12:08,458401750+00:00 preflight_second=28 apps=''
2026-09-02T23:12:09,563058940+00:00 preflight_second=29 apps=''
2026-09-02T23:12:10,674118315+00:00 preflight_second=30 apps=''
