{
  "canonical_pair_count": 3926078,
  "canonical_raw_u64_sha256": "13cae87e6a0f75a13f3e9a7881b33c42ab77680f6d13e99dcc00fa2de5963495",
  "cpu_accepted_audit": {
    "audited_upper_pairs": 1993039,
    "closest_inside_d2_gap": -3.978849999475287e-08,
    "outside_contract_count": 0,
    "sequential_squared_contract_pass": true
  },
  "decision": "exact_smoke_accepted_public_timing_adapter_required",
  "effective_epsilon_d2": 0.3955230712890625,
  "epsilon": 0.62890625,
  "exact_correctness_resource_gate_pass": true,
  "experiment_id": "tensorjoin_20260903_cifar60000_g2b_exact_smoke",
  "formal_timing_result": "not_run",
  "historical_count_discrepancy": {
    "adjudication": "PROTOCOL_G2 forbids using FaSTED's published count as the oracle; current three-way canonical IDs govern this frozen source",
    "current_frozen_source_three_way_count": 3926078,
    "difference": 4,
    "pinned_fasted_fp64_gds_record": 3926074,
    "status": "unresolved input/provenance contract mismatch; historical count is diagnostic only"
  },
  "methods": {
    "gds": {
      "complete_self": true,
      "complete_symmetry": true,
      "diagnostic_only_no_performance_claim": true,
      "pair_count": 3926078,
      "pair_hash": "13cae87e6a0f75a13f3e9a7881b33c42ab77680f6d13e99dcc00fa2de5963495",
      "zero_duplicates": true
    },
    "mistic": {
      "complete_self": true,
      "complete_symmetry": true,
      "diagnostic_only_no_performance_claim": true,
      "pair_count": 3926078,
      "pair_hash": "13cae87e6a0f75a13f3e9a7881b33c42ab77680f6d13e99dcc00fa2de5963495",
      "zero_duplicates": true
    },
    "tensorjoin": {
      "complete_self": true,
      "complete_symmetry": true,
      "diagnostic_only_no_performance_claim": true,
      "pair_count": 3926078,
      "pair_hash": "13cae87e6a0f75a13f3e9a7881b33c42ab77680f6d13e99dcc00fa2de5963495",
      "zero_duplicates": true
    }
  },
  "performance_claim_allowed": false,
  "runner_exit_note": "GDS and TensorJoin smoke runners returned nonzero because they incorrectly promoted the diagnostic historical count into a local pass condition; their complete outputs are retained and adjudicated here without rerunning or rewriting them.",
  "shape": [
    60000,
    512
  ],
  "source_hashes": {
    "DESIGN_G2B.md": "6b56e80079448501b3c3fdaccc7adac01e5da7b197c247b2bf3964a8851cd195",
    "PROTOCOL_G2.md": "e352189b816b2c36a8c6d8ad139d9291baa5020687e382de03886adf81d32cf8",
    "artifacts/g2b/gds_pairs_u64_le.bin": "13cae87e6a0f75a13f3e9a7881b33c42ab77680f6d13e99dcc00fa2de5963495",
    "artifacts/g2b/mistic_pairs_u64_le.bin": "13cae87e6a0f75a13f3e9a7881b33c42ab77680f6d13e99dcc00fa2de5963495",
    "artifacts/g2b/tensorjoin_pairs_u64_le.bin": "13cae87e6a0f75a13f3e9a7881b33c42ab77680f6d13e99dcc00fa2de5963495",
    "raw/g2b_accepted_cpu_fp64_audit.log": "42d54a792361faeeaed87e31335ee0e6f208b9030be77a27cee9c22971ab37e2",
    "raw/g2b_gds_smoke.log": "06778646eed0985f2e5ddd611db98fc94e8063a3e06dde3733ad3e94b32be98a",
    "raw/g2b_gds_smoke_occupancy.log": "1d1e5030d9926b0ff66d74d593d54879dc6af4e889f6cb360bdfb7e4580e1be7",
    "raw/g2b_gds_smoke_preflight.log": "5a1ea54e266c4030c701f3ab816fb438ca7a70395a2a925cd424726ac7c2a217",
    "raw/g2b_mistic_smoke.log": "bb58c795ca82122066923b0f2b6f198c769ccd214a5f5d0c64c234882681d0d9",
    "raw/g2b_mistic_smoke_occupancy.log": "81b340a1364d1e6b5234cf23b1b27c51d28b736a851ce6db62b22b6aea39d68a",
    "raw/g2b_mistic_smoke_preflight.log": "5cb442b01bbd703a4fcd4a37688cfdc766f18eef2e4769d86aa333e5868a7a0d",
    "raw/g2b_tensorjoin_smoke.log": "3c7d8ea04cc85a3d6174afbcbd9ce0f61988b4c6a9bd8b19b6c1f7ec11fba161",
    "raw/g2b_tensorjoin_smoke_occupancy.log": "326261caf8b0d9ce9d5700ee9980fb44ad739fdbdfd028ccc76016542ecea439",
    "raw/g2b_tensorjoin_smoke_preflight.log": "c8ddca7447d0954d9fb58d4598b797a43a6d0815047c655c5c344da486ea9881",
    "results/g2b_accepted_cpu_fp64_audit.json": "f14541745fcd6553933226dff27dabcafbfdc34358c7f9cfa7fce5e8cab0c50b",
    "results/g2b_gds_smoke.json": "f9f342e97fc92fcde452274456158bdb889f105cd76dbf2769cee52314980c38",
    "results/g2b_mistic_smoke.json": "0b1002dd67fe3a6030720b22dbc3f1c90c7919a7046d117c627193e9cb9f2481",
    "results/g2b_tensorjoin_smoke.json": "60df1c34c251eb6005ff3c9262f2adf4df9addbaf3065d1a5a386d3ebc50d5a3",
    "src/audit_g2b_accepted_fp64.py": "2b183fc7983076b8a2415c39990284112b6bb8f6f5ce049d219b61cadd3908b3",
    "src/run_g2b_gds_smoke.py": "b3e2b3e315954ba6967b31bfaa4deaaad9b854d3de6139bf7ce8ec1af5bf24ea",
    "src/run_g2b_mistic_smoke.py": "6c38fa06383a2f5e08181b8135a55c9e10b58a6e6f4e172f27555aeb34fd9e9c",
    "src/run_g2b_tensorjoin_smoke.py": "9cad53934437444af7156dffda98bb9e1b51e60b9e7598e58c50dfae5535ddd7"
  },
  "tensorjoin_work": {
    "accepted_upper_pairs": 1993039,
    "ambiguity_fraction_of_upper": 0.0010174613756437393,
    "ambiguous_upper_pairs": 1831461,
    "batch_count": 108,
    "direct_accept_upper_pairs": 1277154,
    "fp32_accept_upper_pairs": 681650,
    "fp64_fraction_of_ambiguity": 0.03787031228074199,
    "fp64_refine_upper_pairs": 69358,
    "overflow_events": 0,
    "scheduled_tiles": 440391,
    "torch_peak_memory_allocated_bytes": 593544704,
    "torch_peak_memory_reserved_bytes": 612368384,
    "upper_comparisons": 1800030000
  }
}
