COMMAND ["@TENSORJOIN_ROOT@/isaacsim6/env/bin/python", "@TENSORJOIN_ROOT@/tensorjoin_20260902_certified_exact_join/src/run_g2b_fasted_public.py", "--record-id", "r0_p2_a0", "--phase", "formal"]
RUN_START {"binary_sha256": "aa047a4843c02fab42c0496c6e49a0defddea42823c2ab2ba7c8a9c76abb1e2f", "build_receipt_sha256": "9e728c76aea9e4052b16faf968a57571e5636fbe338a31e2b112d99fd0bccfec", "cuda_visible_devices": "0", "epsilon": 0.62890625, "exact_pair_file_sha256": "13cae87e6a0f75a13f3e9a7881b33c42ab77680f6d13e99dcc00fa2de5963495", "excluded_after_timer": ["disk_serialization", "pair_file_reload", "quality_comparison", "hashing", "json_write"], "excluded_before_timer": ["file_io", "process_startup", "cuda_context_initialization"], "experiment_id": "tensorjoin_20260903_g2b_fasted_public_context", "host": "gpu-host-8", "method": "fasted_fp16_input_fp32_accumulation_context_only", "method_accumulation_dtype": "fp32", "method_input_dtype": "fp16", "numpy": "2.3.1", "phase": "formal", "python": "3.12.3 (main, Jun 19 2026, 12:46:00) [GCC 13.3.0]", "quality_contract": "approximate_relative_to_frozen_fp64_exact_output", "record_id": "r0_p2_a0", "redistribution_status": "private evaluation only; pinned source had no license file", "runner_sha256": "a08e6f2203aabea858a3092413b44d3fcfd2c5c8523bb580c38a9e5ca1b5c5d4", "shape": [60000, 512], "source_dtype": "float32", "source_raw_sha256": "f7b51da49d6555fff8e094584b27c8c5c4efbfdcde1db2b7f86e58d9142af326", "threshold_d2": 0.3955230712890625, "timing_scope": "f32 pageable host -> sorted canonical u64 host"}
Query vector has 30932992 elements
Candidate vector has 30932992 elements
Allocating 61865984 bytes for query points
Allocating 61865984 bytes for candidate points
Number of pairs found 3926610
Number of pairs stored 3926610
Total Elapsed time: 0.080084 seconds
Total Kernel Elapsed time: 0.024266 seconds
SumSquard Kernel Elapsed time: 0.002056 seconds
FindPairs Kernel Elapsed time: 0.022211 seconds
Pairs sort Elapsed time: 0.035293 seconds
Pairs found: 3926610
Estimated TFLOPS 151.913
G2B_PUBLIC_SECONDS=0.217382001
G2B_PUBLIC_OUTPUT_PAIRS=3926610
FASTED_G2B_PAIRS_FOUND=3926610
FASTED_G2B_PAIRS_STORED=3926610
FASTED_G2B_MATERIALIZED_PAIRS=3926610
FASTED_G2B_INVALID_PAIRS=0
FASTED_G2B_PADDED_SHAPE=60416,60416,512
RUN_COMPLETE {"approximate_only_pairs": 1130, "binary_sha256": "aa047a4843c02fab42c0496c6e49a0defddea42823c2ab2ba7c8a9c76abb1e2f", "build_receipt_sha256": "9e728c76aea9e4052b16faf968a57571e5636fbe338a31e2b112d99fd0bccfec", "canonical_raw_u64_sha256": "e3cecea9a02fc3ca2098ba09f53722ecf1a74e6af1093e51fe1996914924da29", "command": ["@TENSORJOIN_ROOT@/tensorjoin_20260902_certified_exact_join/adapters/fasted_g2b_public/build/main", "@TENSORJOIN_ROOT@/tensorjoin_20260902_certified_exact_join/data/g2b_cifar60000/vectors_f32.raw", "512", "0.62890625"], "cuda_visible_devices": "0", "duplicate_pairs": 0, "epsilon": 0.62890625, "exact_intersection_pairs": 3925480, "exact_only_pairs": 598, "exact_pair_file_sha256": "13cae87e6a0f75a13f3e9a7881b33c42ab77680f6d13e99dcc00fa2de5963495", "excluded_after_timer": ["disk_serialization", "pair_file_reload", "quality_comparison", "hashing", "json_write"], "excluded_before_timer": ["file_io", "process_startup", "cuda_context_initialization"], "experiment_id": "tensorjoin_20260903_g2b_fasted_public_context", "f1": 0.9997799479617681, "first_approximate_only_pairs": [2548913, 4955950, 11476116, 19054023, 22798185, 31448526, 37355507, 39374383, 39538134, 41569870, 42653146, 43248008, 45785222, 45991879, 46937832, 51162132], "first_exact_only_pairs": [12817377, 14554272, 20839494, 20848729, 22741168, 24237354, 24568769, 28543700, 29861688, 29867524, 33275371, 36008763, 44954037, 44956313, 44986854, 47776441], "host": "gpu-host-8", "invalid_pairs": 0, "invalid_pairs_emitted": 0, "materialized_pairs": 3926610, "max_rss_kib_after_run_wrapper_only": 345556, "max_rss_kib_fasted_child": 353580, "measurement_status": "formal_context_same_public_denominator_not_an_exact_keeper", "method": "fasted_fp16_input_fp32_accumulation_context_only", "method_accumulation_dtype": "fp32", "method_input_dtype": "fp16", "numpy": "2.3.1", "output_pairs": 3926610, "pair_file": "artifacts/g2b_public_formal/fasted_r0_p2_a0.u64.bin", "pair_file_bytes": 31412880, "pair_file_sha256": "e3cecea9a02fc3ca2098ba09f53722ecf1a74e6af1093e51fe1996914924da29", "pairs_found": 3926610, "pairs_stored": 3926610, "phase": "formal", "precision": 0.9997122199556361, "public_seconds": 0.217382001, "python": "3.12.3 (main, Jun 19 2026, 12:46:00) [GCC 13.3.0]", "quality_contract": "approximate_relative_to_frozen_fp64_exact_output", "recall": 0.9998476851453283, "record_id": "r0_p2_a0", "redistribution_status": "private evaluation only; pinned source had no license file", "runner_sha256": "a08e6f2203aabea858a3092413b44d3fcfd2c5c8523bb580c38a9e5ca1b5c5d4", "shape": [60000, 512], "sorted_output": true, "source_dtype": "float32", "source_raw_sha256": "f7b51da49d6555fff8e094584b27c8c5c4efbfdcde1db2b7f86e58d9142af326", "structural_context_pass": true, "threshold_d2": 0.3955230712890625, "timing_scope": "f32 pageable host -> sorted canonical u64 host"}
