COMMAND ["/usr/local/bin/compute-sanitizer", "--tool", "memcheck", "--target-processes", "all", "--error-exitcode", "99", "--leak-check", "full", "@TENSORJOIN_ROOT@/isaacsim6/env/bin/python", "@TENSORJOIN_ROOT@/tensorjoin_20260902_certified_exact_join/src/run_g2b_tensorjoin_safety.py", "--record-id", "memcheck", "--iterations", "2"]
========= COMPUTE-SANITIZER
RUN_START {"capacity": 40960, "compute_capability": [12, 0], "cuda_visible_devices": "0", "experiment_id": "tensorjoin_20260903_g2b_tensorjoin_safety", "full_pair_file_sha256": "13cae87e6a0f75a13f3e9a7881b33c42ab77680f6d13e99dcc00fa2de5963495", "full_shape": [60000, 512], "gpu": "NVIDIA RTX PRO 6000 Blackwell Server Edition", "host": "gpu-host-8", "iterations": 2, "numpy": "2.3.1", "oracle_pair_count": 52832, "oracle_raw_u64_sha256": "1ad53d7a499f5ba078afeabac1234c35f51b3e2d5bd1b8b3a5cb283bf268483b", "pointer_buffer_sets": 2, "python": "3.12.3 (main, Jun 19 2026, 12:46:00) [GCC 13.3.0]", "record_id": "memcheck", "runner_sha256": "974e6039df34115f0ad4f64e51d439e4454b49e2ff9682b7bd27465c04b45b49", "safety_shape": [256, 512], "scheduled_tiles": 10, "selected_original_ids_sha256": "0bf4ffa692e8b42f27961076ed0928c4f861e56be0de59a6d66bd65f316e12be", "source_npy_sha256": "95048090f7834759a0f0fffb41a663807f8ef1c2255a5412f045071fdbd6198c", "subset_rule": "top directed degree; original-id tie break", "threshold_d2": 0.3955230712890625, "tile_extent": 4, "torch": "2.11.0+cu130", "triton": "3.6.0"}
STRESS_PROGRESS {"completed_iterations": 1, "output_mismatches": 0, "overflow_events": 0, "stage_count_mismatches": 0}
STRESS_PROGRESS {"completed_iterations": 2, "output_mismatches": 0, "overflow_events": 0, "stage_count_mismatches": 0}
RUN_COMPLETE {"all_three_precision_stages_exercised": true, "capacity": 40960, "completed_iterations": 2, "compute_capability": [12, 0], "cuda_visible_devices": "0", "elapsed_seconds_diagnostic": 1.6409985049976967, "experiment_id": "tensorjoin_20260903_g2b_tensorjoin_safety", "full_pair_file_sha256": "13cae87e6a0f75a13f3e9a7881b33c42ab77680f6d13e99dcc00fa2de5963495", "full_shape": [60000, 512], "gpu": "NVIDIA RTX PRO 6000 Blackwell Server Edition", "host": "gpu-host-8", "iterations": 2, "max_rss_kib_after_run": 958692, "measurement_status": "correctness_safety_only_no_performance_claim", "numpy": "2.3.1", "observed_output_hash": "1ad53d7a499f5ba078afeabac1234c35f51b3e2d5bd1b8b3a5cb283bf268483b", "oracle_pair_count": 52832, "oracle_raw_u64_sha256": "1ad53d7a499f5ba078afeabac1234c35f51b3e2d5bd1b8b3a5cb283bf268483b", "output_mismatches": 0, "overflow_events": 0, "pointer_buffer_sets": 2, "python": "3.12.3 (main, Jun 19 2026, 12:46:00) [GCC 13.3.0]", "record_id": "memcheck", "runner_sha256": "974e6039df34115f0ad4f64e51d439e4454b49e2ff9682b7bd27465c04b45b49", "safety_pass": true, "safety_shape": [256, 512], "scheduled_tiles": 10, "selected_original_ids_sha256": "0bf4ffa692e8b42f27961076ed0928c4f861e56be0de59a6d66bd65f316e12be", "source_npy_sha256": "95048090f7834759a0f0fffb41a663807f8ef1c2255a5412f045071fdbd6198c", "stage_count_mismatches": 0, "stage_counts_direct_ambiguous_fp32_accept_fp64_refine_equality": [24431, 3753, 2032, 183, 0], "subset_rule": "top directed degree; original-id tie break", "threshold_d2": 0.3955230712890625, "tile_extent": 4, "torch": "2.11.0+cu130", "torch_peak_memory_allocated_bytes": 2757632, "torch_peak_memory_reserved_bytes": 4194304, "total_core_kernel_launches": 6, "triton": "3.6.0"}
========= Leaked 2097152 bytes at 0x7068faa00000
=========     Saved host backtrace up to driver entry point at allocation time
=========         Host Frame:  [0x41b5d] in libcudart.so.13
=========         Host Frame:  [0x146f2] in libcudart.so.13
=========         Host Frame: cudaMalloc [0x50c56] in libcudart.so.13
=========         Host Frame: c10::cuda::CUDACachingAllocator::Native::DeviceCachingAllocator::alloc_block(c10::cuda::CUDACachingAllocator::Native::(anonymous namespace)::AllocParams&, bool, std::shared_ptr<c10::GatheredContext> const&, std::unique_lock<std::recursive_mutex>&) [0x2f4ca] in libc10_cuda.so
=========         Host Frame: c10::cuda::CUDACachingAllocator::Native::DeviceCachingAllocator::malloc(unsigned long, CUstream_st*) [0x42727] in libc10_cuda.so
=========         Host Frame: c10::cuda::CUDACachingAllocator::Native::NativeCachingAllocator::malloc(void**, signed char, unsigned long, CUstream_st*) [0x445e1] in libc10_cuda.so
=========         Host Frame: c10::cuda::CUDACachingAllocator::Native::NativeCachingAllocator::allocate(unsigned long) [0x44c9e] in libc10_cuda.so
=========         Host Frame: at::detail::empty_strided_generic(c10::ArrayRef<long>, c10::ArrayRef<long>, c10::Allocator*, c10::DispatchKeySet, c10::ScalarType) [0x1978a94] in libtorch_cpu.so
=========         Host Frame: at::detail::empty_strided_cuda(c10::ArrayRef<long>, c10::ArrayRef<long>, c10::ScalarType, std::optional<c10::Device>) [0xcd073d] in libtorch_cuda.so
=========         Host Frame: at::detail::empty_strided_cuda(c10::ArrayRef<long>, c10::ArrayRef<long>, std::optional<c10::ScalarType>, std::optional<c10::Layout>, std::optional<c10::Device>, std::optional<bool>) [0xcd094e] in libtorch_cuda.so
=========         Host Frame: at::native::empty_strided_cuda(c10::ArrayRef<long>, c10::ArrayRef<long>, std::optional<c10::ScalarType>, std::optional<c10::Layout>, std::optional<c10::Device>, std::optional<bool>) [0xfea288] in libtorch_cuda.so
=========         Host Frame: at::(anonymous namespace)::(anonymous namespace)::wrapper_CUDA__empty_strided(c10::ArrayRef<c10::SymInt>, c10::ArrayRef<c10::SymInt>, std::optional<c10::ScalarType>, std::optional<c10::Layout>, std::optional<c10::Device>, std::optional<bool>) [0x36aaccc] in libtorch_cuda.so
=========         Host Frame: c10::impl::wrap_kernel_functor_unboxed_<c10::impl::detail::WrapFunctionIntoFunctor_<c10::CompileTimeFunctionPointer<at::Tensor (c10::ArrayRef<c10::SymInt>, c10::ArrayRef<c10::SymInt>, std::optional<c10::ScalarType>, std::optional<c10::Layout>, std::optional<c10::Device>, std::optional<bool>), &at::(anonymous namespace)::(anonymous namespace)::wrapper_CUDA__empty_strided>, at::Tensor, c10::guts::typelist::typelist<c10::ArrayRef<c10::SymInt>, c10::ArrayRef<c10::SymInt>, std::optional<c10::ScalarType>, std::optional<c10::Layout>, std::optional<c10::Device>, std::optional<bool> > >, at::Tensor (c10::ArrayRef<c10::SymInt>, c10::ArrayRef<c10::SymInt>, std::optional<c10::ScalarType>, std::optional<c10::Layout>, std::optional<c10::Device>, std::optional<bool>)>::call(c10::OperatorKernel*, c10::DispatchKeySet, c10::ArrayRef<c10::SymInt>, c10::ArrayRef<c10::SymInt>, std::optional<c10::ScalarType>, std::optional<c10::Layout>, std::optional<c10::Device>, std::optional<bool>) [0x36aadce] in libtorch_cuda.so
=========         Host Frame: at::_ops::empty_strided::redispatch(c10::DispatchKeySet, c10::ArrayRef<c10::SymInt>, c10::ArrayRef<c10::SymInt>, std::optional<c10::ScalarType>, std::optional<c10::Layout>, std::optional<c10::Device>, std::optional<bool>) [0x2ab0024] in libtorch_cpu.so
=========         Host Frame: c10::impl::wrap_kernel_functor_unboxed_<c10::impl::detail::WrapFunctionIntoFunctor_<c10::CompileTimeFunctionPointer<at::Tensor (c10::ArrayRef<c10::SymInt>, c10::ArrayRef<c10::SymInt>, std::optional<c10::ScalarType>, std::optional<c10::Layout>, std::optional<c10::Device>, std::optional<bool>), &at::(anonymous namespace)::empty_strided>, at::Tensor, c10::guts::typelist::typelist<c10::ArrayRef<c10::SymInt>, c10::ArrayRef<c10::SymInt>, std::optional<c10::ScalarType>, std::optional<c10::Layout>, std::optional<c10::Device>, std::optional<bool> > >, at::Tensor (c10::ArrayRef<c10::SymInt>, c10::ArrayRef<c10::SymInt>, std::optional<c10::ScalarType>, std::optional<c10::Layout>, std::optional<c10::Device>, std::optional<bool>)>::call(c10::OperatorKernel*, c10::DispatchKeySet, c10::ArrayRef<c10::SymInt>, c10::ArrayRef<c10::SymInt>, std::optional<c10::ScalarType>, std::optional<c10::Layout>, std::optional<c10::Device>, std::optional<bool>) [0x2f19a7d] in libtorch_cpu.so
=========         Host Frame: at::_ops::empty_strided::call(c10::ArrayRef<c10::SymInt>, c10::ArrayRef<c10::SymInt>, std::optional<c10::ScalarType>, std::optional<c10::Layout>, std::optional<c10::Device>, std::optional<bool>) [0x2b86cb7] in libtorch_cpu.so
=========         Host Frame: at::empty_strided(c10::ArrayRef<long>, c10::ArrayRef<long>, c10::TensorOptions) [0x21e8c37] in libtorch_cpu.so
=========         Host Frame: at::native::_to_copy(at::Tensor const&, std::optional<c10::ScalarType>, std::optional<c10::Layout>, std::optional<c10::Device>, std::optional<bool>, bool, std::optional<c10::MemoryFormat>) [0x21e7484] in libtorch_cpu.so
=========         Host Frame: c10::impl::wrap_kernel_functor_unboxed_<c10::impl::detail::WrapFunctionIntoFunctor_<c10::CompileTimeFunctionPointer<at::Tensor (at::Tensor const&, std::optional<c10::ScalarType>, std::optional<c10::Layout>, std::optional<c10::Device>, std::optional<bool>, bool, std::optional<c10::MemoryFormat>), &at::(anonymous namespace)::(anonymous namespace)::wrapper_CompositeExplicitAutograd___to_copy>, at::Tensor, c10::guts::typelist::typelist<at::Tensor const&, std::optional<c10::ScalarType>, std::optional<c10::Layout>, std::optional<c10::Device>, std::optional<bool>, bool, std::optional<c10::MemoryFormat> > >, at::Tensor (at::Tensor const&, std::optional<c10::ScalarType>, std::optional<c10::Layout>, std::optional<c10::Device>, std::optional<bool>, bool, std::optional<c10::MemoryFormat>)>::call(c10::OperatorKernel*, c10::DispatchKeySet, at::Tensor const&, std::optional<c10::ScalarType>, std::optional<c10::Layout>, std::optional<c10::Device>, std::optional<bool>, bool, std::optional<c10::MemoryFormat>) [0x31bca4b] in libtorch_cpu.so
=========         Host Frame: at::_ops::_to_copy::redispatch(c10::DispatchKeySet, at::Tensor const&, std::optional<c10::ScalarType>, std::optional<c10::Layout>, std::optional<c10::Device>, std::optional<bool>, bool, std::optional<c10::MemoryFormat>) [0x27949a1] in libtorch_cpu.so
=========         Host Frame: c10::impl::wrap_kernel_functor_unboxed_<c10::impl::detail::WrapFunctionIntoFunctor_<c10::CompileTimeFunctionPointer<at::Tensor (at::Tensor const&, std::optional<c10::ScalarType>, std::optional<c10::Layout>, std::optional<c10::Device>, std::optional<bool>, bool, std::optional<c10::MemoryFormat>), &at::(anonymous namespace)::_to_copy>, at::Tensor, c10::guts::typelist::typelist<at::Tensor const&, std::optional<c10::ScalarType>, std::optional<c10::Layout>, std::optional<c10::Device>, std::optional<bool>, bool, std::optional<c10::MemoryFormat> > >, at::Tensor (at::Tensor const&, std::optional<c10::ScalarType>, std::optional<c10::Layout>, std::optional<c10::Device>, std::optional<bool>, bool, std::optional<c10::MemoryFormat>)>::call(c10::OperatorKernel*, c10::DispatchKeySet, at::Tensor const&, std::optional<c10::ScalarType>, std::optional<c10::Layout>, std::optional<c10::Device>, std::optional<bool>, bool, std::optional<c10::MemoryFormat>) [0x2f1661a] in libtorch_cpu.so
=========         Host Frame: at::_ops::_to_copy::redispatch(c10::DispatchKeySet, at::Tensor const&, std::optional<c10::ScalarType>, std::optional<c10::Layout>, std::optional<c10::Device>, std::optional<bool>, bool, std::optional<c10::MemoryFormat>) [0x27949a1] in libtorch_cpu.so
=========         Host Frame: torch::autograd::VariableType::(anonymous namespace)::_to_copy(c10::DispatchKeySet, at::Tensor const&, std::optional<c10::ScalarType>, std::optional<c10::Layout>, std::optional<c10::Device>, std::optional<bool>, bool, std::optional<c10::MemoryFormat>) [0x5289122] in libtorch_cpu.so
=========         Host Frame: c10::impl::wrap_kernel_functor_unboxed_<c10::impl::detail::WrapFunctionIntoFunctor_<c10::CompileTimeFunctionPointer<at::Tensor (c10::DispatchKeySet, at::Tensor const&, std::optional<c10::ScalarType>, std::optional<c10::Layout>, std::optional<c10::Device>, std::optional<bool>, bool, std::optional<c10::MemoryFormat>), &torch::autograd::VariableType::(anonymous namespace)::_to_copy>, at::Tensor, c10::guts::typelist::typelist<c10::DispatchKeySet, at::Tensor const&, std::optional<c10::ScalarType>, std::optional<c10::Layout>, std::optional<c10::Device>, std::optional<bool>, bool, std::optional<c10::MemoryFormat> > >, at::Tensor (c10::DispatchKeySet, at::Tensor const&, std::optional<c10::ScalarType>, std::optional<c10::Layout>, std::optional<c10::Device>, std::optional<bool>, bool, std::optional<c10::MemoryFormat>)>::call(c10::OperatorKernel*, c10::DispatchKeySet, at::Tensor const&, std::optional<c10::ScalarType>, std::optional<c10::Layout>, std::optional<c10::Device>, std::optional<bool>, bool, std::optional<c10::MemoryFormat>) [0x52895fe] in libtorch_cpu.so
=========         Host Frame: at::_ops::_to_copy::call(at::Tensor const&, std::optional<c10::ScalarType>, std::optional<c10::Layout>, std::optional<c10::Device>, std::optional<bool>, bool, std::optional<c10::MemoryFormat>) [0x27fcdef] in libtorch_cpu.so
=========         Host Frame: at::native::to(at::Tensor const&, std::optional<c10::ScalarType>, std::optional<c10::Layout>, std::optional<c10::Device>, std::optional<bool>, bool, bool, std::optional<c10::MemoryFormat>) [0x21d07d3] in libtorch_cpu.so
=========         Host Frame: c10::impl::wrap_kernel_functor_unboxed_<c10::impl::detail::WrapFunctionIntoFunctor_<c10::CompileTimeFunctionPointer<at::Tensor (at::Tensor const&, std::optional<c10::ScalarType>, std::optional<c10::Layout>, std::optional<c10::Device>, std::optional<bool>, bool, bool, std::optional<c10::MemoryFormat>), &at::(anonymous namespace)::(anonymous namespace)::wrapper_CompositeImplicitAutograd_dtype_layout_to>, at::Tensor, c10::guts::typelist::typelist<at::Tensor const&, std::optional<c10::ScalarType>, std::optional<c10::Layout>, std::optional<c10::Device>, std::optional<bool>, bool, bool, std::optional<c10::MemoryFormat> > >, at::Tensor (at::Tensor const&, std::optional<c10::ScalarType>, std::optional<c10::Layout>, std::optional<c10::Device>, std::optional<bool>, bool, bool, std::optional<c10::MemoryFormat>)>::call(c10::OperatorKernel*, c10::DispatchKeySet, at::Tensor const&, std::optional<c10::ScalarType>, std::optional<c10::Layout>, std::optional<c10::Device>, std::optional<bool>, bool, bool, std::optional<c10::MemoryFormat>) [0x33048e1] in libtorch_cpu.so
=========         Host Frame: at::_ops::to_dtype_layout::call(at::Tensor const&, std::optional<c10::ScalarType>, std::optional<c10::Layout>, std::optional<c10::Device>, std::optional<bool>, bool, bool, std::optional<c10::MemoryFormat>) [0x29bff96] in libtorch_cpu.so
=========         Host Frame: torch::autograd::dispatch_to(at::Tensor const&, c10::Device, bool, bool, std::optional<c10::MemoryFormat>) [0x46343a] in libtorch_python.so
=========         Host Frame: torch::autograd::THPVariable_to(_object*, _object*, _object*) [0x4c6690] in libtorch_python.so
=========         Host Frame:  [0x151347] in python
=========         Host Frame: PyObject_Vectorcall [0x149934] in python
=========         Host Frame: _PyEval_EvalFrameDefault [0x1d6f08] in python
=========         Host Frame: PyEval_EvalCode [0x1d544a] in python
=========         Host Frame:  [0x2085a1] in python
=========         Host Frame:  [0x2b5032] in python
=========         Host Frame: _PyRun_SimpleFileObject [0x2b4d99] in python
=========         Host Frame: _PyRun_AnyFileObject [0x2b4bce] in python
=========         Host Frame: Py_RunMain [0x2bcc34] in python
=========         Host Frame: Py_BytesMain [0x2bc71c] in python
=========         Host Frame:  [0x2a1c9] in libc.so.6
=========         Host Frame: __libc_start_main [0x2a28a] in libc.so.6
=========         Host Frame: _start [0x257bc4] in python
=========         Host Frame: main in run_g2b_tensorjoin_safety.py:112
========= 
========= Leaked 2097152 bytes at 0x7068fb000000
=========     Saved host backtrace up to driver entry point at allocation time
=========         Host Frame:  [0x41b5d] in libcudart.so.13
=========         Host Frame:  [0x146f2] in libcudart.so.13
=========         Host Frame: cudaMalloc [0x50c56] in libcudart.so.13
=========         Host Frame: c10::cuda::CUDACachingAllocator::Native::DeviceCachingAllocator::alloc_block(c10::cuda::CUDACachingAllocator::Native::(anonymous namespace)::AllocParams&, bool, std::shared_ptr<c10::GatheredContext> const&, std::unique_lock<std::recursive_mutex>&) [0x2f4ca] in libc10_cuda.so
=========         Host Frame: c10::cuda::CUDACachingAllocator::Native::DeviceCachingAllocator::malloc(unsigned long, CUstream_st*) [0x42727] in libc10_cuda.so
=========         Host Frame: c10::cuda::CUDACachingAllocator::Native::NativeCachingAllocator::malloc(void**, signed char, unsigned long, CUstream_st*) [0x445e1] in libc10_cuda.so
=========         Host Frame: c10::cuda::CUDACachingAllocator::Native::NativeCachingAllocator::allocate(unsigned long) [0x44c9e] in libc10_cuda.so
=========         Host Frame: at::detail::empty_generic(c10::ArrayRef<long>, c10::Allocator*, c10::DispatchKeySet, c10::ScalarType, std::optional<c10::MemoryFormat>) [0x197746b] in libtorch_cpu.so
=========         Host Frame: at::detail::empty_cuda(c10::ArrayRef<long>, c10::ScalarType, std::optional<c10::Device>, std::optional<c10::MemoryFormat>) [0xcd035e] in libtorch_cuda.so
=========         Host Frame: at::detail::empty_cuda(c10::ArrayRef<long>, std::optional<c10::ScalarType>, std::optional<c10::Layout>, std::optional<c10::Device>, std::optional<bool>, std::optional<c10::MemoryFormat>) [0xcd056d] in libtorch_cuda.so
=========         Host Frame: at::native::empty_cuda(c10::ArrayRef<long>, std::optional<c10::ScalarType>, std::optional<c10::Layout>, std::optional<c10::Device>, std::optional<bool>, std::optional<c10::MemoryFormat>) [0xfea1f2] in libtorch_cuda.so
=========         Host Frame: at::(anonymous namespace)::(anonymous namespace)::wrapper_CUDA_memory_format_empty(c10::ArrayRef<c10::SymInt>, std::optional<c10::ScalarType>, std::optional<c10::Layout>, std::optional<c10::Device>, std::optional<bool>, std::optional<c10::MemoryFormat>) [0x36aa701] in libtorch_cuda.so
=========         Host Frame: c10::impl::wrap_kernel_functor_unboxed_<c10::impl::detail::WrapFunctionIntoFunctor_<c10::CompileTimeFunctionPointer<at::Tensor (c10::ArrayRef<c10::SymInt>, std::optional<c10::ScalarType>, std::optional<c10::Layout>, std::optional<c10::Device>, std::optional<bool>, std::optional<c10::MemoryFormat>), &at::(anonymous namespace)::(anonymous namespace)::wrapper_CUDA_memory_format_empty>, at::Tensor, c10::guts::typelist::typelist<c10::ArrayRef<c10::SymInt>, std::optional<c10::ScalarType>, std::optional<c10::Layout>, std::optional<c10::Device>, std::optional<bool>, std::optional<c10::MemoryFormat> > >, at::Tensor (c10::ArrayRef<c10::SymInt>, std::optional<c10::ScalarType>, std::optional<c10::Layout>, std::optional<c10::Device>, std::optional<bool>, std::optional<c10::MemoryFormat>)>::call(c10::OperatorKernel*, c10::DispatchKeySet, c10::ArrayRef<c10::SymInt>, std::optional<c10::ScalarType>, std::optional<c10::Layout>, std::optional<c10::Device>, std::optional<bool>, std::optional<c10::MemoryFormat>) [0x36aa81b] in libtorch_cuda.so
=========         Host Frame: at::_ops::empty_memory_format::redispatch(c10::DispatchKeySet, c10::ArrayRef<c10::SymInt>, std::optional<c10::ScalarType>, std::optional<c10::Layout>, std::optional<c10::Device>, std::optional<bool>, std::optional<c10::MemoryFormat>) [0x2aafcf5] in libtorch_cpu.so
=========         Host Frame: c10::impl::wrap_kernel_functor_unboxed_<c10::impl::detail::WrapFunctionIntoFunctor_<c10::CompileTimeFunctionPointer<at::Tensor (c10::ArrayRef<c10::SymInt>, std::optional<c10::ScalarType>, std::optional<c10::Layout>, std::optional<c10::Device>, std::optional<bool>, std::optional<c10::MemoryFormat>), &at::(anonymous namespace)::empty_memory_format>, at::Tensor, c10::guts::typelist::typelist<c10::ArrayRef<c10::SymInt>, std::optional<c10::ScalarType>, std::optional<c10::Layout>, std::optional<c10::Device>, std::optional<bool>, std::optional<c10::MemoryFormat> > >, at::Tensor (c10::ArrayRef<c10::SymInt>, std::optional<c10::ScalarType>, std::optional<c10::Layout>, std::optional<c10::Device>, std::optional<bool>, std::optional<c10::MemoryFormat>)>::call(c10::OperatorKernel*, c10::DispatchKeySet, c10::ArrayRef<c10::SymInt>, std::optional<c10::ScalarType>, std::optional<c10::Layout>, std::optional<c10::Device>, std::optional<bool>, std::optional<c10::MemoryFormat>) [0x2f19ec8] in libtorch_cpu.so
=========         Host Frame: at::_ops::empty_memory_format::call(c10::ArrayRef<c10::SymInt>, std::optional<c10::ScalarType>, std::optional<c10::Layout>, std::optional<c10::Device>, std::optional<bool>, std::optional<c10::MemoryFormat>) [0x2b84833] in libtorch_cpu.so
=========         Host Frame: torch::autograd::THPVariable_empty(_object*, _object*, _object*) [0x5eb170] in libtorch_python.so
=========         Host Frame:  [0x181c5e] in python
=========         Host Frame: _PyObject_MakeTpCall [0x148ffd] in python
=========         Host Frame: _PyEval_EvalFrameDefault [0x1d6f08] in python
=========         Host Frame: PyEval_EvalCode [0x1d544a] in python
=========         Host Frame:  [0x2085a1] in python
=========         Host Frame:  [0x2b5032] in python
=========         Host Frame: _PyRun_SimpleFileObject [0x2b4d99] in python
=========         Host Frame: _PyRun_AnyFileObject [0x2b4bce] in python
=========         Host Frame: Py_RunMain [0x2bcc34] in python
=========         Host Frame: Py_BytesMain [0x2bc71c] in python
=========         Host Frame:  [0x2a1c9] in libc.so.6
=========         Host Frame: __libc_start_main [0x2a28a] in libc.so.6
=========         Host Frame: _start [0x257bc4] in python
=========         Host Frame: main in run_g2b_tensorjoin_safety.py:122
========= 
========= LEAK SUMMARY: 4194304 bytes leaked in 2 allocations
========= ERROR SUMMARY: 2 errors
