COMMAND ["@TENSORJOIN_ROOT@/isaacsim6/env/bin/python", "@TENSORJOIN_ROOT@/tensorjoin_20260902_certified_exact_join/src/run_g2b_mistic_public.py", "--record-id", "r1_p1"]
RUN_START {"binary_sha256": "20739abefe2fc21cfb93ec70b0c9cddbde20b76dc896243c72336981c402326a", "cuda_visible_devices": "0", "epsilon": 0.62890625, "excluded_after_timer": ["disk_serialization", "pair_file_reload", "hashing", "correctness_checks", "json_write"], "excluded_before_timer": ["file_io", "process_startup", "cuda_context_initialization"], "experiment_id": "tensorjoin_20260903_g2b_public_screen", "host": "gpu-host-8", "metadata_sha256": "5c8daf9cba6cbd83390d467b53ebb4a97521638a038837df2fe7f91bfc041ae4", "method": "mistic_fp64", "method_dtype": "float64 exact widening", "numpy": "2.3.1", "python": "3.12.3 (main, Jun 19 2026, 12:46:00) [GCC 13.3.0]", "record_id": "r1_p1", "runner_sha256": "38eb6d78c74b8b0e8a14c10167b9df9794ec604b1445296f761d034cb914329e", "shape": [60000, 512], "smoke_summary_sha256": "b68f1d56e45d550b2cea60029e21a818c0cbd9b3dd3d84e39fbac27b561a101c", "source_dtype": "float32", "source_raw_sha256": "f7b51da49d6555fff8e094584b27c8c5c4efbfdcde1db2b7f86e58d9142af326", "threshold_d2": 0.3955230712890625, "timing_scope": "f32 pageable host -> sorted canonical u64 host"}

Time to read in file: 0.068595

Number points: 60000 
Number Dimensions: 512 
Number Reference Points: 0 
Number Concurent Streams: 2
Block Size: 256, Kernel Blocks: 1024
Using dynamic searching
Distance Threshold: 0.628906 
*********************************

Predicted calcsPerSecond: 15650
SubGraph 0 Layer 0 Selecting RP 36 with Nodes: 1 and calcs: 3600000000 and stdev 0.000000:: Predicted time: 0.000000, Actual Time: 0.016551
Build Time: 0.016551, Calc Time: 230031.948882, reduction -230031.948882
############################################
Predicted calcsPerSecond: 47604
SubGraph 0 Layer 1 Selecting RP 35 with Nodes: 1 and calcs: 3600000000 and stdev 0.000000:: Predicted time: 0.016551, Actual Time: 0.019604
Build Time: 0.019604, Calc Time: 75623.897151, reduction 154408.051730
############################################
Predicted calcsPerSecond: 94753
SubGraph 0 Layer 2 Selecting RP 34 with Nodes: 1 and calcs: 3600000000 and stdev 0.000000:: Predicted time: 0.019604, Actual Time: 0.017272
Build Time: 0.017272, Calc Time: 37993.519994, reduction 37630.377157
############################################
Predicted calcsPerSecond: 165949
SubGraph 0 Layer 3 Selecting RP 35 with Nodes: 1 and calcs: 3600000000 and stdev 0.000000:: Predicted time: 0.017272, Actual Time: 0.016935
Build Time: 0.016935, Calc Time: 21693.411831, reduction 16300.108163
############################################
Predicted calcsPerSecond: 272689
SubGraph 0 Layer 4 Selecting RP 34 with Nodes: 1 and calcs: 3600000000 and stdev 0.000000:: Predicted time: 0.016935, Actual Time: 0.016895
Build Time: 0.016895, Calc Time: 13201.852660, reduction 8491.559171
############################################
Predicted calcsPerSecond: 432892
SubGraph 0 Layer 5 Selecting RP 34 with Nodes: 1 and calcs: 3600000000 and stdev 0.000000:: Predicted time: 0.016895, Actual Time: 0.016834
Build Time: 0.016834, Calc Time: 8316.161999, reduction 4885.690661
############################################
Final graph has 1 nodes, 3600000000 calcs total
Node Construct time: 0.277332
Batchs: 1
Batch 0 Results: 3926078
Total results Set Size: 3926078 
Kernel Time: 3.581612
G2B_PUBLIC_SECONDS=4.684311981
G2B_PUBLIC_OUTPUT_PAIRS=3926078
G2B_ADAPTER raw_kernel_pairs=3926078 normalized_self_insertions=0 invalid_positions=0 output_pairs=3926078
Node Laucnher time: 4.063573
Total Time: 4.668433

0.628906 60000 32 6 1 3600000000 0.277332 1 1.000000 3.58161 3926078 4.063573 4.668434 
RUN_COMPLETE {"binary_sha256": "20739abefe2fc21cfb93ec70b0c9cddbde20b76dc896243c72336981c402326a", "command": ["@TENSORJOIN_ROOT@/tensorjoin_20260902_certified_exact_join/adapters/mistic_g2b_public/build/main_d512", "@TENSORJOIN_ROOT@/tensorjoin_20260902_certified_exact_join/data/g2b_cifar60000/vectors_f32.raw", "512", "0", "0.62890625"], "correctness": {"canonical_pair_count": 3926078, "canonical_raw_u64_sha256": "13cae87e6a0f75a13f3e9a7881b33c42ab77680f6d13e99dcc00fa2de5963495", "duplicate_pairs": 0, "emitted_count": 3926078, "emitted_count_matches_file": true, "exact_contract_pass": true, "expected_pair_count": 3926078, "expected_raw_u64_sha256": "13cae87e6a0f75a13f3e9a7881b33c42ab77680f6d13e99dcc00fa2de5963495", "invalid_pairs": 0, "self_pairs": 60000, "sorted_output": true, "symmetry_missing_pairs": 0}, "cuda_visible_devices": "0", "epsilon": 0.62890625, "excluded_after_timer": ["disk_serialization", "pair_file_reload", "hashing", "correctness_checks", "json_write"], "excluded_before_timer": ["file_io", "process_startup", "cuda_context_initialization"], "experiment_id": "tensorjoin_20260903_g2b_public_screen", "host": "gpu-host-8", "max_rss_kib_after_run_wrapper_only": 368624, "max_rss_kib_mistic_child": 1033260, "measurement_status": "diagnostic_public_denominator_cheap_screen", "metadata_sha256": "5c8daf9cba6cbd83390d467b53ebb4a97521638a038837df2fe7f91bfc041ae4", "method": "mistic_fp64", "method_dtype": "float64 exact widening", "numpy": "2.3.1", "pair_file": "artifacts/g2b_public_screen/mistic_r1_p1.u64.bin", "pair_file_bytes": 31408624, "pair_file_sha256": "13cae87e6a0f75a13f3e9a7881b33c42ab77680f6d13e99dcc00fa2de5963495", "public_seconds": 4.684311981, "python": "3.12.3 (main, Jun 19 2026, 12:46:00) [GCC 13.3.0]", "record_id": "r1_p1", "runner_sha256": "38eb6d78c74b8b0e8a14c10167b9df9794ec604b1445296f761d034cb914329e", "shape": [60000, 512], "smoke_summary_sha256": "b68f1d56e45d550b2cea60029e21a818c0cbd9b3dd3d84e39fbac27b561a101c", "source_dtype": "float32", "source_raw_sha256": "f7b51da49d6555fff8e094584b27c8c5c4efbfdcde1db2b7f86e58d9142af326", "threshold_d2": 0.3955230712890625, "timing_scope": "f32 pageable host -> sorted canonical u64 host"}
