timestamp=2026-09-02T23:06:27,492073844+00:00
hostname=gpu-host-8
user=uid=0(root) gid=0(root) groups=0(root)
cwd=@TENSORJOIN_ROOT@/tensorjoin_20260902_certified_exact_join
gpu_uuid=GPU-9bd364a9-9d88-0b78-ef55-caac6f73d6b1
Python 3.12.3
runner_sha256=9cad53934437444af7156dffda98bb9e1b51e60b9e7598e58c50dfae5535ddd7
--- who ---
--- gpu ---
Wed Sep  2 23:06:27 2026       
+-----------------------------------------------------------------------------------------+
| NVIDIA-SMI 590.48.01              Driver Version: 590.48.01      CUDA Version: 13.1     |
+-----------------------------------------+------------------------+----------------------+
| GPU  Name                 Persistence-M | Bus-Id          Disp.A | Volatile Uncorr. ECC |
| Fan  Temp   Perf          Pwr:Usage/Cap |           Memory-Usage | GPU-Util  Compute M. |
|                                         |                        |               MIG M. |
|=========================================+========================+======================|
|   0  NVIDIA RTX PRO 6000 Blac...    Off |   00000000:16:00.0 Off |                    0 |
| N/A   27C    P8             34W /  600W |      14MiB /  97887MiB |      0%      Default |
|                                         |                        |             Disabled |
+-----------------------------------------+------------------------+----------------------+

+-----------------------------------------------------------------------------------------+
| Processes:                                                                              |
|  GPU   GI   CI              PID   Type   Process name                        GPU Memory |
|        ID   ID                                                               Usage      |
|=========================================================================================|
|  No running processes found                                                             |
+-----------------------------------------------------------------------------------------+
--- processes ---
2026-09-02T23:06:27,847453807+00:00 preflight_second=1 apps=''
2026-09-02T23:06:28,959481925+00:00 preflight_second=2 apps=''
2026-09-02T23:06:30,064062835+00:00 preflight_second=3 apps=''
2026-09-02T23:06:31,173844583+00:00 preflight_second=4 apps=''
2026-09-02T23:06:32,283978324+00:00 preflight_second=5 apps=''
2026-09-02T23:06:33,386852985+00:00 preflight_second=6 apps=''
2026-09-02T23:06:34,494407038+00:00 preflight_second=7 apps=''
2026-09-02T23:06:35,601312228+00:00 preflight_second=8 apps=''
2026-09-02T23:06:36,708365307+00:00 preflight_second=9 apps=''
2026-09-02T23:06:37,819005109+00:00 preflight_second=10 apps=''
2026-09-02T23:06:38,929915624+00:00 preflight_second=11 apps=''
2026-09-02T23:06:40,030323322+00:00 preflight_second=12 apps=''
2026-09-02T23:06:41,135219063+00:00 preflight_second=13 apps=''
2026-09-02T23:06:42,234322079+00:00 preflight_second=14 apps=''
2026-09-02T23:06:43,338326133+00:00 preflight_second=15 apps=''
2026-09-02T23:06:44,446307219+00:00 preflight_second=16 apps=''
2026-09-02T23:06:45,563131201+00:00 preflight_second=17 apps=''
2026-09-02T23:06:46,671114666+00:00 preflight_second=18 apps=''
2026-09-02T23:06:47,775572216+00:00 preflight_second=19 apps=''
2026-09-02T23:06:48,880546802+00:00 preflight_second=20 apps=''
2026-09-02T23:06:49,983265188+00:00 preflight_second=21 apps=''
2026-09-02T23:06:51,084590082+00:00 preflight_second=22 apps=''
2026-09-02T23:06:52,186736273+00:00 preflight_second=23 apps=''
2026-09-02T23:06:53,294542528+00:00 preflight_second=24 apps=''
2026-09-02T23:06:54,400049142+00:00 preflight_second=25 apps=''
2026-09-02T23:06:55,499764179+00:00 preflight_second=26 apps=''
2026-09-02T23:06:56,603064231+00:00 preflight_second=27 apps=''
2026-09-02T23:06:57,706304822+00:00 preflight_second=28 apps=''
2026-09-02T23:06:58,806635429+00:00 preflight_second=29 apps=''
2026-09-02T23:06:59,906396763+00:00 preflight_second=30 apps=''
