{
  "all_case_pass": true,
  "candidate_cubin": "artifacts/g3b_triton_cache_adversarial_r1/2L2IIN3WH762RL77INI7ERIWPV65JNRNE5Q7DJUSQWGWAK6B6IKQ/analytic_certificate_compact_i64.cubin",
  "candidate_cubin_sha256": "dd32e97936d8e0c6abd3924d8fdeeb17088e7a6e1e4d8ac2f1fc492bbc2114ac",
  "case_count": 7,
  "diagnosis": "results/g3b_r1_adversarial_wrapper_path_diagnosis.json",
  "diagnosis_sha256": "e1f3cb235cab9442e6e98a356d5ce913767f3f360096b42b48e3320158933df6",
  "experiment_id": "tensorjoin_20260903_gpu_analytic_certificate_g3b_r1_adversarial",
  "failed_wrapper_manifest": "results/g3b_r1_adversarial_manifest.json",
  "failed_wrapper_manifest_sha256": "77bc2db5015abe55b661bcfe37ff6db97981e0740a283fd426fda8434852da7e",
  "finalized_wall_time": 1788402104.1061382,
  "finalizer_sha256": "3f5375c4bf9df0e83db050eab13c8cc1697f5d4e228836baf974e3f46828d88d",
  "gate_pass": true,
  "measurement_status": "adversarial_correctness_only_no_performance_claim",
  "performance_claim_allowed": false,
  "result": "results/g3b_r1_adversarial.json",
  "result_sha256": "98bb88ef3c43112c5b8152a4b37d3948933c7a23ff467418870a1df92ca52c42",
  "unsafe_direct_accepts_total": 0,
  "unsafe_direct_rejects_total": 0,
  "workload_pass": true
}
