{
  "admitted": true,
  "cache_path": "artifacts/g3b_triton_cache_run1",
  "command": [
    "@TENSORJOIN_ROOT@/isaacsim6/env/bin/python",
    "@TENSORJOIN_ROOT@/tensorjoin_20260902_certified_exact_join/src/run_g3b_gpu_analytic_certificate.py",
    "--run-id",
    "1"
  ],
  "experiment_id": "tensorjoin_20260903_gpu_analytic_certificate_g3b",
  "external_monitor_max_gpu_utilization_percent": 0,
  "external_monitor_max_process_memory_mib": 812,
  "foreign_rows": [],
  "gpu0": {
    "clocks.mem": "405",
    "clocks.sm": "180",
    "driver_version": "590.48.01",
    "index": "0",
    "memory.used": "14",
    "name": "NVIDIA RTX PRO 6000 Blackwell Server Edition",
    "power.draw": "35.06",
    "power.limit": "600.00",
    "pstate": "P8",
    "utilization.gpu": "0",
    "uuid": "GPU-9bd364a9-9d88-0b78-ef55-caac6f73d6b1"
  },
  "host": "gpu-host-8",
  "lock_path": "@TENSORJOIN_ROOT@/.tensorjoin_gpu0_campaign.lock",
  "occupancy_log_sha256": "904329f4787af5e0284d6b271223b095d92a8fc21f7d4b6bffeb1e6bd4293428",
  "postflight_compute_rows": [],
  "preflight_log_sha256": "888af1e829c83078356d8fe2fe1cc25bd2e921a13b7c92598bec82b5accab40b",
  "quiescence_seconds": 30.0,
  "raw_log_sha256": "ddec24d878bde27f83f7f8db750a3a1199427ff363df55cbdf4932ce640d28e9",
  "result_sha256": "b8a9fbe5e271d07ff4ca215f1f41e4d69eef3dd716e572939036e0bb7af057e3",
  "returncode": 0,
  "run_id": 1,
  "runner_sha256": "b826f24d99479d3c382b27d34b827b41e5ba37e3a8656d2f57d2e1c9fa33dc5d",
  "status": "clean_validation_process_complete",
  "target_gpu_pids": [
    3218921
  ],
  "wall_seconds": 36.534170627593994
}
