WAIT_START 2026-09-03T04:17:15+00:00
WAIT_GPU0 elapsed_s=0 occupied=GPU-9bd364a9-9d88-0b78-ef55-caac6f73d6b1, 3435308, sglang::scheduler, 78540 MiB
WAIT_GPU0 elapsed_s=60 occupied=GPU-9bd364a9-9d88-0b78-ef55-caac6f73d6b1, 3435308, sglang::scheduler, 78670 MiB
WAIT_GPU0 elapsed_s=120 occupied=GPU-9bd364a9-9d88-0b78-ef55-caac6f73d6b1, 3435308, sglang::scheduler, 78690 MiB
WAIT_GPU0 elapsed_s=180 occupied=GPU-9bd364a9-9d88-0b78-ef55-caac6f73d6b1, 3435308, sglang::scheduler, 78694 MiB
WAIT_GPU0 elapsed_s=240 occupied=GPU-9bd364a9-9d88-0b78-ef55-caac6f73d6b1, 3435308, sglang::scheduler, 78694 MiB
WAIT_GPU0 elapsed_s=300 occupied=GPU-9bd364a9-9d88-0b78-ef55-caac6f73d6b1, 3435308, sglang::scheduler, 78694 MiB
GPU0_READY 2026-09-03T04:23:18+00:00
SLOT_COMPLETE {"attempt": 1, "experiment_id": "tensorjoin_20260903_g3d_complete_pipeline_timing", "gpu0": {"clocks.mem": "405", "clocks.sm": "180", "driver_version": "590.48.01", "index": "0", "memory.used": "14", "name": "NVIDIA RTX PRO 6000 Blackwell Server Edition", "power.draw": "36.31", "power.limit": "600.00", "pstate": "P8", "utilization.gpu": "0", "uuid": "GPU-9bd364a9-9d88-0b78-ef55-caac6f73d6b1"}, "order": "CK", "original_orchestrator_sha256": "8a856bff2ef31990826d32f9bfa1836f152e395a258dd8394a74a4c7438f5a63", "original_protocol_sha256": "6839b2fb656815c623cd46db0d3a435791c90c128a1b88b5c4ef926bc014cd1b", "phase": "screen", "process_id": 1, "record": {"admitted": true, "attempt": 1, "cache_path": "artifacts/g3d_screen_process_1_ck_a1_triton_cache", "command": ["@TENSORJOIN_ROOT@/isaacsim6/env/bin/python", "@TENSORJOIN_ROOT@/tensorjoin_20260902_certified_exact_join/src/run_g3d_complete_pipeline_timing.py", "--phase", "screen", "--process-id", "1", "--attempt", "1", "--order", "CK", "--warmups", "5", "--observations", "20", "--sustained-launches", "100"], "contaminated": false, "external_monitor_max_gpu_utilization_percent": 12, "external_monitor_max_process_memory_mib": 1010, "foreign_rows": [], "occupancy_log": "raw/g3d_screen_process_1_ck_a1_occupancy.jsonl", "occupancy_log_sha256": "c050bd5140d7cb49c8892ceb5039d2e4675eeca8b55511c0d363513b07359735", "order": "CK", "phase": "screen", "postflight_compute_rows": [], "preflight_log": "raw/g3d_screen_process_1_ck_a1_preflight.log", "preflight_log_sha256": "4551636d47b2ddebec2fe55f2562cc360db65af0ee79bca8fbfe7473c843c813", "process_id": 1, "raw_log": "raw/g3d_screen_process_1_ck_a1.log", "raw_log_sha256": "43693aa3d483b83b67da5a4934393d995aa11b65458e487a5dc53bc414230989", "result": "results/g3d_screen_process_1_ck_a1.json", "result_sha256": "268e9f8c759d4941b3037506539e9467f6674ef05697c00f3d8836f50e7f6c23", "returncode": 0, "target_gpu_pids": [3521367], "wall_seconds": 36.61929488182068}, "resume_orchestrator_sha256": "3fabc11881c13501c5b61d9414014f9e4b56d872ce25e79a4931da367d797398", "resume_protocol_sha256": "c0ecae17ee10293980cb43c6a905129f74074e1b94c0bcced01fce5165e468ae", "runner_sha256": "e6518efc901d6c5ab316fe8f8f4d95e37ce4de535e08ac9f353acd8e46e1fd3a", "settings": {"observations": 20, "sustained_launches": 100, "warmups": 5}, "status": "clean_slot_complete", "wall_seconds": 37.11017656326294}
{
  "admitted_process_ids": [
    0,
    1
  ],
  "driver_log": "raw/g3d_campaign_driver.log",
  "driver_log_sha256": "57d60d4a378dc7767cb5f954b299cc2d9648688c8bde54028699a43fa4c108d3",
  "experiment_id": "tensorjoin_20260903_g3d_complete_pipeline_timing",
  "finalizer_sha256": "4d7ade07e600ab19c44399f39723ed8edbdf64b847aec111b98138fc27a22684",
  "host": "gpu-host-8",
  "max_attempts_per_slot": 3,
  "monitor_interval_seconds": 0.25,
  "orders": [
    "KC",
    "CK"
  ],
  "original_orchestrator_sha256": "8a856bff2ef31990826d32f9bfa1836f152e395a258dd8394a74a4c7438f5a63",
  "original_protocol_sha256": "6839b2fb656815c623cd46db0d3a435791c90c128a1b88b5c4ef926bc014cd1b",
  "phase": "screen",
  "quiescence_seconds_before_each_launched_process": 30.0,
  "records": [
    {
      "admitted": true,
      "attempt": 0,
      "cache_path": "artifacts/g3d_screen_process_0_kc_a0_triton_cache",
      "command": null,
      "contaminated": false,
      "external_monitor_max_gpu_utilization_percent": null,
      "external_monitor_max_process_memory_mib": null,
      "foreign_rows": [],
      "occupancy_log": "raw/g3d_screen_process_0_kc_a0_occupancy.jsonl",
      "occupancy_log_sha256": "8e12c33261e649f1ebf4b8756c4627bf32692468818ff129c6cf57d485d824c1",
      "order": "KC",
      "phase": "screen",
      "postflight_compute_rows": [],
      "preflight_log": "raw/g3d_screen_process_0_kc_a0_preflight.log",
      "preflight_log_sha256": "a555ff5fe0a3619a0a2753571eaccee61efd1b89b9645e1bced2b9b3988f777a",
      "process_id": 0,
      "raw_log": "raw/g3d_screen_process_0_kc_a0.log",
      "raw_log_sha256": "fbd78519ac0c24eb2e0f423c6e078ee4aa26a823aaba66e6d3c2172368eff0d1",
      "recovered_from_interrupted_original_orchestrator": true,
      "result": "results/g3d_screen_process_0_kc_a0.json",
      "result_sha256": "0a53c20ad93b67f0d8072df96c203f7047d18b5612bbaf018c6f9eef6eb8b91d",
      "returncode": 0,
      "target_gpu_pids": [],
      "wall_seconds": null
    },
    {
      "admitted": false,
      "attempt": 0,
      "cache_path": "artifacts/g3d_screen_process_1_ck_a0_triton_cache",
      "command": null,
      "contaminated": true,
      "contamination_phase": "quiescence_before_runner_launch",
      "foreign_rows": [
        {
          "gpu_uuid": "GPU-9bd364a9-9d88-0b78-ef55-caac6f73d6b1",
          "pid": 3435308,
          "process_name": "sglang::scheduler",
          "used_memory_mib": "730"
        }
      ],
      "occupancy_log": "raw/g3d_screen_process_1_ck_a0_occupancy.jsonl",
      "occupancy_log_sha256": "cd59f0ef0a8596ff16d18107f02257c292bf297e502dcd4ec0297e058742b8c2",
      "order": "CK",
      "phase": "screen",
      "preflight_log": "raw/g3d_screen_process_1_ck_a0_preflight.log",
      "preflight_log_sha256": "e901e3ce06b8628acb030f449c4758b96eecd75ac8c34ff54be68c2880d94e89",
      "process_id": 1,
      "result": null,
      "returncode": null,
      "runner_was_launched": false
    },
    {
      "admitted": true,
      "attempt": 1,
      "cache_path": "artifacts/g3d_screen_process_1_ck_a1_triton_cache",
      "command": [
        "@TENSORJOIN_ROOT@/isaacsim6/env/bin/python",
        "@TENSORJOIN_ROOT@/tensorjoin_20260902_certified_exact_join/src/run_g3d_complete_pipeline_timing.py",
        "--phase",
        "screen",
        "--process-id",
        "1",
        "--attempt",
        "1",
        "--order",
        "CK",
        "--warmups",
        "5",
        "--observations",
        "20",
        "--sustained-launches",
        "100"
      ],
      "contaminated": false,
      "external_monitor_max_gpu_utilization_percent": 12,
      "external_monitor_max_process_memory_mib": 1010,
      "foreign_rows": [],
      "occupancy_log": "raw/g3d_screen_process_1_ck_a1_occupancy.jsonl",
      "occupancy_log_sha256": "c050bd5140d7cb49c8892ceb5039d2e4675eeca8b55511c0d363513b07359735",
      "order": "CK",
      "phase": "screen",
      "postflight_compute_rows": [],
      "preflight_log": "raw/g3d_screen_process_1_ck_a1_preflight.log",
      "preflight_log_sha256": "4551636d47b2ddebec2fe55f2562cc360db65af0ee79bca8fbfe7473c843c813",
      "process_id": 1,
      "raw_log": "raw/g3d_screen_process_1_ck_a1.log",
      "raw_log_sha256": "43693aa3d483b83b67da5a4934393d995aa11b65458e487a5dc53bc414230989",
      "result": "results/g3d_screen_process_1_ck_a1.json",
      "result_sha256": "268e9f8c759d4941b3037506539e9467f6674ef05697c00f3d8836f50e7f6c23",
      "returncode": 0,
      "target_gpu_pids": [
        3521367
      ],
      "wall_seconds": 36.61929488182068
    }
  ],
  "resume_orchestrator_sha256": "3fabc11881c13501c5b61d9414014f9e4b56d872ce25e79a4931da367d797398",
  "resume_protocol_sha256": "c0ecae17ee10293980cb43c6a905129f74074e1b94c0bcced01fce5165e468ae",
  "runner_sha256": "e6518efc901d6c5ab316fe8f8f4d95e37ce4de535e08ac9f353acd8e46e1fd3a",
  "settings": {
    "observations": 20,
    "sustained_launches": 100,
    "warmups": 5
  },
  "slot_manifest_sha256": {
    "results/g3d_screen_slot_1_ck_a1_manifest.json": "45c1257cdb072d9e4c37940c3a702ec99523eb63c058ddb5a371eb95247fe7c9"
  },
  "slot_manifests": [
    "results/g3d_screen_slot_1_ck_a1_manifest.json"
  ],
  "status": "2_clean_paired_processes_complete_via_resume1"
}
{
  "auditor_sha256": "7447a889aef5dad8b28f632262e340acfde9eb788aeff329bc31853244821816",
  "expected_cubins": {
    "analytic_certificate_compact_i64.cubin": "dd32e97936d8e0c6abd3924d8fdeeb17088e7a6e1e4d8ac2f1fc492bbc2114ac",
    "certified_fp32_filter_i64.cubin": "db750295875f8363679cfe9f9762cef884e1ecd371e3e419fd500d91c3a20670",
    "refine_ambiguous_fp64_i64.cubin": "ff0572a7eefcb6ccba91c7da0020d370e45d7f8f7c03d3a55e8f5ca53c477c50"
  },
  "experiment_id": "tensorjoin_20260903_g3d_complete_pipeline_timing",
  "measurement_status": "runtime_binary_identity_not_performance",
  "phase": "screen",
  "processes": [
    {
      "attempt": 0,
      "cache_path": "artifacts/g3d_screen_process_0_kc_a0_triton_cache",
      "cubins": {
        "analytic_certificate_compact_i64.cubin": [
          {
            "path": "artifacts/g3d_screen_process_0_kc_a0_triton_cache/2L2IIN3WH762RL77INI7ERIWPV65JNRNE5Q7DJUSQWGWAK6B6IKQ/analytic_certificate_compact_i64.cubin",
            "sha256": "dd32e97936d8e0c6abd3924d8fdeeb17088e7a6e1e4d8ac2f1fc492bbc2114ac"
          }
        ],
        "certified_fp32_filter_i64.cubin": [
          {
            "path": "artifacts/g3d_screen_process_0_kc_a0_triton_cache/DV4SAB7GTZGPY2VN5VLIVBUHC3BZTM7IF7FJ2XX6LO6HHQ6YI7YQ/certified_fp32_filter_i64.cubin",
            "sha256": "db750295875f8363679cfe9f9762cef884e1ecd371e3e419fd500d91c3a20670"
          }
        ],
        "refine_ambiguous_fp64_i64.cubin": [
          {
            "path": "artifacts/g3d_screen_process_0_kc_a0_triton_cache/VIBYMX23CKNQXHPXM6YZZP3MCMX3VEEDGPT4SUG5NIDS4NU47CPA/refine_ambiguous_fp64_i64.cubin",
            "sha256": "ff0572a7eefcb6ccba91c7da0020d370e45d7f8f7c03d3a55e8f5ca53c477c50"
          }
        ]
      },
      "hashes_exact": true,
      "names_exact": true,
      "one_each": true,
      "pass": true,
      "process_id": 0
    },
    {
      "attempt": 1,
      "cache_path": "artifacts/g3d_screen_process_1_ck_a1_triton_cache",
      "cubins": {
        "analytic_certificate_compact_i64.cubin": [
          {
            "path": "artifacts/g3d_screen_process_1_ck_a1_triton_cache/2L2IIN3WH762RL77INI7ERIWPV65JNRNE5Q7DJUSQWGWAK6B6IKQ/analytic_certificate_compact_i64.cubin",
            "sha256": "dd32e97936d8e0c6abd3924d8fdeeb17088e7a6e1e4d8ac2f1fc492bbc2114ac"
          }
        ],
        "certified_fp32_filter_i64.cubin": [
          {
            "path": "artifacts/g3d_screen_process_1_ck_a1_triton_cache/DV4SAB7GTZGPY2VN5VLIVBUHC3BZTM7IF7FJ2XX6LO6HHQ6YI7YQ/certified_fp32_filter_i64.cubin",
            "sha256": "db750295875f8363679cfe9f9762cef884e1ecd371e3e419fd500d91c3a20670"
          }
        ],
        "refine_ambiguous_fp64_i64.cubin": [
          {
            "path": "artifacts/g3d_screen_process_1_ck_a1_triton_cache/VIBYMX23CKNQXHPXM6YZZP3MCMX3VEEDGPT4SUG5NIDS4NU47CPA/refine_ambiguous_fp64_i64.cubin",
            "sha256": "ff0572a7eefcb6ccba91c7da0020d370e45d7f8f7c03d3a55e8f5ca53c477c50"
          }
        ]
      },
      "hashes_exact": true,
      "names_exact": true,
      "one_each": true,
      "pass": true,
      "process_id": 1
    }
  ],
  "runtime_binary_gate_pass": true,
  "screen_runtime_binary_gate_pass": true
}
{
  "all_expected_processes_admitted": true,
  "all_source_contracts_equal": true,
  "decision": "admit_formal",
  "experiment_id": "tensorjoin_20260903_g3d_complete_pipeline_timing",
  "marginal_raw_sample_percentiles_us": {
    "candidate_three_stage": {
      "median_us": 291.6319966316223,
      "p10_us": 284.31680500507355,
      "p90_us": 296.59519493579865
    },
    "keeper_two_stage": {
      "median_us": 768.559992313385,
      "p10_us": 756.6943824291229,
      "p90_us": 776.2432217597961
    }
  },
  "measurement_scope": "complete resident-GPU pipeline attribution",
  "order_position_raw_sample_percentiles_us": {
    "first": {
      "candidate_three_stage": {
        "median_us": 286.1440032720566,
        "p10_us": 283.74080657958984,
        "p90_us": 290.42240381240845
      },
      "keeper_two_stage": {
        "median_us": 772.7839946746826,
        "p10_us": 766.3839936256409,
        "p90_us": 781.660795211792
      }
    },
    "second": {
      "candidate_three_stage": {
        "median_us": 293.8559949398041,
        "p10_us": 291.8048083782196,
        "p90_us": 299.5327979326248
      },
      "keeper_two_stage": {
        "median_us": 765.7440006732941,
        "p10_us": 754.041600227356,
        "p90_us": 770.5215811729431
      }
    }
  },
  "paired_geometric_mean_median_speedup": 2.6528412311856724,
  "phase": "screen",
  "process_median_wins": 2,
  "processes": [
    {
      "attempt": 0,
      "candidate_median_us": 293.8559949398041,
      "candidate_sustained_mean_us": 256.1939239501953,
      "keeper_median_us": 772.7839946746826,
      "keeper_sustained_mean_us": 732.6486206054688,
      "median_speedup_keeper_over_candidate": 2.629805101757363,
      "order": "KC",
      "process_id": 0,
      "result": "results/g3d_screen_process_0_kc_a0.json",
      "result_sha256": "0a53c20ad93b67f0d8072df96c203f7047d18b5612bbaf018c6f9eef6eb8b91d",
      "sustained_speedup_keeper_over_candidate": 2.859742375263737
    },
    {
      "attempt": 1,
      "candidate_median_us": 286.1440032720566,
      "candidate_sustained_mean_us": 256.1680030822754,
      "keeper_median_us": 765.7440006732941,
      "keeper_sustained_mean_us": 732.3824310302734,
      "median_speedup_keeper_over_candidate": 2.6760791486699413,
      "order": "CK",
      "process_id": 1,
      "result": "results/g3d_screen_process_1_ck_a1.json",
      "result_sha256": "268e9f8c759d4941b3037506539e9467f6674ef05697c00f3d8836f50e7f6c23",
      "sustained_speedup_keeper_over_candidate": 2.858992622880574
    }
  ],
  "runtime_binary_gate_pass": true,
  "scope_is_not": "ingest-inclusive or host-output-materializing end-to-end latency",
  "screen_gate_pass": true,
  "screen_thresholds": {
    "each_process_median_speedup_minimum": 1.1,
    "each_process_sustained_speedup_minimum": 1.05
  },
  "single_protocol_sha256": [
    "6839b2fb656815c623cd46db0d3a435791c90c128a1b88b5c4ef926bc014cd1b"
  ],
  "single_runner_sha256": [
    "e6518efc901d6c5ab316fe8f8f4d95e37ce4de535e08ac9f353acd8e46e1fd3a"
  ],
  "sustained_geometric_mean_speedup": 2.8593674744981614,
  "sustained_wins": 2
}
SCREEN_RESUME_COMPLETE 2026-09-03T04:23:56+00:00
