WAIT slot=0 attempt=0 2026-09-03T04:41:40+00:00
SLOT_COMPLETE {"admitted": true, "attempt": 0, "cache_path": "artifacts/g4a_screen_process_0_kc_a0_triton_cache", "command": ["@TENSORJOIN_ROOT@/isaacsim6/env/bin/python", "@TENSORJOIN_ROOT@/tensorjoin_20260902_certified_exact_join/src/run_g4a_dynamic_router_timing.py", "--phase", "screen", "--process-id", "0", "--attempt", "0", "--order", "KC", "--warmups", "10", "--observations", "50", "--sustained-launches", "200"], "experiment_id": "tensorjoin_20260903_g4a_dynamic_count_router", "external_monitor_max_gpu_utilization_percent": 91, "external_monitor_max_process_memory_mib": 1010, "foreign_rows": [], "gpu0": {"clocks.mem": "405", "clocks.sm": "180", "driver_version": "590.48.01", "index": "0", "memory.used": "14", "name": "NVIDIA RTX PRO 6000 Blackwell Server Edition", "power.draw": "34.58", "power.limit": "600.00", "pstate": "P8", "utilization.gpu": "0", "uuid": "GPU-9bd364a9-9d88-0b78-ef55-caac6f73d6b1"}, "occupancy_log": "raw/g4a_screen_process_0_kc_a0_occupancy.jsonl", "occupancy_log_sha256": "ec2581b22ef8b0ee5a7f18d740f097aabca8078d73e33043a1344f29987e45c2", "orchestrator_sha256": "170392c1bf03d94927b6354553991636fa8c67a12a572cba27c7d75c2de579ad", "order": "KC", "phase": "screen", "postflight_compute_rows": [], "preflight_log": "raw/g4a_screen_process_0_kc_a0_preflight.log", "preflight_log_sha256": "0b56cdfc88c08f4e33e70427a13e2da7767c6f8052f17b13a08e34c2ec4818f0", "process_id": 0, "protocol_sha256": "29b0d3aa584f2337c04f947c7a50ffa0b57e943699385568344c0e332a07f0c1", "raw_log": "raw/g4a_screen_process_0_kc_a0.log", "raw_log_sha256": "6fb9c881be92515c8a1f1dec9007b93887323749a4e46810a6fc123ce8df33b1", "result": "results/g4a_screen_process_0_kc_a0.json", "result_sha256": "84bc3a0def867c95aef9c235d997f08be7f50cf24df6fe17794b9a22dee0cf0c", "returncode": 0, "runner_sha256": "fe7aaa92c7556e11b2a08e62815ce5189ff0ab677a16706f272ec097b20ba843", "runner_was_launched": true, "settings": {"observations": 50, "sustained_launches": 200, "warmups": 10}, "status": "clean_slot_complete", "target_gpu_pids": [3939629], "wall_seconds": 36.92547130584717}
ADMITTED slot=0 2026-09-03T04:42:18+00:00
WAIT slot=1 attempt=0 2026-09-03T04:42:18+00:00
SLOT_COMPLETE {"admitted": true, "attempt": 0, "cache_path": "artifacts/g4a_screen_process_1_ck_a0_triton_cache", "command": ["@TENSORJOIN_ROOT@/isaacsim6/env/bin/python", "@TENSORJOIN_ROOT@/tensorjoin_20260902_certified_exact_join/src/run_g4a_dynamic_router_timing.py", "--phase", "screen", "--process-id", "1", "--attempt", "0", "--order", "CK", "--warmups", "10", "--observations", "50", "--sustained-launches", "200"], "experiment_id": "tensorjoin_20260903_g4a_dynamic_count_router", "external_monitor_max_gpu_utilization_percent": 47, "external_monitor_max_process_memory_mib": 1010, "foreign_rows": [], "gpu0": {"clocks.mem": "12481", "clocks.sm": "2332", "driver_version": "590.48.01", "index": "0", "memory.used": "14", "name": "NVIDIA RTX PRO 6000 Blackwell Server Edition", "power.draw": "83.75", "power.limit": "600.00", "pstate": "P0", "utilization.gpu": "0", "uuid": "GPU-9bd364a9-9d88-0b78-ef55-caac6f73d6b1"}, "occupancy_log": "raw/g4a_screen_process_1_ck_a0_occupancy.jsonl", "occupancy_log_sha256": "41b33c8f75a4424f8cd877672f3603a6efab09511f6dac352465d075568015dd", "orchestrator_sha256": "170392c1bf03d94927b6354553991636fa8c67a12a572cba27c7d75c2de579ad", "order": "CK", "phase": "screen", "postflight_compute_rows": [], "preflight_log": "raw/g4a_screen_process_1_ck_a0_preflight.log", "preflight_log_sha256": "04f6fd1bc3e41451105b8ab1f2cfe39b0cfa2e0348cfd453ff8f9f8fff220cbe", "process_id": 1, "protocol_sha256": "29b0d3aa584f2337c04f947c7a50ffa0b57e943699385568344c0e332a07f0c1", "raw_log": "raw/g4a_screen_process_1_ck_a0.log", "raw_log_sha256": "4228b2e51d928179650d1453c6c94df049047d4e8293087aaf5fa1f678692e01", "result": "results/g4a_screen_process_1_ck_a0.json", "result_sha256": "ff4f8670c75e787245a2e188161d4281419c4b9b00d761249de6368c20b392bb", "returncode": 0, "runner_sha256": "fe7aaa92c7556e11b2a08e62815ce5189ff0ab677a16706f272ec097b20ba843", "runner_was_launched": true, "settings": {"observations": 50, "sustained_launches": 200, "warmups": 10}, "status": "clean_slot_complete", "target_gpu_pids": [3977628], "wall_seconds": 37.082608699798584}
ADMITTED slot=1 2026-09-03T04:42:56+00:00
{
  "auditor_sha256": "1bbc1d33cdf8cc32e4005997b3c5b964f33262e5e899883a196e9805091289be",
  "expected_cubins": {
    "analytic_certificate_compact_i64.cubin": "dd32e97936d8e0c6abd3924d8fdeeb17088e7a6e1e4d8ac2f1fc492bbc2114ac",
    "certified_fp32_filter_i64.cubin": "db750295875f8363679cfe9f9762cef884e1ecd371e3e419fd500d91c3a20670",
    "refine_ambiguous_fp64_i64.cubin": "ff0572a7eefcb6ccba91c7da0020d370e45d7f8f7c03d3a55e8f5ca53c477c50"
  },
  "experiment_id": "tensorjoin_20260903_g4a_dynamic_count_router",
  "measurement_status": "runtime_binary_identity_not_performance",
  "phase": "screen",
  "processes": [
    {
      "attempt": 0,
      "cache_path": "artifacts/g4a_screen_process_0_kc_a0_triton_cache",
      "cubins": {
        "analytic_certificate_compact_i64.cubin": [
          {
            "path": "artifacts/g4a_screen_process_0_kc_a0_triton_cache/2L2IIN3WH762RL77INI7ERIWPV65JNRNE5Q7DJUSQWGWAK6B6IKQ/analytic_certificate_compact_i64.cubin",
            "sha256": "dd32e97936d8e0c6abd3924d8fdeeb17088e7a6e1e4d8ac2f1fc492bbc2114ac"
          }
        ],
        "certified_fp32_filter_i64.cubin": [
          {
            "path": "artifacts/g4a_screen_process_0_kc_a0_triton_cache/DV4SAB7GTZGPY2VN5VLIVBUHC3BZTM7IF7FJ2XX6LO6HHQ6YI7YQ/certified_fp32_filter_i64.cubin",
            "sha256": "db750295875f8363679cfe9f9762cef884e1ecd371e3e419fd500d91c3a20670"
          }
        ],
        "refine_ambiguous_fp64_i64.cubin": [
          {
            "path": "artifacts/g4a_screen_process_0_kc_a0_triton_cache/VIBYMX23CKNQXHPXM6YZZP3MCMX3VEEDGPT4SUG5NIDS4NU47CPA/refine_ambiguous_fp64_i64.cubin",
            "sha256": "ff0572a7eefcb6ccba91c7da0020d370e45d7f8f7c03d3a55e8f5ca53c477c50"
          }
        ]
      },
      "pass": true,
      "process_id": 0
    },
    {
      "attempt": 0,
      "cache_path": "artifacts/g4a_screen_process_1_ck_a0_triton_cache",
      "cubins": {
        "analytic_certificate_compact_i64.cubin": [
          {
            "path": "artifacts/g4a_screen_process_1_ck_a0_triton_cache/2L2IIN3WH762RL77INI7ERIWPV65JNRNE5Q7DJUSQWGWAK6B6IKQ/analytic_certificate_compact_i64.cubin",
            "sha256": "dd32e97936d8e0c6abd3924d8fdeeb17088e7a6e1e4d8ac2f1fc492bbc2114ac"
          }
        ],
        "certified_fp32_filter_i64.cubin": [
          {
            "path": "artifacts/g4a_screen_process_1_ck_a0_triton_cache/DV4SAB7GTZGPY2VN5VLIVBUHC3BZTM7IF7FJ2XX6LO6HHQ6YI7YQ/certified_fp32_filter_i64.cubin",
            "sha256": "db750295875f8363679cfe9f9762cef884e1ecd371e3e419fd500d91c3a20670"
          }
        ],
        "refine_ambiguous_fp64_i64.cubin": [
          {
            "path": "artifacts/g4a_screen_process_1_ck_a0_triton_cache/VIBYMX23CKNQXHPXM6YZZP3MCMX3VEEDGPT4SUG5NIDS4NU47CPA/refine_ambiguous_fp64_i64.cubin",
            "sha256": "ff0572a7eefcb6ccba91c7da0020d370e45d7f8f7c03d3a55e8f5ca53c477c50"
          }
        ]
      },
      "pass": true,
      "process_id": 1
    }
  ],
  "runtime_binary_gate_pass": true
}
{
  "all_expected_processes_admitted": true,
  "all_source_contracts_equal": true,
  "decision": "admit_formal",
  "dynamic_count_contract_pass": true,
  "experiment_id": "tensorjoin_20260903_g4a_dynamic_count_router",
  "marginal_raw_sample_percentiles_us": {
    "candidate_three_stage": {
      "median_us": 354.488,
      "p10_us": 345.60920000000004,
      "p90_us": 364.7539
    },
    "keeper_two_stage": {
      "median_us": 802.5295,
      "p10_us": 789.3974999999999,
      "p90_us": 807.6188999999999
    }
  },
  "measurement_scope": "host-dispatched dynamic-count resident-GPU operator",
  "order_position_raw_sample_percentiles_us": {
    "first": {
      "candidate_three_stage": {
        "median_us": 347.962,
        "p10_us": 340.4268,
        "p90_us": 351.9341
      },
      "keeper_two_stage": {
        "median_us": 805.488,
        "p10_us": 803.2312000000001,
        "p90_us": 809.7637
      }
    },
    "second": {
      "candidate_three_stage": {
        "median_us": 361.66700000000003,
        "p10_us": 354.9548,
        "p90_us": 366.4773
      },
      "keeper_two_stage": {
        "median_us": 793.815,
        "p10_us": 788.2018,
        "p90_us": 801.1826
      }
    }
  },
  "paired_geometric_mean_median_speedup": 2.25407746334848,
  "phase": "screen",
  "process_median_wins": 2,
  "processes": [
    {
      "attempt": 0,
      "candidate_median_us": 361.66700000000003,
      "candidate_sustained_mean_us": 357.66288999999995,
      "dynamic_count_contract_pass": true,
      "keeper_median_us": 805.488,
      "keeper_sustained_mean_us": 804.1202499999999,
      "median_speedup_keeper_over_candidate": 2.2271537076924353,
      "order": "KC",
      "process_id": 0,
      "result": "results/g4a_screen_process_0_kc_a0.json",
      "result_sha256": "84bc3a0def867c95aef9c235d997f08be7f50cf24df6fe17794b9a22dee0cf0c",
      "sustained_speedup_keeper_over_candidate": 2.2482630221994797
    },
    {
      "attempt": 0,
      "candidate_median_us": 347.962,
      "candidate_sustained_mean_us": 342.072685,
      "dynamic_count_contract_pass": true,
      "keeper_median_us": 793.815,
      "keeper_sustained_mean_us": 791.01698,
      "median_speedup_keeper_over_candidate": 2.2813266965933066,
      "order": "CK",
      "process_id": 1,
      "result": "results/g4a_screen_process_1_ck_a0.json",
      "result_sha256": "ff4f8670c75e787245a2e188161d4281419c4b9b00d761249de6368c20b392bb",
      "sustained_speedup_keeper_over_candidate": 2.312423688550286
    }
  ],
  "runtime_binary_gate_pass": true,
  "scope_is_not": "ingest-inclusive or host-output-materializing end-to-end latency",
  "screen_gate_pass": true,
  "screen_thresholds": {
    "each_process_median_speedup_minimum": 1.2,
    "each_process_sustained_speedup_minimum": 1.2
  },
  "single_protocol_sha256": [
    "29b0d3aa584f2337c04f947c7a50ffa0b57e943699385568344c0e332a07f0c1"
  ],
  "single_runner_sha256": [
    "fe7aaa92c7556e11b2a08e62815ce5189ff0ab677a16706f272ec097b20ba843"
  ],
  "sustained_geometric_mean_speedup": 2.280117687889319,
  "sustained_wins": 2
}
G4A_SCREEN_COMPLETE 2026-09-03T04:42:56+00:00
