{
  "all_27_cells_exact_and_structurally_valid": true,
  "all_required_hashes_recorded": true,
  "cell_count": 27,
  "cells": [
    {
      "accepted_upper_raw_u64_sha256": "d859eab4e8c11c99b8014bb9ee63bc14d6efdb60889f41e7e8cba63bf081d716",
      "actual_average_directed_nonself_degree": 1.0,
      "buffer_capacity": 557056,
      "cell_gate_pass": true,
      "dataset_id": "cifar_gist512",
      "dimension": 512,
      "duplicate_counts": {
        "final": 0,
        "fp32_accept": 0,
        "fp32_reject": 0,
        "fp64": 0,
        "g3b_ambiguous": 0,
        "g3b_direct": 0
      },
      "epsilon": 0.6135147487869531,
      "epsilon_lower_float32": 0.6135147213935852,
      "epsilon_upper_float32": 0.61351478099823,
      "exact_match": true,
      "extra_upper_pairs": 0,
      "final_accepted_upper_pairs": 1536,
      "first_extra_upper_pairs": [],
      "first_missing_upper_pairs": [],
      "first_unsafe_fp32_direct_accepts": [],
      "first_unsafe_fp32_direct_rejects": [],
      "first_unsafe_g3b_direct_accepts": [],
      "first_unsafe_g3b_direct_rejects": [],
      "fp32_accept_raw_u64_sha256": "98090ce697a3b5738446dc16c779c7cbe5f0a8c1274cd2275c748c05badbb90d",
      "fp32_bitwise_equal_upper_pairs": 0,
      "fp32_direct_accept_upper_pairs": 183,
      "fp32_direct_reject_upper_pairs": 281,
      "fp32_reject_raw_u64_sha256": "87e3b009795c603b245aa84fd197b0504b45834a7f6c1c454c0d2ce7df456937",
      "fp64_raw_u64_sha256": "e3b0c44298fc1c149afbf4c8996fb92427ae41e4649b934ca495991b7852b855",
      "fp64_refine_fraction_of_g3b_ambiguity": 0.0,
      "fp64_refined_upper_pairs": 0,
      "g3b_ambiguity_fraction_of_all_upper_pairs": 0.0008841463414634147,
      "g3b_ambiguous_raw_u64_sha256": "2c6c2f7b63c42a0218eeb07adb54229cc69966515b880a89a1a5d01c6ba1b772",
      "g3b_ambiguous_upper_pairs": 464,
      "g3b_direct_accept_upper_pairs": 1353,
      "g3b_direct_raw_u64_sha256": "5e42cf0941b2eec7cb4ed17df126aba81b90af901aee69b3ca840a1d054155e6",
      "g3b_direct_reject_upper_pairs": 522983,
      "invalid_or_lower_triangle_pairs": 0,
      "missing_upper_pairs": 0,
      "n": 1024,
      "oracle_file_sha256": "ae54490fa57686c76c4481fa6da7ad1b38444cca31a03831e361f2fb84ae19a8",
      "oracle_metadata_sha256": "d65a279191e93d92865cf6ae0a85aaf85703c4e9412adb4fb0e64e595730e26f",
      "oracle_upper_count_including_self": 1536,
      "oracle_upper_raw_u64_sha256": "d859eab4e8c11c99b8014bb9ee63bc14d6efdb60889f41e7e8cba63bf081d716",
      "overflow_events": 0,
      "scheduled_tiles": 136,
      "source_row_prefix_raw_sha256": "a87c733b4d03480fd8c8f8a0b21a98703d98c1d99d6a8ca47d27e0cc6a2c9914",
      "stage_partitions_pass": true,
      "target_average_directed_nonself_degree": 1,
      "threshold_d2": 0.3764003469791182,
      "threshold_d2_lower_float32": 0.37640032172203064,
      "threshold_d2_upper_float32": 0.376400351524353,
      "total_upper_pairs": 524800,
      "unsafe_fp32_direct_accepts": 0,
      "unsafe_fp32_direct_rejects": 0,
      "unsafe_g3b_direct_accepts": 0,
      "unsafe_g3b_direct_rejects": 0,
      "vector_prefix_raw_sha256": "50b1fa4d37b90c1ea57a6735e3f9814a3db72094b3522f5e564531f081168b75"
    },
    {
      "accepted_upper_raw_u64_sha256": "1d6c4635d56c792b041870b8db5304dc75eaeb3097e721c88706b6b04df2f57b",
      "actual_average_directed_nonself_degree": 16.0,
      "buffer_capacity": 557056,
      "cell_gate_pass": true,
      "dataset_id": "cifar_gist512",
      "dimension": 512,
      "duplicate_counts": {
        "final": 0,
        "fp32_accept": 0,
        "fp32_reject": 0,
        "fp64": 0,
        "g3b_ambiguous": 0,
        "g3b_direct": 0
      },
      "epsilon": 0.7475075760550112,
      "epsilon_lower_float32": 0.7475075721740723,
      "epsilon_upper_float32": 0.747507631778717,
      "exact_match": true,
      "extra_upper_pairs": 0,
      "final_accepted_upper_pairs": 9216,
      "first_extra_upper_pairs": [],
      "first_missing_upper_pairs": [],
      "first_unsafe_fp32_direct_accepts": [],
      "first_unsafe_fp32_direct_rejects": [],
      "first_unsafe_g3b_direct_accepts": [],
      "first_unsafe_g3b_direct_rejects": [],
      "fp32_accept_raw_u64_sha256": "51ae005c2bd2a5846cc33efceea7366f466111af4df1d816cc696280398230d3",
      "fp32_bitwise_equal_upper_pairs": 0,
      "fp32_direct_accept_upper_pairs": 2612,
      "fp32_direct_reject_upper_pairs": 3911,
      "fp32_reject_raw_u64_sha256": "b16b053493576e7ce0bedd52cab58295cf26fcf3d66edebac9dd7216d6c18d0b",
      "fp64_raw_u64_sha256": "76855b4abcf8a4d3ab97109257cf207ba4e6c84f740e719bec2212393257cc97",
      "fp64_refine_fraction_of_g3b_ambiguity": 0.0013778322106552357,
      "fp64_refined_upper_pairs": 9,
      "g3b_ambiguity_fraction_of_all_upper_pairs": 0.012446646341463415,
      "g3b_ambiguous_raw_u64_sha256": "43fb0311a3e2fab9e186daba8ceb7bbc8e948bdb60f16a6bd4d1aa9ee56c0078",
      "g3b_ambiguous_upper_pairs": 6532,
      "g3b_direct_accept_upper_pairs": 6598,
      "g3b_direct_raw_u64_sha256": "3372c8d8e1f41032ca5b7c0eba64ee392b42311f6f85df68c2dc0942416e91e6",
      "g3b_direct_reject_upper_pairs": 511670,
      "invalid_or_lower_triangle_pairs": 0,
      "missing_upper_pairs": 0,
      "n": 1024,
      "oracle_file_sha256": "b5c21c52065c68752d27aabe07bab97d41a2cd7d9a90649809e7e170dbf3719b",
      "oracle_metadata_sha256": "2b60564fa2e2285620f1fc694a0c48218b4cf5ec84eb741cd1076f7f9bbe4d70",
      "oracle_upper_count_including_self": 9216,
      "oracle_upper_raw_u64_sha256": "1d6c4635d56c792b041870b8db5304dc75eaeb3097e721c88706b6b04df2f57b",
      "overflow_events": 0,
      "scheduled_tiles": 136,
      "source_row_prefix_raw_sha256": "a87c733b4d03480fd8c8f8a0b21a98703d98c1d99d6a8ca47d27e0cc6a2c9914",
      "stage_partitions_pass": true,
      "target_average_directed_nonself_degree": 16,
      "threshold_d2": 0.5587675762596382,
      "threshold_d2_lower_float32": 0.558767557144165,
      "threshold_d2_upper_float32": 0.5587676167488098,
      "total_upper_pairs": 524800,
      "unsafe_fp32_direct_accepts": 0,
      "unsafe_fp32_direct_rejects": 0,
      "unsafe_g3b_direct_accepts": 0,
      "unsafe_g3b_direct_rejects": 0,
      "vector_prefix_raw_sha256": "50b1fa4d37b90c1ea57a6735e3f9814a3db72094b3522f5e564531f081168b75"
    },
    {
      "accepted_upper_raw_u64_sha256": "c0a12e2ced5e25fc7230c502c77a8a09a4214bac3288d451d61d500cee76044a",
      "actual_average_directed_nonself_degree": 64.0,
      "buffer_capacity": 557056,
      "cell_gate_pass": true,
      "dataset_id": "cifar_gist512",
      "dimension": 512,
      "duplicate_counts": {
        "final": 0,
        "fp32_accept": 0,
        "fp32_reject": 0,
        "fp64": 0,
        "g3b_ambiguous": 0,
        "g3b_direct": 0
      },
      "epsilon": 0.8284829680570637,
      "epsilon_lower_float32": 0.8284829258918762,
      "epsilon_upper_float32": 0.828482985496521,
      "exact_match": true,
      "extra_upper_pairs": 0,
      "final_accepted_upper_pairs": 33792,
      "first_extra_upper_pairs": [],
      "first_missing_upper_pairs": [],
      "first_unsafe_fp32_direct_accepts": [],
      "first_unsafe_fp32_direct_rejects": [],
      "first_unsafe_g3b_direct_accepts": [],
      "first_unsafe_g3b_direct_rejects": [],
      "fp32_accept_raw_u64_sha256": "0a87ae316a4a7d630b0c6c9e251b571eb83f7c47323531dd3ed8661e412d6c66",
      "fp32_bitwise_equal_upper_pairs": 0,
      "fp32_direct_accept_upper_pairs": 9356,
      "fp32_direct_reject_upper_pairs": 12267,
      "fp32_reject_raw_u64_sha256": "f9d247eadeaf3430ee8ecb06e0b7664ed97ca3f0ac7e587bb02d2456edd1bde1",
      "fp64_raw_u64_sha256": "65a55dc2c42c4b2d690d51ce10e1fc1d700bcc1cc079e2db24ab0f6859125f8c",
      "fp64_refine_fraction_of_g3b_ambiguity": 0.0013393681876962868,
      "fp64_refined_upper_pairs": 29,
      "g3b_ambiguity_fraction_of_all_upper_pairs": 0.041257621951219514,
      "g3b_ambiguous_raw_u64_sha256": "3539d5a5e960e854536cdae0c6c618ffd591775d8d1419353b7e87c7e109bfcf",
      "g3b_ambiguous_upper_pairs": 21652,
      "g3b_direct_accept_upper_pairs": 24421,
      "g3b_direct_raw_u64_sha256": "1be0ded3fae6e16aea6dfc7e5eaa29d57d2a308ca926cc7e4345ce2ec886e82a",
      "g3b_direct_reject_upper_pairs": 478727,
      "invalid_or_lower_triangle_pairs": 0,
      "missing_upper_pairs": 0,
      "n": 1024,
      "oracle_file_sha256": "e781269c5c387bbacd817e2f4d9a622eb8842c0cbf92982e9b6f7dba50ff293e",
      "oracle_metadata_sha256": "d68de264c868dfcfdd9f7021771ff9659af053b1c170030d3064cdc46d5665b3",
      "oracle_upper_count_including_self": 33792,
      "oracle_upper_raw_u64_sha256": "c0a12e2ced5e25fc7230c502c77a8a09a4214bac3288d451d61d500cee76044a",
      "overflow_events": 0,
      "scheduled_tiles": 136,
      "source_row_prefix_raw_sha256": "a87c733b4d03480fd8c8f8a0b21a98703d98c1d99d6a8ca47d27e0cc6a2c9914",
      "stage_partitions_pass": true,
      "target_average_directed_nonself_degree": 64,
      "threshold_d2": 0.6863840283606415,
      "threshold_d2_lower_float32": 0.6863840222358704,
      "threshold_d2_upper_float32": 0.6863840818405151,
      "total_upper_pairs": 524800,
      "unsafe_fp32_direct_accepts": 0,
      "unsafe_fp32_direct_rejects": 0,
      "unsafe_g3b_direct_accepts": 0,
      "unsafe_g3b_direct_rejects": 0,
      "vector_prefix_raw_sha256": "50b1fa4d37b90c1ea57a6735e3f9814a3db72094b3522f5e564531f081168b75"
    },
    {
      "accepted_upper_raw_u64_sha256": "bef36a7d001a86605b3193cf85901c02731e0eaa2fb3a80f06288c34370d32f7",
      "actual_average_directed_nonself_degree": 1.0,
      "buffer_capacity": 2162688,
      "cell_gate_pass": true,
      "dataset_id": "cifar_gist512",
      "dimension": 512,
      "duplicate_counts": {
        "final": 0,
        "fp32_accept": 0,
        "fp32_reject": 0,
        "fp64": 0,
        "g3b_ambiguous": 0,
        "g3b_direct": 0
      },
      "epsilon": 0.6016045864658259,
      "epsilon_lower_float32": 0.6016045808792114,
      "epsilon_upper_float32": 0.6016046404838562,
      "exact_match": true,
      "extra_upper_pairs": 0,
      "final_accepted_upper_pairs": 3072,
      "first_extra_upper_pairs": [],
      "first_missing_upper_pairs": [],
      "first_unsafe_fp32_direct_accepts": [],
      "first_unsafe_fp32_direct_rejects": [],
      "first_unsafe_g3b_direct_accepts": [],
      "first_unsafe_g3b_direct_rejects": [],
      "fp32_accept_raw_u64_sha256": "51a187a244bf5f88f3a0853dcb790d4c0680f609d8cdb2f5bc2397609e2f1981",
      "fp32_bitwise_equal_upper_pairs": 0,
      "fp32_direct_accept_upper_pairs": 398,
      "fp32_direct_reject_upper_pairs": 662,
      "fp32_reject_raw_u64_sha256": "5a7ce5fb504cbafb6afc94d651753bef5e8bf823fcd887d966577d6d66e209f3",
      "fp64_raw_u64_sha256": "e3b0c44298fc1c149afbf4c8996fb92427ae41e4649b934ca495991b7852b855",
      "fp64_refine_fraction_of_g3b_ambiguity": 0.0,
      "fp64_refined_upper_pairs": 0,
      "g3b_ambiguity_fraction_of_all_upper_pairs": 0.0005052007076622743,
      "g3b_ambiguous_raw_u64_sha256": "32f611a027141c4f647295fda1e1e24d4abfe4fda5d539ea22cd60f49ce57561",
      "g3b_ambiguous_upper_pairs": 1060,
      "g3b_direct_accept_upper_pairs": 2674,
      "g3b_direct_raw_u64_sha256": "43e5c7a2b1dcaf8cc3bacc6b40b18204a736c9b71e54bf4f4d761aa2851d9116",
      "g3b_direct_reject_upper_pairs": 2094442,
      "invalid_or_lower_triangle_pairs": 0,
      "missing_upper_pairs": 0,
      "n": 2048,
      "oracle_file_sha256": "c2ee12effd24d4ac0e2c43de193acbc8cae1d5f3556b1b35195ab736a2cbc823",
      "oracle_metadata_sha256": "af7e4bb12e6e0b862ee4e2a1a8120c3e4921c998778d18a4e03616c81f9c1d40",
      "oracle_upper_count_including_self": 3072,
      "oracle_upper_raw_u64_sha256": "bef36a7d001a86605b3193cf85901c02731e0eaa2fb3a80f06288c34370d32f7",
      "overflow_events": 0,
      "scheduled_tiles": 528,
      "source_row_prefix_raw_sha256": "04e9d1b1cacdaec6f08207f5b72ab36912dd191320392ada44291c619536a93b",
      "stage_partitions_pass": true,
      "target_average_directed_nonself_degree": 1,
      "threshold_d2": 0.3619280784567174,
      "threshold_d2_lower_float32": 0.3619280755519867,
      "threshold_d2_upper_float32": 0.3619281053543091,
      "total_upper_pairs": 2098176,
      "unsafe_fp32_direct_accepts": 0,
      "unsafe_fp32_direct_rejects": 0,
      "unsafe_g3b_direct_accepts": 0,
      "unsafe_g3b_direct_rejects": 0,
      "vector_prefix_raw_sha256": "0a7274873bdea046799e97a6328ab88d0846f38e869afce12f2df36b5c862f7d"
    },
    {
      "accepted_upper_raw_u64_sha256": "19d219d141052ec6b9e2aa79036dc8ec8939201a9dc336bf69f173d8789eba78",
      "actual_average_directed_nonself_degree": 16.0,
      "buffer_capacity": 2162688,
      "cell_gate_pass": true,
      "dataset_id": "cifar_gist512",
      "dimension": 512,
      "duplicate_counts": {
        "final": 0,
        "fp32_accept": 0,
        "fp32_reject": 0,
        "fp64": 0,
        "g3b_ambiguous": 0,
        "g3b_direct": 0
      },
      "epsilon": 0.724121530517614,
      "epsilon_lower_float32": 0.7241215109825134,
      "epsilon_upper_float32": 0.7241215705871582,
      "exact_match": true,
      "extra_upper_pairs": 0,
      "final_accepted_upper_pairs": 18432,
      "first_extra_upper_pairs": [],
      "first_missing_upper_pairs": [],
      "first_unsafe_fp32_direct_accepts": [],
      "first_unsafe_fp32_direct_rejects": [],
      "first_unsafe_g3b_direct_accepts": [],
      "first_unsafe_g3b_direct_rejects": [],
      "fp32_accept_raw_u64_sha256": "93db38f7bc011baa326590a72137964ff1375c3ab907d6490a7113f7d6f2edc6",
      "fp32_bitwise_equal_upper_pairs": 0,
      "fp32_direct_accept_upper_pairs": 5787,
      "fp32_direct_reject_upper_pairs": 8842,
      "fp32_reject_raw_u64_sha256": "587e9eac917293e70843c0b6c2fe89eacf1e4c4f94465a260b7487f79bc2f3e1",
      "fp64_raw_u64_sha256": "9ecf8fca8045f492ec2dda32a6942cf0d63c11254d456b876b042ca3a74bf22c",
      "fp64_refine_fraction_of_g3b_ambiguity": 0.0013652809065465218,
      "fp64_refined_upper_pairs": 20,
      "g3b_ambiguity_fraction_of_all_upper_pairs": 0.006981778459004393,
      "g3b_ambiguous_raw_u64_sha256": "55c8056e2d0a51ba8cb5cbd448e9cc36813353b14ec1e31674b4b10e698b6d81",
      "g3b_ambiguous_upper_pairs": 14649,
      "g3b_direct_accept_upper_pairs": 12637,
      "g3b_direct_raw_u64_sha256": "34518ae179e0e259ca2fb9c3fa2611113d8b024613d9545273bfea3b2619995b",
      "g3b_direct_reject_upper_pairs": 2070890,
      "invalid_or_lower_triangle_pairs": 0,
      "missing_upper_pairs": 0,
      "n": 2048,
      "oracle_file_sha256": "a00dbbeec73d91cd1513063f06557e9bc80628818d7d0a95b5696ffc2998e2cb",
      "oracle_metadata_sha256": "17a1cfc18e15dca777fa627825538326eda9f7db64612a94c507e6592f77183b",
      "oracle_upper_count_including_self": 18432,
      "oracle_upper_raw_u64_sha256": "19d219d141052ec6b9e2aa79036dc8ec8939201a9dc336bf69f173d8789eba78",
      "overflow_events": 0,
      "scheduled_tiles": 528,
      "source_row_prefix_raw_sha256": "04e9d1b1cacdaec6f08207f5b72ab36912dd191320392ada44291c619536a93b",
      "stage_partitions_pass": true,
      "target_average_directed_nonself_degree": 16,
      "threshold_d2": 0.5243519909591717,
      "threshold_d2_lower_float32": 0.524351954460144,
      "threshold_d2_upper_float32": 0.5243520140647888,
      "total_upper_pairs": 2098176,
      "unsafe_fp32_direct_accepts": 0,
      "unsafe_fp32_direct_rejects": 0,
      "unsafe_g3b_direct_accepts": 0,
      "unsafe_g3b_direct_rejects": 0,
      "vector_prefix_raw_sha256": "0a7274873bdea046799e97a6328ab88d0846f38e869afce12f2df36b5c862f7d"
    },
    {
      "accepted_upper_raw_u64_sha256": "8909d7933556df83f18b50d7382cd7671cc7ee90e90df8436ba941fe8c714afd",
      "actual_average_directed_nonself_degree": 64.0,
      "buffer_capacity": 2162688,
      "cell_gate_pass": true,
      "dataset_id": "cifar_gist512",
      "dimension": 512,
      "duplicate_counts": {
        "final": 0,
        "fp32_accept": 0,
        "fp32_reject": 0,
        "fp64": 0,
        "g3b_ambiguous": 0,
        "g3b_direct": 0
      },
      "epsilon": 0.794907338808634,
      "epsilon_lower_float32": 0.7949073314666748,
      "epsilon_upper_float32": 0.7949073910713196,
      "exact_match": true,
      "extra_upper_pairs": 0,
      "final_accepted_upper_pairs": 67584,
      "first_extra_upper_pairs": [],
      "first_missing_upper_pairs": [],
      "first_unsafe_fp32_direct_accepts": [],
      "first_unsafe_fp32_direct_rejects": [],
      "first_unsafe_g3b_direct_accepts": [],
      "first_unsafe_g3b_direct_rejects": [],
      "fp32_accept_raw_u64_sha256": "67b886e48136e81bbd241a59486f7226880fb832c80c201d0faeb3bf8b6ccfe7",
      "fp32_bitwise_equal_upper_pairs": 0,
      "fp32_direct_accept_upper_pairs": 21395,
      "fp32_direct_reject_upper_pairs": 29469,
      "fp32_reject_raw_u64_sha256": "08cb6634605d9b16fa926c5784c1aaf6c7addc3fd3e24fde6ff62d7689cb63d5",
      "fp64_raw_u64_sha256": "50988a640a8ba20b2bb601de63b4a4ec30acbf6619aa6e8906080f9e39f7a215",
      "fp64_refine_fraction_of_g3b_ambiguity": 0.0010997643362136685,
      "fp64_refined_upper_pairs": 56,
      "g3b_ambiguity_fraction_of_all_upper_pairs": 0.0242686981454368,
      "g3b_ambiguous_raw_u64_sha256": "7aff6c2ef68c6e40258b0b829ac185804745eca4c9351761b854d40a8f09eee5",
      "g3b_ambiguous_upper_pairs": 50920,
      "g3b_direct_accept_upper_pairs": 46163,
      "g3b_direct_raw_u64_sha256": "6d7f9244e867029745e3198f9c37bde122c2cae0f686cb29817c5a9aa1cc9990",
      "g3b_direct_reject_upper_pairs": 2001093,
      "invalid_or_lower_triangle_pairs": 0,
      "missing_upper_pairs": 0,
      "n": 2048,
      "oracle_file_sha256": "7a3a52f4e3733f0bf31a5f2a78b2b9dc594b40a829abf3885ea2077db2c9551f",
      "oracle_metadata_sha256": "9cdbe808114122c6d32eb11f87f3dc9be23c34c8bd42ca17eadcc85adf51a5ee",
      "oracle_upper_count_including_self": 67584,
      "oracle_upper_raw_u64_sha256": "8909d7933556df83f18b50d7382cd7671cc7ee90e90df8436ba941fe8c714afd",
      "overflow_events": 0,
      "scheduled_tiles": 528,
      "source_row_prefix_raw_sha256": "04e9d1b1cacdaec6f08207f5b72ab36912dd191320392ada44291c619536a93b",
      "stage_partitions_pass": true,
      "target_average_directed_nonself_degree": 64,
      "threshold_d2": 0.6318776772918244,
      "threshold_d2_lower_float32": 0.6318776607513428,
      "threshold_d2_upper_float32": 0.6318777203559875,
      "total_upper_pairs": 2098176,
      "unsafe_fp32_direct_accepts": 0,
      "unsafe_fp32_direct_rejects": 0,
      "unsafe_g3b_direct_accepts": 0,
      "unsafe_g3b_direct_rejects": 0,
      "vector_prefix_raw_sha256": "0a7274873bdea046799e97a6328ab88d0846f38e869afce12f2df36b5c862f7d"
    },
    {
      "accepted_upper_raw_u64_sha256": "07d75963ad1312b8642b86854de0dc8a1d036b768183bfeeb8cb4c415cd95274",
      "actual_average_directed_nonself_degree": 1.0,
      "buffer_capacity": 8519680,
      "cell_gate_pass": true,
      "dataset_id": "cifar_gist512",
      "dimension": 512,
      "duplicate_counts": {
        "final": 0,
        "fp32_accept": 0,
        "fp32_reject": 0,
        "fp64": 0,
        "g3b_ambiguous": 0,
        "g3b_direct": 0
      },
      "epsilon": 0.5738901800271538,
      "epsilon_lower_float32": 0.5738901495933533,
      "epsilon_upper_float32": 0.573890209197998,
      "exact_match": true,
      "extra_upper_pairs": 0,
      "final_accepted_upper_pairs": 6144,
      "first_extra_upper_pairs": [],
      "first_missing_upper_pairs": [],
      "first_unsafe_fp32_direct_accepts": [],
      "first_unsafe_fp32_direct_rejects": [],
      "first_unsafe_g3b_direct_accepts": [],
      "first_unsafe_g3b_direct_rejects": [],
      "fp32_accept_raw_u64_sha256": "2bb31d3044d4c004e078ce27ffeedbf6670d0ba98275a5793bf11e53292277b4",
      "fp32_bitwise_equal_upper_pairs": 0,
      "fp32_direct_accept_upper_pairs": 816,
      "fp32_direct_reject_upper_pairs": 1341,
      "fp32_reject_raw_u64_sha256": "badb9043f63874fe7c32553a129477a78337c1071ccf0be97796a39ee0242a08",
      "fp64_raw_u64_sha256": "3a1987183fd9eba1662bfd728268aef4c4b3e1a5965f69a49aa911f2b8bf3e68",
      "fp64_refine_fraction_of_g3b_ambiguity": 0.0009263547938860583,
      "fp64_refined_upper_pairs": 2,
      "g3b_ambiguity_fraction_of_all_upper_pairs": 0.00025731003630705395,
      "g3b_ambiguous_raw_u64_sha256": "91ef0950be97917725af5f2aba4a04c16f324d40669d1866d380c77efa127b5b",
      "g3b_ambiguous_upper_pairs": 2159,
      "g3b_direct_accept_upper_pairs": 5327,
      "g3b_direct_raw_u64_sha256": "ae51919a35eb7ce2ba06947699ee61ca366bf40013fbffc43bcf0f14e320882c",
      "g3b_direct_reject_upper_pairs": 8383170,
      "invalid_or_lower_triangle_pairs": 0,
      "missing_upper_pairs": 0,
      "n": 4096,
      "oracle_file_sha256": "4b1269302a840e46a879e2bea2b3c9eec8bcb6fc512e38ca8dc55acb031e82d6",
      "oracle_metadata_sha256": "745067dea91ffcec77793fdea30e561c5109857076521f783b9d15473b91145b",
      "oracle_upper_count_including_self": 6144,
      "oracle_upper_raw_u64_sha256": "07d75963ad1312b8642b86854de0dc8a1d036b768183bfeeb8cb4c415cd95274",
      "overflow_events": 0,
      "scheduled_tiles": 2080,
      "source_row_prefix_raw_sha256": "b81e1097ad1142ebae65a6928fad64c85820e9aa899e00be3c22c0dc69ed0120",
      "stage_partitions_pass": true,
      "target_average_directed_nonself_degree": 1,
      "threshold_d2": 0.3293499387315989,
      "threshold_d2_lower_float32": 0.32934993505477905,
      "threshold_d2_upper_float32": 0.32934996485710144,
      "total_upper_pairs": 8390656,
      "unsafe_fp32_direct_accepts": 0,
      "unsafe_fp32_direct_rejects": 0,
      "unsafe_g3b_direct_accepts": 0,
      "unsafe_g3b_direct_rejects": 0,
      "vector_prefix_raw_sha256": "0c3dedf6092e26a7acb8698f5cd2fa20bad3a97a951d7d91c67aaad27d2df176"
    },
    {
      "accepted_upper_raw_u64_sha256": "d29901d6d6f71344a8937e64e4f4921e772cc44f76d5ab5549a57f1d87666d66",
      "actual_average_directed_nonself_degree": 16.0,
      "buffer_capacity": 8519680,
      "cell_gate_pass": true,
      "dataset_id": "cifar_gist512",
      "dimension": 512,
      "duplicate_counts": {
        "final": 0,
        "fp32_accept": 0,
        "fp32_reject": 0,
        "fp64": 0,
        "g3b_ambiguous": 0,
        "g3b_direct": 0
      },
      "epsilon": 0.6916361448383682,
      "epsilon_lower_float32": 0.6916360855102539,
      "epsilon_upper_float32": 0.6916361451148987,
      "exact_match": true,
      "extra_upper_pairs": 0,
      "final_accepted_upper_pairs": 36864,
      "first_extra_upper_pairs": [],
      "first_missing_upper_pairs": [],
      "first_unsafe_fp32_direct_accepts": [],
      "first_unsafe_fp32_direct_rejects": [],
      "first_unsafe_g3b_direct_accepts": [],
      "first_unsafe_g3b_direct_rejects": [],
      "fp32_accept_raw_u64_sha256": "54455fbff1ae44520edca5a0cc4e11063bdfec9527dd797b44690690d0616615",
      "fp32_bitwise_equal_upper_pairs": 0,
      "fp32_direct_accept_upper_pairs": 11936,
      "fp32_direct_reject_upper_pairs": 17895,
      "fp32_reject_raw_u64_sha256": "959648909fcbc7129dbe88a3fb7f7bb98a193ba970df971874b38ffe82a697b4",
      "fp64_raw_u64_sha256": "6281952f083cb20e14fe0c49097ea0476e0b7a980d3c4234309e0cc471f40eee",
      "fp64_refine_fraction_of_g3b_ambiguity": 0.0013056578506863074,
      "fp64_refined_upper_pairs": 39,
      "g3b_ambiguity_fraction_of_all_upper_pairs": 0.003559912359653405,
      "g3b_ambiguous_raw_u64_sha256": "f9e10cc9ee561eb910a184e2bd8cccfbc209a17adc7c282c34165ab6cff45810",
      "g3b_ambiguous_upper_pairs": 29870,
      "g3b_direct_accept_upper_pairs": 24912,
      "g3b_direct_raw_u64_sha256": "0fc1fbf9bce09bbb5bac6ea8d788027ac38338e0fbf3707ed31d68c580ca0d83",
      "g3b_direct_reject_upper_pairs": 8335874,
      "invalid_or_lower_triangle_pairs": 0,
      "missing_upper_pairs": 0,
      "n": 4096,
      "oracle_file_sha256": "a81a4e24b433cd54296e22f595da45345d77a2ab0cc563d01605b5f25469ee0d",
      "oracle_metadata_sha256": "38d4310c6f7b6e2bee6a539de817e68bf3f7bad8996b2f55e4a521cd8d6bc261",
      "oracle_upper_count_including_self": 36864,
      "oracle_upper_raw_u64_sha256": "d29901d6d6f71344a8937e64e4f4921e772cc44f76d5ab5549a57f1d87666d66",
      "overflow_events": 0,
      "scheduled_tiles": 2080,
      "source_row_prefix_raw_sha256": "b81e1097ad1142ebae65a6928fad64c85820e9aa899e00be3c22c0dc69ed0120",
      "stage_partitions_pass": true,
      "target_average_directed_nonself_degree": 16,
      "threshold_d2": 0.4783605568468803,
      "threshold_d2_lower_float32": 0.47836053371429443,
      "threshold_d2_upper_float32": 0.4783605635166168,
      "total_upper_pairs": 8390656,
      "unsafe_fp32_direct_accepts": 0,
      "unsafe_fp32_direct_rejects": 0,
      "unsafe_g3b_direct_accepts": 0,
      "unsafe_g3b_direct_rejects": 0,
      "vector_prefix_raw_sha256": "0c3dedf6092e26a7acb8698f5cd2fa20bad3a97a951d7d91c67aaad27d2df176"
    },
    {
      "accepted_upper_raw_u64_sha256": "c9d78c9b0df96d4fb556d362364637547dbb779ab80e36b9014fad90231f6574",
      "actual_average_directed_nonself_degree": 64.0,
      "buffer_capacity": 8519680,
      "cell_gate_pass": true,
      "dataset_id": "cifar_gist512",
      "dimension": 512,
      "duplicate_counts": {
        "final": 0,
        "fp32_accept": 0,
        "fp32_reject": 0,
        "fp64": 0,
        "g3b_ambiguous": 0,
        "g3b_direct": 0
      },
      "epsilon": 0.7596513787372077,
      "epsilon_lower_float32": 0.7596513628959656,
      "epsilon_upper_float32": 0.7596514225006104,
      "exact_match": true,
      "extra_upper_pairs": 0,
      "final_accepted_upper_pairs": 135168,
      "first_extra_upper_pairs": [],
      "first_missing_upper_pairs": [],
      "first_unsafe_fp32_direct_accepts": [],
      "first_unsafe_fp32_direct_rejects": [],
      "first_unsafe_g3b_direct_accepts": [],
      "first_unsafe_g3b_direct_rejects": [],
      "fp32_accept_raw_u64_sha256": "012f302c4cecfbca3bbff6019e51035bd9291a4d4bb745597ced54c502e4bc25",
      "fp32_bitwise_equal_upper_pairs": 0,
      "fp32_direct_accept_upper_pairs": 44424,
      "fp32_direct_reject_upper_pairs": 64958,
      "fp32_reject_raw_u64_sha256": "1f2fb71a0a771a53978559ec6e2cec74d0a89628a4ecb7921a3759f8e8b65b74",
      "fp64_raw_u64_sha256": "a75285684646c51bcb48f8fe86501453a9f91044cef2f930a07a506de254a3f6",
      "fp64_refine_fraction_of_g3b_ambiguity": 0.0010685029087023625,
      "fp64_refined_upper_pairs": 117,
      "g3b_ambiguity_fraction_of_all_upper_pairs": 0.0130501119340371,
      "g3b_ambiguous_raw_u64_sha256": "5dd5656c64766b53ea754d13bb916e25d6422ac91792584c4257a7ed09a8c6d4",
      "g3b_ambiguous_upper_pairs": 109499,
      "g3b_direct_accept_upper_pairs": 90687,
      "g3b_direct_raw_u64_sha256": "0581e2567b943fb0c31c85020f5d1eeb2b20873a9f0ce1d4f03749170accf165",
      "g3b_direct_reject_upper_pairs": 8190470,
      "invalid_or_lower_triangle_pairs": 0,
      "missing_upper_pairs": 0,
      "n": 4096,
      "oracle_file_sha256": "205f686f1d1ea8de22f50928287ec4127e823f4b097a3edc0e85945d487dc358",
      "oracle_metadata_sha256": "6e03f8da011214e4a1d842fbb15a254002525ff47d8c3b3159e8ce4e337bb1fe",
      "oracle_upper_count_including_self": 135168,
      "oracle_upper_raw_u64_sha256": "c9d78c9b0df96d4fb556d362364637547dbb779ab80e36b9014fad90231f6574",
      "overflow_events": 0,
      "scheduled_tiles": 2080,
      "source_row_prefix_raw_sha256": "b81e1097ad1142ebae65a6928fad64c85820e9aa899e00be3c22c0dc69ed0120",
      "stage_partitions_pass": true,
      "target_average_directed_nonself_degree": 64,
      "threshold_d2": 0.5770702172173405,
      "threshold_d2_lower_float32": 0.5770701766014099,
      "threshold_d2_upper_float32": 0.5770702362060547,
      "total_upper_pairs": 8390656,
      "unsafe_fp32_direct_accepts": 0,
      "unsafe_fp32_direct_rejects": 0,
      "unsafe_g3b_direct_accepts": 0,
      "unsafe_g3b_direct_rejects": 0,
      "vector_prefix_raw_sha256": "0c3dedf6092e26a7acb8698f5cd2fa20bad3a97a951d7d91c67aaad27d2df176"
    },
    {
      "accepted_upper_raw_u64_sha256": "15132c49796e6e52059bb395acb0f84bb993fcebcd7fa4735112922720357311",
      "actual_average_directed_nonself_degree": 1.0,
      "buffer_capacity": 557056,
      "cell_gate_pass": true,
      "dataset_id": "fashion784",
      "dimension": 784,
      "duplicate_counts": {
        "final": 0,
        "fp32_accept": 0,
        "fp32_reject": 0,
        "fp64": 0,
        "g3b_ambiguous": 0,
        "g3b_direct": 0
      },
      "epsilon": 987.4603789519861,
      "epsilon_lower_float32": 987.4603271484375,
      "epsilon_upper_float32": 987.4603881835938,
      "exact_match": true,
      "extra_upper_pairs": 0,
      "final_accepted_upper_pairs": 1536,
      "first_extra_upper_pairs": [],
      "first_missing_upper_pairs": [],
      "first_unsafe_fp32_direct_accepts": [],
      "first_unsafe_fp32_direct_rejects": [],
      "first_unsafe_g3b_direct_accepts": [],
      "first_unsafe_g3b_direct_rejects": [],
      "fp32_accept_raw_u64_sha256": "77da5ef52ad4184b53e6b227a6d331183ae6d492dbd9f281294f5867b0650231",
      "fp32_bitwise_equal_upper_pairs": 0,
      "fp32_direct_accept_upper_pairs": 79,
      "fp32_direct_reject_upper_pairs": 85,
      "fp32_reject_raw_u64_sha256": "0b8ae7aa9ee949412a8b1e2f63588f496ebbfac96a827a859918cf0d1cc00a68",
      "fp64_raw_u64_sha256": "c364aad8f4c0abef18c2a7c16172cab065744f8040c744ad7d4c0eed9fd94029",
      "fp64_refine_fraction_of_g3b_ambiguity": 0.012048192771084338,
      "fp64_refined_upper_pairs": 2,
      "g3b_ambiguity_fraction_of_all_upper_pairs": 0.0003163109756097561,
      "g3b_ambiguous_raw_u64_sha256": "2f2e7106e142b9d5b799a936cf22255cf271512a4854673e8424b116cd49d0f3",
      "g3b_ambiguous_upper_pairs": 166,
      "g3b_direct_accept_upper_pairs": 1456,
      "g3b_direct_raw_u64_sha256": "f1debb18cc2124b9f3bc1871324e7a0381b30f62a1574a935faebc0fdae1ba8e",
      "g3b_direct_reject_upper_pairs": 523178,
      "invalid_or_lower_triangle_pairs": 0,
      "missing_upper_pairs": 0,
      "n": 1024,
      "oracle_file_sha256": "6b2573b3441999438311706077087759cd8993664fd247d09099203509e06d19",
      "oracle_metadata_sha256": "b8b8e9a1e8ac82ec18547225240082eb20b75e41744fd5258ff77dcfd21a835c",
      "oracle_upper_count_including_self": 1536,
      "oracle_upper_raw_u64_sha256": "15132c49796e6e52059bb395acb0f84bb993fcebcd7fa4735112922720357311",
      "overflow_events": 0,
      "scheduled_tiles": 136,
      "source_row_prefix_raw_sha256": "a87c733b4d03480fd8c8f8a0b21a98703d98c1d99d6a8ca47d27e0cc6a2c9914",
      "stage_partitions_pass": true,
      "target_average_directed_nonself_degree": 1,
      "threshold_d2": 975078.0,
      "threshold_d2_lower_float32": 975078.0,
      "threshold_d2_upper_float32": 975078.0,
      "total_upper_pairs": 524800,
      "unsafe_fp32_direct_accepts": 0,
      "unsafe_fp32_direct_rejects": 0,
      "unsafe_g3b_direct_accepts": 0,
      "unsafe_g3b_direct_rejects": 0,
      "vector_prefix_raw_sha256": "62da0d8f02db285f685a5b3044ef278b7ec3e6d169031c6138547f583fab9e69"
    },
    {
      "accepted_upper_raw_u64_sha256": "306aa714aea1278dd7ed124954a66eb3dfbf67e276da65b2d49c79076cfd2ee6",
      "actual_average_directed_nonself_degree": 16.0,
      "buffer_capacity": 557056,
      "cell_gate_pass": true,
      "dataset_id": "fashion784",
      "dimension": 784,
      "duplicate_counts": {
        "final": 0,
        "fp32_accept": 0,
        "fp32_reject": 0,
        "fp64": 0,
        "g3b_ambiguous": 0,
        "g3b_direct": 0
      },
      "epsilon": 1441.4400785325763,
      "epsilon_lower_float32": 1441.4400634765625,
      "epsilon_upper_float32": 1441.440185546875,
      "exact_match": true,
      "extra_upper_pairs": 0,
      "final_accepted_upper_pairs": 9216,
      "first_extra_upper_pairs": [],
      "first_missing_upper_pairs": [],
      "first_unsafe_fp32_direct_accepts": [],
      "first_unsafe_fp32_direct_rejects": [],
      "first_unsafe_g3b_direct_accepts": [],
      "first_unsafe_g3b_direct_rejects": [],
      "fp32_accept_raw_u64_sha256": "88f6761d4eb84e229f0a41c65bc1e53d4e35c3c3efbcf88fa38907bfe05662d7",
      "fp32_bitwise_equal_upper_pairs": 0,
      "fp32_direct_accept_upper_pairs": 864,
      "fp32_direct_reject_upper_pairs": 734,
      "fp32_reject_raw_u64_sha256": "ceb251f8d0be3aff5259a51c543261ce07a5bdc9f240bf2cc0458b9a0582a2a5",
      "fp64_raw_u64_sha256": "1d40c3840c22f5a30a984489c02cc70d7b63cdb254a9d8e75bb5c335d622fb6c",
      "fp64_refine_fraction_of_g3b_ambiguity": 0.0018738288569643974,
      "fp64_refined_upper_pairs": 3,
      "g3b_ambiguity_fraction_of_all_upper_pairs": 0.003050685975609756,
      "g3b_ambiguous_raw_u64_sha256": "69a37b4a901c4035ca2099a4d25afe0ff064b32279697e4298766f116c10e83e",
      "g3b_ambiguous_upper_pairs": 1601,
      "g3b_direct_accept_upper_pairs": 8351,
      "g3b_direct_raw_u64_sha256": "f86f3335ea41f67225830776c6eceb4cde19da300db01bd95929c2b54a7f5d4f",
      "g3b_direct_reject_upper_pairs": 514848,
      "invalid_or_lower_triangle_pairs": 0,
      "missing_upper_pairs": 0,
      "n": 1024,
      "oracle_file_sha256": "bafb70456211431cd79cae3cb4a58c1699a758cfdbab9f37bcfe781e66f6a147",
      "oracle_metadata_sha256": "e09366fd815ce6eca892a55d6e589a9710da7248e8126dbaacc56640bd7b8145",
      "oracle_upper_count_including_self": 9216,
      "oracle_upper_raw_u64_sha256": "306aa714aea1278dd7ed124954a66eb3dfbf67e276da65b2d49c79076cfd2ee6",
      "overflow_events": 0,
      "scheduled_tiles": 136,
      "source_row_prefix_raw_sha256": "a87c733b4d03480fd8c8f8a0b21a98703d98c1d99d6a8ca47d27e0cc6a2c9914",
      "stage_partitions_pass": true,
      "target_average_directed_nonself_degree": 16,
      "threshold_d2": 2077749.5,
      "threshold_d2_lower_float32": 2077749.5,
      "threshold_d2_upper_float32": 2077749.5,
      "total_upper_pairs": 524800,
      "unsafe_fp32_direct_accepts": 0,
      "unsafe_fp32_direct_rejects": 0,
      "unsafe_g3b_direct_accepts": 0,
      "unsafe_g3b_direct_rejects": 0,
      "vector_prefix_raw_sha256": "62da0d8f02db285f685a5b3044ef278b7ec3e6d169031c6138547f583fab9e69"
    },
    {
      "accepted_upper_raw_u64_sha256": "ec4c1081791365bbe17abddf81850d585c72dc6227df93889765866419bf52e5",
      "actual_average_directed_nonself_degree": 64.0,
      "buffer_capacity": 557056,
      "cell_gate_pass": true,
      "dataset_id": "fashion784",
      "dimension": 784,
      "duplicate_counts": {
        "final": 0,
        "fp32_accept": 0,
        "fp32_reject": 0,
        "fp64": 0,
        "g3b_ambiguous": 0,
        "g3b_direct": 0
      },
      "epsilon": 1811.630757080482,
      "epsilon_lower_float32": 1811.6307373046875,
      "epsilon_upper_float32": 1811.630859375,
      "exact_match": true,
      "extra_upper_pairs": 0,
      "final_accepted_upper_pairs": 33792,
      "first_extra_upper_pairs": [],
      "first_missing_upper_pairs": [],
      "first_unsafe_fp32_direct_accepts": [],
      "first_unsafe_fp32_direct_rejects": [],
      "first_unsafe_g3b_direct_accepts": [],
      "first_unsafe_g3b_direct_rejects": [],
      "fp32_accept_raw_u64_sha256": "272f58ae6356446015b0581f0fa258c092ef3ceb98048433147fbe043c0bbce3",
      "fp32_bitwise_equal_upper_pairs": 0,
      "fp32_direct_accept_upper_pairs": 2594,
      "fp32_direct_reject_upper_pairs": 2008,
      "fp32_reject_raw_u64_sha256": "14e9713aa46843615944da1e2a5071f7c8ec5b0a5248e2db3f2f9624363b60f7",
      "fp64_raw_u64_sha256": "64ac289ad04fad5f4a24c465d33f05076fa9c7a3c8127a02480f8eb30b504ed3",
      "fp64_refine_fraction_of_g3b_ambiguity": 0.0015187676285528314,
      "fp64_refined_upper_pairs": 7,
      "g3b_ambiguity_fraction_of_all_upper_pairs": 0.008782393292682928,
      "g3b_ambiguous_raw_u64_sha256": "92365799e4b7f83d97ba7c98461000c5d92acd0341f06bf044524d6c74857355",
      "g3b_ambiguous_upper_pairs": 4609,
      "g3b_direct_accept_upper_pairs": 31195,
      "g3b_direct_raw_u64_sha256": "7b0561617ac2a2a15df39643213a8cd45178b9860acc9927e3113149f4c649e3",
      "g3b_direct_reject_upper_pairs": 488996,
      "invalid_or_lower_triangle_pairs": 0,
      "missing_upper_pairs": 0,
      "n": 1024,
      "oracle_file_sha256": "bab14819a74477d18f1b523d87e49dd1c26c5d714a2be8a7a0acc699a23782e8",
      "oracle_metadata_sha256": "4b3de5580937d94000cfee88f8592835d6bb565ba864097ac572395102922cce",
      "oracle_upper_count_including_self": 33792,
      "oracle_upper_raw_u64_sha256": "ec4c1081791365bbe17abddf81850d585c72dc6227df93889765866419bf52e5",
      "overflow_events": 0,
      "scheduled_tiles": 136,
      "source_row_prefix_raw_sha256": "a87c733b4d03480fd8c8f8a0b21a98703d98c1d99d6a8ca47d27e0cc6a2c9914",
      "stage_partitions_pass": true,
      "target_average_directed_nonself_degree": 64,
      "threshold_d2": 3282006.0,
      "threshold_d2_lower_float32": 3282006.0,
      "threshold_d2_upper_float32": 3282006.0,
      "total_upper_pairs": 524800,
      "unsafe_fp32_direct_accepts": 0,
      "unsafe_fp32_direct_rejects": 0,
      "unsafe_g3b_direct_accepts": 0,
      "unsafe_g3b_direct_rejects": 0,
      "vector_prefix_raw_sha256": "62da0d8f02db285f685a5b3044ef278b7ec3e6d169031c6138547f583fab9e69"
    },
    {
      "accepted_upper_raw_u64_sha256": "39d01ea13604aba724da645c9e84c6230ec8284475ae6e92d83c93ab85c84788",
      "actual_average_directed_nonself_degree": 1.0,
      "buffer_capacity": 2162688,
      "cell_gate_pass": true,
      "dataset_id": "fashion784",
      "dimension": 784,
      "duplicate_counts": {
        "final": 0,
        "fp32_accept": 0,
        "fp32_reject": 0,
        "fp64": 0,
        "g3b_ambiguous": 0,
        "g3b_direct": 0
      },
      "epsilon": 924.6174884783437,
      "epsilon_lower_float32": 924.617431640625,
      "epsilon_upper_float32": 924.6174926757812,
      "exact_match": true,
      "extra_upper_pairs": 0,
      "final_accepted_upper_pairs": 3072,
      "first_extra_upper_pairs": [],
      "first_missing_upper_pairs": [],
      "first_unsafe_fp32_direct_accepts": [],
      "first_unsafe_fp32_direct_rejects": [],
      "first_unsafe_g3b_direct_accepts": [],
      "first_unsafe_g3b_direct_rejects": [],
      "fp32_accept_raw_u64_sha256": "c46bb8a138f5fcec85bb9d586531eedcfdf9939df83af78207e7ff86dbea2bde",
      "fp32_bitwise_equal_upper_pairs": 0,
      "fp32_direct_accept_upper_pairs": 190,
      "fp32_direct_reject_upper_pairs": 191,
      "fp32_reject_raw_u64_sha256": "2ba38ea19c98f4b29ba49a18d554316b8dca83503df0e4c0743d808a34415b01",
      "fp64_raw_u64_sha256": "e3b0c44298fc1c149afbf4c8996fb92427ae41e4649b934ca495991b7852b855",
      "fp64_refine_fraction_of_g3b_ambiguity": 0.0,
      "fp64_refined_upper_pairs": 0,
      "g3b_ambiguity_fraction_of_all_upper_pairs": 0.00018158629209370425,
      "g3b_ambiguous_raw_u64_sha256": "ca2481e3d09d03218bbd2bdb736a3806a5e381169cd982428dd22331be25d808",
      "g3b_ambiguous_upper_pairs": 381,
      "g3b_direct_accept_upper_pairs": 2882,
      "g3b_direct_raw_u64_sha256": "26d66ac138823a7f13501a4c0c6273c56e9039773a938f08721d10378992ff2a",
      "g3b_direct_reject_upper_pairs": 2094913,
      "invalid_or_lower_triangle_pairs": 0,
      "missing_upper_pairs": 0,
      "n": 2048,
      "oracle_file_sha256": "d2ffc18cc15af47b25aec5821c100723ceccdd22162eb4c803594ee2a1399a6e",
      "oracle_metadata_sha256": "3af5ed6ba844dc3978b7c5999e355dc17a0f6f3f4bf22ba9e667fc49b8298f43",
      "oracle_upper_count_including_self": 3072,
      "oracle_upper_raw_u64_sha256": "39d01ea13604aba724da645c9e84c6230ec8284475ae6e92d83c93ab85c84788",
      "overflow_events": 0,
      "scheduled_tiles": 528,
      "source_row_prefix_raw_sha256": "04e9d1b1cacdaec6f08207f5b72ab36912dd191320392ada44291c619536a93b",
      "stage_partitions_pass": true,
      "target_average_directed_nonself_degree": 1,
      "threshold_d2": 854917.5,
      "threshold_d2_lower_float32": 854917.5,
      "threshold_d2_upper_float32": 854917.5,
      "total_upper_pairs": 2098176,
      "unsafe_fp32_direct_accepts": 0,
      "unsafe_fp32_direct_rejects": 0,
      "unsafe_g3b_direct_accepts": 0,
      "unsafe_g3b_direct_rejects": 0,
      "vector_prefix_raw_sha256": "1e40229a29390ce64ee305d7829a37eb3e1fe5763d6955cb2987c366f54f833d"
    },
    {
      "accepted_upper_raw_u64_sha256": "df6b12f3ad9d5779fb43da76f4598534e40f59749ed914ee332df16ce8b4cf92",
      "actual_average_directed_nonself_degree": 16.0,
      "buffer_capacity": 2162688,
      "cell_gate_pass": true,
      "dataset_id": "fashion784",
      "dimension": 784,
      "duplicate_counts": {
        "final": 0,
        "fp32_accept": 0,
        "fp32_reject": 0,
        "fp64": 0,
        "g3b_ambiguous": 0,
        "g3b_direct": 0
      },
      "epsilon": 1315.2134807703274,
      "epsilon_lower_float32": 1315.21337890625,
      "epsilon_upper_float32": 1315.2135009765625,
      "exact_match": true,
      "extra_upper_pairs": 0,
      "final_accepted_upper_pairs": 18432,
      "first_extra_upper_pairs": [],
      "first_missing_upper_pairs": [],
      "first_unsafe_fp32_direct_accepts": [],
      "first_unsafe_fp32_direct_rejects": [],
      "first_unsafe_g3b_direct_accepts": [],
      "first_unsafe_g3b_direct_rejects": [],
      "fp32_accept_raw_u64_sha256": "85b563a410009f1557716744ffcd6868f2aa9fba3763eeaa7d67a400d68d3e17",
      "fp32_bitwise_equal_upper_pairs": 0,
      "fp32_direct_accept_upper_pairs": 2130,
      "fp32_direct_reject_upper_pairs": 1917,
      "fp32_reject_raw_u64_sha256": "30dedecb26e05169a1afa98eb4635d0e3df8fd7ce32accca2f50cac0aa175171",
      "fp64_raw_u64_sha256": "87ff7f791ffa4ecfa8566a0346922db8d8f75c0f6f6a3f32284e4f4465bfd165",
      "fp64_refine_fraction_of_g3b_ambiguity": 0.0009874105159219946,
      "fp64_refined_upper_pairs": 4,
      "g3b_ambiguity_fraction_of_all_upper_pairs": 0.0019307245912640312,
      "g3b_ambiguous_raw_u64_sha256": "b8466400517db0186970024aae9e0af00d141295eccdce6dbc817d1c6536a82f",
      "g3b_ambiguous_upper_pairs": 4051,
      "g3b_direct_accept_upper_pairs": 16300,
      "g3b_direct_raw_u64_sha256": "5ad8249600f2636c7eff1b16b6ec7d8f5c624c7c4aa81083231629dfec97b4af",
      "g3b_direct_reject_upper_pairs": 2077825,
      "invalid_or_lower_triangle_pairs": 0,
      "missing_upper_pairs": 0,
      "n": 2048,
      "oracle_file_sha256": "7c81564047397de9b6ec9e6320ef5c42f83ed404589008fff5459b3de50806f6",
      "oracle_metadata_sha256": "cfd84364f833f4b62fc02ccf4e6ad0a411b4ec1943026a3f07d05ac90ee9b3dc",
      "oracle_upper_count_including_self": 18432,
      "oracle_upper_raw_u64_sha256": "df6b12f3ad9d5779fb43da76f4598534e40f59749ed914ee332df16ce8b4cf92",
      "overflow_events": 0,
      "scheduled_tiles": 528,
      "source_row_prefix_raw_sha256": "04e9d1b1cacdaec6f08207f5b72ab36912dd191320392ada44291c619536a93b",
      "stage_partitions_pass": true,
      "target_average_directed_nonself_degree": 16,
      "threshold_d2": 1729786.5,
      "threshold_d2_lower_float32": 1729786.5,
      "threshold_d2_upper_float32": 1729786.5,
      "total_upper_pairs": 2098176,
      "unsafe_fp32_direct_accepts": 0,
      "unsafe_fp32_direct_rejects": 0,
      "unsafe_g3b_direct_accepts": 0,
      "unsafe_g3b_direct_rejects": 0,
      "vector_prefix_raw_sha256": "1e40229a29390ce64ee305d7829a37eb3e1fe5763d6955cb2987c366f54f833d"
    },
    {
      "accepted_upper_raw_u64_sha256": "78b90b9cc55846bbb5d8943abcc76c15bda7e9918955109ae62bb0cdd7f09867",
      "actual_average_directed_nonself_degree": 64.0,
      "buffer_capacity": 2162688,
      "cell_gate_pass": true,
      "dataset_id": "fashion784",
      "dimension": 784,
      "duplicate_counts": {
        "final": 0,
        "fp32_accept": 0,
        "fp32_reject": 0,
        "fp64": 0,
        "g3b_ambiguous": 0,
        "g3b_direct": 0
      },
      "epsilon": 1615.142872937252,
      "epsilon_lower_float32": 1615.142822265625,
      "epsilon_upper_float32": 1615.1429443359375,
      "exact_match": true,
      "extra_upper_pairs": 0,
      "final_accepted_upper_pairs": 67584,
      "first_extra_upper_pairs": [],
      "first_missing_upper_pairs": [],
      "first_unsafe_fp32_direct_accepts": [],
      "first_unsafe_fp32_direct_rejects": [],
      "first_unsafe_g3b_direct_accepts": [],
      "first_unsafe_g3b_direct_rejects": [],
      "fp32_accept_raw_u64_sha256": "2c5a9d0b0fd6bd7df86dc3e78eb4b691d993ca28058534742d6430c5c4fae6ea",
      "fp32_bitwise_equal_upper_pairs": 0,
      "fp32_direct_accept_upper_pairs": 6232,
      "fp32_direct_reject_upper_pairs": 5197,
      "fp32_reject_raw_u64_sha256": "b6173ac01969c1d812f1edb7d5c0ffe28d2a9a2c4dda9c8a4cfb6bec77537339",
      "fp64_raw_u64_sha256": "395b8a2ed9be2f3546715ef456e31d6a6dab4d60200170155e5cb5eb4028e799",
      "fp64_refine_fraction_of_g3b_ambiguity": 0.0027050610820244327,
      "fp64_refined_upper_pairs": 31,
      "g3b_ambiguity_fraction_of_all_upper_pairs": 0.005461886896046852,
      "g3b_ambiguous_raw_u64_sha256": "903ba455a996a555194adcf0164d93eb94a50212a04a85f8262096fe265745db",
      "g3b_ambiguous_upper_pairs": 11460,
      "g3b_direct_accept_upper_pairs": 61337,
      "g3b_direct_raw_u64_sha256": "6f357c67942585eee5e89747e01a32c564aa0226183e05a392714d3b212ad9c0",
      "g3b_direct_reject_upper_pairs": 2025379,
      "invalid_or_lower_triangle_pairs": 0,
      "missing_upper_pairs": 0,
      "n": 2048,
      "oracle_file_sha256": "45c47735bdcddef5b05f1917bd963a07260030fddfae2dfac8b233af387541cf",
      "oracle_metadata_sha256": "11141ebb43b33c588d6d23348a9980488bf07881e8bfb45ab5019b58f9b63ed3",
      "oracle_upper_count_including_self": 67584,
      "oracle_upper_raw_u64_sha256": "78b90b9cc55846bbb5d8943abcc76c15bda7e9918955109ae62bb0cdd7f09867",
      "overflow_events": 0,
      "scheduled_tiles": 528,
      "source_row_prefix_raw_sha256": "04e9d1b1cacdaec6f08207f5b72ab36912dd191320392ada44291c619536a93b",
      "stage_partitions_pass": true,
      "target_average_directed_nonself_degree": 64,
      "threshold_d2": 2608686.5,
      "threshold_d2_lower_float32": 2608686.5,
      "threshold_d2_upper_float32": 2608686.5,
      "total_upper_pairs": 2098176,
      "unsafe_fp32_direct_accepts": 0,
      "unsafe_fp32_direct_rejects": 0,
      "unsafe_g3b_direct_accepts": 0,
      "unsafe_g3b_direct_rejects": 0,
      "vector_prefix_raw_sha256": "1e40229a29390ce64ee305d7829a37eb3e1fe5763d6955cb2987c366f54f833d"
    },
    {
      "accepted_upper_raw_u64_sha256": "a42e582524a86bbde4696a7ee2af281603c3af44c175f9ab14085736d9ee6b1d",
      "actual_average_directed_nonself_degree": 1.0,
      "buffer_capacity": 8519680,
      "cell_gate_pass": true,
      "dataset_id": "fashion784",
      "dimension": 784,
      "duplicate_counts": {
        "final": 0,
        "fp32_accept": 0,
        "fp32_reject": 0,
        "fp64": 0,
        "g3b_ambiguous": 0,
        "g3b_direct": 0
      },
      "epsilon": 845.5991958368929,
      "epsilon_lower_float32": 845.5991821289062,
      "epsilon_upper_float32": 845.5992431640625,
      "exact_match": true,
      "extra_upper_pairs": 0,
      "final_accepted_upper_pairs": 6144,
      "first_extra_upper_pairs": [],
      "first_missing_upper_pairs": [],
      "first_unsafe_fp32_direct_accepts": [],
      "first_unsafe_fp32_direct_rejects": [],
      "first_unsafe_g3b_direct_accepts": [],
      "first_unsafe_g3b_direct_rejects": [],
      "fp32_accept_raw_u64_sha256": "881f790c8c16af2684eca78ebdb8821b450f07a0a31d048d95bb5706b82e8610",
      "fp32_bitwise_equal_upper_pairs": 0,
      "fp32_direct_accept_upper_pairs": 384,
      "fp32_direct_reject_upper_pairs": 396,
      "fp32_reject_raw_u64_sha256": "d2619b59b22bda3881ba454666a5611119dd750fa36ac3bd0d08d0aebbad0f86",
      "fp64_raw_u64_sha256": "248e3eda5c777230c30d26f4b87dd80170405205b748868d16857eb29bc439d2",
      "fp64_refine_fraction_of_g3b_ambiguity": 0.0012804097311139564,
      "fp64_refined_upper_pairs": 1,
      "g3b_ambiguity_fraction_of_all_upper_pairs": 9.307973059555772e-05,
      "g3b_ambiguous_raw_u64_sha256": "ba8dd329deaa3fadf336561af656d372326dc36b41563c078b50cdc58297fd2c",
      "g3b_ambiguous_upper_pairs": 781,
      "g3b_direct_accept_upper_pairs": 5759,
      "g3b_direct_raw_u64_sha256": "b992337624ef147b2993ab01994e8029eed5d412fae5dbc5b5a926eb453b6d52",
      "g3b_direct_reject_upper_pairs": 8384116,
      "invalid_or_lower_triangle_pairs": 0,
      "missing_upper_pairs": 0,
      "n": 4096,
      "oracle_file_sha256": "f746afce73199e2b8fbe5ee526436b8d5f4cb5d16040920a2159ad8242e52e8d",
      "oracle_metadata_sha256": "bb17b37a699a127c6b0e64a799c2a3b9855068174150cc80fbdb2666d89786aa",
      "oracle_upper_count_including_self": 6144,
      "oracle_upper_raw_u64_sha256": "a42e582524a86bbde4696a7ee2af281603c3af44c175f9ab14085736d9ee6b1d",
      "overflow_events": 0,
      "scheduled_tiles": 2080,
      "source_row_prefix_raw_sha256": "b81e1097ad1142ebae65a6928fad64c85820e9aa899e00be3c22c0dc69ed0120",
      "stage_partitions_pass": true,
      "target_average_directed_nonself_degree": 1,
      "threshold_d2": 715038.0,
      "threshold_d2_lower_float32": 715038.0,
      "threshold_d2_upper_float32": 715038.0,
      "total_upper_pairs": 8390656,
      "unsafe_fp32_direct_accepts": 0,
      "unsafe_fp32_direct_rejects": 0,
      "unsafe_g3b_direct_accepts": 0,
      "unsafe_g3b_direct_rejects": 0,
      "vector_prefix_raw_sha256": "95ed19b83a1739d6d41e4851ae3206a80631cf1cfd939ce825a95bbc9b2bce76"
    },
    {
      "accepted_upper_raw_u64_sha256": "a83d89ad155d0159cd3ff6f902105abe484e84f285f410d0ebf7ac1262faaa04",
      "actual_average_directed_nonself_degree": 16.0,
      "buffer_capacity": 8519680,
      "cell_gate_pass": true,
      "dataset_id": "fashion784",
      "dimension": 784,
      "duplicate_counts": {
        "final": 0,
        "fp32_accept": 0,
        "fp32_reject": 0,
        "fp64": 0,
        "g3b_ambiguous": 0,
        "g3b_direct": 0
      },
      "epsilon": 1203.898043855874,
      "epsilon_lower_float32": 1203.89794921875,
      "epsilon_upper_float32": 1203.8980712890625,
      "exact_match": true,
      "extra_upper_pairs": 0,
      "final_accepted_upper_pairs": 36864,
      "first_extra_upper_pairs": [],
      "first_missing_upper_pairs": [],
      "first_unsafe_fp32_direct_accepts": [],
      "first_unsafe_fp32_direct_rejects": [],
      "first_unsafe_g3b_direct_accepts": [],
      "first_unsafe_g3b_direct_rejects": [],
      "fp32_accept_raw_u64_sha256": "bcfe9247c95199449f09cc67584b119c2b8f81e9b7a4d95cbe86beee1b270d75",
      "fp32_bitwise_equal_upper_pairs": 0,
      "fp32_direct_accept_upper_pairs": 4635,
      "fp32_direct_reject_upper_pairs": 4284,
      "fp32_reject_raw_u64_sha256": "9a16ea1163c2c75d4082b5ea9d7d44aaf751b61de7e6ac425eeb99390a853d4a",
      "fp64_raw_u64_sha256": "a0158e09c2123587ad28f678b6bbb22b05ca5ef3e04eb1321d771a7d634080c5",
      "fp64_refine_fraction_of_g3b_ambiguity": 0.0019024171888988362,
      "fp64_refined_upper_pairs": 17,
      "g3b_ambiguity_fraction_of_all_upper_pairs": 0.001064994203075421,
      "g3b_ambiguous_raw_u64_sha256": "bc9ffc2ca7cc23e2aa7a81285bbc1de7502d738423acdd8dfbee4c51e132d937",
      "g3b_ambiguous_upper_pairs": 8936,
      "g3b_direct_accept_upper_pairs": 32221,
      "g3b_direct_raw_u64_sha256": "bab222d42256b5f1cb5ae7d964c7698f9e9e824ce44d3068629244e68d31b7ed",
      "g3b_direct_reject_upper_pairs": 8349499,
      "invalid_or_lower_triangle_pairs": 0,
      "missing_upper_pairs": 0,
      "n": 4096,
      "oracle_file_sha256": "73d98b34509524bd80125788c9453698e2dbd3ca49144d202a3f2478b6b16c78",
      "oracle_metadata_sha256": "9f65e515195907ed6ade0fea2267884e31f5842812a11b7ab27d8b32ee20ed30",
      "oracle_upper_count_including_self": 36864,
      "oracle_upper_raw_u64_sha256": "a83d89ad155d0159cd3ff6f902105abe484e84f285f410d0ebf7ac1262faaa04",
      "overflow_events": 0,
      "scheduled_tiles": 2080,
      "source_row_prefix_raw_sha256": "b81e1097ad1142ebae65a6928fad64c85820e9aa899e00be3c22c0dc69ed0120",
      "stage_partitions_pass": true,
      "target_average_directed_nonself_degree": 16,
      "threshold_d2": 1449370.5,
      "threshold_d2_lower_float32": 1449370.5,
      "threshold_d2_upper_float32": 1449370.5,
      "total_upper_pairs": 8390656,
      "unsafe_fp32_direct_accepts": 0,
      "unsafe_fp32_direct_rejects": 0,
      "unsafe_g3b_direct_accepts": 0,
      "unsafe_g3b_direct_rejects": 0,
      "vector_prefix_raw_sha256": "95ed19b83a1739d6d41e4851ae3206a80631cf1cfd939ce825a95bbc9b2bce76"
    },
    {
      "accepted_upper_raw_u64_sha256": "b1fdb1c84f56eeb8f046294f8cdc7a15597e15eb1ed7532b821c7fc04ba14f34",
      "actual_average_directed_nonself_degree": 64.0,
      "buffer_capacity": 8519680,
      "cell_gate_pass": true,
      "dataset_id": "fashion784",
      "dimension": 784,
      "duplicate_counts": {
        "final": 0,
        "fp32_accept": 0,
        "fp32_reject": 0,
        "fp64": 0,
        "g3b_ambiguous": 0,
        "g3b_direct": 0
      },
      "epsilon": 1457.3901330803637,
      "epsilon_lower_float32": 1457.3900146484375,
      "epsilon_upper_float32": 1457.39013671875,
      "exact_match": true,
      "extra_upper_pairs": 0,
      "final_accepted_upper_pairs": 135168,
      "first_extra_upper_pairs": [],
      "first_missing_upper_pairs": [],
      "first_unsafe_fp32_direct_accepts": [],
      "first_unsafe_fp32_direct_rejects": [],
      "first_unsafe_g3b_direct_accepts": [],
      "first_unsafe_g3b_direct_rejects": [],
      "fp32_accept_raw_u64_sha256": "e91de618b4965527729e14bb2f4c72198502705eb7933919a6bc157b8e81d662",
      "fp32_bitwise_equal_upper_pairs": 0,
      "fp32_direct_accept_upper_pairs": 14844,
      "fp32_direct_reject_upper_pairs": 12442,
      "fp32_reject_raw_u64_sha256": "67db8ae2fb589ae7e34269f0f926cbd06a5243510d0704db75e8fac66b4d7070",
      "fp64_raw_u64_sha256": "ec91b86db99083a2efa4fa2a90ec4b9fea47990e9ac3c80f73f98ac569288b8e",
      "fp64_refine_fraction_of_g3b_ambiguity": 0.002303557716918352,
      "fp64_refined_upper_pairs": 63,
      "g3b_ambiguity_fraction_of_all_upper_pairs": 0.0032594590935440568,
      "g3b_ambiguous_raw_u64_sha256": "81826d12d28ddea4fa38c9f0fb8e1327ff477f688cd3ffd07a707e75afa36916",
      "g3b_ambiguous_upper_pairs": 27349,
      "g3b_direct_accept_upper_pairs": 120286,
      "g3b_direct_raw_u64_sha256": "60dd1d5f7d8b0843a0a3cd22205cbdae483d32416060c591dfaa117e06a79533",
      "g3b_direct_reject_upper_pairs": 8243021,
      "invalid_or_lower_triangle_pairs": 0,
      "missing_upper_pairs": 0,
      "n": 4096,
      "oracle_file_sha256": "24518303f94466b058d5c2811322614e7bf74f3698759dac0aa770179b532711",
      "oracle_metadata_sha256": "76ab92a467c6cdeb9b3ad5f46e8550a764bd35b0e121fc92e7865ffae756f4d3",
      "oracle_upper_count_including_self": 135168,
      "oracle_upper_raw_u64_sha256": "b1fdb1c84f56eeb8f046294f8cdc7a15597e15eb1ed7532b821c7fc04ba14f34",
      "overflow_events": 0,
      "scheduled_tiles": 2080,
      "source_row_prefix_raw_sha256": "b81e1097ad1142ebae65a6928fad64c85820e9aa899e00be3c22c0dc69ed0120",
      "stage_partitions_pass": true,
      "target_average_directed_nonself_degree": 64,
      "threshold_d2": 2123986.0,
      "threshold_d2_lower_float32": 2123986.0,
      "threshold_d2_upper_float32": 2123986.0,
      "total_upper_pairs": 8390656,
      "unsafe_fp32_direct_accepts": 0,
      "unsafe_fp32_direct_rejects": 0,
      "unsafe_g3b_direct_accepts": 0,
      "unsafe_g3b_direct_rejects": 0,
      "vector_prefix_raw_sha256": "95ed19b83a1739d6d41e4851ae3206a80631cf1cfd939ce825a95bbc9b2bce76"
    },
    {
      "accepted_upper_raw_u64_sha256": "fdf9735f0e1e754d17a87c8861768e60b9c701a7e560048a1e3f00ec6185e9c6",
      "actual_average_directed_nonself_degree": 1.0,
      "buffer_capacity": 557056,
      "cell_gate_pass": true,
      "dataset_id": "sift128",
      "dimension": 128,
      "duplicate_counts": {
        "final": 0,
        "fp32_accept": 0,
        "fp32_reject": 0,
        "fp64": 0,
        "g3b_ambiguous": 0,
        "g3b_direct": 0
      },
      "epsilon": 242.43349603551073,
      "epsilon_lower_float32": 242.43348693847656,
      "epsilon_upper_float32": 242.43350219726562,
      "exact_match": true,
      "extra_upper_pairs": 0,
      "final_accepted_upper_pairs": 1536,
      "first_extra_upper_pairs": [],
      "first_missing_upper_pairs": [],
      "first_unsafe_fp32_direct_accepts": [],
      "first_unsafe_fp32_direct_rejects": [],
      "first_unsafe_g3b_direct_accepts": [],
      "first_unsafe_g3b_direct_rejects": [],
      "fp32_accept_raw_u64_sha256": "ae7a5ea8349f368482a929652c5fc8c6744405d5f371c78fd29fccaad4065cd8",
      "fp32_bitwise_equal_upper_pairs": 0,
      "fp32_direct_accept_upper_pairs": 90,
      "fp32_direct_reject_upper_pairs": 84,
      "fp32_reject_raw_u64_sha256": "002764280277a831ed4a4378973788cef5116dd113f82c472a5e80e49cced266",
      "fp64_raw_u64_sha256": "e3b0c44298fc1c149afbf4c8996fb92427ae41e4649b934ca495991b7852b855",
      "fp64_refine_fraction_of_g3b_ambiguity": 0.0,
      "fp64_refined_upper_pairs": 0,
      "g3b_ambiguity_fraction_of_all_upper_pairs": 0.0003315548780487805,
      "g3b_ambiguous_raw_u64_sha256": "ecbbfa1ed920b7e7f701088be2d8a016b62ab674ded28e3ca9f531f0abeddce8",
      "g3b_ambiguous_upper_pairs": 174,
      "g3b_direct_accept_upper_pairs": 1446,
      "g3b_direct_raw_u64_sha256": "2722a6a38ef0e92b8b7c332b40a5ff61aeab94a5f9c2e4107db854d31731b8ac",
      "g3b_direct_reject_upper_pairs": 523180,
      "invalid_or_lower_triangle_pairs": 0,
      "missing_upper_pairs": 0,
      "n": 1024,
      "oracle_file_sha256": "f24a634afd75307c52e86bc30f2751d49680b74ab1c0698b2c1cef55bda981c6",
      "oracle_metadata_sha256": "b72a11022e56c1e2782db688f4372761629cf989831cc74e9f75b69fb566f13b",
      "oracle_upper_count_including_self": 1536,
      "oracle_upper_raw_u64_sha256": "fdf9735f0e1e754d17a87c8861768e60b9c701a7e560048a1e3f00ec6185e9c6",
      "overflow_events": 0,
      "scheduled_tiles": 136,
      "source_row_prefix_raw_sha256": "64b63aa4f1c8285ff5a6aaf11e9848d33fed1f68ce5132f0fea8a82a24775b23",
      "stage_partitions_pass": true,
      "target_average_directed_nonself_degree": 1,
      "threshold_d2": 58774.0,
      "threshold_d2_lower_float32": 58774.0,
      "threshold_d2_upper_float32": 58774.0,
      "total_upper_pairs": 524800,
      "unsafe_fp32_direct_accepts": 0,
      "unsafe_fp32_direct_rejects": 0,
      "unsafe_g3b_direct_accepts": 0,
      "unsafe_g3b_direct_rejects": 0,
      "vector_prefix_raw_sha256": "0c767237bfa4756c4eca6c1e0452d6524443daf606f6bbe8dab68a30426c864b"
    },
    {
      "accepted_upper_raw_u64_sha256": "53eb9b191c98a3189b52876f9902d960ff4e401adad4c716780c871aa7ffd8ba",
      "actual_average_directed_nonself_degree": 16.0,
      "buffer_capacity": 557056,
      "cell_gate_pass": true,
      "dataset_id": "sift128",
      "dimension": 128,
      "duplicate_counts": {
        "final": 0,
        "fp32_accept": 0,
        "fp32_reject": 0,
        "fp64": 0,
        "g3b_ambiguous": 0,
        "g3b_direct": 0
      },
      "epsilon": 321.1985367339023,
      "epsilon_lower_float32": 321.1985168457031,
      "epsilon_upper_float32": 321.19854736328125,
      "exact_match": true,
      "extra_upper_pairs": 0,
      "final_accepted_upper_pairs": 9216,
      "first_extra_upper_pairs": [],
      "first_missing_upper_pairs": [],
      "first_unsafe_fp32_direct_accepts": [],
      "first_unsafe_fp32_direct_rejects": [],
      "first_unsafe_g3b_direct_accepts": [],
      "first_unsafe_g3b_direct_rejects": [],
      "fp32_accept_raw_u64_sha256": "b06a136313b619714fed460831636b6320abd955b9569d72cf354182bd105841",
      "fp32_bitwise_equal_upper_pairs": 0,
      "fp32_direct_accept_upper_pairs": 1200,
      "fp32_direct_reject_upper_pairs": 1400,
      "fp32_reject_raw_u64_sha256": "d4d3ae65c3a937820c43b5690ca0040a5c35f349226afe2b4f873d378aea1a97",
      "fp64_raw_u64_sha256": "202dd725d410c022d5c1c68dbc700420ec8de3091468ee6f9acaaa0e0c2dbf04",
      "fp64_refine_fraction_of_g3b_ambiguity": 0.0034495975469528554,
      "fp64_refined_upper_pairs": 9,
      "g3b_ambiguity_fraction_of_all_upper_pairs": 0.004971417682926829,
      "g3b_ambiguous_raw_u64_sha256": "edd358bd7f564b640cabc71e33088080132fb3fca37a9b85fce65ceaca911ecc",
      "g3b_ambiguous_upper_pairs": 2609,
      "g3b_direct_accept_upper_pairs": 8011,
      "g3b_direct_raw_u64_sha256": "24be99aea488909d9874ad4f94c491e31de140eea979daff34ad2247861baaa0",
      "g3b_direct_reject_upper_pairs": 514180,
      "invalid_or_lower_triangle_pairs": 0,
      "missing_upper_pairs": 0,
      "n": 1024,
      "oracle_file_sha256": "c53545278a25323a6a120342ca6ba4a43a78f96018ba8fb1a813bc2ebabd1b82",
      "oracle_metadata_sha256": "794e5a99c2512f1d5597d026eb1cb4a473fc68abba63ba409258703ab360404e",
      "oracle_upper_count_including_self": 9216,
      "oracle_upper_raw_u64_sha256": "53eb9b191c98a3189b52876f9902d960ff4e401adad4c716780c871aa7ffd8ba",
      "overflow_events": 0,
      "scheduled_tiles": 136,
      "source_row_prefix_raw_sha256": "64b63aa4f1c8285ff5a6aaf11e9848d33fed1f68ce5132f0fea8a82a24775b23",
      "stage_partitions_pass": true,
      "target_average_directed_nonself_degree": 16,
      "threshold_d2": 103168.5,
      "threshold_d2_lower_float32": 103168.5,
      "threshold_d2_upper_float32": 103168.5,
      "total_upper_pairs": 524800,
      "unsafe_fp32_direct_accepts": 0,
      "unsafe_fp32_direct_rejects": 0,
      "unsafe_g3b_direct_accepts": 0,
      "unsafe_g3b_direct_rejects": 0,
      "vector_prefix_raw_sha256": "0c767237bfa4756c4eca6c1e0452d6524443daf606f6bbe8dab68a30426c864b"
    },
    {
      "accepted_upper_raw_u64_sha256": "50de30c56e186bd951431700f495496e9ad97b0446883b00d913686116564112",
      "actual_average_directed_nonself_degree": 64.0,
      "buffer_capacity": 557056,
      "cell_gate_pass": true,
      "dataset_id": "sift128",
      "dimension": 128,
      "duplicate_counts": {
        "final": 0,
        "fp32_accept": 0,
        "fp32_reject": 0,
        "fp64": 0,
        "g3b_ambiguous": 0,
        "g3b_direct": 0
      },
      "epsilon": 370.2762482255647,
      "epsilon_lower_float32": 370.2762451171875,
      "epsilon_upper_float32": 370.2762756347656,
      "exact_match": true,
      "extra_upper_pairs": 0,
      "final_accepted_upper_pairs": 33792,
      "first_extra_upper_pairs": [],
      "first_missing_upper_pairs": [],
      "first_unsafe_fp32_direct_accepts": [],
      "first_unsafe_fp32_direct_rejects": [],
      "first_unsafe_g3b_direct_accepts": [],
      "first_unsafe_g3b_direct_rejects": [],
      "fp32_accept_raw_u64_sha256": "1f13335fcc8027ee90f2584d77509940bd70194afd90fbef79cd8fac2538db9a",
      "fp32_bitwise_equal_upper_pairs": 0,
      "fp32_direct_accept_upper_pairs": 3696,
      "fp32_direct_reject_upper_pairs": 3889,
      "fp32_reject_raw_u64_sha256": "dc51d5d9fd0a8bb9d3ef2d8adffd76d736360aad125c7ac86b65d27523962ed1",
      "fp64_raw_u64_sha256": "2a2a48147090d6ffe0f7d2a8cd55cb3511d411bbd4c4b02abc5cb98da1488e32",
      "fp64_refine_fraction_of_g3b_ambiguity": 0.0026298487836949377,
      "fp64_refined_upper_pairs": 20,
      "g3b_ambiguity_fraction_of_all_upper_pairs": 0.014491234756097562,
      "g3b_ambiguous_raw_u64_sha256": "790baae83cd470fe65759985757c6df7adb574add99caeaffcc54e25e3453e13",
      "g3b_ambiguous_upper_pairs": 7605,
      "g3b_direct_accept_upper_pairs": 30087,
      "g3b_direct_raw_u64_sha256": "6dc91247a82975245ed32a21212b9eab7b455461f94b58aa9faa328c2f2ae8c2",
      "g3b_direct_reject_upper_pairs": 487108,
      "invalid_or_lower_triangle_pairs": 0,
      "missing_upper_pairs": 0,
      "n": 1024,
      "oracle_file_sha256": "bc844fc6ffd46b1679fbf950034ce96f1ba0f28ed52517217d4673f436960dc4",
      "oracle_metadata_sha256": "7366230fc9ab0426f3f045f9829e1d92182a5aaa399b693186aab9a59c045020",
      "oracle_upper_count_including_self": 33792,
      "oracle_upper_raw_u64_sha256": "50de30c56e186bd951431700f495496e9ad97b0446883b00d913686116564112",
      "overflow_events": 0,
      "scheduled_tiles": 136,
      "source_row_prefix_raw_sha256": "64b63aa4f1c8285ff5a6aaf11e9848d33fed1f68ce5132f0fea8a82a24775b23",
      "stage_partitions_pass": true,
      "target_average_directed_nonself_degree": 64,
      "threshold_d2": 137104.5,
      "threshold_d2_lower_float32": 137104.5,
      "threshold_d2_upper_float32": 137104.5,
      "total_upper_pairs": 524800,
      "unsafe_fp32_direct_accepts": 0,
      "unsafe_fp32_direct_rejects": 0,
      "unsafe_g3b_direct_accepts": 0,
      "unsafe_g3b_direct_rejects": 0,
      "vector_prefix_raw_sha256": "0c767237bfa4756c4eca6c1e0452d6524443daf606f6bbe8dab68a30426c864b"
    },
    {
      "accepted_upper_raw_u64_sha256": "f3ce31b6cabc3962b423756dfa2fc6356c64c5a59a04c784015227b44402823c",
      "actual_average_directed_nonself_degree": 1.0,
      "buffer_capacity": 2162688,
      "cell_gate_pass": true,
      "dataset_id": "sift128",
      "dimension": 128,
      "duplicate_counts": {
        "final": 0,
        "fp32_accept": 0,
        "fp32_reject": 0,
        "fp64": 0,
        "g3b_ambiguous": 0,
        "g3b_direct": 0
      },
      "epsilon": 229.63449218268582,
      "epsilon_lower_float32": 229.63449096679688,
      "epsilon_upper_float32": 229.63450622558594,
      "exact_match": true,
      "extra_upper_pairs": 0,
      "final_accepted_upper_pairs": 3072,
      "first_extra_upper_pairs": [],
      "first_missing_upper_pairs": [],
      "first_unsafe_fp32_direct_accepts": [],
      "first_unsafe_fp32_direct_rejects": [],
      "first_unsafe_g3b_direct_accepts": [],
      "first_unsafe_g3b_direct_rejects": [],
      "fp32_accept_raw_u64_sha256": "2b2e49a72b2b643e3a32125c46152704142d206115d56f87ac8d8430a6e5ba56",
      "fp32_bitwise_equal_upper_pairs": 0,
      "fp32_direct_accept_upper_pairs": 185,
      "fp32_direct_reject_upper_pairs": 221,
      "fp32_reject_raw_u64_sha256": "ead9a0c344051852e30c2fcc9a2e7a3437c1230962a88d944fcecbca98d95474",
      "fp64_raw_u64_sha256": "e3b0c44298fc1c149afbf4c8996fb92427ae41e4649b934ca495991b7852b855",
      "fp64_refine_fraction_of_g3b_ambiguity": 0.0,
      "fp64_refined_upper_pairs": 0,
      "g3b_ambiguity_fraction_of_all_upper_pairs": 0.00019350140312347487,
      "g3b_ambiguous_raw_u64_sha256": "061698ffd0d95551811b4b323b8d2000bbac984a8fb77b5f53ecc120389f2805",
      "g3b_ambiguous_upper_pairs": 406,
      "g3b_direct_accept_upper_pairs": 2887,
      "g3b_direct_raw_u64_sha256": "4d80d6cb2344d9aba2c027235a52053f613d060842268dce54f93fe52af60335",
      "g3b_direct_reject_upper_pairs": 2094883,
      "invalid_or_lower_triangle_pairs": 0,
      "missing_upper_pairs": 0,
      "n": 2048,
      "oracle_file_sha256": "702a9a99e38ab2c4c3bba193fabdf2995b8f798339a6d977127348354144a07f",
      "oracle_metadata_sha256": "e9fbd0b5204dd7e6189dc1dab4ca1124b1da149e3e9e8d3af011b1daed3a4035",
      "oracle_upper_count_including_self": 3072,
      "oracle_upper_raw_u64_sha256": "f3ce31b6cabc3962b423756dfa2fc6356c64c5a59a04c784015227b44402823c",
      "overflow_events": 0,
      "scheduled_tiles": 528,
      "source_row_prefix_raw_sha256": "5e396c6f7edc743f335f9698c33880f700c9b05091c84838cf0110aae4ce07ad",
      "stage_partitions_pass": true,
      "target_average_directed_nonself_degree": 1,
      "threshold_d2": 52732.0,
      "threshold_d2_lower_float32": 52732.0,
      "threshold_d2_upper_float32": 52732.0,
      "total_upper_pairs": 2098176,
      "unsafe_fp32_direct_accepts": 0,
      "unsafe_fp32_direct_rejects": 0,
      "unsafe_g3b_direct_accepts": 0,
      "unsafe_g3b_direct_rejects": 0,
      "vector_prefix_raw_sha256": "0380b19bf5e3d9fa4b12b030e38d5cd7aa3a220b5d3881584f46069fb6edd31b"
    },
    {
      "accepted_upper_raw_u64_sha256": "8fa55e493020a8981e6d5fbae5d0fac15149f06e3552bd077e6fc208de59cfe4",
      "actual_average_directed_nonself_degree": 16.0,
      "buffer_capacity": 2162688,
      "cell_gate_pass": true,
      "dataset_id": "sift128",
      "dimension": 128,
      "duplicate_counts": {
        "final": 0,
        "fp32_accept": 0,
        "fp32_reject": 0,
        "fp64": 0,
        "g3b_ambiguous": 0,
        "g3b_direct": 0
      },
      "epsilon": 300.5120629858309,
      "epsilon_lower_float32": 300.5120544433594,
      "epsilon_upper_float32": 300.5120849609375,
      "exact_match": true,
      "extra_upper_pairs": 0,
      "final_accepted_upper_pairs": 18432,
      "first_extra_upper_pairs": [],
      "first_missing_upper_pairs": [],
      "first_unsafe_fp32_direct_accepts": [],
      "first_unsafe_fp32_direct_rejects": [],
      "first_unsafe_g3b_direct_accepts": [],
      "first_unsafe_g3b_direct_rejects": [],
      "fp32_accept_raw_u64_sha256": "5a926722548ee8e18438218a630c4ee34491af3c1f4dd6e95b0927f52b1c66c3",
      "fp32_bitwise_equal_upper_pairs": 0,
      "fp32_direct_accept_upper_pairs": 2571,
      "fp32_direct_reject_upper_pairs": 2874,
      "fp32_reject_raw_u64_sha256": "67c2bcd23b4a5831ba2c6559a38df8d0b2519a722f17eaaab6961c310761c161",
      "fp64_raw_u64_sha256": "285c5054709a97ac94f20d38e26e8930e0d310cb9ef48655cd5e0b4725d1d597",
      "fp64_refine_fraction_of_g3b_ambiguity": 0.0016501650165016502,
      "fp64_refined_upper_pairs": 9,
      "g3b_ambiguity_fraction_of_all_upper_pairs": 0.0025994006222547585,
      "g3b_ambiguous_raw_u64_sha256": "e0d6514556bd5d30db4d6756703128bbc4e8d2b6951f481e232e3728e4008577",
      "g3b_ambiguous_upper_pairs": 5454,
      "g3b_direct_accept_upper_pairs": 15858,
      "g3b_direct_raw_u64_sha256": "3816cd1a6d8558684853b93b412ec2088b3ed1b408db2b4b9af7cea1a2d15268",
      "g3b_direct_reject_upper_pairs": 2076864,
      "invalid_or_lower_triangle_pairs": 0,
      "missing_upper_pairs": 0,
      "n": 2048,
      "oracle_file_sha256": "5cbd4cdb39e1f9f3326d898b3c77ac52883b12045e8485eae4a940f61077aaba",
      "oracle_metadata_sha256": "b9e09dddeea9d84844f15bbd8c13b640f4a393fa9c9f3388430426f906bba2bc",
      "oracle_upper_count_including_self": 18432,
      "oracle_upper_raw_u64_sha256": "8fa55e493020a8981e6d5fbae5d0fac15149f06e3552bd077e6fc208de59cfe4",
      "overflow_events": 0,
      "scheduled_tiles": 528,
      "source_row_prefix_raw_sha256": "5e396c6f7edc743f335f9698c33880f700c9b05091c84838cf0110aae4ce07ad",
      "stage_partitions_pass": true,
      "target_average_directed_nonself_degree": 16,
      "threshold_d2": 90307.5,
      "threshold_d2_lower_float32": 90307.5,
      "threshold_d2_upper_float32": 90307.5,
      "total_upper_pairs": 2098176,
      "unsafe_fp32_direct_accepts": 0,
      "unsafe_fp32_direct_rejects": 0,
      "unsafe_g3b_direct_accepts": 0,
      "unsafe_g3b_direct_rejects": 0,
      "vector_prefix_raw_sha256": "0380b19bf5e3d9fa4b12b030e38d5cd7aa3a220b5d3881584f46069fb6edd31b"
    },
    {
      "accepted_upper_raw_u64_sha256": "2445e26d34ebc0d81a6f13076ff2c8b42ebcd2e9f5731c6da9a5207b6827fb86",
      "actual_average_directed_nonself_degree": 64.0009765625,
      "buffer_capacity": 2162688,
      "cell_gate_pass": true,
      "dataset_id": "sift128",
      "dimension": 128,
      "duplicate_counts": {
        "final": 0,
        "fp32_accept": 0,
        "fp32_reject": 0,
        "fp64": 0,
        "g3b_ambiguous": 0,
        "g3b_direct": 0
      },
      "epsilon": 344.09083103157514,
      "epsilon_lower_float32": 344.0908203125,
      "epsilon_upper_float32": 344.0908508300781,
      "exact_match": true,
      "extra_upper_pairs": 0,
      "final_accepted_upper_pairs": 67585,
      "first_extra_upper_pairs": [],
      "first_missing_upper_pairs": [],
      "first_unsafe_fp32_direct_accepts": [],
      "first_unsafe_fp32_direct_rejects": [],
      "first_unsafe_g3b_direct_accepts": [],
      "first_unsafe_g3b_direct_rejects": [],
      "fp32_accept_raw_u64_sha256": "f925ae167a316d9cc30272c6d215d8f45c6c4b6a0d8b2c1027df236675b30621",
      "fp32_bitwise_equal_upper_pairs": 0,
      "fp32_direct_accept_upper_pairs": 8553,
      "fp32_direct_reject_upper_pairs": 9264,
      "fp32_reject_raw_u64_sha256": "5165f00a336f864dddbd89ac3241c6a137ebec3d67caa3fb79d214fff54ae103",
      "fp64_raw_u64_sha256": "07a1277e26eb401dcbfd9c0bbe8bbb6b9bc2af6d61528246e96e408078ab44d0",
      "fp64_refine_fraction_of_g3b_ambiguity": 0.0025193147463889822,
      "fp64_refined_upper_pairs": 45,
      "g3b_ambiguity_fraction_of_all_upper_pairs": 0.008513108528550513,
      "g3b_ambiguous_raw_u64_sha256": "606cf2d38f0f23613dde7eb5e5fb576c9d24b5edff4f85df5f3ef4ef9ed27603",
      "g3b_ambiguous_upper_pairs": 17862,
      "g3b_direct_accept_upper_pairs": 59014,
      "g3b_direct_raw_u64_sha256": "bd279e903cccdf3c45ccdf78584b8d37fbf79724475998b36005cde4545dcb59",
      "g3b_direct_reject_upper_pairs": 2021300,
      "invalid_or_lower_triangle_pairs": 0,
      "missing_upper_pairs": 0,
      "n": 2048,
      "oracle_file_sha256": "ada4d40fa91812079423444e76e778277a5750eda821f3859641427155d74f45",
      "oracle_metadata_sha256": "a3b7b01a9df6b46f0cce49f709e09a2975e6797546fc7e4331babf5570da4a04",
      "oracle_upper_count_including_self": 67585,
      "oracle_upper_raw_u64_sha256": "2445e26d34ebc0d81a6f13076ff2c8b42ebcd2e9f5731c6da9a5207b6827fb86",
      "overflow_events": 0,
      "scheduled_tiles": 528,
      "source_row_prefix_raw_sha256": "5e396c6f7edc743f335f9698c33880f700c9b05091c84838cf0110aae4ce07ad",
      "stage_partitions_pass": true,
      "target_average_directed_nonself_degree": 64,
      "threshold_d2": 118398.5,
      "threshold_d2_lower_float32": 118398.5,
      "threshold_d2_upper_float32": 118398.5,
      "total_upper_pairs": 2098176,
      "unsafe_fp32_direct_accepts": 0,
      "unsafe_fp32_direct_rejects": 0,
      "unsafe_g3b_direct_accepts": 0,
      "unsafe_g3b_direct_rejects": 0,
      "vector_prefix_raw_sha256": "0380b19bf5e3d9fa4b12b030e38d5cd7aa3a220b5d3881584f46069fb6edd31b"
    },
    {
      "accepted_upper_raw_u64_sha256": "3b3f1cae1e3e14dea883f547283a10fa0360d4bd6cfc42d109b4280a75e423c7",
      "actual_average_directed_nonself_degree": 1.0,
      "buffer_capacity": 8519680,
      "cell_gate_pass": true,
      "dataset_id": "sift128",
      "dimension": 128,
      "duplicate_counts": {
        "final": 0,
        "fp32_accept": 0,
        "fp32_reject": 0,
        "fp64": 0,
        "g3b_ambiguous": 0,
        "g3b_direct": 0
      },
      "epsilon": 208.54735673223,
      "epsilon_lower_float32": 208.54734802246094,
      "epsilon_upper_float32": 208.54736328125,
      "exact_match": true,
      "extra_upper_pairs": 0,
      "final_accepted_upper_pairs": 6144,
      "first_extra_upper_pairs": [],
      "first_missing_upper_pairs": [],
      "first_unsafe_fp32_direct_accepts": [],
      "first_unsafe_fp32_direct_rejects": [],
      "first_unsafe_g3b_direct_accepts": [],
      "first_unsafe_g3b_direct_rejects": [],
      "fp32_accept_raw_u64_sha256": "f20bd42a131a9c43af4cd9ff27d1a0149847d504fb8a72a8e171836c256e6540",
      "fp32_bitwise_equal_upper_pairs": 0,
      "fp32_direct_accept_upper_pairs": 335,
      "fp32_direct_reject_upper_pairs": 357,
      "fp32_reject_raw_u64_sha256": "1e93c2385255995d4a23efb753a7a72d52b78a89a127e6c8e3c15f925089abc4",
      "fp64_raw_u64_sha256": "03a2b7bdadac9600af2e1fcf99511c7f570ea427ca496723fcc6d002ce3b258b",
      "fp64_refine_fraction_of_g3b_ambiguity": 0.002881844380403458,
      "fp64_refined_upper_pairs": 2,
      "g3b_ambiguity_fraction_of_all_upper_pairs": 8.27110538198682e-05,
      "g3b_ambiguous_raw_u64_sha256": "592086ea545bbbdee60af41b6b0a671233c888a3b59c8ac920e506ad3ac6314b",
      "g3b_ambiguous_upper_pairs": 694,
      "g3b_direct_accept_upper_pairs": 5808,
      "g3b_direct_raw_u64_sha256": "3000e4d92edbe21072ac7aed20a3823a9c1d635145f0ce37bc953ab7c8e0466b",
      "g3b_direct_reject_upper_pairs": 8384154,
      "invalid_or_lower_triangle_pairs": 0,
      "missing_upper_pairs": 0,
      "n": 4096,
      "oracle_file_sha256": "9e39cc13670d1b108b6e60a46e322c1c1cfbb98bc9b8e31522147d1712510dcd",
      "oracle_metadata_sha256": "b921a55554ae0f96bc94e0714b87876687742fd02d4848c73459f9db8185eed3",
      "oracle_upper_count_including_self": 6144,
      "oracle_upper_raw_u64_sha256": "3b3f1cae1e3e14dea883f547283a10fa0360d4bd6cfc42d109b4280a75e423c7",
      "overflow_events": 0,
      "scheduled_tiles": 2080,
      "source_row_prefix_raw_sha256": "226dba08a709f38ea98d86a329e9f2a94aa5a9b4652de195382ee9db36b46019",
      "stage_partitions_pass": true,
      "target_average_directed_nonself_degree": 1,
      "threshold_d2": 43492.0,
      "threshold_d2_lower_float32": 43492.0,
      "threshold_d2_upper_float32": 43492.0,
      "total_upper_pairs": 8390656,
      "unsafe_fp32_direct_accepts": 0,
      "unsafe_fp32_direct_rejects": 0,
      "unsafe_g3b_direct_accepts": 0,
      "unsafe_g3b_direct_rejects": 0,
      "vector_prefix_raw_sha256": "33460334a819a6e61651166d5821379ef4d553a28262f9f80dae7d1eeba81607"
    },
    {
      "accepted_upper_raw_u64_sha256": "714c842cd31b2078743666d6577e05d022fb37cbb07cb3ed4673200e92c27fe0",
      "actual_average_directed_nonself_degree": 16.0,
      "buffer_capacity": 8519680,
      "cell_gate_pass": true,
      "dataset_id": "sift128",
      "dimension": 128,
      "duplicate_counts": {
        "final": 0,
        "fp32_accept": 0,
        "fp32_reject": 0,
        "fp64": 0,
        "g3b_ambiguous": 0,
        "g3b_direct": 0
      },
      "epsilon": 280.6055950974606,
      "epsilon_lower_float32": 280.6055908203125,
      "epsilon_upper_float32": 280.6056213378906,
      "exact_match": true,
      "extra_upper_pairs": 0,
      "final_accepted_upper_pairs": 36864,
      "first_extra_upper_pairs": [],
      "first_missing_upper_pairs": [],
      "first_unsafe_fp32_direct_accepts": [],
      "first_unsafe_fp32_direct_rejects": [],
      "first_unsafe_g3b_direct_accepts": [],
      "first_unsafe_g3b_direct_rejects": [],
      "fp32_accept_raw_u64_sha256": "d16654c86291b286d3a2d442a6ecaab5a76e0a5182786476437e9dbd361e319b",
      "fp32_bitwise_equal_upper_pairs": 0,
      "fp32_direct_accept_upper_pairs": 5349,
      "fp32_direct_reject_upper_pairs": 6283,
      "fp32_reject_raw_u64_sha256": "2784d4f9ec0ec4e5d2f0e847a46053d99687f6e465114d1f04032b331a1a81b8",
      "fp64_raw_u64_sha256": "4aaaaa0c6bd1cb4184723de46380c87d77585d85790ad1d002b28ffeb65835a1",
      "fp64_refine_fraction_of_g3b_ambiguity": 0.0016307613080422281,
      "fp64_refined_upper_pairs": 19,
      "g3b_ambiguity_fraction_of_all_upper_pairs": 0.0013885684265926288,
      "g3b_ambiguous_raw_u64_sha256": "46f11cd431b2ae403c0c571f868816c4ab9d2d9748eb4665521946aa93d7df8f",
      "g3b_ambiguous_upper_pairs": 11651,
      "g3b_direct_accept_upper_pairs": 31506,
      "g3b_direct_raw_u64_sha256": "c83815e7a5b1324d881346c4e67eacc07c73f140894e5a024f8da77a87310cea",
      "g3b_direct_reject_upper_pairs": 8347499,
      "invalid_or_lower_triangle_pairs": 0,
      "missing_upper_pairs": 0,
      "n": 4096,
      "oracle_file_sha256": "48292b2c699b5e91a9fba1326d2a64aba9cb34aff033fdac58d11b0105299edb",
      "oracle_metadata_sha256": "56dedacea539c8f342d566685e6efb9779e55d1acded5b7523a6aabf24dc9679",
      "oracle_upper_count_including_self": 36864,
      "oracle_upper_raw_u64_sha256": "714c842cd31b2078743666d6577e05d022fb37cbb07cb3ed4673200e92c27fe0",
      "overflow_events": 0,
      "scheduled_tiles": 2080,
      "source_row_prefix_raw_sha256": "226dba08a709f38ea98d86a329e9f2a94aa5a9b4652de195382ee9db36b46019",
      "stage_partitions_pass": true,
      "target_average_directed_nonself_degree": 16,
      "threshold_d2": 78739.5,
      "threshold_d2_lower_float32": 78739.5,
      "threshold_d2_upper_float32": 78739.5,
      "total_upper_pairs": 8390656,
      "unsafe_fp32_direct_accepts": 0,
      "unsafe_fp32_direct_rejects": 0,
      "unsafe_g3b_direct_accepts": 0,
      "unsafe_g3b_direct_rejects": 0,
      "vector_prefix_raw_sha256": "33460334a819a6e61651166d5821379ef4d553a28262f9f80dae7d1eeba81607"
    },
    {
      "accepted_upper_raw_u64_sha256": "5c4f93130feeb4e3eb8ad6fb8c0825dad664a0b348e84d766910801b1e25da79",
      "actual_average_directed_nonself_degree": 64.001953125,
      "buffer_capacity": 8519680,
      "cell_gate_pass": true,
      "dataset_id": "sift128",
      "dimension": 128,
      "duplicate_counts": {
        "final": 0,
        "fp32_accept": 0,
        "fp32_reject": 0,
        "fp64": 0,
        "g3b_ambiguous": 0,
        "g3b_direct": 0
      },
      "epsilon": 320.7046928250349,
      "epsilon_lower_float32": 320.7046813964844,
      "epsilon_upper_float32": 320.7047119140625,
      "exact_match": true,
      "extra_upper_pairs": 0,
      "final_accepted_upper_pairs": 135172,
      "first_extra_upper_pairs": [],
      "first_missing_upper_pairs": [],
      "first_unsafe_fp32_direct_accepts": [],
      "first_unsafe_fp32_direct_rejects": [],
      "first_unsafe_g3b_direct_accepts": [],
      "first_unsafe_g3b_direct_rejects": [],
      "fp32_accept_raw_u64_sha256": "b6c5d6ee791886d47bfc370c359d74b31ab8925c87764bba28310dcb311f94ce",
      "fp32_bitwise_equal_upper_pairs": 0,
      "fp32_direct_accept_upper_pairs": 18896,
      "fp32_direct_reject_upper_pairs": 20831,
      "fp32_reject_raw_u64_sha256": "c1f61cfcf3c5065adea200a5b0279113210e08206fb041b3956737cd738f99ca",
      "fp64_raw_u64_sha256": "1884519607389e21f33622caf10d8b1ac8bd2c64556277507b87de120929eec1",
      "fp64_refine_fraction_of_g3b_ambiguity": 0.002084903290630495,
      "fp64_refined_upper_pairs": 83,
      "g3b_ambiguity_fraction_of_all_upper_pairs": 0.004744563476324139,
      "g3b_ambiguous_raw_u64_sha256": "ae77df4ff63ee3a74d0193c9f41ba1b354c8714cbe78a1290172de6643849eb1",
      "g3b_ambiguous_upper_pairs": 39810,
      "g3b_direct_accept_upper_pairs": 116230,
      "g3b_direct_raw_u64_sha256": "143c6197b6cb97eb7a656bcf52028d59dacd393e4d57dfa020b69871b276b7e2",
      "g3b_direct_reject_upper_pairs": 8234616,
      "invalid_or_lower_triangle_pairs": 0,
      "missing_upper_pairs": 0,
      "n": 4096,
      "oracle_file_sha256": "c4140ed301c7ac961bafaf423bcccbff32cd688aaed8e9747cbfb6306321484c",
      "oracle_metadata_sha256": "c26f53628378c82e3e76387be86542e6f3705781eb6aa6f361fcd140db9ba4bd",
      "oracle_upper_count_including_self": 135172,
      "oracle_upper_raw_u64_sha256": "5c4f93130feeb4e3eb8ad6fb8c0825dad664a0b348e84d766910801b1e25da79",
      "overflow_events": 0,
      "scheduled_tiles": 2080,
      "source_row_prefix_raw_sha256": "226dba08a709f38ea98d86a329e9f2a94aa5a9b4652de195382ee9db36b46019",
      "stage_partitions_pass": true,
      "target_average_directed_nonself_degree": 64,
      "threshold_d2": 102851.5,
      "threshold_d2_lower_float32": 102851.5,
      "threshold_d2_upper_float32": 102851.5,
      "total_upper_pairs": 8390656,
      "unsafe_fp32_direct_accepts": 0,
      "unsafe_fp32_direct_rejects": 0,
      "unsafe_g3b_direct_accepts": 0,
      "unsafe_g3b_direct_rejects": 0,
      "vector_prefix_raw_sha256": "33460334a819a6e61651166d5821379ef4d553a28262f9f80dae7d1eeba81607"
    }
  ],
  "cross_dataset_fp64_residual_gate_pass": true,
  "cross_dataset_g3b_ambiguity_gate_pass": true,
  "evidence": [
    {
      "path": "results/g4b_r1_opportunity_sift128.json",
      "sha256": "d987a0271d7945883328e0c95a3028d10276d1ed7bf8686016db4788cb743204"
    },
    {
      "path": "results/g4b_r1_opportunity_sift128_manifest.json",
      "sha256": "a36f2d1f5c4198265260efa07be313615ace304305581b21b77f5d40a59f22be"
    },
    {
      "path": "results/g4b_r1_opportunity_cifar_gist512.json",
      "sha256": "1bb98444527f64aba34a59df3b9ae96184b9477560c8b19471b1e2c25e00a09b"
    },
    {
      "path": "results/g4b_r1_opportunity_cifar_gist512_manifest.json",
      "sha256": "06d6491566464efadda05ea71e161b41775a03b8a9b8981fd89c9857cf80aee6"
    },
    {
      "path": "results/g4b_r1_opportunity_fashion784.json",
      "sha256": "4bf374d4b8e506f8c0fc0579c7f342acaf4852c99eb15f016fd8b1add2a90cbb"
    },
    {
      "path": "results/g4b_r1_opportunity_fashion784_manifest.json",
      "sha256": "0345715a986a3dfa8440cca73cd9f53553b1fa4d1eac6fb31ecfe19dc43281d9"
    }
  ],
  "experiment_id": "tensorjoin_20260903_g4b_r1_public_breadth_opportunity",
  "generic_timing_implementation_allowed": true,
  "measurement_status": "correctness_and_routing_geometry_not_performance",
  "n4096_non_cifar_fp64_residual_gate": {
    "fashion784": {
      "pass": true,
      "passing_degrees": [
        1,
        16,
        64
      ]
    },
    "sift128": {
      "pass": true,
      "passing_degrees": [
        1,
        16,
        64
      ]
    }
  },
  "n4096_non_cifar_g3b_ambiguity_gate": {
    "fashion784": {
      "pass": true,
      "passing_low_or_medium_degrees": [
        1,
        16
      ]
    },
    "sift128": {
      "pass": true,
      "passing_low_or_medium_degrees": [
        1,
        16
      ]
    }
  },
  "opportunity_gate_pass": true,
  "performance_claim_allowed": false,
  "protocol_sha256": "9f7a44ee7bee8a0a656ddfa3cfeb88cef3802d432829eba6018e03b58ea0fe1a",
  "summarizer_sha256": "0f5616cac44b6813db92be9479c7d07d35ccc52645e684b2ef05a2948cb79f67"
}
