{
  "auditor_sha256": "11bb6a93c8a807a52fcfc10fab4cb5136a201bbcf7d26c918e0945045d7e7a63",
  "datasets": {
    "cifar_gist512": {
      "dataset_runtime_binary_gate_pass": true,
      "kernels": {
        "analytic_certificate_ragged_safe_i64": {
          "cubin": "artifacts/g4c_screen_cifar_gist512_n4096_k64_process_0_kc_a0_triton_cache/BCIFORKVEP6N2P46NVGAX66PPPYQCP4B34WNJXX3Q3M4J3KOMBFQ/analytic_certificate_ragged_safe_i64.cubin",
          "cubin_sha256": "8962ffab923c0d9dc7febf2eab5c71aa022cf46839f83b244d31f91f2f7b772a",
          "fp64_arithmetic_count": 0,
          "ldl_count": 0,
          "low_precision_mma_count": 16,
          "normalized_instruction_count": 4175,
          "normalized_sass": "artifacts/g4c_screen_cifar_gist512_analytic_certificate_ragged_safe_i64.normalized.sass",
          "normalized_sass_sha256": "228e1de279f83e3802fdca6bf2baaa868c816b63ff80ef311fe77e941590e9a3",
          "ptx": "artifacts/g4c_screen_cifar_gist512_n4096_k64_process_0_kc_a0_triton_cache/BCIFORKVEP6N2P46NVGAX66PPPYQCP4B34WNJXX3Q3M4J3KOMBFQ/analytic_certificate_ragged_safe_i64.ptx",
          "ptx_contains_f64": false,
          "ptx_sha256": "0cb6e58781536db6d9b2afcd0b79218bf20baa38254ec2391dd8bb18cce1d477",
          "ptx_target_sm120a": true,
          "resource_text": "artifacts/g4c_screen_cifar_gist512_analytic_certificate_ragged_safe_i64.resources.txt",
          "resource_text_sha256": "c9404cd43774dbca825c4449663f142fe0c09990380b3bcc187971a433c8fc5d",
          "resources": {
            "local_bytes": 0,
            "registers_per_thread": 140,
            "shared_bytes": 1024,
            "stack_bytes": 0
          },
          "sass": "artifacts/g4c_screen_cifar_gist512_analytic_certificate_ragged_safe_i64.sass",
          "sass_sha256": "f8300623976942a83ffbcfbab345cb453816f1c1d428ee2ac2cc23efc73b487a",
          "stl_count": 0
        },
        "certified_fp32_filter_i64": {
          "cubin": "artifacts/g4c_screen_cifar_gist512_n4096_k64_process_0_kc_a0_triton_cache/DV4SAB7GTZGPY2VN5VLIVBUHC3BZTM7IF7FJ2XX6LO6HHQ6YI7YQ/certified_fp32_filter_i64.cubin",
          "cubin_sha256": "db750295875f8363679cfe9f9762cef884e1ecd371e3e419fd500d91c3a20670",
          "fp64_arithmetic_count": 0,
          "ldl_count": 0,
          "low_precision_mma_count": 0,
          "normalized_instruction_count": 256,
          "normalized_sass": "artifacts/g4c_screen_cifar_gist512_certified_fp32_filter_i64.normalized.sass",
          "normalized_sass_sha256": "9fdad1642a64b883ab55ae232307aff961cb59d91f2fdb31d0714cda9e2a725c",
          "ptx": "artifacts/g4c_screen_cifar_gist512_n4096_k64_process_0_kc_a0_triton_cache/DV4SAB7GTZGPY2VN5VLIVBUHC3BZTM7IF7FJ2XX6LO6HHQ6YI7YQ/certified_fp32_filter_i64.ptx",
          "ptx_contains_f64": false,
          "ptx_sha256": "2601ce01d9bc7352b393abfe3fa5d79ba8f75ffcafc1d54ef001eef1841bf27a",
          "ptx_target_sm120a": true,
          "resource_text": "artifacts/g4c_screen_cifar_gist512_certified_fp32_filter_i64.resources.txt",
          "resource_text_sha256": "63d3c27c9b70bd1e9436b700291916575d8e24a9a95724ed14f213b21bdbb1b7",
          "resources": {
            "local_bytes": 0,
            "registers_per_thread": 32,
            "shared_bytes": 1024,
            "stack_bytes": 0
          },
          "sass": "artifacts/g4c_screen_cifar_gist512_certified_fp32_filter_i64.sass",
          "sass_sha256": "107af6f19c7dd7034f19b55a85990c8a0d4f4f72ef18a7e515dae19b919ee73a",
          "stl_count": 0
        },
        "refine_ambiguous_fp64_i64": {
          "cubin": "artifacts/g4c_screen_cifar_gist512_n4096_k64_process_0_kc_a0_triton_cache/VIBYMX23CKNQXHPXM6YZZP3MCMX3VEEDGPT4SUG5NIDS4NU47CPA/refine_ambiguous_fp64_i64.cubin",
          "cubin_sha256": "ff0572a7eefcb6ccba91c7da0020d370e45d7f8f7c03d3a55e8f5ca53c477c50",
          "fp64_arithmetic_count": 27,
          "ldl_count": 0,
          "low_precision_mma_count": 0,
          "normalized_instruction_count": 296,
          "normalized_sass": "artifacts/g4c_screen_cifar_gist512_refine_ambiguous_fp64_i64.normalized.sass",
          "normalized_sass_sha256": "ee4dec22f6c6e4a5161af54627657646aaf35acceb226ce1c37851015539feaa",
          "ptx": "artifacts/g4c_screen_cifar_gist512_n4096_k64_process_0_kc_a0_triton_cache/VIBYMX23CKNQXHPXM6YZZP3MCMX3VEEDGPT4SUG5NIDS4NU47CPA/refine_ambiguous_fp64_i64.ptx",
          "ptx_contains_f64": true,
          "ptx_sha256": "04cd5949d3320fc0124455d93a227c62dfe55f3f6707c0229e41963fd9f9e295",
          "ptx_target_sm120a": true,
          "resource_text": "artifacts/g4c_screen_cifar_gist512_refine_ambiguous_fp64_i64.resources.txt",
          "resource_text_sha256": "937fd3817de40ffe2f8ef8ecfff49298ef69a22f13b416a9249c69fe444f0208",
          "resources": {
            "local_bytes": 0,
            "registers_per_thread": 30,
            "shared_bytes": 1024,
            "stack_bytes": 0
          },
          "sass": "artifacts/g4c_screen_cifar_gist512_refine_ambiguous_fp64_i64.sass",
          "sass_sha256": "b3126d16edac2ef56eb0ecc6fc3905e4ef9b28696b90f637fb39c2ed5044a3c2",
          "stl_count": 0
        }
      },
      "manifests": [
        {
          "path": "results/g4c_screen_cifar_gist512_n4096_k64_process_0_kc_a0_manifest.json",
          "sha256": "2bdb72c11414dffed2be4b83b14bf85f74645886e3b4ec70c2b0c35b804e3ea5"
        },
        {
          "path": "results/g4c_screen_cifar_gist512_n4096_k64_process_1_ck_a0_manifest.json",
          "sha256": "a70eb08e5f7842c05d9c863b2fc080c91f763e0d02d6ef2624c06a2fc5a85f68"
        }
      ],
      "process_cubin_hashes": [
        {
          "analytic_certificate_ragged_safe_i64": "8962ffab923c0d9dc7febf2eab5c71aa022cf46839f83b244d31f91f2f7b772a",
          "certified_fp32_filter_i64": "db750295875f8363679cfe9f9762cef884e1ecd371e3e419fd500d91c3a20670",
          "refine_ambiguous_fp64_i64": "ff0572a7eefcb6ccba91c7da0020d370e45d7f8f7c03d3a55e8f5ca53c477c50"
        },
        {
          "analytic_certificate_ragged_safe_i64": "8962ffab923c0d9dc7febf2eab5c71aa022cf46839f83b244d31f91f2f7b772a",
          "certified_fp32_filter_i64": "db750295875f8363679cfe9f9762cef884e1ecd371e3e419fd500d91c3a20670",
          "refine_ambiguous_fp64_i64": "ff0572a7eefcb6ccba91c7da0020d370e45d7f8f7c03d3a55e8f5ca53c477c50"
        }
      ],
      "resource_gate_pass": true,
      "semantic_role_gate_pass": true,
      "two_process_cubins_byte_stable": true
    },
    "fashion784": {
      "dataset_runtime_binary_gate_pass": true,
      "kernels": {
        "analytic_certificate_ragged_safe_i64": {
          "cubin": "artifacts/g4c_screen_fashion784_n4096_k64_process_0_kc_a0_triton_cache/OOXR56Z5JYCEZ4XRBFNRCUCFBNIQ6RYRHWRJQSKL57OOINMRTMJA/analytic_certificate_ragged_safe_i64.cubin",
          "cubin_sha256": "0ddc66281d023265069f319773501077264989523497e06efa1b412b915bea87",
          "fp64_arithmetic_count": 0,
          "ldl_count": 0,
          "low_precision_mma_count": 16,
          "normalized_instruction_count": 4207,
          "normalized_sass": "artifacts/g4c_screen_fashion784_analytic_certificate_ragged_safe_i64.normalized.sass",
          "normalized_sass_sha256": "1bf5e954cd6af2c44c5a42124af52b9bb938ff955ed3c2741f28118d06dcfc97",
          "ptx": "artifacts/g4c_screen_fashion784_n4096_k64_process_0_kc_a0_triton_cache/OOXR56Z5JYCEZ4XRBFNRCUCFBNIQ6RYRHWRJQSKL57OOINMRTMJA/analytic_certificate_ragged_safe_i64.ptx",
          "ptx_contains_f64": false,
          "ptx_sha256": "3ece2336f14ad7ca6f1bd8772d43f42c9d5928cd1f9dd2ee4f2ee6ec14db4ec6",
          "ptx_target_sm120a": true,
          "resource_text": "artifacts/g4c_screen_fashion784_analytic_certificate_ragged_safe_i64.resources.txt",
          "resource_text_sha256": "c9404cd43774dbca825c4449663f142fe0c09990380b3bcc187971a433c8fc5d",
          "resources": {
            "local_bytes": 0,
            "registers_per_thread": 140,
            "shared_bytes": 1024,
            "stack_bytes": 0
          },
          "sass": "artifacts/g4c_screen_fashion784_analytic_certificate_ragged_safe_i64.sass",
          "sass_sha256": "1163d30ee8ea3b6d64531a4498bb7e50440fcb925f259352bf99060a669f364b",
          "stl_count": 0
        },
        "certified_fp32_filter_i64": {
          "cubin": "artifacts/g4c_screen_fashion784_n4096_k64_process_0_kc_a0_triton_cache/K6O72CURO4DCT34WYVP43G4ICAEKLN7CQWISYXZ2RYMIHF3IZHJA/certified_fp32_filter_i64.cubin",
          "cubin_sha256": "c00e2a07482c55a4200e5651061ca1d70b762aa41a161587d40473bb017f7f42",
          "fp64_arithmetic_count": 0,
          "ldl_count": 0,
          "low_precision_mma_count": 0,
          "normalized_instruction_count": 256,
          "normalized_sass": "artifacts/g4c_screen_fashion784_certified_fp32_filter_i64.normalized.sass",
          "normalized_sass_sha256": "002c28e81af3fa386c74762eff47239b4e8ff3651af3d5228aab24374e5c68b5",
          "ptx": "artifacts/g4c_screen_fashion784_n4096_k64_process_0_kc_a0_triton_cache/K6O72CURO4DCT34WYVP43G4ICAEKLN7CQWISYXZ2RYMIHF3IZHJA/certified_fp32_filter_i64.ptx",
          "ptx_contains_f64": false,
          "ptx_sha256": "da9a7af14034594c2cbd4a0a61a9c15f6486b70ce037298e78e970d21dc300aa",
          "ptx_target_sm120a": true,
          "resource_text": "artifacts/g4c_screen_fashion784_certified_fp32_filter_i64.resources.txt",
          "resource_text_sha256": "63d3c27c9b70bd1e9436b700291916575d8e24a9a95724ed14f213b21bdbb1b7",
          "resources": {
            "local_bytes": 0,
            "registers_per_thread": 32,
            "shared_bytes": 1024,
            "stack_bytes": 0
          },
          "sass": "artifacts/g4c_screen_fashion784_certified_fp32_filter_i64.sass",
          "sass_sha256": "8fa5f5fe6e2a65a3dfda3a0c7f522161ed16a7a71f67e9c643029cbdcbed4d0b",
          "stl_count": 0
        },
        "refine_ambiguous_fp64_i64": {
          "cubin": "artifacts/g4c_screen_fashion784_n4096_k64_process_0_kc_a0_triton_cache/TVL62DPGUQL3E6ZQE3PPJ7LUWVX7DLDWBEPUV7GGJLQBNNOBR6RA/refine_ambiguous_fp64_i64.cubin",
          "cubin_sha256": "decb547a9450e0225dab254a80172702527ceefd03f6e8ddd35cf0416dd39dbe",
          "fp64_arithmetic_count": 14,
          "ldl_count": 0,
          "low_precision_mma_count": 0,
          "normalized_instruction_count": 208,
          "normalized_sass": "artifacts/g4c_screen_fashion784_refine_ambiguous_fp64_i64.normalized.sass",
          "normalized_sass_sha256": "2e8a34c414cb4f1321bff45adf2b3cb4e1e147d3cebdd1d0979df93ddb85f266",
          "ptx": "artifacts/g4c_screen_fashion784_n4096_k64_process_0_kc_a0_triton_cache/TVL62DPGUQL3E6ZQE3PPJ7LUWVX7DLDWBEPUV7GGJLQBNNOBR6RA/refine_ambiguous_fp64_i64.ptx",
          "ptx_contains_f64": true,
          "ptx_sha256": "8a5f81e43af010ce254c7911c4644d1305601850ea5b4209a9f2799e4abe0356",
          "ptx_target_sm120a": true,
          "resource_text": "artifacts/g4c_screen_fashion784_refine_ambiguous_fp64_i64.resources.txt",
          "resource_text_sha256": "b0f5a80cd40eacc5f19ef1ff245da5f40c92b8490629ddcfa27dc14d609ee841",
          "resources": {
            "local_bytes": 0,
            "registers_per_thread": 28,
            "shared_bytes": 1024,
            "stack_bytes": 0
          },
          "sass": "artifacts/g4c_screen_fashion784_refine_ambiguous_fp64_i64.sass",
          "sass_sha256": "5c989ac02f306d7ea8def7e1abb31a1950a6de04ca8d8647700a54348ad8a48c",
          "stl_count": 0
        }
      },
      "manifests": [
        {
          "path": "results/g4c_screen_fashion784_n4096_k64_process_0_kc_a0_manifest.json",
          "sha256": "ff450148c4ee73787bdadbc7b263449e31a7391a9e1d0272248892be98be3801"
        },
        {
          "path": "results/g4c_screen_fashion784_n4096_k64_process_1_ck_a0_manifest.json",
          "sha256": "354ea3a1ce4476525e2f86af1734067686c0d5dd5103d2a148f661e530c06a08"
        }
      ],
      "process_cubin_hashes": [
        {
          "analytic_certificate_ragged_safe_i64": "0ddc66281d023265069f319773501077264989523497e06efa1b412b915bea87",
          "certified_fp32_filter_i64": "c00e2a07482c55a4200e5651061ca1d70b762aa41a161587d40473bb017f7f42",
          "refine_ambiguous_fp64_i64": "decb547a9450e0225dab254a80172702527ceefd03f6e8ddd35cf0416dd39dbe"
        },
        {
          "analytic_certificate_ragged_safe_i64": "0ddc66281d023265069f319773501077264989523497e06efa1b412b915bea87",
          "certified_fp32_filter_i64": "c00e2a07482c55a4200e5651061ca1d70b762aa41a161587d40473bb017f7f42",
          "refine_ambiguous_fp64_i64": "decb547a9450e0225dab254a80172702527ceefd03f6e8ddd35cf0416dd39dbe"
        }
      ],
      "resource_gate_pass": true,
      "semantic_role_gate_pass": true,
      "two_process_cubins_byte_stable": true
    },
    "sift128": {
      "dataset_runtime_binary_gate_pass": true,
      "kernels": {
        "analytic_certificate_ragged_safe_i64": {
          "cubin": "artifacts/g4c_screen_sift128_n4096_k64_process_0_kc_a0_triton_cache/BG7BRCQYUEQEMEP6RACN54JSN4EXHRYL2YG2BJSVFNSNBZLWJP2A/analytic_certificate_ragged_safe_i64.cubin",
          "cubin_sha256": "76c90286c79fc4494e3152aa719bc6e9d621dc3d1d7fb6377a0cd6ef4a00f145",
          "fp64_arithmetic_count": 0,
          "ldl_count": 0,
          "low_precision_mma_count": 16,
          "normalized_instruction_count": 4167,
          "normalized_sass": "artifacts/g4c_screen_sift128_analytic_certificate_ragged_safe_i64.normalized.sass",
          "normalized_sass_sha256": "d8a0200b6c94447809bcde539323b158007f1c8a509fc823a5e0c55ca5cb349e",
          "ptx": "artifacts/g4c_screen_sift128_n4096_k64_process_0_kc_a0_triton_cache/BG7BRCQYUEQEMEP6RACN54JSN4EXHRYL2YG2BJSVFNSNBZLWJP2A/analytic_certificate_ragged_safe_i64.ptx",
          "ptx_contains_f64": false,
          "ptx_sha256": "e9f039598c53ecd837faa631e9fdf59b89d56de8dad77dadd0361e1165fd49af",
          "ptx_target_sm120a": true,
          "resource_text": "artifacts/g4c_screen_sift128_analytic_certificate_ragged_safe_i64.resources.txt",
          "resource_text_sha256": "c9404cd43774dbca825c4449663f142fe0c09990380b3bcc187971a433c8fc5d",
          "resources": {
            "local_bytes": 0,
            "registers_per_thread": 140,
            "shared_bytes": 1024,
            "stack_bytes": 0
          },
          "sass": "artifacts/g4c_screen_sift128_analytic_certificate_ragged_safe_i64.sass",
          "sass_sha256": "7851e4933deaf93397ea754becf2bf75bf36737543276f853dd137d3a16fe2e1",
          "stl_count": 0
        },
        "certified_fp32_filter_i64": {
          "cubin": "artifacts/g4c_screen_sift128_n4096_k64_process_0_kc_a0_triton_cache/BRI6GHB6PMMOLPPUZFSOZHIZHNBQRUXVW4LQQDL26BETVUAUAS5A/certified_fp32_filter_i64.cubin",
          "cubin_sha256": "2db627fb239aab1ec8b8eb186c875ac5a10a8ba19f91971c23ab079bdc878056",
          "fp64_arithmetic_count": 0,
          "ldl_count": 0,
          "low_precision_mma_count": 0,
          "normalized_instruction_count": 240,
          "normalized_sass": "artifacts/g4c_screen_sift128_certified_fp32_filter_i64.normalized.sass",
          "normalized_sass_sha256": "95240556a1b49ed196852465d5c2b5e4402baaa3e0b4109725d4437d2f1d8e69",
          "ptx": "artifacts/g4c_screen_sift128_n4096_k64_process_0_kc_a0_triton_cache/BRI6GHB6PMMOLPPUZFSOZHIZHNBQRUXVW4LQQDL26BETVUAUAS5A/certified_fp32_filter_i64.ptx",
          "ptx_contains_f64": false,
          "ptx_sha256": "9041588c83f3cd787529c6f40480271bd2b0912749b529399118df3f0540dd48",
          "ptx_target_sm120a": true,
          "resource_text": "artifacts/g4c_screen_sift128_certified_fp32_filter_i64.resources.txt",
          "resource_text_sha256": "329ccc25e579049b20be384a7215f9e928f28780c43809cc839a70560c52fc23",
          "resources": {
            "local_bytes": 0,
            "registers_per_thread": 24,
            "shared_bytes": 1024,
            "stack_bytes": 0
          },
          "sass": "artifacts/g4c_screen_sift128_certified_fp32_filter_i64.sass",
          "sass_sha256": "949ff2fae9dbe14e1e5cd0b7147ca7b82b64ad648b802432bdd7d71a5beba417",
          "stl_count": 0
        },
        "refine_ambiguous_fp64_i64": {
          "cubin": "artifacts/g4c_screen_sift128_n4096_k64_process_0_kc_a0_triton_cache/EDJRNCHDSZVOZQYYSVJL3TKDREADUOCTO3S73GUCT7NQ3H2REPQQ/refine_ambiguous_fp64_i64.cubin",
          "cubin_sha256": "60547d595b0b771d22339421140ddd801053e5aaa586ef857795c253c07df8d2",
          "fp64_arithmetic_count": 14,
          "ldl_count": 0,
          "low_precision_mma_count": 0,
          "normalized_instruction_count": 200,
          "normalized_sass": "artifacts/g4c_screen_sift128_refine_ambiguous_fp64_i64.normalized.sass",
          "normalized_sass_sha256": "a122a5133266dce19d240600cdaac345fd6748f0ef160406d5e61081659c2374",
          "ptx": "artifacts/g4c_screen_sift128_n4096_k64_process_0_kc_a0_triton_cache/EDJRNCHDSZVOZQYYSVJL3TKDREADUOCTO3S73GUCT7NQ3H2REPQQ/refine_ambiguous_fp64_i64.ptx",
          "ptx_contains_f64": true,
          "ptx_sha256": "7a45c23012bb8a4d371bc62ca23de5948c4f9e6174d0f6cd87d804f818cafc0b",
          "ptx_target_sm120a": true,
          "resource_text": "artifacts/g4c_screen_sift128_refine_ambiguous_fp64_i64.resources.txt",
          "resource_text_sha256": "095e372044e45c0d64ecbaa136ef34091a0056263077a037b8a27cfe4e34e7f5",
          "resources": {
            "local_bytes": 0,
            "registers_per_thread": 22,
            "shared_bytes": 1024,
            "stack_bytes": 0
          },
          "sass": "artifacts/g4c_screen_sift128_refine_ambiguous_fp64_i64.sass",
          "sass_sha256": "8163665bcfadf68a3a3b9b5f99c1059db7df6127c27456c21983e456f60269f3",
          "stl_count": 0
        }
      },
      "manifests": [
        {
          "path": "results/g4c_screen_sift128_n4096_k64_process_0_kc_a0_manifest.json",
          "sha256": "04ae25624ba0092f85b0ff479faee728b5f4a01253f2b6490158525dd09ac3e0"
        },
        {
          "path": "results/g4c_screen_sift128_n4096_k64_process_1_ck_a0_manifest.json",
          "sha256": "1ce9caea11313f684234494b206f43df8ef2003f992165848ddc6896862bcc0d"
        }
      ],
      "process_cubin_hashes": [
        {
          "analytic_certificate_ragged_safe_i64": "76c90286c79fc4494e3152aa719bc6e9d621dc3d1d7fb6377a0cd6ef4a00f145",
          "certified_fp32_filter_i64": "2db627fb239aab1ec8b8eb186c875ac5a10a8ba19f91971c23ab079bdc878056",
          "refine_ambiguous_fp64_i64": "60547d595b0b771d22339421140ddd801053e5aaa586ef857795c253c07df8d2"
        },
        {
          "analytic_certificate_ragged_safe_i64": "76c90286c79fc4494e3152aa719bc6e9d621dc3d1d7fb6377a0cd6ef4a00f145",
          "certified_fp32_filter_i64": "2db627fb239aab1ec8b8eb186c875ac5a10a8ba19f91971c23ab079bdc878056",
          "refine_ambiguous_fp64_i64": "60547d595b0b771d22339421140ddd801053e5aaa586ef857795c253c07df8d2"
        }
      ],
      "resource_gate_pass": true,
      "semantic_role_gate_pass": true,
      "two_process_cubins_byte_stable": true
    }
  },
  "experiment_id": "tensorjoin_20260903_g4c_public_anchor_screen",
  "measurement_status": "runtime_binary_and_generated_code_audit_not_performance",
  "performance_claim_allowed": false,
  "runtime_binary_gate_pass": true,
  "screen_summary_sha256": "3bc1c7aafb1488650eb68088c8b25b72085aeb308022e1e9fc63a49cca716037"
}
