{
  "admitted": true,
  "attempt": 0,
  "cache_path": "artifacts/g4c_formal_cifar_gist512_n4096_k64_process_6_ck_a0_triton_cache",
  "command": [
    "@TENSORJOIN_ROOT@/isaacsim6/env/bin/python",
    "@TENSORJOIN_ROOT@/tensorjoin_20260902_certified_exact_join/src/run_g4c_public_anchor_timing_formal.py",
    "--dataset",
    "cifar_gist512",
    "--phase",
    "formal",
    "--process-id",
    "6",
    "--attempt",
    "0",
    "--order",
    "CK",
    "--warmups",
    "20",
    "--observations",
    "200",
    "--sustained-launches",
    "1000"
  ],
  "dataset_id": "cifar_gist512",
  "experiment_id": "tensorjoin_20260903_g4c_public_anchor_formal",
  "foreign_rows": [],
  "gpu1": {
    "clocks.mem": "12481",
    "clocks.sm": "727",
    "driver_version": "590.48.01",
    "index": "1",
    "memory.used": "14",
    "name": "NVIDIA RTX PRO 6000 Blackwell Server Edition",
    "power.draw": "48.60",
    "power.limit": "600.00",
    "pstate": "P0",
    "utilization.gpu": "0",
    "uuid": "GPU-daa88abc-ce4a-aa1c-c896-ae528bf9bce3"
  },
  "occupancy_log": "raw/g4c_formal_cifar_gist512_n4096_k64_process_6_ck_a0_occupancy.jsonl",
  "occupancy_log_sha256": "cb9d3f445e304acc20ad6fb6c947173bc9cb86869dfd980a46a5dd806223c3ee",
  "orchestrator_sha256": "194e51eb6dc2963f22c2604444e50d45b9037cb614e472493d56dc4bae8a011c",
  "order": "CK",
  "postflight_compute_rows": [],
  "preflight_log": "raw/g4c_formal_cifar_gist512_n4096_k64_process_6_ck_a0_preflight.log",
  "preflight_log_sha256": "ab0d92b08f5077db28d364023af09c3ef63361f74510dcbac2bbbdcf397bb0c3",
  "process_id": 6,
  "protocol_sha256": "211fee8ecd0d43e8c1143b709719438dab2450469fe78321bdffef9d3726e4e6",
  "raw_log": "raw/g4c_formal_cifar_gist512_n4096_k64_process_6_ck_a0.log",
  "raw_log_sha256": "53c8b99df0e6ce9a6d924f6299e0f3bfebc4ca314d81af20b1177a7aa635bf7a",
  "result": "results/g4c_formal_cifar_gist512_n4096_k64_process_6_ck_a0.json",
  "result_sha256": "c3a41ef86a973b9c2e752c6a7d4e397a48739a065f8aeb8a2f97af4de47dafff",
  "returncode": 0,
  "runner_sha256": "1f4d2f2e05a53a486d80f7d21bf163bfe4152dcf94c5fa133bdb6d4ea5726c05",
  "runner_was_launched": true,
  "status": "clean_slot_complete",
  "target_gpu_pids": [
    3975390
  ],
  "wall_seconds": 38.01287055015564
}
