{
  "admitted": true,
  "attempt": 0,
  "cache_path": "artifacts/g4c_formal_cifar_gist512_n4096_k64_process_2_kc_a0_triton_cache",
  "command": [
    "@TENSORJOIN_ROOT@/isaacsim6/env/bin/python",
    "@TENSORJOIN_ROOT@/tensorjoin_20260902_certified_exact_join/src/run_g4c_public_anchor_timing_formal.py",
    "--dataset",
    "cifar_gist512",
    "--phase",
    "formal",
    "--process-id",
    "2",
    "--attempt",
    "0",
    "--order",
    "KC",
    "--warmups",
    "20",
    "--observations",
    "200",
    "--sustained-launches",
    "1000"
  ],
  "dataset_id": "cifar_gist512",
  "experiment_id": "tensorjoin_20260903_g4c_public_anchor_formal",
  "foreign_rows": [],
  "gpu1": {
    "clocks.mem": "12481",
    "clocks.sm": "457",
    "driver_version": "590.48.01",
    "index": "1",
    "memory.used": "14",
    "name": "NVIDIA RTX PRO 6000 Blackwell Server Edition",
    "power.draw": "48.12",
    "power.limit": "600.00",
    "pstate": "P8",
    "utilization.gpu": "0",
    "uuid": "GPU-daa88abc-ce4a-aa1c-c896-ae528bf9bce3"
  },
  "occupancy_log": "raw/g4c_formal_cifar_gist512_n4096_k64_process_2_kc_a0_occupancy.jsonl",
  "occupancy_log_sha256": "f9868c3dc188bbe5c96f5707a34354971d082a8631b99911a4783e1b9c69ef01",
  "orchestrator_sha256": "194e51eb6dc2963f22c2604444e50d45b9037cb614e472493d56dc4bae8a011c",
  "order": "KC",
  "postflight_compute_rows": [],
  "preflight_log": "raw/g4c_formal_cifar_gist512_n4096_k64_process_2_kc_a0_preflight.log",
  "preflight_log_sha256": "1b1034e716758eedad1816089bc498238ed6f69ec5e46c4e728047a5e02598ac",
  "process_id": 2,
  "protocol_sha256": "211fee8ecd0d43e8c1143b709719438dab2450469fe78321bdffef9d3726e4e6",
  "raw_log": "raw/g4c_formal_cifar_gist512_n4096_k64_process_2_kc_a0.log",
  "raw_log_sha256": "d6e93b25b02c67db322da52cb24c4b2d60dd6077b3830a4b4ae5bea2120ffa32",
  "result": "results/g4c_formal_cifar_gist512_n4096_k64_process_2_kc_a0.json",
  "result_sha256": "4678a14f2f62aec06795b70c96f1704608796713cf47675e7e88f87505108b7c",
  "returncode": 0,
  "runner_sha256": "1f4d2f2e05a53a486d80f7d21bf163bfe4152dcf94c5fa133bdb6d4ea5726c05",
  "runner_was_launched": true,
  "status": "clean_slot_complete",
  "target_gpu_pids": [
    3973081
  ],
  "wall_seconds": 37.577839612960815
}
