{
  "admitted": true,
  "attempt": 0,
  "cache_path": "artifacts/g4c_formal_sift128_n4096_k64_process_2_kc_a0_triton_cache",
  "command": [
    "@TENSORJOIN_ROOT@/isaacsim6/env/bin/python",
    "@TENSORJOIN_ROOT@/tensorjoin_20260902_certified_exact_join/src/run_g4c_public_anchor_timing_formal.py",
    "--dataset",
    "sift128",
    "--phase",
    "formal",
    "--process-id",
    "2",
    "--attempt",
    "0",
    "--order",
    "KC",
    "--warmups",
    "20",
    "--observations",
    "200",
    "--sustained-launches",
    "1000"
  ],
  "dataset_id": "sift128",
  "experiment_id": "tensorjoin_20260903_g4c_public_anchor_formal",
  "foreign_rows": [],
  "gpu1": {
    "clocks.mem": "12481",
    "clocks.sm": "405",
    "driver_version": "590.48.01",
    "index": "1",
    "memory.used": "14",
    "name": "NVIDIA RTX PRO 6000 Blackwell Server Edition",
    "power.draw": "47.63",
    "power.limit": "600.00",
    "pstate": "P8",
    "utilization.gpu": "0",
    "uuid": "GPU-daa88abc-ce4a-aa1c-c896-ae528bf9bce3"
  },
  "occupancy_log": "raw/g4c_formal_sift128_n4096_k64_process_2_kc_a0_occupancy.jsonl",
  "occupancy_log_sha256": "737cbfc61ed61d959eb3d8cc9f2eb1a915e85c4bc2a85a1fc853db0dfbb1c0a5",
  "orchestrator_sha256": "194e51eb6dc2963f22c2604444e50d45b9037cb614e472493d56dc4bae8a011c",
  "order": "KC",
  "postflight_compute_rows": [],
  "preflight_log": "raw/g4c_formal_sift128_n4096_k64_process_2_kc_a0_preflight.log",
  "preflight_log_sha256": "10b18ed22a111f8c996b9ba6374d972db6601bdc9585cfc581b08c6912ebf27a",
  "process_id": 2,
  "protocol_sha256": "211fee8ecd0d43e8c1143b709719438dab2450469fe78321bdffef9d3726e4e6",
  "raw_log": "raw/g4c_formal_sift128_n4096_k64_process_2_kc_a0.log",
  "raw_log_sha256": "4159e8b2f3e35d2d2b0d1e67cb8a2e28550cd723ddf739d001e91fd70b0c43fd",
  "result": "results/g4c_formal_sift128_n4096_k64_process_2_kc_a0.json",
  "result_sha256": "8f7443719886ecb503eb8f68ecc7687f8b8d5509acfc1cbc2878766d5c5aa88f",
  "returncode": 0,
  "runner_sha256": "1f4d2f2e05a53a486d80f7d21bf163bfe4152dcf94c5fa133bdb6d4ea5726c05",
  "runner_was_launched": true,
  "status": "clean_slot_complete",
  "target_gpu_pids": [
    3968291
  ],
  "wall_seconds": 36.70504188537598
}
