{
  "admitted": true,
  "attempt": 0,
  "cache_path": "artifacts/g4c_formal_fashion784_n4096_k64_process_0_kc_a0_triton_cache",
  "command": [
    "@TENSORJOIN_ROOT@/isaacsim6/env/bin/python",
    "@TENSORJOIN_ROOT@/tensorjoin_20260902_certified_exact_join/src/run_g4c_public_anchor_timing_formal.py",
    "--dataset",
    "fashion784",
    "--phase",
    "formal",
    "--process-id",
    "0",
    "--attempt",
    "0",
    "--order",
    "KC",
    "--warmups",
    "20",
    "--observations",
    "200",
    "--sustained-launches",
    "1000"
  ],
  "dataset_id": "fashion784",
  "experiment_id": "tensorjoin_20260903_g4c_public_anchor_formal",
  "foreign_rows": [],
  "gpu1": {
    "clocks.mem": "405",
    "clocks.sm": "442",
    "driver_version": "590.48.01",
    "index": "1",
    "memory.used": "14",
    "name": "NVIDIA RTX PRO 6000 Blackwell Server Edition",
    "power.draw": "48.12",
    "power.limit": "600.00",
    "pstate": "P8",
    "utilization.gpu": "0",
    "uuid": "GPU-daa88abc-ce4a-aa1c-c896-ae528bf9bce3"
  },
  "occupancy_log": "raw/g4c_formal_fashion784_n4096_k64_process_0_kc_a0_occupancy.jsonl",
  "occupancy_log_sha256": "dc67322dfb61b47544b8c6ed2f5fe4b7623d7b01982646d1aef327f9b0f5ac1a",
  "orchestrator_sha256": "194e51eb6dc2963f22c2604444e50d45b9037cb614e472493d56dc4bae8a011c",
  "order": "KC",
  "postflight_compute_rows": [],
  "preflight_log": "raw/g4c_formal_fashion784_n4096_k64_process_0_kc_a0_preflight.log",
  "preflight_log_sha256": "d08701ce3701a6effdc1f801a4d062f1ac39b7e7d0262a6684754985d6d76b77",
  "process_id": 0,
  "protocol_sha256": "211fee8ecd0d43e8c1143b709719438dab2450469fe78321bdffef9d3726e4e6",
  "raw_log": "raw/g4c_formal_fashion784_n4096_k64_process_0_kc_a0.log",
  "raw_log_sha256": "93527d9d5a2f4c06fdf3d04b3c942986ded71585b67a329afe6602ba7f2287dd",
  "result": "results/g4c_formal_fashion784_n4096_k64_process_0_kc_a0.json",
  "result_sha256": "ef992db1972f11e411d22ff8f17e282463f17e52d87b51d40c26af066f16d5c8",
  "returncode": 0,
  "runner_sha256": "1f4d2f2e05a53a486d80f7d21bf163bfe4152dcf94c5fa133bdb6d4ea5726c05",
  "runner_was_launched": true,
  "status": "clean_slot_complete",
  "target_gpu_pids": [
    3976673
  ],
  "wall_seconds": 37.4307279586792
}
