{
  "admitted": true,
  "attempt": 0,
  "cache_path": "artifacts/g4c_screen_sift128_n4096_k64_process_0_kc_a0_triton_cache",
  "command": [
    "@TENSORJOIN_ROOT@/isaacsim6/env/bin/python",
    "@TENSORJOIN_ROOT@/tensorjoin_20260902_certified_exact_join/src/run_g4c_public_anchor_timing.py",
    "--dataset",
    "sift128",
    "--phase",
    "screen",
    "--process-id",
    "0",
    "--attempt",
    "0",
    "--order",
    "KC",
    "--warmups",
    "10",
    "--observations",
    "50",
    "--sustained-launches",
    "200"
  ],
  "dataset_id": "sift128",
  "experiment_id": "tensorjoin_20260903_g4c_public_anchor_screen",
  "foreign_rows": [],
  "gpu1": {
    "clocks.mem": "405",
    "clocks.sm": "180",
    "driver_version": "590.48.01",
    "index": "1",
    "memory.used": "14",
    "name": "NVIDIA RTX PRO 6000 Blackwell Server Edition",
    "power.draw": "34.45",
    "power.limit": "600.00",
    "pstate": "P8",
    "utilization.gpu": "0",
    "uuid": "GPU-daa88abc-ce4a-aa1c-c896-ae528bf9bce3"
  },
  "occupancy_log": "raw/g4c_screen_sift128_n4096_k64_process_0_kc_a0_occupancy.jsonl",
  "occupancy_log_sha256": "92f3d6e704f9f2e4011748f702e63122ed2b372cc85b8eac48582e30e4086d46",
  "orchestrator_sha256": "dfc7bad0c87cf68b0db9270f3f1e02b804bac9b266dd5c41b21268af22df5338",
  "order": "KC",
  "postflight_compute_rows": [],
  "preflight_log": "raw/g4c_screen_sift128_n4096_k64_process_0_kc_a0_preflight.log",
  "preflight_log_sha256": "81577cf8705c63b16f3a419d3389757341df2c2504f78c986cf91c1318a3adf6",
  "process_id": 0,
  "protocol_sha256": "07e48e01e942159af5551c198b01df0d61f9d70339bfdbade4725c376457f4e8",
  "raw_log": "raw/g4c_screen_sift128_n4096_k64_process_0_kc_a0.log",
  "raw_log_sha256": "d69957372be63bdbc3ae6194fe6e89ff3724846e541667e6295c22874c770629",
  "result": "results/g4c_screen_sift128_n4096_k64_process_0_kc_a0.json",
  "result_sha256": "93281d7f7088140e4401b8050bc74a7de6b66ae733a1939c5bf353b15f4d5773",
  "returncode": 0,
  "runner_sha256": "a9fac56d17becca52eeedc3dafa99e3bd3d49e4bcfc8a9ce40a2a15f952b6f15",
  "runner_was_launched": true,
  "status": "clean_slot_complete",
  "target_gpu_pids": [
    3958509
  ],
  "wall_seconds": 36.17126774787903
}
