{
  "admitted": true,
  "attempt": 0,
  "cache_path": "artifacts/g4c_screen_fashion784_n4096_k64_process_0_kc_a0_triton_cache",
  "command": [
    "@TENSORJOIN_ROOT@/isaacsim6/env/bin/python",
    "@TENSORJOIN_ROOT@/tensorjoin_20260902_certified_exact_join/src/run_g4c_public_anchor_timing.py",
    "--dataset",
    "fashion784",
    "--phase",
    "screen",
    "--process-id",
    "0",
    "--attempt",
    "0",
    "--order",
    "KC",
    "--warmups",
    "10",
    "--observations",
    "50",
    "--sustained-launches",
    "200"
  ],
  "dataset_id": "fashion784",
  "experiment_id": "tensorjoin_20260903_g4c_public_anchor_screen",
  "foreign_rows": [],
  "gpu1": {
    "clocks.mem": "12481",
    "clocks.sm": "420",
    "driver_version": "590.48.01",
    "index": "1",
    "memory.used": "14",
    "name": "NVIDIA RTX PRO 6000 Blackwell Server Edition",
    "power.draw": "47.53",
    "power.limit": "600.00",
    "pstate": "P0",
    "utilization.gpu": "0",
    "uuid": "GPU-daa88abc-ce4a-aa1c-c896-ae528bf9bce3"
  },
  "occupancy_log": "raw/g4c_screen_fashion784_n4096_k64_process_0_kc_a0_occupancy.jsonl",
  "occupancy_log_sha256": "4e5b9c31e61445f8e799b9a291d47a7a2e3d9218e8a971f9c7b00ca084ea1cce",
  "orchestrator_sha256": "dfc7bad0c87cf68b0db9270f3f1e02b804bac9b266dd5c41b21268af22df5338",
  "order": "KC",
  "postflight_compute_rows": [],
  "preflight_log": "raw/g4c_screen_fashion784_n4096_k64_process_0_kc_a0_preflight.log",
  "preflight_log_sha256": "780118351881fda5b8817ef4262bc37b50354209c19236e4766d23fbce375da2",
  "process_id": 0,
  "protocol_sha256": "07e48e01e942159af5551c198b01df0d61f9d70339bfdbade4725c376457f4e8",
  "raw_log": "raw/g4c_screen_fashion784_n4096_k64_process_0_kc_a0.log",
  "raw_log_sha256": "90a09ad32e22cb61bd3a80324318338df9fdfa95391861b8f92b36205e14ea9e",
  "result": "results/g4c_screen_fashion784_n4096_k64_process_0_kc_a0.json",
  "result_sha256": "7c29789ea3525aad279ad9810850873edc02419b8d729f0634bd7f38c4ff0da7",
  "returncode": 0,
  "runner_sha256": "a9fac56d17becca52eeedc3dafa99e3bd3d49e4bcfc8a9ce40a2a15f952b6f15",
  "runner_was_launched": true,
  "status": "clean_slot_complete",
  "target_gpu_pids": [
    3960995
  ],
  "wall_seconds": 36.65749669075012
}
