{
  "admitted": true,
  "attempt": 0,
  "cache_path": "artifacts/g4c_screen_fashion784_n4096_k64_process_1_ck_a0_triton_cache",
  "command": [
    "@TENSORJOIN_ROOT@/isaacsim6/env/bin/python",
    "@TENSORJOIN_ROOT@/tensorjoin_20260902_certified_exact_join/src/run_g4c_public_anchor_timing.py",
    "--dataset",
    "fashion784",
    "--phase",
    "screen",
    "--process-id",
    "1",
    "--attempt",
    "0",
    "--order",
    "CK",
    "--warmups",
    "10",
    "--observations",
    "50",
    "--sustained-launches",
    "200"
  ],
  "dataset_id": "fashion784",
  "experiment_id": "tensorjoin_20260903_g4c_public_anchor_screen",
  "foreign_rows": [],
  "gpu1": {
    "clocks.mem": "405",
    "clocks.sm": "420",
    "driver_version": "590.48.01",
    "index": "1",
    "memory.used": "14",
    "name": "NVIDIA RTX PRO 6000 Blackwell Server Edition",
    "power.draw": "34.94",
    "power.limit": "600.00",
    "pstate": "P8",
    "utilization.gpu": "0",
    "uuid": "GPU-daa88abc-ce4a-aa1c-c896-ae528bf9bce3"
  },
  "occupancy_log": "raw/g4c_screen_fashion784_n4096_k64_process_1_ck_a0_occupancy.jsonl",
  "occupancy_log_sha256": "57508dc9bcf2c85e3c52c4df13e8ebd9a474791384aa0449ff2f21da2dd3a82d",
  "orchestrator_sha256": "dfc7bad0c87cf68b0db9270f3f1e02b804bac9b266dd5c41b21268af22df5338",
  "order": "CK",
  "postflight_compute_rows": [],
  "preflight_log": "raw/g4c_screen_fashion784_n4096_k64_process_1_ck_a0_preflight.log",
  "preflight_log_sha256": "a984aa9588536d37d70e638954546d47915b0d1d6dc21c8a0429f611c99d8d57",
  "process_id": 1,
  "protocol_sha256": "07e48e01e942159af5551c198b01df0d61f9d70339bfdbade4725c376457f4e8",
  "raw_log": "raw/g4c_screen_fashion784_n4096_k64_process_1_ck_a0.log",
  "raw_log_sha256": "93693d37267af18d0901444f94c9d3cae457a157a2243008cf25814ed43f6350",
  "result": "results/g4c_screen_fashion784_n4096_k64_process_1_ck_a0.json",
  "result_sha256": "e96a767f310f5dcfe0e5f1da8e2a7378ca678c4ff36663ed291be958797c920e",
  "returncode": 0,
  "runner_sha256": "a9fac56d17becca52eeedc3dafa99e3bd3d49e4bcfc8a9ce40a2a15f952b6f15",
  "runner_was_launched": true,
  "status": "clean_slot_complete",
  "target_gpu_pids": [
    3961519
  ],
  "wall_seconds": 36.1923291683197
}
