{
  "admitted": true,
  "attempt": 0,
  "cache_path": "artifacts/g4c_formal_fashion784_n4096_k64_process_3_ck_a0_triton_cache",
  "command": [
    "@TENSORJOIN_ROOT@/isaacsim6/env/bin/python",
    "@TENSORJOIN_ROOT@/tensorjoin_20260902_certified_exact_join/src/run_g4c_public_anchor_timing_formal.py",
    "--dataset",
    "fashion784",
    "--phase",
    "formal",
    "--process-id",
    "3",
    "--attempt",
    "0",
    "--order",
    "CK",
    "--warmups",
    "20",
    "--observations",
    "200",
    "--sustained-launches",
    "1000"
  ],
  "dataset_id": "fashion784",
  "experiment_id": "tensorjoin_20260903_g4c_public_anchor_formal",
  "foreign_rows": [],
  "gpu1": {
    "clocks.mem": "12481",
    "clocks.sm": "435",
    "driver_version": "590.48.01",
    "index": "1",
    "memory.used": "14",
    "name": "NVIDIA RTX PRO 6000 Blackwell Server Edition",
    "power.draw": "47.53",
    "power.limit": "600.00",
    "pstate": "P0",
    "utilization.gpu": "0",
    "uuid": "GPU-daa88abc-ce4a-aa1c-c896-ae528bf9bce3"
  },
  "occupancy_log": "raw/g4c_formal_fashion784_n4096_k64_process_3_ck_a0_occupancy.jsonl",
  "occupancy_log_sha256": "8d1b3d73e6bf15776aa9ee663246284fc1f37e21c102f0328e372264d3d3c0d2",
  "orchestrator_sha256": "194e51eb6dc2963f22c2604444e50d45b9037cb614e472493d56dc4bae8a011c",
  "order": "CK",
  "postflight_compute_rows": [],
  "preflight_log": "raw/g4c_formal_fashion784_n4096_k64_process_3_ck_a0_preflight.log",
  "preflight_log_sha256": "0fbbfc57803c119509152a5eb5ec1365e96b79108e2d10a9f11a5fa27da0eda5",
  "process_id": 3,
  "protocol_sha256": "211fee8ecd0d43e8c1143b709719438dab2450469fe78321bdffef9d3726e4e6",
  "raw_log": "raw/g4c_formal_fashion784_n4096_k64_process_3_ck_a0.log",
  "raw_log_sha256": "4ed980f90d75e994ea3550b43c7fe2425cb61310806248350cc3b16df5915648",
  "result": "results/g4c_formal_fashion784_n4096_k64_process_3_ck_a0.json",
  "result_sha256": "59d4a8047a197d2eb47b1c1c1b49e0f40aa319eebe3aa4ad4369b9e1a17ce637",
  "returncode": 0,
  "runner_sha256": "1f4d2f2e05a53a486d80f7d21bf163bfe4152dcf94c5fa133bdb6d4ea5726c05",
  "runner_was_launched": true,
  "status": "clean_slot_complete",
  "target_gpu_pids": [
    3978860
  ],
  "wall_seconds": 38.34572148323059
}
