{
  "admitted": true,
  "attempt": 0,
  "cache_path": "artifacts/g4c_screen_sift128_n4096_k64_process_1_ck_a0_triton_cache",
  "command": [
    "@TENSORJOIN_ROOT@/isaacsim6/env/bin/python",
    "@TENSORJOIN_ROOT@/tensorjoin_20260902_certified_exact_join/src/run_g4c_public_anchor_timing.py",
    "--dataset",
    "sift128",
    "--phase",
    "screen",
    "--process-id",
    "1",
    "--attempt",
    "0",
    "--order",
    "CK",
    "--warmups",
    "10",
    "--observations",
    "50",
    "--sustained-launches",
    "200"
  ],
  "dataset_id": "sift128",
  "experiment_id": "tensorjoin_20260903_g4c_public_anchor_screen",
  "foreign_rows": [],
  "gpu1": {
    "clocks.mem": "12481",
    "clocks.sm": "420",
    "driver_version": "590.48.01",
    "index": "1",
    "memory.used": "14",
    "name": "NVIDIA RTX PRO 6000 Blackwell Server Edition",
    "power.draw": "62.83",
    "power.limit": "600.00",
    "pstate": "P0",
    "utilization.gpu": "0",
    "uuid": "GPU-daa88abc-ce4a-aa1c-c896-ae528bf9bce3"
  },
  "occupancy_log": "raw/g4c_screen_sift128_n4096_k64_process_1_ck_a0_occupancy.jsonl",
  "occupancy_log_sha256": "883bdde41d1ae8f1d057ed9256d9fb0957be2c19caf80dae78e2451d862a344d",
  "orchestrator_sha256": "dfc7bad0c87cf68b0db9270f3f1e02b804bac9b266dd5c41b21268af22df5338",
  "order": "CK",
  "postflight_compute_rows": [],
  "preflight_log": "raw/g4c_screen_sift128_n4096_k64_process_1_ck_a0_preflight.log",
  "preflight_log_sha256": "300d8508c1a6059f30ba807ad9c1f601262dd8db00d6de96e9afcbdb52e03fd0",
  "process_id": 1,
  "protocol_sha256": "07e48e01e942159af5551c198b01df0d61f9d70339bfdbade4725c376457f4e8",
  "raw_log": "raw/g4c_screen_sift128_n4096_k64_process_1_ck_a0.log",
  "raw_log_sha256": "1e93b4e951d8d5200a17cf296ffc1e044ed132a526e16aca77648fc4f124eafa",
  "result": "results/g4c_screen_sift128_n4096_k64_process_1_ck_a0.json",
  "result_sha256": "db6eb22857447721a0314f11f7674615d7a19d8a995d28594975791574110e53",
  "returncode": 0,
  "runner_sha256": "a9fac56d17becca52eeedc3dafa99e3bd3d49e4bcfc8a9ce40a2a15f952b6f15",
  "runner_was_launched": true,
  "status": "clean_slot_complete",
  "target_gpu_pids": [
    3959127
  ],
  "wall_seconds": 36.29663968086243
}
