{
  "admitted": true,
  "attempt": 0,
  "cache_path": "artifacts/g4c_formal_fashion784_n4096_k64_process_1_ck_a0_triton_cache",
  "command": [
    "@TENSORJOIN_ROOT@/isaacsim6/env/bin/python",
    "@TENSORJOIN_ROOT@/tensorjoin_20260902_certified_exact_join/src/run_g4c_public_anchor_timing_formal.py",
    "--dataset",
    "fashion784",
    "--phase",
    "formal",
    "--process-id",
    "1",
    "--attempt",
    "0",
    "--order",
    "CK",
    "--warmups",
    "20",
    "--observations",
    "200",
    "--sustained-launches",
    "1000"
  ],
  "dataset_id": "fashion784",
  "experiment_id": "tensorjoin_20260903_g4c_public_anchor_formal",
  "foreign_rows": [],
  "gpu1": {
    "clocks.mem": "12481",
    "clocks.sm": "2362",
    "driver_version": "590.48.01",
    "index": "1",
    "memory.used": "14",
    "name": "NVIDIA RTX PRO 6000 Blackwell Server Edition",
    "power.draw": "86.13",
    "power.limit": "600.00",
    "pstate": "P8",
    "utilization.gpu": "0",
    "uuid": "GPU-daa88abc-ce4a-aa1c-c896-ae528bf9bce3"
  },
  "occupancy_log": "raw/g4c_formal_fashion784_n4096_k64_process_1_ck_a0_occupancy.jsonl",
  "occupancy_log_sha256": "1d7eb846fbd47f8cb838b94d3593010fe0b81743fc0ed0b1e259b0e7caf75f25",
  "orchestrator_sha256": "194e51eb6dc2963f22c2604444e50d45b9037cb614e472493d56dc4bae8a011c",
  "order": "CK",
  "postflight_compute_rows": [],
  "preflight_log": "raw/g4c_formal_fashion784_n4096_k64_process_1_ck_a0_preflight.log",
  "preflight_log_sha256": "48249f0fa49ac2bbd014bfe2105c9c59155f76f9a15c8a4863ec3c01b9f99165",
  "process_id": 1,
  "protocol_sha256": "211fee8ecd0d43e8c1143b709719438dab2450469fe78321bdffef9d3726e4e6",
  "raw_log": "raw/g4c_formal_fashion784_n4096_k64_process_1_ck_a0.log",
  "raw_log_sha256": "8d8caa948acd6483cf83ec3ca52f8210d267e40f08404d84e61c83ec859269d4",
  "result": "results/g4c_formal_fashion784_n4096_k64_process_1_ck_a0.json",
  "result_sha256": "d68f0afd66de604245433e26414d1f97bd1dc9813eb03ed655f54b2ec613b71d",
  "returncode": 0,
  "runner_sha256": "1f4d2f2e05a53a486d80f7d21bf163bfe4152dcf94c5fa133bdb6d4ea5726c05",
  "runner_was_launched": true,
  "status": "clean_slot_complete",
  "target_gpu_pids": [
    3977361
  ],
  "wall_seconds": 37.04599618911743
}
