{
  "admitted": true,
  "attempt": 0,
  "cache_path": "artifacts/g4c_formal_cifar_gist512_n4096_k64_process_4_ck_a0_triton_cache",
  "command": [
    "@TENSORJOIN_ROOT@/isaacsim6/env/bin/python",
    "@TENSORJOIN_ROOT@/tensorjoin_20260902_certified_exact_join/src/run_g4c_public_anchor_timing_formal.py",
    "--dataset",
    "cifar_gist512",
    "--phase",
    "formal",
    "--process-id",
    "4",
    "--attempt",
    "0",
    "--order",
    "CK",
    "--warmups",
    "20",
    "--observations",
    "200",
    "--sustained-launches",
    "1000"
  ],
  "dataset_id": "cifar_gist512",
  "experiment_id": "tensorjoin_20260903_g4c_public_anchor_formal",
  "foreign_rows": [],
  "gpu1": {
    "clocks.mem": "12481",
    "clocks.sm": "600",
    "driver_version": "590.48.01",
    "index": "1",
    "memory.used": "14",
    "name": "NVIDIA RTX PRO 6000 Blackwell Server Edition",
    "power.draw": "48.12",
    "power.limit": "600.00",
    "pstate": "P8",
    "utilization.gpu": "0",
    "uuid": "GPU-daa88abc-ce4a-aa1c-c896-ae528bf9bce3"
  },
  "occupancy_log": "raw/g4c_formal_cifar_gist512_n4096_k64_process_4_ck_a0_occupancy.jsonl",
  "occupancy_log_sha256": "17b0ff5da48ba3e64a425005f52bf35015e49eb72a2a37459fdb6b9b786f979e",
  "orchestrator_sha256": "194e51eb6dc2963f22c2604444e50d45b9037cb614e472493d56dc4bae8a011c",
  "order": "CK",
  "postflight_compute_rows": [],
  "preflight_log": "raw/g4c_formal_cifar_gist512_n4096_k64_process_4_ck_a0_preflight.log",
  "preflight_log_sha256": "fdca81f4c90848370e41e1a6418e83dfc7916af87a769ef3aeb655900be3ba0d",
  "process_id": 4,
  "protocol_sha256": "211fee8ecd0d43e8c1143b709719438dab2450469fe78321bdffef9d3726e4e6",
  "raw_log": "raw/g4c_formal_cifar_gist512_n4096_k64_process_4_ck_a0.log",
  "raw_log_sha256": "51552dd2d80db2628e2df678acaaa17c60aa088be464d1a4e85f8d9ad486662d",
  "result": "results/g4c_formal_cifar_gist512_n4096_k64_process_4_ck_a0.json",
  "result_sha256": "ec8f02fb5db4b15b763260d6397533a5051961e12a92b3614b8acea0d013958d",
  "returncode": 0,
  "runner_sha256": "1f4d2f2e05a53a486d80f7d21bf163bfe4152dcf94c5fa133bdb6d4ea5726c05",
  "runner_was_launched": true,
  "status": "clean_slot_complete",
  "target_gpu_pids": [
    3974227
  ],
  "wall_seconds": 37.54663109779358
}
