{
  "admitted": true,
  "attempt": 0,
  "cache_path": "artifacts/g4c_formal_fashion784_n4096_k64_process_2_kc_a0_triton_cache",
  "command": [
    "@TENSORJOIN_ROOT@/isaacsim6/env/bin/python",
    "@TENSORJOIN_ROOT@/tensorjoin_20260902_certified_exact_join/src/run_g4c_public_anchor_timing_formal.py",
    "--dataset",
    "fashion784",
    "--phase",
    "formal",
    "--process-id",
    "2",
    "--attempt",
    "0",
    "--order",
    "KC",
    "--warmups",
    "20",
    "--observations",
    "200",
    "--sustained-launches",
    "1000"
  ],
  "dataset_id": "fashion784",
  "experiment_id": "tensorjoin_20260903_g4c_public_anchor_formal",
  "foreign_rows": [],
  "gpu1": {
    "clocks.mem": "12481",
    "clocks.sm": "442",
    "driver_version": "590.48.01",
    "index": "1",
    "memory.used": "14",
    "name": "NVIDIA RTX PRO 6000 Blackwell Server Edition",
    "power.draw": "49.71",
    "power.limit": "600.00",
    "pstate": "P0",
    "utilization.gpu": "0",
    "uuid": "GPU-daa88abc-ce4a-aa1c-c896-ae528bf9bce3"
  },
  "occupancy_log": "raw/g4c_formal_fashion784_n4096_k64_process_2_kc_a0_occupancy.jsonl",
  "occupancy_log_sha256": "fdfd51c7e8c0417f36a181ab4a626999161dfcdbc5e3a40949419386a9e663dd",
  "orchestrator_sha256": "194e51eb6dc2963f22c2604444e50d45b9037cb614e472493d56dc4bae8a011c",
  "order": "KC",
  "postflight_compute_rows": [],
  "preflight_log": "raw/g4c_formal_fashion784_n4096_k64_process_2_kc_a0_preflight.log",
  "preflight_log_sha256": "a705909a1007d0b14db3ee445fd2d574bf7e90fbac953aefc67284817beda364",
  "process_id": 2,
  "protocol_sha256": "211fee8ecd0d43e8c1143b709719438dab2450469fe78321bdffef9d3726e4e6",
  "raw_log": "raw/g4c_formal_fashion784_n4096_k64_process_2_kc_a0.log",
  "raw_log_sha256": "af3fe0447ded5663b69e38e1b52088619080268dadd3ec6f8a302b38c4738824",
  "result": "results/g4c_formal_fashion784_n4096_k64_process_2_kc_a0.json",
  "result_sha256": "b6b573628f39a5dfa2f46cb334621f053a043feb3a7f30b94d2954d045b0ad99",
  "returncode": 0,
  "runner_sha256": "1f4d2f2e05a53a486d80f7d21bf163bfe4152dcf94c5fa133bdb6d4ea5726c05",
  "runner_was_launched": true,
  "status": "clean_slot_complete",
  "target_gpu_pids": [
    3978074
  ],
  "wall_seconds": 37.87119674682617
}
