{
  "admitted": true,
  "attempt": 0,
  "cache_path": "artifacts/g4c_formal_sift128_n4096_k64_process_4_ck_a0_triton_cache",
  "command": [
    "@TENSORJOIN_ROOT@/isaacsim6/env/bin/python",
    "@TENSORJOIN_ROOT@/tensorjoin_20260902_certified_exact_join/src/run_g4c_public_anchor_timing_formal.py",
    "--dataset",
    "sift128",
    "--phase",
    "formal",
    "--process-id",
    "4",
    "--attempt",
    "0",
    "--order",
    "CK",
    "--warmups",
    "20",
    "--observations",
    "200",
    "--sustained-launches",
    "1000"
  ],
  "dataset_id": "sift128",
  "experiment_id": "tensorjoin_20260903_g4c_public_anchor_formal",
  "foreign_rows": [],
  "gpu1": {
    "clocks.mem": "12481",
    "clocks.sm": "2242",
    "driver_version": "590.48.01",
    "index": "1",
    "memory.used": "14",
    "name": "NVIDIA RTX PRO 6000 Blackwell Server Edition",
    "power.draw": "48.02",
    "power.limit": "600.00",
    "pstate": "P0",
    "utilization.gpu": "0",
    "uuid": "GPU-daa88abc-ce4a-aa1c-c896-ae528bf9bce3"
  },
  "occupancy_log": "raw/g4c_formal_sift128_n4096_k64_process_4_ck_a0_occupancy.jsonl",
  "occupancy_log_sha256": "f77af1d6ce7a27adb9c7461c61201e5c6253fbe60e49ec1f662688cfc8cefb71",
  "orchestrator_sha256": "194e51eb6dc2963f22c2604444e50d45b9037cb614e472493d56dc4bae8a011c",
  "order": "CK",
  "postflight_compute_rows": [],
  "preflight_log": "raw/g4c_formal_sift128_n4096_k64_process_4_ck_a0_preflight.log",
  "preflight_log_sha256": "1c8683d1805ad8381f30526647e2a1afcb98ffd1dfc56c07cb3ec5c788a90916",
  "process_id": 4,
  "protocol_sha256": "211fee8ecd0d43e8c1143b709719438dab2450469fe78321bdffef9d3726e4e6",
  "raw_log": "raw/g4c_formal_sift128_n4096_k64_process_4_ck_a0.log",
  "raw_log_sha256": "d704cc91a71de642e3cf94e146adf99593f7d71b6149c68af7b80246d39f3d7a",
  "result": "results/g4c_formal_sift128_n4096_k64_process_4_ck_a0.json",
  "result_sha256": "909cf0120f02ba0ff51b9cced74e99d7f4b97ae0e4a36d50af98fde4f80a9069",
  "returncode": 0,
  "runner_sha256": "1f4d2f2e05a53a486d80f7d21bf163bfe4152dcf94c5fa133bdb6d4ea5726c05",
  "runner_was_launched": true,
  "status": "clean_slot_complete",
  "target_gpu_pids": [
    3969535
  ],
  "wall_seconds": 36.72765016555786
}
