{
  "all_six_exact_and_isolated": true,
  "candidate_same_source_stage_counts_and_cubins_as_p1": true,
  "complete_two_rounds": true,
  "experiment_id": "tensorjoin_20260903_g5_unified_public_cifar60k",
  "external_binary_identity_pass": true,
  "faster_exact_keeper_by_marginal_median": "mistic",
  "formal_campaign_allowed": false,
  "manifest_sha256": "f9889a9f28811b31aa298575a0813d20210596d204a25fbd8d93ecc6c82c26d3",
  "marginal_medians_seconds": {
    "gds": 10.96598088099563,
    "mistic": 4.9233977625,
    "tensorjoin": 3.2317636660009157
  },
  "measurement_status": "diagnostic_public_denominator_cheap_screen",
  "minimum_paired_speedup": 0.9506500591249434,
  "next_action": "stop_G5_and_preserve_negative_evidence",
  "paired_geomean_gate_1_60": true,
  "paired_geometric_mean_speedup": 1.9722473513089156,
  "paired_speedups_vs_faster_exact_keeper": [
    4.091683977094041,
    0.9506500591249434
  ],
  "per_round_gate_1_50": false,
  "performance_claim_allowed": false,
  "protocol_sha256": "9202739459bb8b0e2d8b2bfa166c86ab6e0104d850f352f1114b85ac896dd124",
  "samples_seconds_by_round": {
    "gds": [
      10.823552317000576,
      11.108409444990684
    ],
    "mistic": [
      4.822745722,
      5.024049803
    ],
    "tensorjoin": [
      1.1786701389937662,
      5.284857193008065
    ]
  },
  "screen_pass": false,
  "summarizer_sha256": "75d601087ea2c5e9b3c86ffdb765a642740c0922558ff78da493fc7f55da8053"
}
