{
  "binary_hashes": {
    "analytic_certificate_ragged_safe_i64": {
      "memcheck": "abe3e1403e839ef60f13af32d546593f451becf1488bb5b11b940e57b00e992d",
      "stress": "abe3e1403e839ef60f13af32d546593f451becf1488bb5b11b940e57b00e992d"
    },
    "certified_fp32_filter_i64": {
      "memcheck": "1278324244afd13961e75cbd0a554a9bb9502c8e61193d361c015b7856208e20",
      "stress": "1278324244afd13961e75cbd0a554a9bb9502c8e61193d361c015b7856208e20"
    },
    "refine_ambiguous_fp64_i64": {
      "memcheck": "c2b3362119abfbeb3df85e96788705f6ff4c79414e3a74e2d5d5f3355eff00f8",
      "stress": "c2b3362119abfbeb3df85e96788705f6ff4c79414e3a74e2d5d5f3355eff00f8"
    }
  },
  "binary_stable_across_memcheck_and_stress": true,
  "completed_pipeline_invocations": 1002,
  "evidence_hashes": {
    "raw/g5_p3_memcheck_gpu2_a0.log": "2f4f7c614285a794d1b7d56ab2b383714253485680d05ba76215637e6fa1d3b1",
    "raw/g5_p3_stress1000_gpu2_a0.log": "dfb6f3439af790755c219fce3ecfb3b2468f68fb0f96e6e7cb514160f5a82b50",
    "results/g5_guard_p3_memcheck_gpu2_a0.json": "a3ae1f767df1f79dcb7ed8bb878a3c1c7f996260f6a90cb22d9e8130ddd6be64",
    "results/g5_guard_p3_stress1000_gpu2_a0.json": "ae3e48aef6f3904a2442e0df3dcb274629939a2b2c0e77773d50d38f8d66899d",
    "results/g5_safety_memcheck_a0.json": "5624f86251248186a1d21c3737d830f9ef490a142bb83411c5a2a47e3bbc9c19",
    "results/g5_safety_stress1000_a0.json": "ae15cef74f5b571e70cc89a66d05b4d08759d788dd3157e23a57aa6aaa9d56da"
  },
  "experiment_id": "tensorjoin_20260903_g5_unified_public_cifar60k",
  "measurement_status": "correctness_safety_only_no_performance_claim",
  "output_mismatches": 0,
  "overflow_events": 0,
  "performance_claim_allowed": false,
  "protocol_sha256": "c19df58f09be4525b957eb4725a21031e3712837c4a36e21121643d7013d32c9",
  "safety_gate_pass": true,
  "sanitizer_zero_error_summary": true,
  "sanitizer_zero_leak_summary": true,
  "stage_count_mismatches": 0,
  "stage_signature": [
    74,
    41,
    16,
    17,
    8,
    0
  ],
  "stage_signature_stable": true,
  "summarizer_sha256": "394c25adfa376bf53ecc3921109c7c92adf22c00f6957d497312d8dfb19ac334"
}
