COMMAND ["@TENSORJOIN_ROOT@/isaacsim6/env/bin/python", "@TENSORJOIN_ROOT@/tensorjoin_20260902_certified_exact_join/src/run_g5_mistic_public.py", "--record-id", "r1_p1_a0", "--phase", "screen"]
ENV {"CUDA_VISIBLE_DEVICES": "2", "G5_PHYSICAL_GPU": "2", "TRITON_CACHE_DIR": "@TENSORJOIN_ROOT@/tensorjoin_20260902_certified_exact_join/artifacts/g5_p4_screen_r1_p1_mistic_a0_triton_cache"}
RUN_START {"binary_sha256": "20739abefe2fc21cfb93ec70b0c9cddbde20b76dc896243c72336981c402326a", "cuda_visible_devices": "2", "epsilon": 0.62890625, "excluded_after_timer": ["disk_serialization", "pair_file_reload", "hashing", "correctness_checks", "json_write"], "excluded_before_timer": ["file_io", "process_startup", "cuda_context_initialization"], "experiment_id": "tensorjoin_20260903_g5_unified_public_cifar60k", "host": "gpu-host-8", "metadata_sha256": "5c8daf9cba6cbd83390d467b53ebb4a97521638a038837df2fe7f91bfc041ae4", "method": "mistic_fp64", "method_dtype": "float64 exact widening", "numpy": "2.3.1", "phase": "screen", "physical_gpu": "2", "python": "3.12.3 (main, Jun 19 2026, 12:46:00) [GCC 13.3.0]", "record_id": "r1_p1_a0", "runner_sha256": "83f4141ec87c74a1f288ce82e706bd40327367a849118278e046bdc8fe75339e", "shape": [60000, 512], "smoke_summary_sha256": "b68f1d56e45d550b2cea60029e21a818c0cbd9b3dd3d84e39fbac27b561a101c", "source_dtype": "float32", "source_raw_sha256": "f7b51da49d6555fff8e094584b27c8c5c4efbfdcde1db2b7f86e58d9142af326", "threshold_d2": 0.3955230712890625, "timing_scope": "f32 pageable host -> sorted canonical u64 host"}

Time to read in file: 0.072863

Number points: 60000 
Number Dimensions: 512 
Number Reference Points: 0 
Number Concurent Streams: 2
Block Size: 256, Kernel Blocks: 1024
Using dynamic searching
Distance Threshold: 0.628906 
*********************************

Predicted calcsPerSecond: 15335
SubGraph 0 Layer 0 Selecting RP 33 with Nodes: 1 and calcs: 3600000000 and stdev 0.000000:: Predicted time: 0.000000, Actual Time: 0.016880
Build Time: 0.016880, Calc Time: 234757.091620, reduction -234757.091620
############################################
Predicted calcsPerSecond: 46771
SubGraph 0 Layer 1 Selecting RP 36 with Nodes: 1 and calcs: 3600000000 and stdev 0.000000:: Predicted time: 0.016880, Actual Time: 0.017325
Build Time: 0.017325, Calc Time: 76970.772487, reduction 157786.319133
############################################
Predicted calcsPerSecond: 94078
SubGraph 0 Layer 2 Selecting RP 36 with Nodes: 1 and calcs: 3600000000 and stdev 0.000000:: Predicted time: 0.017325, Actual Time: 0.016450
Build Time: 0.016450, Calc Time: 38266.119603, reduction 38704.652884
############################################
Predicted calcsPerSecond: 165259
SubGraph 0 Layer 3 Selecting RP 36 with Nodes: 1 and calcs: 3600000000 and stdev 0.000000:: Predicted time: 0.016450, Actual Time: 0.016166
Build Time: 0.016166, Calc Time: 21783.987559, reduction 16482.132044
############################################
Predicted calcsPerSecond: 271834
SubGraph 0 Layer 4 Selecting RP 36 with Nodes: 1 and calcs: 3600000000 and stdev 0.000000:: Predicted time: 0.016166, Actual Time: 0.016305
Build Time: 0.016305, Calc Time: 13243.376472, reduction 8540.611087
############################################
Predicted calcsPerSecond: 431716
SubGraph 0 Layer 5 Selecting RP 36 with Nodes: 1 and calcs: 3600000000 and stdev 0.000000:: Predicted time: 0.016305, Actual Time: 0.016237
Build Time: 0.016237, Calc Time: 8338.815332, reduction 4904.561140
############################################
Final graph has 1 nodes, 3600000000 calcs total
Node Construct time: 0.320826
Batchs: 1
Batch 0 Results: 3926078
Total results Set Size: 3926078 
Kernel Time: 3.571243
G2B_PUBLIC_SECONDS=5.024049803
G2B_PUBLIC_OUTPUT_PAIRS=3926078
G2B_ADAPTER raw_kernel_pairs=3926078 normalized_self_insertions=0 invalid_positions=0 output_pairs=3926078
Node Laucnher time: 4.102529
Total Time: 5.006561

0.628906 60000 32 6 1 3600000000 0.320826 1 1.000000 3.57124 3926078 4.102529 5.006561 
RUN_COMPLETE {"binary_sha256": "20739abefe2fc21cfb93ec70b0c9cddbde20b76dc896243c72336981c402326a", "command": ["@TENSORJOIN_ROOT@/tensorjoin_20260902_certified_exact_join/adapters/mistic_g2b_public/build/main_d512", "@TENSORJOIN_ROOT@/tensorjoin_20260902_certified_exact_join/data/g2b_cifar60000/vectors_f32.raw", "512", "0", "0.62890625"], "correctness": {"canonical_pair_count": 3926078, "canonical_raw_u64_sha256": "13cae87e6a0f75a13f3e9a7881b33c42ab77680f6d13e99dcc00fa2de5963495", "duplicate_pairs": 0, "emitted_count": 3926078, "emitted_count_matches_file": true, "exact_contract_pass": true, "expected_pair_count": 3926078, "expected_raw_u64_sha256": "13cae87e6a0f75a13f3e9a7881b33c42ab77680f6d13e99dcc00fa2de5963495", "invalid_pairs": 0, "self_pairs": 60000, "sorted_output": true, "symmetry_missing_pairs": 0}, "cuda_visible_devices": "2", "epsilon": 0.62890625, "excluded_after_timer": ["disk_serialization", "pair_file_reload", "hashing", "correctness_checks", "json_write"], "excluded_before_timer": ["file_io", "process_startup", "cuda_context_initialization"], "experiment_id": "tensorjoin_20260903_g5_unified_public_cifar60k", "host": "gpu-host-8", "max_rss_kib_after_run_wrapper_only": 368944, "max_rss_kib_mistic_child": 1039620, "measurement_status": "diagnostic_public_denominator_cheap_screen", "metadata_sha256": "5c8daf9cba6cbd83390d467b53ebb4a97521638a038837df2fe7f91bfc041ae4", "method": "mistic_fp64", "method_dtype": "float64 exact widening", "numpy": "2.3.1", "pair_file": "artifacts/g5_screen/mistic_r1_p1_a0.u64.bin", "pair_file_bytes": 31408624, "pair_file_sha256": "13cae87e6a0f75a13f3e9a7881b33c42ab77680f6d13e99dcc00fa2de5963495", "phase": "screen", "physical_gpu": "2", "public_seconds": 5.024049803, "python": "3.12.3 (main, Jun 19 2026, 12:46:00) [GCC 13.3.0]", "record_id": "r1_p1_a0", "runner_sha256": "83f4141ec87c74a1f288ce82e706bd40327367a849118278e046bdc8fe75339e", "shape": [60000, 512], "smoke_summary_sha256": "b68f1d56e45d550b2cea60029e21a818c0cbd9b3dd3d84e39fbac27b561a101c", "source_dtype": "float32", "source_raw_sha256": "f7b51da49d6555fff8e094584b27c8c5c4efbfdcde1db2b7f86e58d9142af326", "threshold_d2": 0.3955230712890625, "timing_scope": "f32 pageable host -> sorted canonical u64 host"}
