{
  "experiment_id": "tensorjoin_20260904_g6_latest_baselines",
  "input_sha256": "e6a720399067e9753bc6f45ff6f67b73a3861964255e85e1ed9a1ce7906df462",
  "interpretation": "The direct FP64 and direct FP32 reductions accept all four directed pairs. If cuVS alone crosses above the threshold, the first observed disagreement is inside cuVS sqeuclidean rather than host filtering or top-k truncation.",
  "pairs": [
    {
      "cpu_sequential_fp32_d2": 0.568686842918396,
      "cuvs_minus_threshold": -8.071583623703305e-09,
      "cuvs_sqeuclidean_d2": 0.5686872005462646,
      "fp64_direct_d2": 0.5686869777202841,
      "fp64_minus_threshold": -2.308975641795996e-07,
      "gpu_direct_fp32_d2": 0.5686870217323303,
      "gpu_direct_fp32_minus_threshold": -1.8688551794987518e-07,
      "query_id": 857,
      "rank_zero_based": 241,
      "target_id": 1584,
      "threshold_d2": 0.5686872086178483
    },
    {
      "cpu_sequential_fp32_d2": 0.568686842918396,
      "cuvs_minus_threshold": -8.071583623703305e-09,
      "cuvs_sqeuclidean_d2": 0.5686872005462646,
      "fp64_direct_d2": 0.5686869777202841,
      "fp64_minus_threshold": -2.308975641795996e-07,
      "gpu_direct_fp32_d2": 0.5686870217323303,
      "gpu_direct_fp32_minus_threshold": -1.8688551794987518e-07,
      "query_id": 1584,
      "rank_zero_based": 334,
      "target_id": 857,
      "threshold_d2": 0.5686872086178483
    },
    {
      "cpu_sequential_fp32_d2": 0.568686306476593,
      "cuvs_minus_threshold": -4.849087418268283e-07,
      "cuvs_sqeuclidean_d2": 0.5686867237091064,
      "fp64_direct_d2": 0.5686867189602154,
      "fp64_minus_threshold": -4.896576328849989e-07,
      "gpu_direct_fp32_d2": 0.5686867833137512,
      "gpu_direct_fp32_minus_threshold": -4.253040970514377e-07,
      "query_id": 2349,
      "rank_zero_based": 625,
      "target_id": 3129,
      "threshold_d2": 0.5686872086178483
    },
    {
      "cpu_sequential_fp32_d2": 0.568686306476593,
      "cuvs_minus_threshold": -4.849087418268283e-07,
      "cuvs_sqeuclidean_d2": 0.5686867237091064,
      "fp64_direct_d2": 0.5686867189602154,
      "fp64_minus_threshold": -4.896576328849989e-07,
      "gpu_direct_fp32_d2": 0.5686867833137512,
      "gpu_direct_fp32_minus_threshold": -4.253040970514377e-07,
      "query_id": 3129,
      "rank_zero_based": 139,
      "target_id": 2349,
      "threshold_d2": 0.5686872086178483
    }
  ],
  "purpose": "first-failing-boundary localization for cuVS G2A missing pairs",
  "runner_sha256": "0ec3baf605b885bf7328d65362a6f6b6bc70c9be17f350a2c1227fc7ef1896a2"
}
