Requirement already satisfied: pip in ./envs/cuvs_py312/lib/python3.12/site-packages (24.0)
Collecting pip
  Using cached pip-26.2.1-py3-none-any.whl.metadata (4.6 kB)
Using cached pip-26.2.1-py3-none-any.whl (1.8 MB)
Installing collected packages: pip
  Attempting uninstall: pip
    Found existing installation: pip 24.0
    Uninstalling pip-24.0:
      Successfully uninstalled pip-24.0
Successfully installed pip-26.2.1
Collecting cuvs-cu13==26.8.1
  Downloading cuvs_cu13-26.8.1-cp311-abi3-manylinux_2_24_x86_64.manylinux_2_28_x86_64.whl.metadata (1.3 kB)
Downloading cuvs_cu13-26.8.1-cp311-abi3-manylinux_2_24_x86_64.manylinux_2_28_x86_64.whl (1.5 MB)
   ━━━━━━━━━━━━━━━━━━━━━━━━━━━━━━━━━━━━━━━━ 1.5/1.5 MB 139.1 kB/s  0:00:09
Saved ./artifacts/g6/wheels/cuvs_cu13-26.8.1-cp311-abi3-manylinux_2_24_x86_64.manylinux_2_28_x86_64.whl
Successfully downloaded cuvs-cu13
Collecting cuvs-cu13==26.8.1
  Using cached cuvs_cu13-26.8.1-cp311-abi3-manylinux_2_24_x86_64.manylinux_2_28_x86_64.whl.metadata (1.3 kB)
Collecting cuda-bindings<14.0,>=13.0.1 (from cuvs-cu13==26.8.1)
  Using cached cuda_bindings-13.3.1-cp312-cp312-manylinux_2_24_x86_64.manylinux_2_28_x86_64.whl.metadata (2.5 kB)
Collecting libcuvs-cu13==26.8.* (from cuvs-cu13==26.8.1)
  Downloading libcuvs_cu13-26.8.1-py3-none-manylinux_2_27_x86_64.manylinux_2_28_x86_64.whl.metadata (10 kB)
Collecting numpy<3.0,>=2.0 (from cuvs-cu13==26.8.1)
  Using cached numpy-2.5.2-cp312-cp312-manylinux_2_27_x86_64.manylinux_2_28_x86_64.whl.metadata (6.6 kB)
Collecting pylibraft-cu13==26.8.* (from cuvs-cu13==26.8.1)
  Downloading pylibraft_cu13-26.8.0-cp311-abi3-manylinux_2_24_x86_64.manylinux_2_28_x86_64.whl.metadata (13 kB)
Collecting cuda-pathfinder>=1.4.2 (from cuda-bindings<14.0,>=13.0.1->cuvs-cu13==26.8.1)
  Downloading cuda_pathfinder-1.8.1-py3-none-any.whl.metadata (1.9 kB)
Collecting cuda-toolkit==13.* (from cuda-toolkit[cublas,curand,cusolver,cusparse,nvrtc]==13.*->libcuvs-cu13==26.8.*->cuvs-cu13==26.8.1)
  Downloading cuda_toolkit-13.3.1-py2.py3-none-any.whl.metadata (20 kB)
Collecting libraft-cu13==26.8.* (from libcuvs-cu13==26.8.*->cuvs-cu13==26.8.1)
  Downloading libraft_cu13-26.8.0-py3-none-manylinux_2_27_x86_64.manylinux_2_28_x86_64.whl.metadata (13 kB)
Collecting librmm-cu13==26.8.* (from libcuvs-cu13==26.8.*->cuvs-cu13==26.8.1)
  Downloading librmm_cu13-26.8.0-py3-none-manylinux_2_24_x86_64.manylinux_2_28_x86_64.whl.metadata (36 kB)
Collecting nvidia-nccl-cu13>=2.19 (from libcuvs-cu13==26.8.*->cuvs-cu13==26.8.1)
  Downloading nvidia_nccl_cu13-2.31.2-py3-none-manylinux_2_18_x86_64.whl.metadata (2.1 kB)
Collecting nvidia-nvjitlink<14,>=13.3 (from libcuvs-cu13==26.8.*->cuvs-cu13==26.8.1)
  Using cached nvidia_nvjitlink-13.3.33-py3-none-manylinux2010_x86_64.manylinux_2_12_x86_64.whl.metadata (1.8 kB)
Collecting nvidia-cublas==13.6.0.2.* (from cuda-toolkit[cublas,curand,cusolver,cusparse,nvrtc]==13.*->libcuvs-cu13==26.8.*->cuvs-cu13==26.8.1)
  Downloading nvidia_cublas-13.6.0.2-py3-none-manylinux_2_27_x86_64.whl.metadata (1.8 kB)
Collecting nvidia-cuda-nvrtc==13.3.33.* (from cuda-toolkit[cublas,curand,cusolver,cusparse,nvrtc]==13.*->libcuvs-cu13==26.8.*->cuvs-cu13==26.8.1)
  Downloading nvidia_cuda_nvrtc-13.3.33-py3-none-manylinux2010_x86_64.manylinux_2_12_x86_64.whl.metadata (1.8 kB)
Collecting nvidia-curand==10.4.3.29.* (from cuda-toolkit[cublas,curand,cusolver,cusparse,nvrtc]==13.*->libcuvs-cu13==26.8.*->cuvs-cu13==26.8.1)
  Downloading nvidia_curand-10.4.3.29-py3-none-manylinux_2_27_x86_64.whl.metadata (1.8 kB)
Collecting nvidia-cusolver==12.2.6.9.* (from cuda-toolkit[cublas,curand,cusolver,cusparse,nvrtc]==13.*->libcuvs-cu13==26.8.*->cuvs-cu13==26.8.1)
  Downloading nvidia_cusolver-12.2.6.9-py3-none-manylinux_2_27_x86_64.whl.metadata (1.9 kB)
Collecting nvidia-cusparse==12.8.2.51.* (from cuda-toolkit[cublas,curand,cusolver,cusparse,nvrtc]==13.*->libcuvs-cu13==26.8.*->cuvs-cu13==26.8.1)
  Downloading nvidia_cusparse-12.8.2.51-py3-none-manylinux2014_x86_64.manylinux_2_17_x86_64.whl.metadata (1.8 kB)
Collecting rapids-logger==0.2.* (from libraft-cu13==26.8.*->libcuvs-cu13==26.8.*->cuvs-cu13==26.8.1)
  Downloading rapids_logger-0.2.3-py3-none-manylinux_2_27_x86_64.manylinux_2_28_x86_64.whl.metadata (5.1 kB)
Collecting rmm-cu13==26.8.* (from pylibraft-cu13==26.8.*->cuvs-cu13==26.8.1)
  Downloading rmm_cu13-26.8.0-cp311-abi3-manylinux_2_24_x86_64.manylinux_2_28_x86_64.whl.metadata (37 kB)
Using cached cuvs_cu13-26.8.1-cp311-abi3-manylinux_2_24_x86_64.manylinux_2_28_x86_64.whl (1.5 MB)
Using cached cuda_bindings-13.3.1-cp312-cp312-manylinux_2_24_x86_64.manylinux_2_28_x86_64.whl (6.7 MB)
Downloading libcuvs_cu13-26.8.1-py3-none-manylinux_2_27_x86_64.manylinux_2_28_x86_64.whl (232.8 MB)
Looking in links: artifacts/g6/wheels_linux
Processing ./artifacts/g6/wheels_linux/cuvs_cu13-26.8.1-cp311-abi3-manylinux_2_24_x86_64.manylinux_2_28_x86_64.whl
Processing ./artifacts/g6/wheels_linux/cupy_cuda13x-14.1.0-cp312-cp312-manylinux2014_x86_64.whl
Processing ./artifacts/g6/wheels_linux/cuda_bindings-13.3.1-cp312-cp312-manylinux_2_24_x86_64.manylinux_2_28_x86_64.whl (from cuvs-cu13==26.8.1)
Processing ./artifacts/g6/wheels_linux/libcuvs_cu13-26.8.1-py3-none-manylinux_2_27_x86_64.manylinux_2_28_x86_64.whl (from cuvs-cu13==26.8.1)
Processing ./artifacts/g6/wheels_linux/numpy-2.5.2-cp312-cp312-manylinux_2_27_x86_64.manylinux_2_28_x86_64.whl (from cuvs-cu13==26.8.1)
Processing ./artifacts/g6/wheels_linux/pylibraft_cu13-26.8.0-cp311-abi3-manylinux_2_24_x86_64.manylinux_2_28_x86_64.whl (from cuvs-cu13==26.8.1)
Processing ./artifacts/g6/wheels_linux/cuda_pathfinder-1.8.1-py3-none-any.whl (from cupy-cuda13x==14.1.0)
Processing ./artifacts/g6/wheels_linux/cuda_toolkit-13.3.1-py2.py3-none-any.whl (from cuda-toolkit[cublas,curand,cusolver,cusparse,nvrtc]==13.*->libcuvs-cu13==26.8.*->cuvs-cu13==26.8.1)
Processing ./artifacts/g6/wheels_linux/libraft_cu13-26.8.0-py3-none-manylinux_2_27_x86_64.manylinux_2_28_x86_64.whl (from libcuvs-cu13==26.8.*->cuvs-cu13==26.8.1)
Processing ./artifacts/g6/wheels_linux/librmm_cu13-26.8.0-py3-none-manylinux_2_24_x86_64.manylinux_2_28_x86_64.whl (from libcuvs-cu13==26.8.*->cuvs-cu13==26.8.1)
Processing ./artifacts/g6/wheels_linux/nvidia_nccl_cu13-2.27.7-py3-none-manylinux2014_x86_64.manylinux_2_17_x86_64.whl (from libcuvs-cu13==26.8.*->cuvs-cu13==26.8.1)
Processing ./artifacts/g6/wheels_linux/nvidia_nvjitlink-13.3.33-py3-none-manylinux2010_x86_64.manylinux_2_12_x86_64.whl (from libcuvs-cu13==26.8.*->cuvs-cu13==26.8.1)
Processing ./artifacts/g6/wheels_linux/nvidia_cublas-13.6.0.2-py3-none-manylinux_2_27_x86_64.whl (from cuda-toolkit[cublas,curand,cusolver,cusparse,nvrtc]==13.*->libcuvs-cu13==26.8.*->cuvs-cu13==26.8.1)
Processing ./artifacts/g6/wheels_linux/nvidia_cuda_nvrtc-13.3.33-py3-none-manylinux2010_x86_64.manylinux_2_12_x86_64.whl (from cuda-toolkit[cublas,curand,cusolver,cusparse,nvrtc]==13.*->libcuvs-cu13==26.8.*->cuvs-cu13==26.8.1)
Processing ./artifacts/g6/wheels_linux/nvidia_curand-10.4.3.29-py3-none-manylinux_2_27_x86_64.whl (from cuda-toolkit[cublas,curand,cusolver,cusparse,nvrtc]==13.*->libcuvs-cu13==26.8.*->cuvs-cu13==26.8.1)
Processing ./artifacts/g6/wheels_linux/nvidia_cusolver-12.2.6.9-py3-none-manylinux_2_27_x86_64.whl (from cuda-toolkit[cublas,curand,cusolver,cusparse,nvrtc]==13.*->libcuvs-cu13==26.8.*->cuvs-cu13==26.8.1)
Processing ./artifacts/g6/wheels_linux/nvidia_cusparse-12.8.2.51-py3-none-manylinux2014_x86_64.manylinux_2_17_x86_64.whl (from cuda-toolkit[cublas,curand,cusolver,cusparse,nvrtc]==13.*->libcuvs-cu13==26.8.*->cuvs-cu13==26.8.1)
Processing ./artifacts/g6/wheels_linux/rapids_logger-0.2.3-py3-none-manylinux_2_27_x86_64.manylinux_2_28_x86_64.whl (from libraft-cu13==26.8.*->libcuvs-cu13==26.8.*->cuvs-cu13==26.8.1)
Processing ./artifacts/g6/wheels_linux/rmm_cu13-26.8.0-cp311-abi3-manylinux_2_24_x86_64.manylinux_2_28_x86_64.whl (from pylibraft-cu13==26.8.*->cuvs-cu13==26.8.1)
Installing collected packages: cuda-toolkit, rapids-logger, nvidia-nvjitlink, nvidia-nccl-cu13, nvidia-curand, nvidia-cuda-nvrtc, numpy, cuda-pathfinder, nvidia-cusparse, nvidia-cublas, librmm-cu13, cupy-cuda13x, cuda-bindings, rmm-cu13, nvidia-cusolver, libraft-cu13, pylibraft-cu13, libcuvs-cu13, cuvs-cu13

Successfully installed cuda-bindings-13.3.1 cuda-pathfinder-1.8.1 cuda-toolkit-13.3.1 cupy-cuda13x-14.1.0 cuvs-cu13-26.8.1 libcuvs-cu13-26.8.1 libraft-cu13-26.8.0 librmm-cu13-26.8.0 numpy-2.5.2 nvidia-cublas-13.6.0.2 nvidia-cuda-nvrtc-13.3.33 nvidia-curand-10.4.3.29 nvidia-cusolver-12.2.6.9 nvidia-cusparse-12.8.2.51 nvidia-nccl-cu13-2.27.7 nvidia-nvjitlink-13.3.33 pylibraft-cu13-26.8.0 rapids-logger-0.2.3 rmm-cu13-26.8.0
   ━━━━━━━━━━━━━━━━━━━━━━━━━━━━━━━━━━━━━━━━ 232.8/232.8 MB 76.4 kB/s  1:23:52
Downloading cuda_toolkit-13.3.1-py2.py3-none-any.whl (2.7 kB)
Downloading libraft_cu13-26.8.0-py3-none-manylinux_2_27_x86_64.manylinux_2_28_x86_64.whl (18.0 MB)
   ━━━━━━━━━━━━━━━━━━━━━━━━━━━━━━━━━━━━━━━━ 18.0/18.0 MB 84.5 kB/s  0:03:03
Downloading librmm_cu13-26.8.0-py3-none-manylinux_2_24_x86_64.manylinux_2_28_x86_64.whl (4.5 MB)
   ━━━━━━━━━━━━━━━━━━━━━━━━━━━━━━━━━━━━━━━━ 4.5/4.5 MB 89.4 kB/s  0:00:49
Using cached numpy-2.5.2-cp312-cp312-manylinux_2_27_x86_64.manylinux_2_28_x86_64.whl (16.7 MB)
Downloading nvidia_cublas-13.6.0.2-py3-none-manylinux_2_27_x86_64.whl (410.5 MB)
