-- The CXX compiler identification is GNU 13.3.0
-- The CUDA compiler identification is NVIDIA 13.1.115
-- Detecting CXX compiler ABI info
-- Detecting CXX compiler ABI info - done
-- Check for working CXX compiler: /usr/bin/c++ - skipped
-- Detecting CXX compile features
-- Detecting CXX compile features - done
-- Detecting CUDA compiler ABI info
-- Detecting CUDA compiler ABI info - done
-- Check for working CUDA compiler: /usr/local/cuda-13.1/bin/nvcc - skipped
-- Detecting CUDA compile features
-- Detecting CUDA compile features - done
-- Configuring done (3.3s)
-- Generating done (0.0s)
CMake Warning:
  Manually-specified variables were not used by the project:

    CUDAToolkit_ROOT


-- Build files have been written to: @TENSORJOIN_ROOT@/tensorjoin_20260902_certified_exact_join/adapters/gts_g6_r1/build_sm120
[ 33%] Building CUDA object CMakeFiles/GTS_G6.dir/src/main_g6.cu.o
In file included from @TENSORJOIN_ROOT@/tensorjoin_20260902_certified_exact_join/adapters/gts_g6_r1/include/tree.cuh:8,
                 from @TENSORJOIN_ROOT@/tensorjoin_20260902_certified_exact_join/adapters/gts_g6_r1/src/main_g6.cu:19:
/usr/local/cuda-13.1/bin/../targets/x86_64-linux/include/device_functions.h:54:2: warning: #warning "device_functions.h is an internal header file and must not be used directly.  This file will be removed in a future CUDA release.  Please use cuda_runtime_api.h or cuda_runtime.h instead." [-Wcpp]
   54 | #warning "device_functions.h is an internal header file and must not be used directly.  This file will be removed in a future CUDA release.  Please use cuda_runtime_api.h or cuda_runtime.h instead."
      |  ^~~~~~~
@TENSORJOIN_ROOT@/tensorjoin_20260902_certified_exact_join/adapters/gts_g6_r1/include/tree.cuh:18: warning: "THREAD_NUM" redefined
   18 | #define THREAD_NUM 512
      | 
In file included from /usr/local/cuda-13.1/bin/../targets/x86_64-linux/include/curand_mtgp32_kernel.h:113,
                 from /usr/local/cuda-13.1/bin/../targets/x86_64-linux/include/curand_kernel.h:113,
                 from @TENSORJOIN_ROOT@/tensorjoin_20260902_certified_exact_join/adapters/gts_g6_r1/include/tree.cuh:10:
/usr/local/cuda-13.1/bin/../targets/x86_64-linux/include/curand_mtgp32.h:107: note: this is the location of the previous definition
  107 | #define THREAD_NUM MTGPDC_FLOOR_2P
      | 
In file included from @TENSORJOIN_ROOT@/tensorjoin_20260902_certified_exact_join/adapters/gts_g6_r1/include/search_v2.cuh:7,
                 from @TENSORJOIN_ROOT@/tensorjoin_20260902_certified_exact_join/adapters/gts_g6_r1/src/main_g6.cu:20:
/usr/local/cuda-13.1/bin/../targets/x86_64-linux/include/device_functions.h:54:2: warning: #warning "device_functions.h is an internal header file and must not be used directly.  This file will be removed in a future CUDA release.  Please use cuda_runtime_api.h or cuda_runtime.h instead." [-Wcpp]
   54 | #warning "device_functions.h is an internal header file and must not be used directly.  This file will be removed in a future CUDA release.  Please use cuda_runtime_api.h or cuda_runtime.h instead."
      |  ^~~~~~~
In file included from @TENSORJOIN_ROOT@/tensorjoin_20260902_certified_exact_join/adapters/gts_g6_r1/include/tree.cuh:8,
                 from @TENSORJOIN_ROOT@/tensorjoin_20260902_certified_exact_join/adapters/gts_g6_r1/src/main_g6.cu:19:
/usr/local/cuda-13.1/bin/../targets/x86_64-linux/include/device_functions.h:54:2: warning: #warning "device_functions.h is an internal header file and must not be used directly.  This file will be removed in a future CUDA release.  Please use cuda_runtime_api.h or cuda_runtime.h instead." [-Wcpp]
   54 | #warning "device_functions.h is an internal header file and must not be used directly.  This file will be removed in a future CUDA release.  Please use cuda_runtime_api.h or cuda_runtime.h instead."
      |  ^~~~~~~
@TENSORJOIN_ROOT@/tensorjoin_20260902_certified_exact_join/adapters/gts_g6_r1/include/tree.cuh:18: warning: "THREAD_NUM" redefined
   18 | #define THREAD_NUM 512
      | 
In file included from /usr/local/cuda-13.1/bin/../targets/x86_64-linux/include/curand_mtgp32_kernel.h:113,
                 from /usr/local/cuda-13.1/bin/../targets/x86_64-linux/include/curand_kernel.h:113,
                 from @TENSORJOIN_ROOT@/tensorjoin_20260902_certified_exact_join/adapters/gts_g6_r1/include/tree.cuh:10:
/usr/local/cuda-13.1/bin/../targets/x86_64-linux/include/curand_mtgp32.h:107: note: this is the location of the previous definition
  107 | #define THREAD_NUM MTGPDC_FLOOR_2P
      | 
In file included from @TENSORJOIN_ROOT@/tensorjoin_20260902_certified_exact_join/adapters/gts_g6_r1/include/search_v2.cuh:7,
                 from @TENSORJOIN_ROOT@/tensorjoin_20260902_certified_exact_join/adapters/gts_g6_r1/src/main_g6.cu:20:
/usr/local/cuda-13.1/bin/../targets/x86_64-linux/include/device_functions.h:54:2: warning: #warning "device_functions.h is an internal header file and must not be used directly.  This file will be removed in a future CUDA release.  Please use cuda_runtime_api.h or cuda_runtime.h instead." [-Wcpp]
   54 | #warning "device_functions.h is an internal header file and must not be used directly.  This file will be removed in a future CUDA release.  Please use cuda_runtime_api.h or cuda_runtime.h instead."
      |  ^~~~~~~
@TENSORJOIN_ROOT@/tensorjoin_20260902_certified_exact_join/adapters/gts_g6_r1/include/tree.cuh(44): warning #375-D: declaration requires a typedef name
  };
   ^

Remark: The warnings can be suppressed with "-diag-suppress <warning-number>"

@TENSORJOIN_ROOT@/tensorjoin_20260902_certified_exact_join/adapters/gts_g6_r1/include/tree.cuh(44): warning #375-D: declaration requires a typedef name
  };
   ^

Remark: The warnings can be suppressed with "-diag-suppress <warning-number>"

@TENSORJOIN_ROOT@/tensorjoin_20260902_certified_exact_join/adapters/gts_g6_r1/include/tree.cuh(185): warning #177-D: variable "rid" was declared but never referenced
    int rid = lid + size - 1;
        ^

@TENSORJOIN_ROOT@/tensorjoin_20260902_certified_exact_join/adapters/gts_g6_r1/include/search_v2.cuh: In function ‘void searchIndexRnnV2(float*, TN*, int*, int*, int*, int, float, int, int*, int*, char*, int*)’:
@TENSORJOIN_ROOT@/tensorjoin_20260902_certified_exact_join/adapters/gts_g6_r1/include/search_v2.cuh:1027:36: warning: format ‘%d’ expects argument of type ‘int’, but argument 2 has type ‘long unsigned int’ [-Wformat=]
 1027 |                                 printf("qnum_l_low: %d\n", qnum_l_low);
      |                                    ^~~~~~~~~~~~~~~~~~  ~~~~~~~~~~
      |                                                        |
      |                                                        long unsigned int
@TENSORJOIN_ROOT@/tensorjoin_20260902_certified_exact_join/adapters/gts_g6_r1/include/search_v2.cuh: In function ‘void searchIndexKnnV2(float*, TN*, int*, int*, int*, int, int, int, int*, int*, char*, int*)’:
@TENSORJOIN_ROOT@/tensorjoin_20260902_certified_exact_join/adapters/gts_g6_r1/include/search_v2.cuh:1282:36: warning: format ‘%d’ expects argument of type ‘int’, but argument 2 has type ‘long unsigned int’ [-Wformat=]
 1282 |                                 printf("qnum_l_low: %d\n", qnum_l_low);
      |                                    ^~~~~~~~~~~~~~~~~~  ~~~~~~~~~~
      |                                                        |
      |                                                        long unsigned int
[ 66%] Linking CUDA device code CMakeFiles/GTS_G6.dir/cmake_device_link.o
[100%] Linking CUDA executable GTS_G6
[100%] Built target GTS_G6
