=== receipt ===
2026-09-03T16:50:47Z
gpu-host-8
nvcc: NVIDIA (R) Cuda compiler driver
Copyright (c) 2005-2025 NVIDIA Corporation
Built on Tue_Dec_16_07:23:41_PM_PST_2025
Cuda compilation tools, release 13.1, V13.1.115
Build cuda_13.1.r13.1/compiler.37061995_0
g++ (Ubuntu 13.3.0-6ubuntu2~24.04.1) 13.3.0
cmake version 3.28.3
0, GPU-9bd364a9-9d88-0b78-ef55-caac6f73d6b1, NVIDIA RTX PRO 6000 Blackwell Server Edition, 81396 MiB, 62 %
1, GPU-daa88abc-ce4a-aa1c-c896-ae528bf9bce3, NVIDIA RTX PRO 6000 Blackwell Server Edition, 14 MiB, 0 %
2, GPU-16f27f5a-dfcd-48e0-bb39-bebbe4009245, NVIDIA RTX PRO 6000 Blackwell Server Edition, 14 MiB, 0 %
3, GPU-a149f5af-55ab-ce33-8d3d-371a7ae61dd2, NVIDIA RTX PRO 6000 Blackwell Server Edition, 14 MiB, 0 %
4, GPU-863c06a5-9f33-0265-b098-013fa840d5db, NVIDIA RTX PRO 6000 Blackwell Server Edition, 17 MiB, 0 %
5, GPU-a1e0baba-3982-4538-6540-2b013a1adf49, NVIDIA RTX PRO 6000 Blackwell Server Edition, 14 MiB, 0 %
6, GPU-865ae1f0-780e-d04c-5ec3-4deccea65f82, NVIDIA RTX PRO 6000 Blackwell Server Edition, 14 MiB, 0 %
7, GPU-e5a0e7f5-9917-c2a1-ee8e-7282cbba2603, NVIDIA RTX PRO 6000 Blackwell Server Edition, 14 MiB, 0 %
GPU-9bd364a9-9d88-0b78-ef55-caac6f73d6b1, 366149, @EXTERNAL_USER_HOME@/WorkSpace/ICLR2027/.venv/bin/python, 81374 MiB
3bac1b725e92e98e3b69d5cb79ad9c56ccb5e639
?? "Source Code/GTS/build_sm120/"
LICENSE_MISSING
CMake Deprecation Warning at CMakeLists.txt:1 (cmake_minimum_required):
  Compatibility with CMake < 3.5 will be removed from a future version of
  CMake.

  Update the VERSION argument <min> value or use a ...<max> suffix to tell
  CMake that the project does not need compatibility with older versions.


-- The CXX compiler identification is GNU 13.3.0
-- The CUDA compiler identification is NVIDIA 13.1.115
-- Detecting CXX compiler ABI info
-- Detecting CXX compiler ABI info - done
-- Check for working CXX compiler: /usr/bin/c++ - skipped
-- Detecting CXX compile features
-- Detecting CXX compile features - done
-- Detecting CUDA compiler ABI info
-- Detecting CUDA compiler ABI info - done
-- Check for working CUDA compiler: /usr/local/cuda-13.1/bin/nvcc - skipped
-- Detecting CUDA compile features
-- Detecting CUDA compile features - done
-- Configuring done (3.1s)
-- Generating done (0.0s)
CMake Warning:
  Manually-specified variables were not used by the project:

    CUDAToolkit_ROOT


-- Build files have been written to: @TENSORJOIN_ROOT@/tensorjoin_20260902_certified_exact_join/external/GTS/Source Code/GTS/build_sm120_upstream_a0
[ 50%] Building CUDA object CMakeFiles/GTS.dir/src/main.cu.o
In file included from @TENSORJOIN_ROOT@/tensorjoin_20260902_certified_exact_join/external/GTS/Source Code/GTS/include/tree.cuh:8,
                 from @TENSORJOIN_ROOT@/tensorjoin_20260902_certified_exact_join/external/GTS/Source Code/GTS/src/main.cu:7:
/usr/local/cuda-13.1/bin/../targets/x86_64-linux/include/device_functions.h:54:2: warning: #warning "device_functions.h is an internal header file and must not be used directly.  This file will be removed in a future CUDA release.  Please use cuda_runtime_api.h or cuda_runtime.h instead." [-Wcpp]
   54 | #warning "device_functions.h is an internal header file and must not be used directly.  This file will be removed in a future CUDA release.  Please use cuda_runtime_api.h or cuda_runtime.h instead."
      |  ^~~~~~~
In file included from /usr/local/cuda-13.1/targets/x86_64-linux/include/cccl/thrust/detail/config/config.h:37,
                 from /usr/local/cuda-13.1/targets/x86_64-linux/include/cccl/thrust/detail/config.h:22,
                 from /usr/local/cuda-13.1/targets/x86_64-linux/include/cccl/thrust/sort.h:23,
                 from @TENSORJOIN_ROOT@/tensorjoin_20260902_certified_exact_join/external/GTS/Source Code/GTS/include/tree.cuh:12:
/usr/local/cuda-13.1/targets/x86_64-linux/include/cccl/thrust/detail/config/cpp_dialect.h:74:6: error: #error Thrust requires at least C++17. Define CCCL_IGNORE_DEPRECATED_CPP_DIALECT to suppress this message.
   74 | #    error Thrust requires at least C++17. Define CCCL_IGNORE_DEPRECATED_CPP_DIALECT to suppress this message.
      |      ^~~~~
In file included from /usr/local/cuda-13.1/targets/x86_64-linux/include/cccl/cuda/std/detail/libcxx/include/__config:24,
                 from /usr/local/cuda-13.1/targets/x86_64-linux/include/cccl/cuda/std/detail/__config:43,
                 from /usr/local/cuda-13.1/targets/x86_64-linux/include/cccl/cuda/std/version:14,
                 from /usr/local/cuda-13.1/targets/x86_64-linux/include/cccl/cuda/version:14,
                 from /usr/local/cuda-13.1/targets/x86_64-linux/include/cccl/thrust/version.h:41,
                 from /usr/local/cuda-13.1/targets/x86_64-linux/include/cccl/thrust/detail/config/namespace.h:30,
                 from /usr/local/cuda-13.1/targets/x86_64-linux/include/cccl/thrust/detail/config/config.h:43:
/usr/local/cuda-13.1/targets/x86_64-linux/include/cccl/cuda/std/__internal/cpp_dialect.h:40:6: error: #error libcu++ requires at least C++ 17. Define CCCL_IGNORE_DEPRECATED_CPP_DIALECT to suppress this message.
   40 | #    error libcu++ requires at least C++ 17. Define CCCL_IGNORE_DEPRECATED_CPP_DIALECT to suppress this message.
      |      ^~~~~
In file included from /usr/local/cuda-13.1/targets/x86_64-linux/include/cccl/cub/util_arch.cuh:46,
                 from /usr/local/cuda-13.1/targets/x86_64-linux/include/cccl/cub/config.cuh:46,
                 from /usr/local/cuda-13.1/targets/x86_64-linux/include/cccl/cub/util_debug.cuh:39,
                 from /usr/local/cuda-13.1/targets/x86_64-linux/include/cccl/thrust/system/cuda/config.h:49,
                 from /usr/local/cuda-13.1/targets/x86_64-linux/include/cccl/thrust/system/cuda/detail/execution_policy.h:40,
                 from /usr/local/cuda-13.1/targets/x86_64-linux/include/cccl/thrust/iterator/detail/device_system_tag.h:31,
                 from /usr/local/cuda-13.1/targets/x86_64-linux/include/cccl/thrust/iterator/iterator_traits.h:43,
                 from /usr/local/cuda-13.1/targets/x86_64-linux/include/cccl/thrust/detail/sort.inl:28,
                 from /usr/local/cuda-13.1/targets/x86_64-linux/include/cccl/thrust/sort.h:1320:
/usr/local/cuda-13.1/targets/x86_64-linux/include/cccl/cub/util_cpp_dialect.cuh:89:8: error: #error CUB requires at least C++17. Define CCCL_IGNORE_DEPRECATED_CPP_DIALECT to suppress this message.
   89 | #      error CUB requires at least C++17. Define CCCL_IGNORE_DEPRECATED_CPP_DIALECT to suppress this message.
      |        ^~~~~
@TENSORJOIN_ROOT@/tensorjoin_20260902_certified_exact_join/external/GTS/Source Code/GTS/include/tree.cuh:18: warning: "THREAD_NUM" redefined
   18 | #define THREAD_NUM 512
      | 
In file included from /usr/local/cuda-13.1/bin/../targets/x86_64-linux/include/curand_mtgp32_kernel.h:113,
                 from /usr/local/cuda-13.1/bin/../targets/x86_64-linux/include/curand_kernel.h:113,
                 from @TENSORJOIN_ROOT@/tensorjoin_20260902_certified_exact_join/external/GTS/Source Code/GTS/include/tree.cuh:10:
/usr/local/cuda-13.1/bin/../targets/x86_64-linux/include/curand_mtgp32.h:107: note: this is the location of the previous definition
  107 | #define THREAD_NUM MTGPDC_FLOOR_2P
      | 
In file included from @TENSORJOIN_ROOT@/tensorjoin_20260902_certified_exact_join/external/GTS/Source Code/GTS/include/search.cuh:7,
                 from @TENSORJOIN_ROOT@/tensorjoin_20260902_certified_exact_join/external/GTS/Source Code/GTS/src/main.cu:9:
/usr/local/cuda-13.1/bin/../targets/x86_64-linux/include/device_functions.h:54:2: warning: #warning "device_functions.h is an internal header file and must not be used directly.  This file will be removed in a future CUDA release.  Please use cuda_runtime_api.h or cuda_runtime.h instead." [-Wcpp]
   54 | #warning "device_functions.h is an internal header file and must not be used directly.  This file will be removed in a future CUDA release.  Please use cuda_runtime_api.h or cuda_runtime.h instead."
      |  ^~~~~~~
In file included from @TENSORJOIN_ROOT@/tensorjoin_20260902_certified_exact_join/external/GTS/Source Code/GTS/include/update.cuh:8,
                 from @TENSORJOIN_ROOT@/tensorjoin_20260902_certified_exact_join/external/GTS/Source Code/GTS/src/main.cu:10:
/usr/local/cuda-13.1/bin/../targets/x86_64-linux/include/device_functions.h:54:2: warning: #warning "device_functions.h is an internal header file and must not be used directly.  This file will be removed in a future CUDA release.  Please use cuda_runtime_api.h or cuda_runtime.h instead." [-Wcpp]
   54 | #warning "device_functions.h is an internal header file and must not be used directly.  This file will be removed in a future CUDA release.  Please use cuda_runtime_api.h or cuda_runtime.h instead."
      |  ^~~~~~~
In file included from @TENSORJOIN_ROOT@/tensorjoin_20260902_certified_exact_join/external/GTS/Source Code/GTS/include/search_naive.cuh:8,
                 from @TENSORJOIN_ROOT@/tensorjoin_20260902_certified_exact_join/external/GTS/Source Code/GTS/include/update.cuh:13:
/usr/local/cuda-13.1/bin/../targets/x86_64-linux/include/math_functions.h:54:2: warning: #warning "math_functions.h is an internal header file and must not be used directly.  This file will be removed in a future CUDA release.  Please use cuda_runtime_api.h or cuda_runtime.h instead." [-Wcpp]
   54 | #warning "math_functions.h is an internal header file and must not be used directly.  This file will be removed in a future CUDA release.  Please use cuda_runtime_api.h or cuda_runtime.h instead."
      |  ^~~~~~~
In file included from @TENSORJOIN_ROOT@/tensorjoin_20260902_certified_exact_join/external/GTS/Source Code/GTS/include/search_v2.cuh:7,
                 from @TENSORJOIN_ROOT@/tensorjoin_20260902_certified_exact_join/external/GTS/Source Code/GTS/src/main.cu:11:
/usr/local/cuda-13.1/bin/../targets/x86_64-linux/include/device_functions.h:54:2: warning: #warning "device_functions.h is an internal header file and must not be used directly.  This file will be removed in a future CUDA release.  Please use cuda_runtime_api.h or cuda_runtime.h instead." [-Wcpp]
   54 | #warning "device_functions.h is an internal header file and must not be used directly.  This file will be removed in a future CUDA release.  Please use cuda_runtime_api.h or cuda_runtime.h instead."
      |  ^~~~~~~
gmake[2]: *** [CMakeFiles/GTS.dir/build.make:77: CMakeFiles/GTS.dir/src/main.cu.o] Error 1
gmake[1]: *** [CMakeFiles/Makefile2:83: CMakeFiles/GTS.dir/all] Error 2
gmake: *** [Makefile:91: all] Error 2
configure_exit=0 build_exit=2
