index, uuid, memory.used [MiB], utilization.gpu [%]
0, GPU-9bd364a9-9d88-0b78-ef55-caac6f73d6b1, 52754 MiB, 0 %
1, GPU-daa88abc-ce4a-aa1c-c896-ae528bf9bce3, 23386 MiB, 0 %
2, GPU-16f27f5a-dfcd-48e0-bb39-bebbe4009245, 16560 MiB, 0 %
3, GPU-a149f5af-55ab-ce33-8d3d-371a7ae61dd2, 16198 MiB, 0 %
4, GPU-863c06a5-9f33-0265-b098-013fa840d5db, 10462 MiB, 91 %
5, GPU-a1e0baba-3982-4538-6540-2b013a1adf49, 14 MiB, 0 %
6, GPU-865ae1f0-780e-d04c-5ec3-4deccea65f82, 14 MiB, 0 %
7, GPU-e5a0e7f5-9917-c2a1-ee8e-7282cbba2603, 14 MiB, 0 %
pid, gpu_uuid, used_gpu_memory [MiB], process_name
919690, GPU-9bd364a9-9d88-0b78-ef55-caac6f73d6b1, 52732 MiB, @EXTERNAL_USER_HOME@/WorkSpace/ICLR2027/.venv/bin/python
919685, GPU-daa88abc-ce4a-aa1c-c896-ae528bf9bce3, 23364 MiB, @EXTERNAL_USER_HOME@/WorkSpace/ICLR2027/.venv/bin/python
919688, GPU-16f27f5a-dfcd-48e0-bb39-bebbe4009245, 16538 MiB, @EXTERNAL_USER_HOME@/WorkSpace/ICLR2027/.venv/bin/python
919689, GPU-a149f5af-55ab-ce33-8d3d-371a7ae61dd2, 16176 MiB, @EXTERNAL_USER_HOME@/WorkSpace/ICLR2027/.venv/bin/python
919691, GPU-863c06a5-9f33-0265-b098-013fa840d5db, 10440 MiB, @EXTERNAL_USER_HOME@/WorkSpace/ICLR2027/.venv/bin/python
LOCKS
-rw-rw----+ 1 root root 0 Sep  3 16:58 @TENSORJOIN_ROOT@/.tensorjoin_g6_gpu1.lock
-rw-rw----+ 1 root root 0 Sep  2 23:11 @TENSORJOIN_ROOT@/.tensorjoin_gpu0_campaign.lock
-rw-rw----+ 1 root root 0 Sep  3 10:29 @TENSORJOIN_ROOT@/.tensorjoin_gpu1_campaign.lock
-rw-rw----+ 1 root root 0 Sep  3 09:10 @TENSORJOIN_ROOT@/.tensorjoin_gpu3_campaign.lock
-rw-rw----+ 1 root root 0 Sep  3 10:42 @TENSORJOIN_ROOT@/.tensorjoin_gpu4_campaign.lock
COMPILE FLAGS
# CMAKE generated file: DO NOT EDIT!
# Generated by "Unix Makefiles" Generator, CMake Version 3.28

# compile CUDA with /usr/local/cuda-13.1/bin/nvcc
# compile CXX with /usr/bin/c++
CUDA_DEFINES = -DDATASET_DIM=2 -DMAX_KD_LEVELS_OPT=-1 -DNUM_CALCULATIONS_PER_THREAD_OPT=128 -DOWL_CUDA_STATIC=1 -DOWL_HAVE_TBB=1 -DPINNED_MEMORY_SIZE_OPT="16*1024*1024" -DTHREADS_TO_COPY_OPT=8 -DUSE_FIXED_WORK_PER_BLOCK_OPT=1 -DUSE_PAGEABLE_MEMORY_OPT=0 -DUSE_PRIMITIVE_GLOBAL_QUERY_GLOBAL_BATCHING_OPT=0 -DUSE_PRIMITIVE_GLOBAL_QUERY_GLOBAL_NON_BATCHING_OPT=0 -DUSE_PRIMITIVE_GLOBAL_QUERY_SHARED_BATCHING_OPT=0 -DUSE_PRIMITIVE_SHARED_QUERY_GLOBAL_BATCHING_OPT=0 -DUSE_PRIMITIVE_SHARED_QUERY_SHARED_BATCHING_OPT=1 -DUSE_SORT_BY_WORKLOAD_OPT=1 -DUSE_UNCOMPRESSED_MASK_OPT=0 -DUSE_USE_CANDIDATE_POINT_COPY_OPT=0

CUDA_INCLUDES = --options-file CMakeFiles/RT-HiSS.dir/includes_CUDA.rsp

CUDA_FLAGS = -O3 -DNDEBUG -std=c++17 "--generate-code=arch=compute_120,code=[compute_120,sm_120]" --extended-lambda -Xcompiler=-fopenmp

CXX_DEFINES = -DDATASET_DIM=2 -DMAX_KD_LEVELS_OPT=-1 -DNUM_CALCULATIONS_PER_THREAD_OPT=128 -DOWL_CUDA_STATIC=1 -DOWL_HAVE_TBB=1 -DPINNED_MEMORY_SIZE_OPT="16*1024*1024" -DTHREADS_TO_COPY_OPT=8 -DUSE_FIXED_WORK_PER_BLOCK_OPT=1 -DUSE_PAGEABLE_MEMORY_OPT=0 -DUSE_PRIMITIVE_GLOBAL_QUERY_GLOBAL_BATCHING_OPT=0 -DUSE_PRIMITIVE_GLOBAL_QUERY_GLOBAL_NON_BATCHING_OPT=0 -DUSE_PRIMITIVE_GLOBAL_QUERY_SHARED_BATCHING_OPT=0 -DUSE_PRIMITIVE_SHARED_QUERY_GLOBAL_BATCHING_OPT=0 -DUSE_PRIMITIVE_SHARED_QUERY_SHARED_BATCHING_OPT=1 -DUSE_SORT_BY_WORKLOAD_OPT=1 -DUSE_UNCOMPRESSED_MASK_OPT=0 -DUSE_USE_CANDIDATE_POINT_COPY_OPT=0

CXX_INCLUDES = -I/usr/local/cuda-13.1/include/cccl -I/usr/local/cuda-13.1/include -I@TENSORJOIN_ROOT@/tensorjoin_20260902_certified_exact_join/adapters/rthiss_g7_a0/OWL -I@TENSORJOIN_ROOT@/tensorjoin_20260902_certified_exact_join/adapters/rthiss_g7_a0/OWL/owl/include -I@TENSORJOIN_ROOT@/tensorjoin_20260902_certified_exact_join/adapters/rthiss_g7_a0/OWL/3rdParty/stb_image -isystem @TENSORJOIN_ROOT@/RT-TIDE/deps/optix-9.1/include -isystem /usr/local/cuda-13.1/targets/x86_64-linux/include

CXX_FLAGS = -O3 -DNDEBUG -std=gnu++17 -O3 -fopenmp

//
// Generated by NVIDIA NVVM Compiler
//
// Compiler Build ID: CL-37061995
// Cuda compilation tools, release 13.1, V13.1.115
// Based on NVVM 7.0.1
//

.version 9.1
.target sm_75
.address_size 64

	// .globl	__boundsFuncKernel__SpheresBounds
.extern .func  (.param .b32 func_retval0) vprintf
(
	.param .b64 vprintf_param_0,
	.param .b64 vprintf_param_1
)
;
.const .align 8 .b8 optixLaunchParams[72];
