DEPENDENCY STATE
@TENSORJOIN_ROOT@/RT-TIDE/deps/optix-9.1
f1f6dd803f3159992d248178f6e09421c6eb8b6d
/// - major =  OPTIX_VERSION/10000
/// - minor = (OPTIX_VERSION%10000)/100
/// - micro =  OPTIX_VERSION%100
#define OPTIX_VERSION 90100
SOFTWARE DEVELOPER KITS, SAMPLES AND TOOLS LICENSE AGREEMENT (with distribution rights)

IMPORTANT - READ BEFORE DOWNLOADING, INSTALLING, COPYING OR USING THE LICENSED SOFTWARE
READ CAREFULLY: This Software Developer Kits, Samples and Tools License Agreement ("Agreement"), made and entered into as of the time and date of click through action ("Effective Date"), is a legal agreement between you and NVIDIA Corporation ("NVIDIA") and governs the use of the following NVIDIA deliverables to the extent provided to you under this Agreement: API's, source code and header files, data sets and assets (examples include images, textures, models, scenes, videos, native API input/output files), binary software and/or documentation (collectively, "Licensed Software"). By downloading, installing, copying, or otherwise using the Licensed Software, you agree to be bound by the terms of this Agreement. If you do NOT AGREE TO THE TERMS OF THIS AGREEMENT, DO NOT DOWNLOAD, INSTALL, COPY OR USE THE NVIDIA LICENSED SOFTWARE. IF YOU ARE ENTERING INTO THIS AGREEMENT ON BEHALF OF A COMPANY OR OTHER LEGAL ENTITY, YOU REPRESENT THAT YOU HAVE THE LEGAL AUTHORITY TO BIND THE ENTITY TO THIS AGREEMENT, IN WHICH CASE "YOU" WILL MEAN THE ENTITY YOU REPRESENT. IF YOU DON'T HAVE SUCH AUTHORITY, OR IF YOU DON'T ACCEPT ALL THE TERMS AND CONDITIONS OF THIS AGREEMENT, THEN NVIDIA IS UNWILLING TO LICENSE THE LICENSED SOFTWARE TO YOU, AND YOU MAY NOT DOWNLOAD, INSTALL, COPY OR USE IT.

1. LICENSE.

1.1 License Grant. Subject to the terms of this Agreement, NVIDIA hereby grants you a nonexclusive, non-transferable, worldwide, revocable, limited, royalty-free, fully paid-up license during the term of this Agreement to:
       (i) install, use and reproduce the Licensed Software delivered by NVIDIA plus make modifications and create derivative works of the source code and header files delivered by NVIDIA, provided that the software is executed only in hardware products as specified by NVIDIA in the accompanying documentation (such as release notes) as supported, to develop, test and service your products (each, a "Customer Product") that are interoperable with supported hardware products. If the NVIDIA documentation is silent, the supported hardware consists of certain NVIDIA GPUs; and
       (ii) incorporate Licensed Software as delivered by NVIDIA (including source code and header files as modified by you) into a Customer Product in binary format only and sub-license and distribute a Customer Product for use by your recipients only in the hardware products specified by NVIDIA as supported, provided that: (a) all such distributions by you or your distribution channels are consistent with the terms of this Agreement; and (b) you must enter into enforceable agreements with your recipients that binds them to terms that are consistent with the terms set forth in this Agreement for their use of the software binaries, including (without limitation) terms relating to the license grant and license restrictions, confidentiality and protection of NVIDIA's intellectual property rights in and to the software you distributed. You are liable for the distribution and the use of distributed software if you failed to comply or enforce the distribution requirements of this Agreement. You agree to notify NVIDIA in writing of any known or suspected use or distribution of the Licensed Software that are not in compliance with the terms of this Agreement.

1.2 Enterprise and Contractor Usage. Under this Agreement you may allow (i) your Enterprise employees, and (ii) individuals who work primarily for your Enterprise on a contractor basis and from your secure network (each a "Contractor") to access and use the Licensed Software pursuant to the terms in Section 1 solely to perform work on your behalf, provided further that with respect to Contractors: (i) you obtain a written agreement from the Contractor which contains terms and obligations with respect to access to or use of Licensed Software no less protective of NVIDIA than those set forth in this Agreement, and (ii) such Contractor's access and use expressly excludes any sublicensing or distribution rights for the Licensed Software. You are responsible for the compliance with the terms and conditions of this Agreement by your Enterprise and Contractors. Any act or omission that if committed by you would constitute a breach of this Agreement shall be deemed to constitute a breach of this Agreement if committed by your Enterprise or Contractors. "Enterprise" means you or any company or legal entity for which you accepted the terms of this Agreement, and their subsidiaries of which your company or legal entity owns more than fifty percent (50%) of the issued and outstanding equity.
RESOURCES
Filesystem      Size  Used Avail Use% Mounted on
/dev/nvme0n1    7.0T  6.4T  187G  98% @TENSORJOIN_ROOT@
               total        used        free      shared  buff/cache   available
Mem:           251Gi       115Gi        13Gi        65Gi       189Gi       135Gi
Swap:          8.0Gi       8.0Gi       164Ki
external-user  905167  896565 @EXTERNAL_USER_HOME@/WorkSpace/ICLR2027/.venv/bin/python -c from multiprocessing.spawn import spawn_main; spawn_main(tracker_fd=9, pipe_handle=13) --multiprocessing-fork
