COMMAND ["@TENSORJOIN_ROOT@/isaacsim6/env/bin/python", "@TENSORJOIN_ROOT@/tensorjoin_20260902_certified_exact_join/src/run_g8_layout_probe.py", "--label", "g8_check_a1", "--mode", "check"]
CASE real_identity tiles 87479
Traceback (most recent call last):
  File "@TENSORJOIN_ROOT@/tensorjoin_20260902_certified_exact_join/src/run_g8_layout_probe.py", line 253, in <module>
    main()
  File "@TENSORJOIN_ROOT@/tensorjoin_20260902_certified_exact_join/src/run_g8_layout_probe.py", line 245, in main
    write_json(outpath, result)
  File "@TENSORJOIN_ROOT@/tensorjoin_20260902_certified_exact_join/src/run_g8_layout_probe.py", line 34, in write_json
    Path(path).write_text(json.dumps(obj, indent=2, sort_keys=True) + "\n")
                          ^^^^^^^^^^^^^^^^^^^^^^^^^^^^^^^^^^^^^^^^^
  File "/usr/lib/python3.12/json/__init__.py", line 238, in dumps
    **kw).encode(obj)
          ^^^^^^^^^^^
  File "/usr/lib/python3.12/json/encoder.py", line 202, in encode
    chunks = list(chunks)
             ^^^^^^^^^^^^
  File "/usr/lib/python3.12/json/encoder.py", line 432, in _iterencode
    yield from _iterencode_dict(o, _current_indent_level)
  File "/usr/lib/python3.12/json/encoder.py", line 406, in _iterencode_dict
    yield from chunks
  File "/usr/lib/python3.12/json/encoder.py", line 406, in _iterencode_dict
    yield from chunks
  File "/usr/lib/python3.12/json/encoder.py", line 406, in _iterencode_dict
    yield from chunks
  [Previous line repeated 1 more time]
  File "/usr/lib/python3.12/json/encoder.py", line 439, in _iterencode
    o = _default(o)
        ^^^^^^^^^^^
  File "/usr/lib/python3.12/json/encoder.py", line 180, in default
    raise TypeError(f'Object of type {o.__class__.__name__} '
TypeError: Object of type GPUTarget is not JSON serializable
