BASELINE_AUDIT_20260904.md: OK
DECISION_G6_LATEST_BASELINES.md: OK
DESIGN_G6_CUVS_ADAPTER.md: OK
DESIGN_G6_GTS_ADAPTER.md: OK
EXPERIMENTS.md: OK
OVERLEAF_SYNC.md: OK
PAPER_MAIN_RESULTS_TABLE.md: OK
PROTOCOL_G6_LATEST_BASELINES.md: OK
PROTOCOL_G6_R1_CONTEXT.md: OK
RUN_CARD_G6.md: OK
adapters/gts_g6_r1/build_sm120/GTS_G6: OK
artifacts/g6/cuvs_268_linux_wheels.sha256: OK
artifacts/g6/cuvs_py312_freeze.txt: OK
artifacts/g6/cuvs_py312_install_receipts.sha256: OK
artifacts/g6/cuvs_py312_pip_check.txt: OK
artifacts/g6/g6_cuvs_g2a_a0_pairs_u64_le.bin: OK
artifacts/g6/g6_cuvs_g2b_r1_a0_pairs_u64_le.bin: OK
artifacts/g6/g6_gts_g2a_a1_pairs_u64_le.bin: OK
artifacts/g6/g6_gts_g2b_r1_a0_pairs_u64_le.bin: OK
artifacts/g6/g6_initial_receipts.sha256: OK
artifacts/g6/g6_r1_prerun_receipts.sha256: OK
artifacts/g6/gts_g2a_a0_protocol_fix_receipts.sha256: OK
artifacts/g6/gts_g6_r1_source_receipts.sha256: OK
artifacts/g6/gts_g6_r1_upstream.diff: OK
overleaf_bundle/README.md: OK
overleaf_bundle/figures/fig1_evidence_separated_teaser.pdf: OK
overleaf_bundle/figures/fig2_exact_precision_routing_pipeline.pdf: OK
overleaf_bundle/main.tex: OK
overleaf_bundle/references.bib: OK
overleaf_bundle/tables/table1_external_full_public.tex: OK
overleaf_bundle/tables/table2_dynamic_router.tex: OK
overleaf_bundle/tables/table3_g5_boundary.tex: OK
overleaf_bundle/tables/table4_latest_baseline_audit.tex: OK
raw/g6_cuvs_env_install.log: OK
raw/g6_cuvs_g2a_a0.log: OK
raw/g6_cuvs_g2a_a0_threshold_diagnosis.log: OK
raw/g6_cuvs_g2a_a1_threshold_diagnosis.log: OK
raw/g6_cuvs_g2b_r1_a0.log: OK
raw/g6_gts_adapter_build_r1.log: OK
raw/g6_gts_g2a_a0_driver.log: OK
raw/g6_gts_g2a_a1.log: OK
raw/g6_gts_g2a_a1_driver.log: OK
raw/g6_gts_g2b_r1_a0.log: OK
raw/g6_gts_g2b_r1_a0_driver.log: OK
raw/g6_preflight_and_upstream_build_a0.log: OK
results/g6_cuvs_g2a_a0.json: OK
results/g6_cuvs_g2a_a0_threshold_diagnosis.json: OK
results/g6_cuvs_g2a_a1_threshold_diagnosis.json: OK
results/g6_cuvs_g2b_r1_a0.json: OK
results/g6_gts_g2a_a1.json: OK
results/g6_gts_g2a_a1_mismatch_diagnosis.json: OK
results/g6_gts_g2b_r1_a0.json: OK
results/g6_gts_g2b_r1_a0_mismatch_diagnosis.json: OK
results/g6_gts_g2b_r1_a0_timeout.json: OK
src/diagnose_g6_cuvs_g2a.py: OK
src/run_g6_cuvs.py: OK
src/run_g6_gts.py: OK
DECISION_G7_ARTIFACT_ADMISSION.md: OK
PROTOCOL_G7_RTHISS_ARTIFACT.md: OK
PROTOCOL_G7_RTHISS_GPU7_R1.md: OK
artifacts/g7_artifact_audit/Gowanlock_ICCS2023.pdf: OK
artifacts/g7_artifact_audit/Gowanlock_ICCS2023.txt: OK
artifacts/g7_artifact_audit/author_people.html: OK
artifacts/g7_artifact_audit/author_publications.html: OK
artifacts/g7_artifact_audit/build_commands.sh: OK
artifacts/g7_artifact_audit/build_sample/CMakeCache.txt: OK
artifacts/g7_artifact_audit/build_sample/RT-HiSS: OK
artifacts/g7_artifact_audit/build_sample/RT-HiSS.flags.make: OK
artifacts/g7_artifact_audit/build_sample/deviceCode.ptx: OK
artifacts/g7_artifact_audit/build_sample/libowl.so: OK
artifacts/g7_artifact_audit/current_status_at_close.md: OK
artifacts/g7_artifact_audit/g6_manifest_verification.txt: OK
artifacts/g7_artifact_audit/owl_c7c3a3e.tar.gz: OK
artifacts/g7_artifact_audit/owl_c7c3a3e.tar.receipt.json: OK
artifacts/g7_artifact_audit/remote_author_repositories_a0.json: OK
artifacts/g7_artifact_audit/retrieval_receipt_a0.json: OK
artifacts/g7_artifact_audit/retrieval_receipt_a1.json: OK
artifacts/g7_artifact_audit/retrieval_receipt_a2.json: OK
artifacts/g7_artifact_audit/retrieval_receipt_a3.json: OK
artifacts/g7_artifact_audit/revanthmunugala_repos_p1.json: OK
artifacts/g7_artifact_audit/rthiss_build_only_a0.diff: OK
artifacts/g7_artifact_audit/run_g7_rthiss_smoke_a0.py: OK
artifacts/g7_artifact_audit/source_provenance.json: OK
artifacts/g7_artifact_audit/source_snapshots/coss_c9f0f4f.tar.gz: OK
artifacts/g7_artifact_audit/source_snapshots/rthiss_a42fc69.tar.gz: OK
raw/g7_coss_clone_a0.log: OK
raw/g7_cuda_path_a0.log: OK
raw/g7_preflight_revision1.log: OK
raw/g7_remote_deps_a0.log: OK
raw/g7_remote_preflight_a0.log: OK
raw/g7_rthiss_build_a1.log: OK
raw/g7_rthiss_cmake_a0.log: OK
raw/g7_rthiss_cmake_a1.log: OK
raw/g7_rthiss_smoke_a1/results.txt: OK
raw/g7_rthiss_smoke_a1/stdout_stderr.log: OK
raw/g7_rthiss_submodules_a0.log: OK
raw/g7_runtime_postflight_a1.log: OK
results/g7_rthiss_smoke_a0.json: OK
results/g7_rthiss_smoke_a1.json: OK
src/run_g7_rthiss_smoke.py: OK
