	@%p4 st.shared.b64 [ %r8 + 0 ], %rd13;
	// end inline asm
	bar.sync 	0;
	ld.shared.b64 	%rd137, [global_smem];
$L__tmp36:
	.loc	1 123 14                        // g9_tc_kernels.py:123:14
	add.rn.f64 	%rd17, %rd86, %rd137;
	mov.b64 	%rd15, 1065353216;
$L__tmp37:
	.loc	1 30 98                         // g9_tc_kernels.py:30:98 @[ g9_tc_kernels.py:124:21 ]
	// begin inline asm
	mul.rm.f64 %rd14, %rd17, %rd15;
	// end inline asm
$L__tmp38:
	.loc	1 35 98                         // g9_tc_kernels.py:35:98 @[ g9_tc_kernels.py:125:19 ]
	// begin inline asm
	mul.rp.f64 %rd16, %rd17, %rd15;
	// end inline asm
$L__tmp39:
	.loc	1 126 23                        // g9_tc_kernels.py:126:23
	setp.le.f64 	%p7, %rd16, 0d3FE2000000000000;
	.loc	1 126 39                        // g9_tc_kernels.py:126:39
	setp.gt.f64 	%p8, %rd14, 0d3FE2000000000000;
	.loc	1 126 43                        // g9_tc_kernels.py:126:43
	selp.b16 	%rs2, 0, 2, %p8;
	.loc	1 126 27                        // g9_tc_kernels.py:126:27
