COMMAND ["@TENSORJOIN_ROOT@/isaacsim6/env/bin/python", "@TENSORJOIN_ROOT@/tensorjoin_20260902_certified_exact_join/src/run_g9_tc_refinement.py", "--label", "g9_check_a2", "--mode", "check"]
CASE fixture_below N 64 Q 2079
P16 TCpending None FP64 6 padding 1.0
Traceback (most recent call last):
  File "@TENSORJOIN_ROOT@/isaacsim6/env/lib/python3.12/site-packages/triton/language/core.py", line 43, in wrapper
    return fn(*args, **kwargs)
           ^^^^^^^^^^^^^^^^^^^
  File "@TENSORJOIN_ROOT@/isaacsim6/env/lib/python3.12/site-packages/triton/language/core.py", line 2054, in dot
    res = _semantic.dot(input, other, acc, input_precision, max_num_imprecise_acc, out_dtype)
          ^^^^^^^^^^^^^^^^^^^^^^^^^^^^^^^^^^^^^^^^^^^^^^^^^^^^^^^^^^^^^^^^^^^^^^^^^^^^^^^^^^^
  File "@TENSORJOIN_ROOT@/isaacsim6/env/lib/python3.12/site-packages/triton/language/semantic.py", line 1558, in dot
    assert acc.type.shape == ret_ty.shape and acc.type.element_ty == out_dtype
           ^^^^^^^^^^^^^^^^^^^^^^^^^^^^^^^^^^^^^^^^^^^^^^^^^^^^^^^^^^^^^^^^^^^
AssertionError

The above exception was the direct cause of the following exception:

Traceback (most recent call last):
  File "@TENSORJOIN_ROOT@/tensorjoin_20260902_certified_exact_join/src/run_g9_tc_refinement.py", line 263, in <module>
    main()
  File "@TENSORJOIN_ROOT@/tensorjoin_20260902_certified_exact_join/src/run_g9_tc_refinement.py", line 153, in main
    stage_hashes.extend((record(name+"/"+method+"/tc_dot",initial()),record(name+"/"+method+"/certificate",cert())))
                                                          ^^^^^^^^^
  File "@TENSORJOIN_ROOT@/tensorjoin_20260902_certified_exact_join/src/run_g9_tc_refinement.py", line 146, in initial
    return limb_dot[(groups,)](gpu["h"],gpu["l"],grow,gcol,gslots,gdot[32:32+q],
           ^^^^^^^^^^^^^^^^^^^^^^^^^^^^^^^^^^^^^^^^^^^^^^^^^^^^^^^^^^^^^^^^^^^^^
  File "@TENSORJOIN_ROOT@/isaacsim6/env/lib/python3.12/site-packages/triton/runtime/jit.py", line 370, in <lambda>
    return lambda *args, **kwargs: self.run(grid=grid, warmup=False, *args, **kwargs)
                                   ^^^^^^^^^^^^^^^^^^^^^^^^^^^^^^^^^^^^^^^^^^^^^^^^^^
  File "@TENSORJOIN_ROOT@/isaacsim6/env/lib/python3.12/site-packages/triton/runtime/jit.py", line 720, in run
    kernel = self._do_compile(key, signature, device, constexprs, options, attrs, warmup)
             ^^^^^^^^^^^^^^^^^^^^^^^^^^^^^^^^^^^^^^^^^^^^^^^^^^^^^^^^^^^^^^^^^^^^^^^^^^^^
  File "@TENSORJOIN_ROOT@/isaacsim6/env/lib/python3.12/site-packages/triton/runtime/jit.py", line 849, in _do_compile
    kernel = self.compile(src, target=target, options=options.__dict__)
             ^^^^^^^^^^^^^^^^^^^^^^^^^^^^^^^^^^^^^^^^^^^^^^^^^^^^^^^^^^
  File "@TENSORJOIN_ROOT@/isaacsim6/env/lib/python3.12/site-packages/triton/compiler/compiler.py", line 304, in compile
    module = src.make_ir(target, options, codegen_fns, module_map, context)
             ^^^^^^^^^^^^^^^^^^^^^^^^^^^^^^^^^^^^^^^^^^^^^^^^^^^^^^^^^^^^^^
  File "@TENSORJOIN_ROOT@/isaacsim6/env/lib/python3.12/site-packages/triton/compiler/compiler.py", line 80, in make_ir
    return ast_to_ttir(self.fn, self, context=context, options=options, codegen_fns=codegen_fns,
           ^^^^^^^^^^^^^^^^^^^^^^^^^^^^^^^^^^^^^^^^^^^^^^^^^^^^^^^^^^^^^^^^^^^^^^^^^^^^^^^^^^^^^
triton.compiler.errors.CompilationError: at 15:13:
    j = tl.load(COLS + pid * 16 + tl.arange(0,16))
    hh = tl.full((16,16), 0, tl.int32)
    hl = tl.full((16,16), 0, tl.int32)
    lh = tl.full((16,16), 0, tl.int32)
    ll = tl.full((16,16), 0, tl.int32)
    for start in range(tl.cdiv(D,K)):
        k = start*K + tl.arange(0,K)
        ah = tl.load(H + i[:,None]*D + k[None,:], k[None,:]<D, 0)
        al = tl.load(L + i[:,None]*D + k[None,:], k[None,:]<D, 0)
        bh = tl.load(H + j[None,:]*D + k[:,None], k[:,None]<D, 0)
        bl = tl.load(L + j[None,:]*D + k[:,None], k[:,None]<D, 0)
        hh = tl.dot(ah,bh,hh)
             ^
