gpu-host-8
Fri Sep  4 10:38:32 UTC 2026
0, GPU-9bd364a9-9d88-0b78-ef55-caac6f73d6b1, 590.48.01, 81396 MiB, 63 %, 600.00 W, 2377 MHz
1, GPU-daa88abc-ce4a-aa1c-c896-ae528bf9bce3, 590.48.01, 14 MiB, 0 %, 600.00 W, 180 MHz
2, GPU-16f27f5a-dfcd-48e0-bb39-bebbe4009245, 590.48.01, 24186 MiB, 1 %, 600.00 W, 2355 MHz
3, GPU-a149f5af-55ab-ce33-8d3d-371a7ae61dd2, 590.48.01, 16620 MiB, 1 %, 600.00 W, 2370 MHz
4, GPU-863c06a5-9f33-0265-b098-013fa840d5db, 590.48.01, 18546 MiB, 14 %, 600.00 W, 2310 MHz
5, GPU-a1e0baba-3982-4538-6540-2b013a1adf49, 590.48.01, 14 MiB, 0 %, 600.00 W, 180 MHz
6, GPU-865ae1f0-780e-d04c-5ec3-4deccea65f82, 590.48.01, 14 MiB, 0 %, 600.00 W, 187 MHz
7, GPU-e5a0e7f5-9917-c2a1-ee8e-7282cbba2603, 590.48.01, 14 MiB, 0 %, 600.00 W, 180 MHz
GPU-9bd364a9-9d88-0b78-ef55-caac6f73d6b1, 919690, @EXTERNAL_USER_HOME@/WorkSpace/ICLR2027/.venv/bin/python, 81374 MiB
GPU-16f27f5a-dfcd-48e0-bb39-bebbe4009245, 1043857, @EXTERNAL_USER_HOME@/WorkSpace/ICLR2027/.venv/bin/python, 24164 MiB
GPU-a149f5af-55ab-ce33-8d3d-371a7ae61dd2, 1043860, @EXTERNAL_USER_HOME@/WorkSpace/ICLR2027/.venv/bin/python, 16598 MiB
GPU-863c06a5-9f33-0265-b098-013fa840d5db, 1043861, @EXTERNAL_USER_HOME@/WorkSpace/ICLR2027/.venv/bin/python, 18784 MiB
Filesystem      Size  Used Avail Use% Mounted on
/dev/nvme0n1    7.0T  6.5T  135G  99% @TENSORJOIN_ROOT@
{'torch': '2.11.0+cu130', 'triton': '3.6.0', 'numpy': '2.3.1', 'scipy': '1.17.0'}
nvcc: NVIDIA (R) Cuda compiler driver
Copyright (c) 2005-2025 NVIDIA Corporation
Built on Tue_Dec_16_07:23:41_PM_PST_2025
Cuda compilation tools, release 13.1, V13.1.115
Build cuda_13.1.r13.1/compiler.37061995_0
/usr/local/bin/compute-sanitizer
@TENSORJOIN_ROOT@/.tensorjoin_g6_gpu1.lock
@TENSORJOIN_ROOT@/.tensorjoin_gpu0_campaign.lock
@TENSORJOIN_ROOT@/.tensorjoin_gpu1_campaign.lock
@TENSORJOIN_ROOT@/.tensorjoin_gpu3_campaign.lock
@TENSORJOIN_ROOT@/.tensorjoin_gpu4_campaign.lock
@TENSORJOIN_ROOT@/.tensorjoin_gpu7_campaign.lock
