RUN_START {"dataset": null, "experiment_id": "tensorjoin_20260903_h1_r1_exact_gpu_multivector_screen", "host": "gpu-host-8", "kernel_sha256": "82ce99fc742cc0480cc6884dd3bc9ab7d2a3a21c524774158ac0403376be9843", "phase": "correctness", "script_sha256": "11aaa72447266fef26286d80cbbe0bd22bc1626af437c0c9a0b121352600713e", "variant": null}
CPU_ORACLE_START dataset=esc50_panns
CPU_ORACLE_DONE dataset=esc50_panns elapsed_s=18.776070
Traceback (most recent call last):
  File "@TENSORJOIN_ROOT@/isaacsim6/env/lib/python3.12/site-packages/triton/language/core.py", line 43, in wrapper
    return fn(*args, **kwargs)
           ^^^^^^^^^^^^^^^^^^^
  File "@TENSORJOIN_ROOT@/isaacsim6/env/lib/python3.12/site-packages/triton/language/core.py", line 2233, in store
    return _semantic.store(pointer, value, mask, boundary_check, cache_modifier, eviction_policy)
           ^^^^^^^^^^^^^^^^^^^^^^^^^^^^^^^^^^^^^^^^^^^^^^^^^^^^^^^^^^^^^^^^^^^^^^^^^^^^^^^^^^^^^^
  File "@TENSORJOIN_ROOT@/isaacsim6/env/lib/python3.12/site-packages/triton/language/semantic.py", line 1301, in store
    return self._store_legacy(ptr, val, mask, boundary_check, cache, eviction)
           ^^^^^^^^^^^^^^^^^^^^^^^^^^^^^^^^^^^^^^^^^^^^^^^^^^^^^^^^^^^^^^^^^^^
  File "@TENSORJOIN_ROOT@/isaacsim6/env/lib/python3.12/site-packages/triton/language/semantic.py", line 1253, in _store_legacy
    raise ValueError("Value argument cannot be block type if pointer argument is not a block")
ValueError: Value argument cannot be block type if pointer argument is not a block

The above exception was the direct cause of the following exception:

Traceback (most recent call last):
  File "@TENSORJOIN_ROOT@/tensorjoin_20260902_certified_exact_join/src/run_h1_multivector_gpu_screen.py", line 993, in <module>
    raise SystemExit(main())
                     ^^^^^^
  File "@TENSORJOIN_ROOT@/tensorjoin_20260902_certified_exact_join/src/run_h1_multivector_gpu_screen.py", line 982, in main
    return run_correctness()
           ^^^^^^^^^^^^^^^^^
  File "@TENSORJOIN_ROOT@/tensorjoin_20260902_certified_exact_join/src/run_h1_multivector_gpu_screen.py", line 821, in run_correctness
    datasets = [correctness_dataset(prepare_dataset(name)) for name in DATASETS]
                ^^^^^^^^^^^^^^^^^^^^^^^^^^^^^^^^^^^^^^^^^^
  File "@TENSORJOIN_ROOT@/tensorjoin_20260902_certified_exact_join/src/run_h1_multivector_gpu_screen.py", line 574, in correctness_dataset
    candidate = run_candidate(state, threshold)
                ^^^^^^^^^^^^^^^^^^^^^^^^^^^^^^^
  File "@TENSORJOIN_ROOT@/tensorjoin_20260902_certified_exact_join/src/run_h1_multivector_gpu_screen.py", line 443, in run_candidate
    exact_ambiguous_panels_fp64[(ambiguous_count * MAX_TOKENS * MAX_TOKENS,)](
  File "@TENSORJOIN_ROOT@/isaacsim6/env/lib/python3.12/site-packages/triton/runtime/jit.py", line 370, in <lambda>
    return lambda *args, **kwargs: self.run(grid=grid, warmup=False, *args, **kwargs)
                                   ^^^^^^^^^^^^^^^^^^^^^^^^^^^^^^^^^^^^^^^^^^^^^^^^^^
  File "@TENSORJOIN_ROOT@/isaacsim6/env/lib/python3.12/site-packages/triton/runtime/jit.py", line 720, in run
    kernel = self._do_compile(key, signature, device, constexprs, options, attrs, warmup)
             ^^^^^^^^^^^^^^^^^^^^^^^^^^^^^^^^^^^^^^^^^^^^^^^^^^^^^^^^^^^^^^^^^^^^^^^^^^^^
  File "@TENSORJOIN_ROOT@/isaacsim6/env/lib/python3.12/site-packages/triton/runtime/jit.py", line 849, in _do_compile
    kernel = self.compile(src, target=target, options=options.__dict__)
             ^^^^^^^^^^^^^^^^^^^^^^^^^^^^^^^^^^^^^^^^^^^^^^^^^^^^^^^^^^
  File "@TENSORJOIN_ROOT@/isaacsim6/env/lib/python3.12/site-packages/triton/compiler/compiler.py", line 304, in compile
    module = src.make_ir(target, options, codegen_fns, module_map, context)
             ^^^^^^^^^^^^^^^^^^^^^^^^^^^^^^^^^^^^^^^^^^^^^^^^^^^^^^^^^^^^^^
  File "@TENSORJOIN_ROOT@/isaacsim6/env/lib/python3.12/site-packages/triton/compiler/compiler.py", line 80, in make_ir
    return ast_to_ttir(self.fn, self, context=context, options=options, codegen_fns=codegen_fns,
           ^^^^^^^^^^^^^^^^^^^^^^^^^^^^^^^^^^^^^^^^^^^^^^^^^^^^^^^^^^^^^^^^^^^^^^^^^^^^^^^^^^^^^
triton.compiler.errors.CompilationError: at 48:4:
            query + query_row * K + k,
            mask=valid & (k < K),
            other=0.0,
        ).to(tl.float64)
        base_values = tl.load(
            base + base_row * K + k,
            mask=valid & (k < K),
            other=0.0,
        ).to(tl.float64)
        delta = query_values - base_values
        distance += tl.sum(delta * delta, axis=0)
    tl.store(
    ^
Value argument cannot be block type if pointer argument is not a block
