@TENSORJOIN_ROOT@/isaacsim6/env/lib/python3.12/site-packages/torch/cuda/__init__.py:1243: UserWarning: Attempting to run cuBLAS, but there was no current CUDA context! Attempting to set the primary context... (Triggered internally at /pytorch/aten/src/ATen/cuda/CublasHandlePool.cpp:335.)
  return torch._C._cuda_getCurrentBlasHandle()
{
  "adversarial": [
    {
      "base_objects": 8,
      "base_tokens": 44,
      "cells": [
        {
          "baseline_ambiguous_fraction": 1.0,
          "baseline_ambiguous_objects": 32,
          "baseline_count": 32,
          "baseline_duplicate_ids": 0,
          "baseline_ids_sha256": "bcc9bcfc670935c6018dc26a74956a373b655f8930dd55ab074d816d7d233780",
          "baseline_mismatches": 0,
          "baseline_overflow": 0,
          "correctness_pass": true,
          "dot_radius_violations": 0,
          "object_lower_containment_violations": 0,
          "object_upper_containment_violations": 0,
          "oracle_count": 32,
          "oracle_ids_sha256": "bcc9bcfc670935c6018dc26a74956a373b655f8930dd55ab074d816d7d233780",
          "target_results_per_query": 8,
          "threshold": 0.0,
          "token_lower_containment_violations": 0,
          "token_upper_containment_violations": 0,
          "unsafe_direct_accepts": 0,
          "unsafe_direct_rejects": 0
        }
      ],
      "correctness_pass": true,
      "dataset": "adversarial_all_zero_d512",
      "dimension": 512,
      "dot_absolute_radius": 2.407412430484045e-35,
      "elapsed_s": 0.5537400245666504,
      "gamma_dot": 6.115810562469786e-05,
      "maximum_dot_error": 0.0,
      "maximum_dot_radius": 2.407412430484045e-35,
      "maximum_interval_width": 9.999999960041972e-13,
      "query_objects": 4,
      "query_tokens": 22
    },
    {
      "base_objects": 8,
      "base_tokens": 44,
      "cells": [
        {
          "baseline_ambiguous_fraction": 0.0625,
          "baseline_ambiguous_objects": 2,
          "baseline_count": 8,
          "baseline_duplicate_ids": 0,
          "baseline_ids_sha256": "376731b3f91ae99b7deaba962dccdea2e34bf9d206f3b6a3c4435bd16043421e",
          "baseline_mismatches": 0,
          "baseline_overflow": 0,
          "correctness_pass": true,
          "dot_radius_violations": 0,
          "object_lower_containment_violations": 0,
          "object_upper_containment_violations": 0,
          "oracle_count": 8,
          "oracle_ids_sha256": "376731b3f91ae99b7deaba962dccdea2e34bf9d206f3b6a3c4435bd16043421e",
          "target_results_per_query": 8,
          "threshold": 1.8492797884590804,
          "token_lower_containment_violations": 0,
          "token_upper_containment_violations": 0,
          "unsafe_direct_accepts": 0,
          "unsafe_direct_rejects": 0
        }
      ],
      "correctness_pass": true,
      "dataset": "adversarial_identical_prefix_d512",
      "dimension": 512,
      "dot_absolute_radius": 2.407412430484045e-35,
      "elapsed_s": 0.09078669548034668,
      "gamma_dot": 6.115810562469786e-05,
      "maximum_dot_error": 1.1970890700929715e-07,
      "maximum_dot_radius": 6.115810599110965e-05,
      "maximum_interval_width": 0.00024463242540928576,
      "query_objects": 4,
      "query_tokens": 22
    },
    {
      "base_objects": 8,
      "base_tokens": 44,
      "cells": [
        {
          "baseline_ambiguous_fraction": 0.0,
          "baseline_ambiguous_objects": 0,
          "baseline_count": 8,
          "baseline_duplicate_ids": 0,
          "baseline_ids_sha256": "67146cce26a064c0310294b5e904731207f635fb47721b2cd4b9391db7c5eede",
          "baseline_mismatches": 0,
          "baseline_overflow": 0,
          "correctness_pass": true,
          "dot_radius_violations": 0,
          "object_lower_containment_violations": 0,
          "object_upper_containment_violations": 0,
          "oracle_count": 8,
          "oracle_ids_sha256": "67146cce26a064c0310294b5e904731207f635fb47721b2cd4b9391db7c5eede",
          "target_results_per_query": 8,
          "threshold": 1.8800743744711537,
          "token_lower_containment_violations": 0,
          "token_upper_containment_violations": 0,
          "unsafe_direct_accepts": 0,
          "unsafe_direct_rejects": 0
        }
      ],
      "correctness_pass": true,
      "dataset": "adversarial_sign_flipped_prefix_d512",
      "dimension": 512,
      "dot_absolute_radius": 2.407412430484045e-35,
      "elapsed_s": 0.003640413284301758,
      "gamma_dot": 6.115810562469786e-05,
      "maximum_dot_error": 2.337129545448846e-07,
      "maximum_dot_radius": 6.115810593922323e-05,
      "maximum_interval_width": 0.0002446324252964871,
      "query_objects": 4,
      "query_tokens": 22
    },
    {
      "base_objects": 8,
      "base_tokens": 44,
      "cells": [
        {
          "baseline_ambiguous_fraction": 0.0625,
          "baseline_ambiguous_objects": 2,
          "baseline_count": 8,
          "baseline_duplicate_ids": 0,
          "baseline_ids_sha256": "04bbe1a8dfe28345e62e2bf30d7c806fa561032f7f3c1bfeeba148f99a7c44e5",
          "baseline_mismatches": 0,
          "baseline_overflow": 0,
          "correctness_pass": true,
          "dot_radius_violations": 0,
          "object_lower_containment_violations": 0,
          "object_upper_containment_violations": 0,
          "oracle_count": 8,
          "oracle_ids_sha256": "04bbe1a8dfe28345e62e2bf30d7c806fa561032f7f3c1bfeeba148f99a7c44e5",
          "target_results_per_query": 8,
          "threshold": 1.8788234931726364,
          "token_lower_containment_violations": 0,
          "token_upper_containment_violations": 0,
          "unsafe_direct_accepts": 0,
          "unsafe_direct_rejects": 0
        }
      ],
      "correctness_pass": true,
      "dataset": "adversarial_cancellation_alternating_d512",
      "dimension": 512,
      "dot_absolute_radius": 2.407412430484045e-35,
      "elapsed_s": 0.0038955211639404297,
      "gamma_dot": 6.115810562469786e-05,
      "maximum_dot_error": 2.4461506223372176e-08,
      "maximum_dot_radius": 6.115810609911781e-05,
      "maximum_interval_width": 0.0002446324259102184,
      "query_objects": 4,
      "query_tokens": 22
    },
    {
      "base_objects": 8,
      "base_tokens": 44,
      "cells": [
        {
          "baseline_ambiguous_fraction": 0.875,
          "baseline_ambiguous_objects": 28,
          "baseline_count": 32,
          "baseline_duplicate_ids": 0,
          "baseline_ids_sha256": "bcc9bcfc670935c6018dc26a74956a373b655f8930dd55ab074d816d7d233780",
          "baseline_mismatches": 0,
          "baseline_overflow": 0,
          "correctness_pass": true,
          "dot_radius_violations": 0,
          "object_lower_containment_violations": 0,
          "object_upper_containment_violations": 0,
          "oracle_count": 32,
          "oracle_ids_sha256": "bcc9bcfc670935c6018dc26a74956a373b655f8930dd55ab074d816d7d233780",
          "target_results_per_query": 8,
          "threshold": 2.0,
          "token_lower_containment_violations": 0,
          "token_upper_containment_violations": 0,
          "unsafe_direct_accepts": 0,
          "unsafe_direct_rejects": 0
        }
      ],
      "correctness_pass": true,
      "dataset": "adversarial_one_hot_d512",
      "dimension": 512,
      "dot_absolute_radius": 2.407412430484045e-35,
      "elapsed_s": 0.0847012996673584,
      "gamma_dot": 6.115810562469786e-05,
      "maximum_dot_error": 0.0,
      "maximum_dot_radius": 6.115810562470507e-05,
      "maximum_interval_width": 0.00024463242401040475,
      "query_objects": 4,
      "query_tokens": 22
    },
    {
      "base_objects": 8,
      "base_tokens": 44,
      "cells": [
        {
          "baseline_ambiguous_fraction": 0.0,
          "baseline_ambiguous_objects": 0,
          "baseline_count": 8,
          "baseline_duplicate_ids": 0,
          "baseline_ids_sha256": "0134af335da7f729e34cc58e88329bad402f20229c59bf58475dabde22c11911",
          "baseline_mismatches": 0,
          "baseline_overflow": 0,
          "correctness_pass": true,
          "dot_radius_violations": 0,
          "object_lower_containment_violations": 0,
          "object_upper_containment_violations": 0,
          "oracle_count": 8,
          "oracle_ids_sha256": "0134af335da7f729e34cc58e88329bad402f20229c59bf58475dabde22c11911",
          "target_results_per_query": 8,
          "threshold": 1.1176387876982588e-07,
          "token_lower_containment_violations": 0,
          "token_upper_containment_violations": 0,
          "unsafe_direct_accepts": 0,
          "unsafe_direct_rejects": 0
        }
      ],
      "correctness_pass": true,
      "dataset": "adversarial_small_normal_scale_d512",
      "dimension": 512,
      "dot_absolute_radius": 2.407412430484045e-35,
      "elapsed_s": 0.004736661911010742,
      "gamma_dot": 6.115810562469786e-05,
      "maximum_dot_error": 1.5642566982338245e-15,
      "maximum_dot_radius": 3.6453071860327285e-12,
      "maximum_interval_width": 1.6581228707109525e-11,
      "query_objects": 4,
      "query_tokens": 22
    },
    {
      "base_objects": 8,
      "base_tokens": 44,
      "cells": [
        {
          "baseline_ambiguous_fraction": 0.0625,
          "baseline_ambiguous_objects": 2,
          "baseline_count": 8,
          "baseline_duplicate_ids": 0,
          "baseline_ids_sha256": "9c66141a051e86c1dcf28d4b46a1f55aa277329ddf333ada71a702509530affb",
          "baseline_mismatches": 0,
          "baseline_overflow": 0,
          "correctness_pass": true,
          "dot_radius_violations": 0,
          "object_lower_containment_violations": 0,
          "object_upper_containment_violations": 0,
          "oracle_count": 8,
          "oracle_ids_sha256": "9c66141a051e86c1dcf28d4b46a1f55aa277329ddf333ada71a702509530affb",
          "target_results_per_query": 8,
          "threshold": 1.8780385568837819,
          "token_lower_containment_violations": 0,
          "token_upper_containment_violations": 0,
          "unsafe_direct_accepts": 0,
          "unsafe_direct_rejects": 0
        }
      ],
      "correctness_pass": true,
      "dataset": "adversarial_ragged_high_entropy_d512",
      "dimension": 512,
      "dot_absolute_radius": 2.407412430484045e-35,
      "elapsed_s": 0.0033080577850341797,
      "gamma_dot": 6.115810562469786e-05,
      "maximum_dot_error": 2.520253189475241e-08,
      "maximum_dot_radius": 6.11581061235981e-05,
      "maximum_interval_width": 0.00024463242600658575,
      "query_objects": 4,
      "query_tokens": 22
    },
    {
      "base_objects": 8,
      "base_tokens": 44,
      "cells": [
        {
          "baseline_ambiguous_fraction": 1.0,
          "baseline_ambiguous_objects": 32,
          "baseline_count": 32,
          "baseline_duplicate_ids": 0,
          "baseline_ids_sha256": "bcc9bcfc670935c6018dc26a74956a373b655f8930dd55ab074d816d7d233780",
          "baseline_mismatches": 0,
          "baseline_overflow": 0,
          "correctness_pass": true,
          "dot_radius_violations": 0,
          "object_lower_containment_violations": 0,
          "object_upper_containment_violations": 0,
          "oracle_count": 32,
          "oracle_ids_sha256": "bcc9bcfc670935c6018dc26a74956a373b655f8930dd55ab074d816d7d233780",
          "target_results_per_query": 8,
          "threshold": 0.0,
          "token_lower_containment_violations": 0,
          "token_upper_containment_violations": 0,
          "unsafe_direct_accepts": 0,
          "unsafe_direct_rejects": 0
        }
      ],
      "correctness_pass": true,
      "dataset": "adversarial_all_zero_d2048",
      "dimension": 2048,
      "dot_absolute_radius": 9.62964972193618e-35,
      "elapsed_s": 0.08693075180053711,
      "gamma_dot": 0.0002443195117330004,
      "maximum_dot_error": 0.0,
      "maximum_dot_radius": 9.62964972193618e-35,
      "maximum_interval_width": 9.999999960041972e-13,
      "query_objects": 4,
      "query_tokens": 22
    },
    {
      "base_objects": 8,
      "base_tokens": 44,
      "cells": [
        {
          "baseline_ambiguous_fraction": 0.0,
          "baseline_ambiguous_objects": 0,
          "baseline_count": 8,
          "baseline_duplicate_ids": 0,
          "baseline_ids_sha256": "da0a8396b4cd428547c797d5a5266618fd6ba090ec8c0451ee7dbbc04283a7f6",
          "baseline_mismatches": 0,
          "baseline_overflow": 0,
          "correctness_pass": true,
          "dot_radius_violations": 0,
          "object_lower_containment_violations": 0,
          "object_upper_containment_violations": 0,
          "oracle_count": 8,
          "oracle_ids_sha256": "da0a8396b4cd428547c797d5a5266618fd6ba090ec8c0451ee7dbbc04283a7f6",
          "target_results_per_query": 8,
          "threshold": 1.9244435031171006,
          "token_lower_containment_violations": 0,
          "token_upper_containment_violations": 0,
          "unsafe_direct_accepts": 0,
          "unsafe_direct_rejects": 0
        }
      ],
      "correctness_pass": true,
      "dataset": "adversarial_identical_prefix_d2048",
      "dimension": 2048,
      "dot_absolute_radius": 9.62964972193618e-35,
      "elapsed_s": 0.00774073600769043,
      "gamma_dot": 0.0002443195117330004,
      "maximum_dot_error": 1.199756942682484e-07,
      "maximum_dot_radius": 0.00024431951285802287,
      "maximum_interval_width": 0.0009772781128907226,
      "query_objects": 4,
      "query_tokens": 22
    },
    {
      "base_objects": 8,
      "base_tokens": 44,
      "cells": [
        {
          "baseline_ambiguous_fraction": 0.0,
          "baseline_ambiguous_objects": 0,
          "baseline_count": 8,
          "baseline_duplicate_ids": 0,
          "baseline_ids_sha256": "9bd81542afad00cc57a5137f363a9ac1c56df36a1a76c98261d45496255d20be",
          "baseline_mismatches": 0,
          "baseline_overflow": 0,
          "correctness_pass": true,
          "dot_radius_violations": 0,
          "object_lower_containment_violations": 0,
          "object_upper_containment_violations": 0,
          "oracle_count": 8,
          "oracle_ids_sha256": "9bd81542afad00cc57a5137f363a9ac1c56df36a1a76c98261d45496255d20be",
          "target_results_per_query": 8,
          "threshold": 1.9424018636864866,
          "token_lower_containment_violations": 0,
          "token_upper_containment_violations": 0,
          "unsafe_direct_accepts": 0,
          "unsafe_direct_rejects": 0
        }
      ],
      "correctness_pass": true,
      "dataset": "adversarial_sign_flipped_prefix_d2048",
      "dimension": 2048,
      "dot_absolute_radius": 9.62964972193618e-35,
      "elapsed_s": 0.006516695022583008,
      "gamma_dot": 0.0002443195117330004,
      "maximum_dot_error": 1.2179917985299937e-07,
      "maximum_dot_radius": 0.00024431951236587336,
      "maximum_interval_width": 0.0009772781113910334,
      "query_objects": 4,
      "query_tokens": 22
    },
    {
      "base_objects": 8,
      "base_tokens": 44,
      "cells": [
        {
          "baseline_ambiguous_fraction": 0.0625,
          "baseline_ambiguous_objects": 2,
          "baseline_count": 8,
          "baseline_duplicate_ids": 0,
          "baseline_ids_sha256": "031f132d3205adff040c143e6156eb439477539dd5c413d19d777f2748cee5c5",
          "baseline_mismatches": 0,
          "baseline_overflow": 0,
          "correctness_pass": true,
          "dot_radius_violations": 0,
          "object_lower_containment_violations": 0,
          "object_upper_containment_violations": 0,
          "oracle_count": 8,
          "oracle_ids_sha256": "031f132d3205adff040c143e6156eb439477539dd5c413d19d777f2748cee5c5",
          "target_results_per_query": 8,
          "threshold": 1.936312009632011,
          "token_lower_containment_violations": 0,
          "token_upper_containment_violations": 0,
          "unsafe_direct_accepts": 0,
          "unsafe_direct_rejects": 0
        }
      ],
      "correctness_pass": true,
      "dataset": "adversarial_cancellation_alternating_d2048",
      "dimension": 2048,
      "dot_absolute_radius": 9.62964972193618e-35,
      "elapsed_s": 0.09965229034423828,
      "gamma_dot": 0.0002443195117330004,
      "maximum_dot_error": 1.542234230947348e-08,
      "maximum_dot_radius": 0.00024431951248533434,
      "maximum_interval_width": 0.0009772781118404517,
      "query_objects": 4,
      "query_tokens": 22
    },
    {
      "base_objects": 8,
      "base_tokens": 44,
      "cells": [
        {
          "baseline_ambiguous_fraction": 0.875,
          "baseline_ambiguous_objects": 28,
          "baseline_count": 32,
          "baseline_duplicate_ids": 0,
          "baseline_ids_sha256": "bcc9bcfc670935c6018dc26a74956a373b655f8930dd55ab074d816d7d233780",
          "baseline_mismatches": 0,
          "baseline_overflow": 0,
          "correctness_pass": true,
          "dot_radius_violations": 0,
          "object_lower_containment_violations": 0,
          "object_upper_containment_violations": 0,
          "oracle_count": 32,
          "oracle_ids_sha256": "bcc9bcfc670935c6018dc26a74956a373b655f8930dd55ab074d816d7d233780",
          "target_results_per_query": 8,
          "threshold": 2.0,
          "token_lower_containment_violations": 0,
          "token_upper_containment_violations": 0,
          "unsafe_direct_accepts": 0,
          "unsafe_direct_rejects": 0
        }
      ],
      "correctness_pass": true,
      "dataset": "adversarial_one_hot_d2048",
      "dimension": 2048,
      "dot_absolute_radius": 9.62964972193618e-35,
      "elapsed_s": 0.09150528907775879,
      "gamma_dot": 0.0002443195117330004,
      "maximum_dot_error": 0.0,
      "maximum_dot_radius": 0.0002443195117331125,
      "maximum_interval_width": 0.0009772781088310811,
      "query_objects": 4,
      "query_tokens": 22
    },
    {
      "base_objects": 8,
      "base_tokens": 44,
      "cells": [
        {
          "baseline_ambiguous_fraction": 0.09375,
          "baseline_ambiguous_objects": 3,
          "baseline_count": 8,
          "baseline_duplicate_ids": 0,
          "baseline_ids_sha256": "9c08e4a368225e991f9777e6148fd0d11cc99546cd0a3c901bf15f35ffd033cd",
          "baseline_mismatches": 0,
          "baseline_overflow": 0,
          "correctness_pass": true,
          "dot_radius_violations": 0,
          "object_lower_containment_violations": 0,
          "object_upper_containment_violations": 0,
          "oracle_count": 8,
          "oracle_ids_sha256": "9c08e4a368225e991f9777e6148fd0d11cc99546cd0a3c901bf15f35ffd033cd",
          "target_results_per_query": 8,
          "threshold": 1.154737757795616e-07,
          "token_lower_containment_violations": 0,
          "token_upper_containment_violations": 0,
          "unsafe_direct_accepts": 0,
          "unsafe_direct_rejects": 0
        }
      ],
      "correctness_pass": true,
      "dataset": "adversarial_small_normal_scale_d2048",
      "dimension": 2048,
      "dot_absolute_radius": 9.62964972193618e-35,
      "elapsed_s": 0.08934879302978516,
      "gamma_dot": 0.0002443195117330004,
      "maximum_dot_error": 8.727290377389113e-16,
      "maximum_dot_radius": 1.4562577770631632e-11,
      "maximum_interval_width": 6.025031464480981e-11,
      "query_objects": 4,
      "query_tokens": 22
    },
    {
      "base_objects": 8,
      "base_tokens": 44,
      "cells": [
        {
          "baseline_ambiguous_fraction": 0.0,
          "baseline_ambiguous_objects": 0,
          "baseline_count": 8,
          "baseline_duplicate_ids": 0,
          "baseline_ids_sha256": "c44bb1e305dcb80f416da6900af59eca1acc841f34161151bac45828db1177cf",
          "baseline_mismatches": 0,
          "baseline_overflow": 0,
          "correctness_pass": true,
          "dot_radius_violations": 0,
          "object_lower_containment_violations": 0,
          "object_upper_containment_violations": 0,
          "oracle_count": 8,
          "oracle_ids_sha256": "c44bb1e305dcb80f416da6900af59eca1acc841f34161151bac45828db1177cf",
          "target_results_per_query": 8,
          "threshold": 1.9342491539377256,
          "token_lower_containment_violations": 0,
          "token_upper_containment_violations": 0,
          "unsafe_direct_accepts": 0,
          "unsafe_direct_rejects": 0
        }
      ],
      "correctness_pass": true,
      "dataset": "adversarial_ragged_high_entropy_d2048",
      "dimension": 2048,
      "dot_absolute_radius": 9.62964972193618e-35,
      "elapsed_s": 0.008128881454467773,
      "gamma_dot": 0.0002443195117330004,
      "maximum_dot_error": 1.7197634580301546e-08,
      "maximum_dot_radius": 0.00024431951282024195,
      "maximum_interval_width": 0.0009772781131802688,
      "query_objects": 4,
      "query_tokens": 22
    }
  ],
  "constants": {
    "absolute_reconstruction_guard": 1e-12,
    "containment_guard": 2e-10,
    "dot_path_operations": "2D+2",
    "fp64_reconstruction_factor": 32.0,
    "underflow_floor": "4D*tiny32",
    "unit_roundoff": 5.960464477539063e-08
  },
  "correctness_pass": true,
  "datasets": [
    {
      "base_objects": 512,
      "base_tokens": 2560,
      "cells": [
        {
          "baseline_ambiguous_fraction": 3.0517578125e-05,
          "baseline_ambiguous_objects": 2,
          "baseline_count": 128,
          "baseline_duplicate_ids": 0,
          "baseline_ids_sha256": "9fcc06e33bd9766ea6c0d89d03bcd826a401fda2a3e3a131926651b15c26dc28",
          "baseline_mismatches": 0,
          "baseline_overflow": 0,
          "candidate_baseline_mismatches": 0,
          "candidate_count": 128,
          "candidate_ids_sha256": "9fcc06e33bd9766ea6c0d89d03bcd826a401fda2a3e3a131926651b15c26dc28",
          "candidate_mismatches": 0,
          "correctness_pass": true,
          "dot_radius_violations": 0,
          "object_lower_containment_violations": 0,
          "object_upper_containment_violations": 0,
          "oracle_count": 128,
          "oracle_ids_sha256": "9fcc06e33bd9766ea6c0d89d03bcd826a401fda2a3e3a131926651b15c26dc28",
          "target_results_per_query": 1,
          "threshold": 0.10046949360590472,
          "token_lower_containment_violations": 0,
          "token_upper_containment_violations": 0,
          "unsafe_direct_accepts": 0,
          "unsafe_direct_rejects": 0
        },
        {
          "baseline_ambiguous_fraction": 0.0001373291015625,
          "baseline_ambiguous_objects": 9,
          "baseline_count": 1024,
          "baseline_duplicate_ids": 0,
          "baseline_ids_sha256": "60f74a68af4b2eb4cd723db53c8ea3c2f2fa3ef22134dc87137145d88dec3a74",
          "baseline_mismatches": 0,
          "baseline_overflow": 0,
          "candidate_baseline_mismatches": 0,
          "candidate_count": 1024,
          "candidate_ids_sha256": "60f74a68af4b2eb4cd723db53c8ea3c2f2fa3ef22134dc87137145d88dec3a74",
          "candidate_mismatches": 0,
          "correctness_pass": true,
          "dot_radius_violations": 0,
          "object_lower_containment_violations": 0,
          "object_upper_containment_violations": 0,
          "oracle_count": 1024,
          "oracle_ids_sha256": "60f74a68af4b2eb4cd723db53c8ea3c2f2fa3ef22134dc87137145d88dec3a74",
          "target_results_per_query": 8,
          "threshold": 0.21376101900257954,
          "token_lower_containment_violations": 0,
          "token_upper_containment_violations": 0,
          "unsafe_direct_accepts": 0,
          "unsafe_direct_rejects": 0
        }
      ],
      "correctness_pass": true,
      "dataset": "esc50_panns",
      "dimension": 2048,
      "dot_absolute_radius": 9.62964972193618e-35,
      "elapsed_s": 21.555644035339355,
      "gamma_dot": 0.0002443195117330004,
      "maximum_dot_error": 2.0169365622102475e-07,
      "maximum_dot_radius": 0.0002443195264012361,
      "maximum_interval_width": 0.0009772781675145836,
      "query_objects": 128,
      "query_tokens": 640
    },
    {
      "base_objects": 512,
      "base_tokens": 2684,
      "cells": [
        {
          "baseline_ambiguous_fraction": 0.0,
          "baseline_ambiguous_objects": 0,
          "baseline_count": 128,
          "baseline_duplicate_ids": 0,
          "baseline_ids_sha256": "255b61572c53be4acb2db267f672c6cd4e922bf6b3ee8c6049e395ca09b41c62",
          "baseline_mismatches": 0,
          "baseline_overflow": 0,
          "candidate_baseline_mismatches": 0,
          "candidate_count": 128,
          "candidate_ids_sha256": "255b61572c53be4acb2db267f672c6cd4e922bf6b3ee8c6049e395ca09b41c62",
          "candidate_mismatches": 0,
          "correctness_pass": true,
          "dot_radius_violations": 0,
          "object_lower_containment_violations": 0,
          "object_upper_containment_violations": 0,
          "oracle_count": 128,
          "oracle_ids_sha256": "255b61572c53be4acb2db267f672c6cd4e922bf6b3ee8c6049e395ca09b41c62",
          "target_results_per_query": 1,
          "threshold": 0.4127116006737944,
          "token_lower_containment_violations": 0,
          "token_upper_containment_violations": 0,
          "unsafe_direct_accepts": 0,
          "unsafe_direct_rejects": 0
        },
        {
          "baseline_ambiguous_fraction": 6.103515625e-05,
          "baseline_ambiguous_objects": 4,
          "baseline_count": 1024,
          "baseline_duplicate_ids": 0,
          "baseline_ids_sha256": "57f58123992959d95510cb7bdf2c13ea5132a158346b525e0af031a775602d79",
          "baseline_mismatches": 0,
          "baseline_overflow": 0,
          "candidate_baseline_mismatches": 0,
          "candidate_count": 1024,
          "candidate_ids_sha256": "57f58123992959d95510cb7bdf2c13ea5132a158346b525e0af031a775602d79",
          "candidate_mismatches": 0,
          "correctness_pass": true,
          "dot_radius_violations": 0,
          "object_lower_containment_violations": 0,
          "object_upper_containment_violations": 0,
          "oracle_count": 1024,
          "oracle_ids_sha256": "57f58123992959d95510cb7bdf2c13ea5132a158346b525e0af031a775602d79",
          "target_results_per_query": 8,
          "threshold": 0.5390221500257888,
          "token_lower_containment_violations": 0,
          "token_upper_containment_violations": 0,
          "unsafe_direct_accepts": 0,
          "unsafe_direct_rejects": 0
        }
      ],
      "correctness_pass": true,
      "dataset": "ucf101_r3d18",
      "dimension": 512,
      "dot_absolute_radius": 2.407412430484045e-35,
      "elapsed_s": 7.106292486190796,
      "gamma_dot": 6.115810562469786e-05,
      "maximum_dot_error": 4.0826742697674945e-07,
      "maximum_dot_radius": 6.115810929303145e-05,
      "maximum_interval_width": 0.00024463243870065376,
      "query_objects": 128,
      "query_tokens": 662
    }
  ],
  "environment": {
    "compute_capability": [
      12,
      0
    ],
    "cublas": {
      "algorithm": -1,
      "compute_type": 69,
      "handle": 483545952,
      "input_output_type": 0,
      "library": "@TENSORJOIN_ROOT@/isaacsim6/env/lib/python3.12/site-packages/nvidia/cu13/lib/libcublas.so.13",
      "library_sha256": "e70f38efabe986acd5eb683497c62f0f1730a6176ee291d9d24c6e339d1fbf86",
      "math_mode": 2,
      "nvidia_tf32_override": "0",
      "pointer_mode": 0,
      "required_math_mode": 2,
      "version": 130100
    },
    "gpu": "NVIDIA RTX PRO 6000 Blackwell Server Edition",
    "host": "gpu-host-8",
    "numpy": "2.3.1",
    "nvidia_smi": "1, NVIDIA RTX PRO 6000 Blackwell Server Edition, GPU-daa88abc-ce4a-aa1c-c896-ae528bf9bce3, 590.48.01, P0, 86.56 W, 828 MiB, 0 %",
    "physical_gpu": 1,
    "python": "3.12.3 (main, Jun 19 2026, 12:46:00) [GCC 13.3.0]",
    "torch": "2.11.0+cu130",
    "torch_cuda_build": "13.0",
    "triton": "3.6.0"
  },
  "experiment_id": "tensorjoin_20260903_h2b_p1_pedantic_correctness",
  "phase": "correctness_single_process",
  "rectangular_smokes": [
    {
      "dimension": 512,
      "dot_radius_violations": 0,
      "maximum_dot_error": 1.2530784673780992e-08,
      "maximum_dot_radius": 6.11581058655271e-05,
      "pass": true,
      "shape": [
        5,
        7,
        512
      ]
    },
    {
      "dimension": 2048,
      "dot_radius_violations": 0,
      "maximum_dot_error": 7.31679213137465e-09,
      "maximum_dot_radius": 0.0002443195124317606,
      "pass": true,
      "shape": [
        5,
        7,
        2048
      ]
    }
  ],
  "sources": {
    "h1_kernel_sha256": "c24d6e94b81dc94f8ad50699eadac82a8a593e175c519a8d704947ab8e5db0db",
    "h1_runner_sha256": "11aaa72447266fef26286d80cbbe0bd22bc1626af437c0c9a0b121352600713e",
    "h2b_p0_sha256": "7b514ab72359320dd51384d9a791e3467be6f02417932ce0125fe0e0128c21e4",
    "kernel_sha256": "33103f092b50241944f9bfcee0851fdab2a9578067ecc217ebaa706d132dfb43",
    "runner_sha256": "d747b7c28e7fb1f196a45ce45ce027710cae338f876c973c8f98be4ca966eef1"
  }
}
