========= COMPUTE-SANITIZER
@TENSORJOIN_ROOT@/isaacsim6/env/lib/python3.12/site-packages/torch/cuda/__init__.py:1243: UserWarning: Attempting to run cuBLAS, but there was no current CUDA context! Attempting to set the primary context... (Triggered internally at /pytorch/aten/src/ATen/cuda/CublasHandlePool.cpp:335.)
  return torch._C._cuda_getCurrentBlasHandle()
P3_SAFETY {"base_objects": 512, "base_tokens": 2560, "cublas": {"algorithm": -1, "compute_type": 69, "handle": 896802960, "input_output_type": 0, "library": "@TENSORJOIN_ROOT@/isaacsim6/env/lib/python3.12/site-packages/nvidia/cu13/lib/libcublas.so.13", "library_sha256": "e70f38efabe986acd5eb683497c62f0f1730a6176ee291d9d24c6e339d1fbf86", "math_mode": 2, "nvidia_tf32_override": "0", "pointer_mode": 0, "required_math_mode": 2, "version": 130100}, "dataset": "esc50_panns", "dimension": 2048, "experiment_id": "tensorjoin_20260903_h2b_p3_safety_stress", "operator": "pedantic SGEMM -> fused object certificate/compaction -> dynamic count -> exact FP64 repair -> final sorted IDs", "output": {"ambiguous_count": 9, "direct_accept_count": 1021, "duplicate_ids": 0, "expected_ambiguous_count": 9, "expected_count": 1024, "expected_ids_sha256": "60f74a68af4b2eb4cd723db53c8ea3c2f2fa3ef22134dc87137145d88dec3a74", "final_count": 1024, "ids_sha256": "60f74a68af4b2eb4cd723db53c8ea3c2f2fa3ef22134dc87137145d88dec3a74", "overflow": 0, "pass": true}, "phase": "full_actual_data_safety", "query_objects": 128, "query_tokens": 640, "sources": {"p1_correctness_sha256": "68f7e58713e4552ab43743b4a1b089a0b3df046d298f20b01f1ca6e889387e99", "p1_kernel_sha256": "33103f092b50241944f9bfcee0851fdab2a9578067ecc217ebaa706d132dfb43", "p1_runner_sha256": "d747b7c28e7fb1f196a45ce45ce027710cae338f876c973c8f98be4ca966eef1", "p2_audit_sha256": "c4145a0ea0c2f2f3e86bbe6e0d49d106c0ea8a6ac50401fce4c098d2eab94d77", "runner_sha256": "414222764ce1e6bebc3fecc35c0e498ec95bfb759bb3a3c3e3547b435e979f86"}, "target_results_per_query": 8}
========= Leaked 14680064 bytes at 0x7276f2000000
=========     Saved host backtrace up to driver entry point at allocation time
=========         Host Frame:  [0x41b5d] in libcudart.so.13
=========         Host Frame:  [0x146f2] in libcudart.so.13
=========         Host Frame: cudaMalloc [0x50c56] in libcudart.so.13
=========         Host Frame: c10::cuda::CUDACachingAllocator::Native::DeviceCachingAllocator::alloc_block(c10::cuda::CUDACachingAllocator::Native::(anonymous namespace)::AllocParams&, bool, std::shared_ptr<c10::GatheredContext> const&, std::unique_lock<std::recursive_mutex>&) [0x2f4ca] in libc10_cuda.so
=========         Host Frame: c10::cuda::CUDACachingAllocator::Native::DeviceCachingAllocator::malloc(unsigned long, CUstream_st*) [0x42727] in libc10_cuda.so
=========         Host Frame: c10::cuda::CUDACachingAllocator::Native::NativeCachingAllocator::malloc(void**, signed char, unsigned long, CUstream_st*) [0x445e1] in libc10_cuda.so
=========         Host Frame: c10::cuda::CUDACachingAllocator::Native::NativeCachingAllocator::allocate(unsigned long) [0x44c9e] in libc10_cuda.so
=========         Host Frame: at::detail::empty_generic(c10::ArrayRef<long>, c10::Allocator*, c10::DispatchKeySet, c10::ScalarType, std::optional<c10::MemoryFormat>) [0x197746b] in libtorch_cpu.so
=========         Host Frame: at::detail::empty_cuda(c10::ArrayRef<long>, c10::ScalarType, std::optional<c10::Device>, std::optional<c10::MemoryFormat>) [0xcd035e] in libtorch_cuda.so
=========         Host Frame: at::detail::empty_cuda(c10::ArrayRef<long>, std::optional<c10::ScalarType>, std::optional<c10::Layout>, std::optional<c10::Device>, std::optional<bool>, std::optional<c10::MemoryFormat>) [0xcd056d] in libtorch_cuda.so
=========         Host Frame: at::native::empty_cuda(c10::ArrayRef<long>, std::optional<c10::ScalarType>, std::optional<c10::Layout>, std::optional<c10::Device>, std::optional<bool>, std::optional<c10::MemoryFormat>) [0xfea1f2] in libtorch_cuda.so
=========         Host Frame: at::(anonymous namespace)::(anonymous namespace)::wrapper_CUDA_memory_format_empty(c10::ArrayRef<c10::SymInt>, std::optional<c10::ScalarType>, std::optional<c10::Layout>, std::optional<c10::Device>, std::optional<bool>, std::optional<c10::MemoryFormat>) [0x36aa701] in libtorch_cuda.so
=========         Host Frame: c10::impl::wrap_kernel_functor_unboxed_<c10::impl::detail::WrapFunctionIntoFunctor_<c10::CompileTimeFunctionPointer<at::Tensor (c10::ArrayRef<c10::SymInt>, std::optional<c10::ScalarType>, std::optional<c10::Layout>, std::optional<c10::Device>, std::optional<bool>, std::optional<c10::MemoryFormat>), &at::(anonymous namespace)::(anonymous namespace)::wrapper_CUDA_memory_format_empty>, at::Tensor, c10::guts::typelist::typelist<c10::ArrayRef<c10::SymInt>, std::optional<c10::ScalarType>, std::optional<c10::Layout>, std::optional<c10::Device>, std::optional<bool>, std::optional<c10::MemoryFormat> > >, at::Tensor (c10::ArrayRef<c10::SymInt>, std::optional<c10::ScalarType>, std::optional<c10::Layout>, std::optional<c10::Device>, std::optional<bool>, std::optional<c10::MemoryFormat>)>::call(c10::OperatorKernel*, c10::DispatchKeySet, c10::ArrayRef<c10::SymInt>, std::optional<c10::ScalarType>, std::optional<c10::Layout>, std::optional<c10::Device>, std::optional<bool>, std::optional<c10::MemoryFormat>) [0x36aa81b] in libtorch_cuda.so
=========         Host Frame: at::_ops::empty_memory_format::redispatch(c10::DispatchKeySet, c10::ArrayRef<c10::SymInt>, std::optional<c10::ScalarType>, std::optional<c10::Layout>, std::optional<c10::Device>, std::optional<bool>, std::optional<c10::MemoryFormat>) [0x2aafcf5] in libtorch_cpu.so
=========         Host Frame: c10::impl::wrap_kernel_functor_unboxed_<c10::impl::detail::WrapFunctionIntoFunctor_<c10::CompileTimeFunctionPointer<at::Tensor (c10::ArrayRef<c10::SymInt>, std::optional<c10::ScalarType>, std::optional<c10::Layout>, std::optional<c10::Device>, std::optional<bool>, std::optional<c10::MemoryFormat>), &at::(anonymous namespace)::empty_memory_format>, at::Tensor, c10::guts::typelist::typelist<c10::ArrayRef<c10::SymInt>, std::optional<c10::ScalarType>, std::optional<c10::Layout>, std::optional<c10::Device>, std::optional<bool>, std::optional<c10::MemoryFormat> > >, at::Tensor (c10::ArrayRef<c10::SymInt>, std::optional<c10::ScalarType>, std::optional<c10::Layout>, std::optional<c10::Device>, std::optional<bool>, std::optional<c10::MemoryFormat>)>::call(c10::OperatorKernel*, c10::DispatchKeySet, c10::ArrayRef<c10::SymInt>, std::optional<c10::ScalarType>, std::optional<c10::Layout>, std::optional<c10::Device>, std::optional<bool>, std::optional<c10::MemoryFormat>) [0x2f19ec8] in libtorch_cpu.so
=========         Host Frame: at::_ops::empty_memory_format::call(c10::ArrayRef<c10::SymInt>, std::optional<c10::ScalarType>, std::optional<c10::Layout>, std::optional<c10::Device>, std::optional<bool>, std::optional<c10::MemoryFormat>) [0x2b84833] in libtorch_cpu.so
=========         Host Frame: torch::autograd::THPVariable_empty(_object*, _object*, _object*) [0x5eb170] in libtorch_python.so
=========         Host Frame:  [0x181c5e] in python
=========         Host Frame: _PyObject_MakeTpCall [0x148ffd] in python
=========         Host Frame: _PyEval_EvalFrameDefault [0x1d6f08] in python
=========         Host Frame: PyEval_EvalCode [0x1d544a] in python
=========         Host Frame:  [0x2085a1] in python
=========         Host Frame:  [0x2b5032] in python
=========         Host Frame: _PyRun_SimpleFileObject [0x2b4d99] in python
=========         Host Frame: _PyRun_AnyFileObject [0x2b4bce] in python
=========         Host Frame: Py_RunMain [0x2bcc34] in python
=========         Host Frame: Py_BytesMain [0x2bc71c] in python
=========         Host Frame:  [0x2a1c9] in libc.so.6
=========         Host Frame: __libc_start_main [0x2a28a] in libc.so.6
=========         Host Frame: _start [0x257bc4] in python
=========         Host Frame: make_state in run_h2b_p1_pedantic_correctness.py:354
=========         Host Frame: run_safety in run_h2b_p3_safety_stress.py:104
=========         Host Frame: main in run_h2b_p3_safety_stress.py:257
========= 
========= Leaked 33554432 bytes at 0x7276f4000000
=========     Saved host backtrace up to driver entry point at allocation time
=========         Host Frame:  [0x41b5d] in libcudart.so.13
=========         Host Frame:  [0x146f2] in libcudart.so.13
=========         Host Frame: cudaMalloc [0x50c56] in libcudart.so.13
=========         Host Frame: c10::cuda::CUDACachingAllocator::Native::DeviceCachingAllocator::alloc_block(c10::cuda::CUDACachingAllocator::Native::(anonymous namespace)::AllocParams&, bool, std::shared_ptr<c10::GatheredContext> const&, std::unique_lock<std::recursive_mutex>&) [0x2f4ca] in libc10_cuda.so
=========         Host Frame: c10::cuda::CUDACachingAllocator::Native::DeviceCachingAllocator::malloc(unsigned long, CUstream_st*) [0x42727] in libc10_cuda.so
=========         Host Frame: c10::cuda::CUDACachingAllocator::Native::NativeCachingAllocator::malloc(void**, signed char, unsigned long, CUstream_st*) [0x445e1] in libc10_cuda.so
=========         Host Frame: c10::cuda::CUDACachingAllocator::Native::NativeCachingAllocator::allocate(unsigned long) [0x44c9e] in libc10_cuda.so
=========         Host Frame: at::detail::empty_generic(c10::ArrayRef<long>, c10::Allocator*, c10::DispatchKeySet, c10::ScalarType, std::optional<c10::MemoryFormat>) [0x197746b] in libtorch_cpu.so
=========         Host Frame: at::detail::empty_cuda(c10::ArrayRef<long>, c10::ScalarType, std::optional<c10::Device>, std::optional<c10::MemoryFormat>) [0xcd035e] in libtorch_cuda.so
=========         Host Frame: at::detail::empty_cuda(c10::ArrayRef<long>, std::optional<c10::ScalarType>, std::optional<c10::Layout>, std::optional<c10::Device>, std::optional<bool>, std::optional<c10::MemoryFormat>) [0xcd056d] in libtorch_cuda.so
=========         Host Frame: at::native::empty_cuda(c10::ArrayRef<long>, std::optional<c10::ScalarType>, std::optional<c10::Layout>, std::optional<c10::Device>, std::optional<bool>, std::optional<c10::MemoryFormat>) [0xfea1f2] in libtorch_cuda.so
=========         Host Frame: at::(anonymous namespace)::(anonymous namespace)::wrapper_CUDA_memory_format_empty(c10::ArrayRef<c10::SymInt>, std::optional<c10::ScalarType>, std::optional<c10::Layout>, std::optional<c10::Device>, std::optional<bool>, std::optional<c10::MemoryFormat>) [0x36aa701] in libtorch_cuda.so
=========         Host Frame: c10::impl::wrap_kernel_functor_unboxed_<c10::impl::detail::WrapFunctionIntoFunctor_<c10::CompileTimeFunctionPointer<at::Tensor (c10::ArrayRef<c10::SymInt>, std::optional<c10::ScalarType>, std::optional<c10::Layout>, std::optional<c10::Device>, std::optional<bool>, std::optional<c10::MemoryFormat>), &at::(anonymous namespace)::(anonymous namespace)::wrapper_CUDA_memory_format_empty>, at::Tensor, c10::guts::typelist::typelist<c10::ArrayRef<c10::SymInt>, std::optional<c10::ScalarType>, std::optional<c10::Layout>, std::optional<c10::Device>, std::optional<bool>, std::optional<c10::MemoryFormat> > >, at::Tensor (c10::ArrayRef<c10::SymInt>, std::optional<c10::ScalarType>, std::optional<c10::Layout>, std::optional<c10::Device>, std::optional<bool>, std::optional<c10::MemoryFormat>)>::call(c10::OperatorKernel*, c10::DispatchKeySet, c10::ArrayRef<c10::SymInt>, std::optional<c10::ScalarType>, std::optional<c10::Layout>, std::optional<c10::Device>, std::optional<bool>, std::optional<c10::MemoryFormat>) [0x36aa81b] in libtorch_cuda.so
=========         Host Frame: at::_ops::empty_memory_format::redispatch(c10::DispatchKeySet, c10::ArrayRef<c10::SymInt>, std::optional<c10::ScalarType>, std::optional<c10::Layout>, std::optional<c10::Device>, std::optional<bool>, std::optional<c10::MemoryFormat>) [0x2aafcf5] in libtorch_cpu.so
=========         Host Frame: c10::impl::wrap_kernel_functor_unboxed_<c10::impl::detail::WrapFunctionIntoFunctor_<c10::CompileTimeFunctionPointer<at::Tensor (c10::ArrayRef<c10::SymInt>, std::optional<c10::ScalarType>, std::optional<c10::Layout>, std::optional<c10::Device>, std::optional<bool>, std::optional<c10::MemoryFormat>), &at::(anonymous namespace)::empty_memory_format>, at::Tensor, c10::guts::typelist::typelist<c10::ArrayRef<c10::SymInt>, std::optional<c10::ScalarType>, std::optional<c10::Layout>, std::optional<c10::Device>, std::optional<bool>, std::optional<c10::MemoryFormat> > >, at::Tensor (c10::ArrayRef<c10::SymInt>, std::optional<c10::ScalarType>, std::optional<c10::Layout>, std::optional<c10::Device>, std::optional<bool>, std::optional<c10::MemoryFormat>)>::call(c10::OperatorKernel*, c10::DispatchKeySet, c10::ArrayRef<c10::SymInt>, std::optional<c10::ScalarType>, std::optional<c10::Layout>, std::optional<c10::Device>, std::optional<bool>, std::optional<c10::MemoryFormat>) [0x2f19ec8] in libtorch_cpu.so
=========         Host Frame: at::_ops::empty_memory_format::call(c10::ArrayRef<c10::SymInt>, std::optional<c10::ScalarType>, std::optional<c10::Layout>, std::optional<c10::Device>, std::optional<bool>, std::optional<c10::MemoryFormat>) [0x2b84833] in libtorch_cpu.so
=========         Host Frame: torch::autograd::THPVariable_empty(_object*, _object*, _object*) [0x5eb170] in libtorch_python.so
=========         Host Frame:  [0x181c5e] in python
=========         Host Frame: _PyObject_MakeTpCall [0x148ffd] in python
=========         Host Frame: _PyEval_EvalFrameDefault [0x1d6f08] in python
=========         Host Frame: PyEval_EvalCode [0x1d544a] in python
=========         Host Frame:  [0x2085a1] in python
=========         Host Frame:  [0x2b5032] in python
=========         Host Frame: _PyRun_SimpleFileObject [0x2b4d99] in python
=========         Host Frame: _PyRun_AnyFileObject [0x2b4bce] in python
=========         Host Frame: Py_RunMain [0x2bcc34] in python
=========         Host Frame: Py_BytesMain [0x2bc71c] in python
=========         Host Frame:  [0x2a1c9] in libc.so.6
=========         Host Frame: __libc_start_main [0x2a28a] in libc.so.6
=========         Host Frame: _start [0x257bc4] in python
=========         Host Frame: make_device_state in run_h1_multivector_gpu_screen.py:351
=========         Host Frame: make_state in run_h2b_p1_pedantic_correctness.py:346
=========         Host Frame: run_safety in run_h2b_p3_safety_stress.py:104
=========         Host Frame: main in run_h2b_p3_safety_stress.py:257
========= 
========= Leaked 14680064 bytes at 0x7276f6000000
=========     Saved host backtrace up to driver entry point at allocation time
=========         Host Frame:  [0x41b5d] in libcudart.so.13
=========         Host Frame:  [0x146f2] in libcudart.so.13
=========         Host Frame: cudaMalloc [0x50c56] in libcudart.so.13
=========         Host Frame: c10::cuda::CUDACachingAllocator::Native::DeviceCachingAllocator::alloc_block(c10::cuda::CUDACachingAllocator::Native::(anonymous namespace)::AllocParams&, bool, std::shared_ptr<c10::GatheredContext> const&, std::unique_lock<std::recursive_mutex>&) [0x2f4ca] in libc10_cuda.so
=========         Host Frame: c10::cuda::CUDACachingAllocator::Native::DeviceCachingAllocator::malloc(unsigned long, CUstream_st*) [0x42727] in libc10_cuda.so
=========         Host Frame: c10::cuda::CUDACachingAllocator::Native::NativeCachingAllocator::malloc(void**, signed char, unsigned long, CUstream_st*) [0x445e1] in libc10_cuda.so
=========         Host Frame: c10::cuda::CUDACachingAllocator::Native::NativeCachingAllocator::allocate(unsigned long) [0x44c9e] in libc10_cuda.so
=========         Host Frame: at::detail::empty_generic(c10::ArrayRef<long>, c10::Allocator*, c10::DispatchKeySet, c10::ScalarType, std::optional<c10::MemoryFormat>) [0x197746b] in libtorch_cpu.so
=========         Host Frame: at::detail::empty_cuda(c10::ArrayRef<long>, c10::ScalarType, std::optional<c10::Device>, std::optional<c10::MemoryFormat>) [0xcd035e] in libtorch_cuda.so
=========         Host Frame: at::detail::empty_cuda(c10::ArrayRef<long>, std::optional<c10::ScalarType>, std::optional<c10::Layout>, std::optional<c10::Device>, std::optional<bool>, std::optional<c10::MemoryFormat>) [0xcd056d] in libtorch_cuda.so
=========         Host Frame: at::native::empty_cuda(c10::ArrayRef<long>, std::optional<c10::ScalarType>, std::optional<c10::Layout>, std::optional<c10::Device>, std::optional<bool>, std::optional<c10::MemoryFormat>) [0xfea1f2] in libtorch_cuda.so
=========         Host Frame: at::(anonymous namespace)::(anonymous namespace)::wrapper_CUDA_memory_format_empty(c10::ArrayRef<c10::SymInt>, std::optional<c10::ScalarType>, std::optional<c10::Layout>, std::optional<c10::Device>, std::optional<bool>, std::optional<c10::MemoryFormat>) [0x36aa701] in libtorch_cuda.so
=========         Host Frame: c10::impl::wrap_kernel_functor_unboxed_<c10::impl::detail::WrapFunctionIntoFunctor_<c10::CompileTimeFunctionPointer<at::Tensor (c10::ArrayRef<c10::SymInt>, std::optional<c10::ScalarType>, std::optional<c10::Layout>, std::optional<c10::Device>, std::optional<bool>, std::optional<c10::MemoryFormat>), &at::(anonymous namespace)::(anonymous namespace)::wrapper_CUDA_memory_format_empty>, at::Tensor, c10::guts::typelist::typelist<c10::ArrayRef<c10::SymInt>, std::optional<c10::ScalarType>, std::optional<c10::Layout>, std::optional<c10::Device>, std::optional<bool>, std::optional<c10::MemoryFormat> > >, at::Tensor (c10::ArrayRef<c10::SymInt>, std::optional<c10::ScalarType>, std::optional<c10::Layout>, std::optional<c10::Device>, std::optional<bool>, std::optional<c10::MemoryFormat>)>::call(c10::OperatorKernel*, c10::DispatchKeySet, c10::ArrayRef<c10::SymInt>, std::optional<c10::ScalarType>, std::optional<c10::Layout>, std::optional<c10::Device>, std::optional<bool>, std::optional<c10::MemoryFormat>) [0x36aa81b] in libtorch_cuda.so
=========         Host Frame: at::_ops::empty_memory_format::redispatch(c10::DispatchKeySet, c10::ArrayRef<c10::SymInt>, std::optional<c10::ScalarType>, std::optional<c10::Layout>, std::optional<c10::Device>, std::optional<bool>, std::optional<c10::MemoryFormat>) [0x2aafcf5] in libtorch_cpu.so
=========         Host Frame: c10::impl::wrap_kernel_functor_unboxed_<c10::impl::detail::WrapFunctionIntoFunctor_<c10::CompileTimeFunctionPointer<at::Tensor (c10::ArrayRef<c10::SymInt>, std::optional<c10::ScalarType>, std::optional<c10::Layout>, std::optional<c10::Device>, std::optional<bool>, std::optional<c10::MemoryFormat>), &at::(anonymous namespace)::empty_memory_format>, at::Tensor, c10::guts::typelist::typelist<c10::ArrayRef<c10::SymInt>, std::optional<c10::ScalarType>, std::optional<c10::Layout>, std::optional<c10::Device>, std::optional<bool>, std::optional<c10::MemoryFormat> > >, at::Tensor (c10::ArrayRef<c10::SymInt>, std::optional<c10::ScalarType>, std::optional<c10::Layout>, std::optional<c10::Device>, std::optional<bool>, std::optional<c10::MemoryFormat>)>::call(c10::OperatorKernel*, c10::DispatchKeySet, c10::ArrayRef<c10::SymInt>, std::optional<c10::ScalarType>, std::optional<c10::Layout>, std::optional<c10::Device>, std::optional<bool>, std::optional<c10::MemoryFormat>) [0x2f19ec8] in libtorch_cpu.so
=========         Host Frame: at::_ops::empty_memory_format::call(c10::ArrayRef<c10::SymInt>, std::optional<c10::ScalarType>, std::optional<c10::Layout>, std::optional<c10::Device>, std::optional<bool>, std::optional<c10::MemoryFormat>) [0x2b84833] in libtorch_cpu.so
=========         Host Frame: torch::autograd::THPVariable_empty(_object*, _object*, _object*) [0x5eb170] in libtorch_python.so
=========         Host Frame:  [0x181c5e] in python
=========         Host Frame: _PyObject_MakeTpCall [0x148ffd] in python
=========         Host Frame: _PyEval_EvalFrameDefault [0x1d6f08] in python
=========         Host Frame: PyEval_EvalCode [0x1d544a] in python
=========         Host Frame:  [0x2085a1] in python
=========         Host Frame:  [0x2b5032] in python
=========         Host Frame: _PyRun_SimpleFileObject [0x2b4d99] in python
=========         Host Frame: _PyRun_AnyFileObject [0x2b4bce] in python
=========         Host Frame: Py_RunMain [0x2bcc34] in python
=========         Host Frame: Py_BytesMain [0x2bc71c] in python
=========         Host Frame:  [0x2a1c9] in libc.so.6
=========         Host Frame: __libc_start_main [0x2a28a] in libc.so.6
=========         Host Frame: _start [0x257bc4] in python
=========         Host Frame: make_device_state in run_h1_multivector_gpu_screen.py:348
=========         Host Frame: make_state in run_h2b_p1_pedantic_correctness.py:346
=========         Host Frame: run_safety in run_h2b_p3_safety_stress.py:104
=========         Host Frame: main in run_h2b_p3_safety_stress.py:257
========= 
========= Leaked 14680064 bytes at 0x7276f7000000
=========     Saved host backtrace up to driver entry point at allocation time
=========         Host Frame:  [0x41b5d] in libcudart.so.13
=========         Host Frame:  [0x146f2] in libcudart.so.13
=========         Host Frame: cudaMalloc [0x50c56] in libcudart.so.13
=========         Host Frame: c10::cuda::CUDACachingAllocator::Native::DeviceCachingAllocator::alloc_block(c10::cuda::CUDACachingAllocator::Native::(anonymous namespace)::AllocParams&, bool, std::shared_ptr<c10::GatheredContext> const&, std::unique_lock<std::recursive_mutex>&) [0x2f4ca] in libc10_cuda.so
=========         Host Frame: c10::cuda::CUDACachingAllocator::Native::DeviceCachingAllocator::malloc(unsigned long, CUstream_st*) [0x42727] in libc10_cuda.so
=========         Host Frame: c10::cuda::CUDACachingAllocator::Native::NativeCachingAllocator::malloc(void**, signed char, unsigned long, CUstream_st*) [0x445e1] in libc10_cuda.so
=========         Host Frame: c10::cuda::CUDACachingAllocator::Native::NativeCachingAllocator::allocate(unsigned long) [0x44c9e] in libc10_cuda.so
=========         Host Frame: at::detail::empty_generic(c10::ArrayRef<long>, c10::Allocator*, c10::DispatchKeySet, c10::ScalarType, std::optional<c10::MemoryFormat>) [0x197746b] in libtorch_cpu.so
=========         Host Frame: at::detail::empty_cuda(c10::ArrayRef<long>, c10::ScalarType, std::optional<c10::Device>, std::optional<c10::MemoryFormat>) [0xcd035e] in libtorch_cuda.so
=========         Host Frame: at::detail::empty_cuda(c10::ArrayRef<long>, std::optional<c10::ScalarType>, std::optional<c10::Layout>, std::optional<c10::Device>, std::optional<bool>, std::optional<c10::MemoryFormat>) [0xcd056d] in libtorch_cuda.so
=========         Host Frame: at::native::empty_cuda(c10::ArrayRef<long>, std::optional<c10::ScalarType>, std::optional<c10::Layout>, std::optional<c10::Device>, std::optional<bool>, std::optional<c10::MemoryFormat>) [0xfea1f2] in libtorch_cuda.so
=========         Host Frame: at::(anonymous namespace)::(anonymous namespace)::wrapper_CUDA_memory_format_empty(c10::ArrayRef<c10::SymInt>, std::optional<c10::ScalarType>, std::optional<c10::Layout>, std::optional<c10::Device>, std::optional<bool>, std::optional<c10::MemoryFormat>) [0x36aa701] in libtorch_cuda.so
=========         Host Frame: c10::impl::wrap_kernel_functor_unboxed_<c10::impl::detail::WrapFunctionIntoFunctor_<c10::CompileTimeFunctionPointer<at::Tensor (c10::ArrayRef<c10::SymInt>, std::optional<c10::ScalarType>, std::optional<c10::Layout>, std::optional<c10::Device>, std::optional<bool>, std::optional<c10::MemoryFormat>), &at::(anonymous namespace)::(anonymous namespace)::wrapper_CUDA_memory_format_empty>, at::Tensor, c10::guts::typelist::typelist<c10::ArrayRef<c10::SymInt>, std::optional<c10::ScalarType>, std::optional<c10::Layout>, std::optional<c10::Device>, std::optional<bool>, std::optional<c10::MemoryFormat> > >, at::Tensor (c10::ArrayRef<c10::SymInt>, std::optional<c10::ScalarType>, std::optional<c10::Layout>, std::optional<c10::Device>, std::optional<bool>, std::optional<c10::MemoryFormat>)>::call(c10::OperatorKernel*, c10::DispatchKeySet, c10::ArrayRef<c10::SymInt>, std::optional<c10::ScalarType>, std::optional<c10::Layout>, std::optional<c10::Device>, std::optional<bool>, std::optional<c10::MemoryFormat>) [0x36aa81b] in libtorch_cuda.so
=========         Host Frame: at::_ops::empty_memory_format::redispatch(c10::DispatchKeySet, c10::ArrayRef<c10::SymInt>, std::optional<c10::ScalarType>, std::optional<c10::Layout>, std::optional<c10::Device>, std::optional<bool>, std::optional<c10::MemoryFormat>) [0x2aafcf5] in libtorch_cpu.so
=========         Host Frame: c10::impl::wrap_kernel_functor_unboxed_<c10::impl::detail::WrapFunctionIntoFunctor_<c10::CompileTimeFunctionPointer<at::Tensor (c10::ArrayRef<c10::SymInt>, std::optional<c10::ScalarType>, std::optional<c10::Layout>, std::optional<c10::Device>, std::optional<bool>, std::optional<c10::MemoryFormat>), &at::(anonymous namespace)::empty_memory_format>, at::Tensor, c10::guts::typelist::typelist<c10::ArrayRef<c10::SymInt>, std::optional<c10::ScalarType>, std::optional<c10::Layout>, std::optional<c10::Device>, std::optional<bool>, std::optional<c10::MemoryFormat> > >, at::Tensor (c10::ArrayRef<c10::SymInt>, std::optional<c10::ScalarType>, std::optional<c10::Layout>, std::optional<c10::Device>, std::optional<bool>, std::optional<c10::MemoryFormat>)>::call(c10::OperatorKernel*, c10::DispatchKeySet, c10::ArrayRef<c10::SymInt>, std::optional<c10::ScalarType>, std::optional<c10::Layout>, std::optional<c10::Device>, std::optional<bool>, std::optional<c10::MemoryFormat>) [0x2f19ec8] in libtorch_cpu.so
=========         Host Frame: at::_ops::empty_memory_format::call(c10::ArrayRef<c10::SymInt>, std::optional<c10::ScalarType>, std::optional<c10::Layout>, std::optional<c10::Device>, std::optional<bool>, std::optional<c10::MemoryFormat>) [0x2b84833] in libtorch_cpu.so
=========         Host Frame: torch::autograd::THPVariable_empty(_object*, _object*, _object*) [0x5eb170] in libtorch_python.so
=========         Host Frame:  [0x181c5e] in python
=========         Host Frame: _PyObject_MakeTpCall [0x148ffd] in python
=========         Host Frame: _PyEval_EvalFrameDefault [0x1d6f08] in python
=========         Host Frame: PyEval_EvalCode [0x1d544a] in python
=========         Host Frame:  [0x2085a1] in python
=========         Host Frame:  [0x2b5032] in python
=========         Host Frame: _PyRun_SimpleFileObject [0x2b4d99] in python
=========         Host Frame: _PyRun_AnyFileObject [0x2b4bce] in python
=========         Host Frame: Py_RunMain [0x2bcc34] in python
=========         Host Frame: Py_BytesMain [0x2bc71c] in python
=========         Host Frame:  [0x2a1c9] in libc.so.6
=========         Host Frame: __libc_start_main [0x2a28a] in libc.so.6
=========         Host Frame: _start [0x257bc4] in python
=========         Host Frame: make_state in run_h2b_p1_pedantic_correctness.py:353
=========         Host Frame: run_safety in run_h2b_p3_safety_stress.py:104
=========         Host Frame: main in run_h2b_p3_safety_stress.py:257
========= 
========= Leaked 20971520 bytes at 0x7276f8000000
=========     Saved host backtrace up to driver entry point at allocation time
=========         Host Frame:  [0x41b5d] in libcudart.so.13
=========         Host Frame:  [0x146f2] in libcudart.so.13
=========         Host Frame: cudaMalloc [0x50c56] in libcudart.so.13
=========         Host Frame: c10::cuda::CUDACachingAllocator::Native::DeviceCachingAllocator::alloc_block(c10::cuda::CUDACachingAllocator::Native::(anonymous namespace)::AllocParams&, bool, std::shared_ptr<c10::GatheredContext> const&, std::unique_lock<std::recursive_mutex>&) [0x2f4ca] in libc10_cuda.so
=========         Host Frame: c10::cuda::CUDACachingAllocator::Native::DeviceCachingAllocator::malloc(unsigned long, CUstream_st*) [0x42727] in libc10_cuda.so
=========         Host Frame: c10::cuda::CUDACachingAllocator::Native::NativeCachingAllocator::malloc(void**, signed char, unsigned long, CUstream_st*) [0x445e1] in libc10_cuda.so
=========         Host Frame: c10::cuda::CUDACachingAllocator::Native::NativeCachingAllocator::allocate(unsigned long) [0x44c9e] in libc10_cuda.so
=========         Host Frame: at::detail::empty_generic(c10::ArrayRef<long>, c10::Allocator*, c10::DispatchKeySet, c10::ScalarType, std::optional<c10::MemoryFormat>) [0x197746b] in libtorch_cpu.so
=========         Host Frame: at::detail::empty_cuda(c10::ArrayRef<long>, c10::ScalarType, std::optional<c10::Device>, std::optional<c10::MemoryFormat>) [0xcd035e] in libtorch_cuda.so
=========         Host Frame: at::detail::empty_cuda(c10::ArrayRef<long>, std::optional<c10::ScalarType>, std::optional<c10::Layout>, std::optional<c10::Device>, std::optional<bool>, std::optional<c10::MemoryFormat>) [0xcd056d] in libtorch_cuda.so
=========         Host Frame: at::native::empty_cuda(c10::ArrayRef<long>, std::optional<c10::ScalarType>, std::optional<c10::Layout>, std::optional<c10::Device>, std::optional<bool>, std::optional<c10::MemoryFormat>) [0xfea1f2] in libtorch_cuda.so
=========         Host Frame: at::(anonymous namespace)::(anonymous namespace)::wrapper_CUDA_memory_format_empty(c10::ArrayRef<c10::SymInt>, std::optional<c10::ScalarType>, std::optional<c10::Layout>, std::optional<c10::Device>, std::optional<bool>, std::optional<c10::MemoryFormat>) [0x36aa701] in libtorch_cuda.so
=========         Host Frame: c10::impl::wrap_kernel_functor_unboxed_<c10::impl::detail::WrapFunctionIntoFunctor_<c10::CompileTimeFunctionPointer<at::Tensor (c10::ArrayRef<c10::SymInt>, std::optional<c10::ScalarType>, std::optional<c10::Layout>, std::optional<c10::Device>, std::optional<bool>, std::optional<c10::MemoryFormat>), &at::(anonymous namespace)::(anonymous namespace)::wrapper_CUDA_memory_format_empty>, at::Tensor, c10::guts::typelist::typelist<c10::ArrayRef<c10::SymInt>, std::optional<c10::ScalarType>, std::optional<c10::Layout>, std::optional<c10::Device>, std::optional<bool>, std::optional<c10::MemoryFormat> > >, at::Tensor (c10::ArrayRef<c10::SymInt>, std::optional<c10::ScalarType>, std::optional<c10::Layout>, std::optional<c10::Device>, std::optional<bool>, std::optional<c10::MemoryFormat>)>::call(c10::OperatorKernel*, c10::DispatchKeySet, c10::ArrayRef<c10::SymInt>, std::optional<c10::ScalarType>, std::optional<c10::Layout>, std::optional<c10::Device>, std::optional<bool>, std::optional<c10::MemoryFormat>) [0x36aa81b] in libtorch_cuda.so
=========         Host Frame: at::_ops::empty_memory_format::redispatch(c10::DispatchKeySet, c10::ArrayRef<c10::SymInt>, std::optional<c10::ScalarType>, std::optional<c10::Layout>, std::optional<c10::Device>, std::optional<bool>, std::optional<c10::MemoryFormat>) [0x2aafcf5] in libtorch_cpu.so
=========         Host Frame: c10::impl::wrap_kernel_functor_unboxed_<c10::impl::detail::WrapFunctionIntoFunctor_<c10::CompileTimeFunctionPointer<at::Tensor (c10::ArrayRef<c10::SymInt>, std::optional<c10::ScalarType>, std::optional<c10::Layout>, std::optional<c10::Device>, std::optional<bool>, std::optional<c10::MemoryFormat>), &at::(anonymous namespace)::empty_memory_format>, at::Tensor, c10::guts::typelist::typelist<c10::ArrayRef<c10::SymInt>, std::optional<c10::ScalarType>, std::optional<c10::Layout>, std::optional<c10::Device>, std::optional<bool>, std::optional<c10::MemoryFormat> > >, at::Tensor (c10::ArrayRef<c10::SymInt>, std::optional<c10::ScalarType>, std::optional<c10::Layout>, std::optional<c10::Device>, std::optional<bool>, std::optional<c10::MemoryFormat>)>::call(c10::OperatorKernel*, c10::DispatchKeySet, c10::ArrayRef<c10::SymInt>, std::optional<c10::ScalarType>, std::optional<c10::Layout>, std::optional<c10::Device>, std::optional<bool>, std::optional<c10::MemoryFormat>) [0x2f19ec8] in libtorch_cpu.so
=========         Host Frame: at::_ops::empty_memory_format::call(c10::ArrayRef<c10::SymInt>, std::optional<c10::ScalarType>, std::optional<c10::Layout>, std::optional<c10::Device>, std::optional<bool>, std::optional<c10::MemoryFormat>) [0x2b84833] in libtorch_cpu.so
=========         Host Frame: torch::autograd::THPVariable_empty(_object*, _object*, _object*) [0x5eb170] in libtorch_python.so
=========         Host Frame:  [0x181c5e] in python
=========         Host Frame: _PyObject_MakeTpCall [0x148ffd] in python
=========         Host Frame: _PyEval_EvalFrameDefault [0x1d6f08] in python
=========         Host Frame: PyEval_EvalCode [0x1d544a] in python
=========         Host Frame:  [0x2085a1] in python
=========         Host Frame:  [0x2b5032] in python
=========         Host Frame: _PyRun_SimpleFileObject [0x2b4d99] in python
=========         Host Frame: _PyRun_AnyFileObject [0x2b4bce] in python
=========         Host Frame: Py_RunMain [0x2bcc34] in python
=========         Host Frame: Py_BytesMain [0x2bc71c] in python
=========         Host Frame:  [0x2a1c9] in libc.so.6
=========         Host Frame: __libc_start_main [0x2a28a] in libc.so.6
=========         Host Frame: _start [0x257bc4] in python
=========         Host Frame: make_device_state in run_h1_multivector_gpu_screen.py:338
=========         Host Frame: make_state in run_h2b_p1_pedantic_correctness.py:346
=========         Host Frame: run_safety in run_h2b_p3_safety_stress.py:104
=========         Host Frame: main in run_h2b_p3_safety_stress.py:257
========= 
========= Leaked 2097152 bytes at 0x7276f9400000
=========     Saved host backtrace up to driver entry point at allocation time
=========         Host Frame:  [0x41b5d] in libcudart.so.13
=========         Host Frame:  [0x146f2] in libcudart.so.13
=========         Host Frame: cudaMalloc [0x50c56] in libcudart.so.13
=========         Host Frame: c10::cuda::CUDACachingAllocator::Native::DeviceCachingAllocator::alloc_block(c10::cuda::CUDACachingAllocator::Native::(anonymous namespace)::AllocParams&, bool, std::shared_ptr<c10::GatheredContext> const&, std::unique_lock<std::recursive_mutex>&) [0x2f4ca] in libc10_cuda.so
=========         Host Frame: c10::cuda::CUDACachingAllocator::Native::DeviceCachingAllocator::malloc(unsigned long, CUstream_st*) [0x42727] in libc10_cuda.so
=========         Host Frame: c10::cuda::CUDACachingAllocator::Native::NativeCachingAllocator::malloc(void**, signed char, unsigned long, CUstream_st*) [0x445e1] in libc10_cuda.so
=========         Host Frame: c10::cuda::CUDACachingAllocator::Native::NativeCachingAllocator::allocate(unsigned long) [0x44c9e] in libc10_cuda.so
=========         Host Frame: at::detail::empty_generic(c10::ArrayRef<long>, c10::Allocator*, c10::DispatchKeySet, c10::ScalarType, std::optional<c10::MemoryFormat>) [0x197746b] in libtorch_cpu.so
=========         Host Frame: at::detail::empty_cuda(c10::ArrayRef<long>, c10::ScalarType, std::optional<c10::Device>, std::optional<c10::MemoryFormat>) [0xcd035e] in libtorch_cuda.so
=========         Host Frame: at::detail::empty_cuda(c10::ArrayRef<long>, std::optional<c10::ScalarType>, std::optional<c10::Layout>, std::optional<c10::Device>, std::optional<bool>, std::optional<c10::MemoryFormat>) [0xcd056d] in libtorch_cuda.so
=========         Host Frame: at::native::empty_cuda(c10::ArrayRef<long>, std::optional<c10::ScalarType>, std::optional<c10::Layout>, std::optional<c10::Device>, std::optional<bool>, std::optional<c10::MemoryFormat>) [0xfea1f2] in libtorch_cuda.so
=========         Host Frame: at::(anonymous namespace)::(anonymous namespace)::wrapper_CUDA_memory_format_empty(c10::ArrayRef<c10::SymInt>, std::optional<c10::ScalarType>, std::optional<c10::Layout>, std::optional<c10::Device>, std::optional<bool>, std::optional<c10::MemoryFormat>) [0x36aa701] in libtorch_cuda.so
=========         Host Frame: c10::impl::wrap_kernel_functor_unboxed_<c10::impl::detail::WrapFunctionIntoFunctor_<c10::CompileTimeFunctionPointer<at::Tensor (c10::ArrayRef<c10::SymInt>, std::optional<c10::ScalarType>, std::optional<c10::Layout>, std::optional<c10::Device>, std::optional<bool>, std::optional<c10::MemoryFormat>), &at::(anonymous namespace)::(anonymous namespace)::wrapper_CUDA_memory_format_empty>, at::Tensor, c10::guts::typelist::typelist<c10::ArrayRef<c10::SymInt>, std::optional<c10::ScalarType>, std::optional<c10::Layout>, std::optional<c10::Device>, std::optional<bool>, std::optional<c10::MemoryFormat> > >, at::Tensor (c10::ArrayRef<c10::SymInt>, std::optional<c10::ScalarType>, std::optional<c10::Layout>, std::optional<c10::Device>, std::optional<bool>, std::optional<c10::MemoryFormat>)>::call(c10::OperatorKernel*, c10::DispatchKeySet, c10::ArrayRef<c10::SymInt>, std::optional<c10::ScalarType>, std::optional<c10::Layout>, std::optional<c10::Device>, std::optional<bool>, std::optional<c10::MemoryFormat>) [0x36aa81b] in libtorch_cuda.so
=========         Host Frame: at::_ops::empty_memory_format::redispatch(c10::DispatchKeySet, c10::ArrayRef<c10::SymInt>, std::optional<c10::ScalarType>, std::optional<c10::Layout>, std::optional<c10::Device>, std::optional<bool>, std::optional<c10::MemoryFormat>) [0x2aafcf5] in libtorch_cpu.so
=========         Host Frame: c10::impl::wrap_kernel_functor_unboxed_<c10::impl::detail::WrapFunctionIntoFunctor_<c10::CompileTimeFunctionPointer<at::Tensor (c10::ArrayRef<c10::SymInt>, std::optional<c10::ScalarType>, std::optional<c10::Layout>, std::optional<c10::Device>, std::optional<bool>, std::optional<c10::MemoryFormat>), &at::(anonymous namespace)::empty_memory_format>, at::Tensor, c10::guts::typelist::typelist<c10::ArrayRef<c10::SymInt>, std::optional<c10::ScalarType>, std::optional<c10::Layout>, std::optional<c10::Device>, std::optional<bool>, std::optional<c10::MemoryFormat> > >, at::Tensor (c10::ArrayRef<c10::SymInt>, std::optional<c10::ScalarType>, std::optional<c10::Layout>, std::optional<c10::Device>, std::optional<bool>, std::optional<c10::MemoryFormat>)>::call(c10::OperatorKernel*, c10::DispatchKeySet, c10::ArrayRef<c10::SymInt>, std::optional<c10::ScalarType>, std::optional<c10::Layout>, std::optional<c10::Device>, std::optional<bool>, std::optional<c10::MemoryFormat>) [0x2f19ec8] in libtorch_cpu.so
=========         Host Frame: at::_ops::empty_memory_format::call(c10::ArrayRef<c10::SymInt>, std::optional<c10::ScalarType>, std::optional<c10::Layout>, std::optional<c10::Device>, std::optional<bool>, std::optional<c10::MemoryFormat>) [0x2b84833] in libtorch_cpu.so
=========         Host Frame: torch::autograd::THPVariable_empty(_object*, _object*, _object*) [0x5eb170] in libtorch_python.so
=========         Host Frame:  [0x181c5e] in python
=========         Host Frame: _PyObject_MakeTpCall [0x148ffd] in python
=========         Host Frame: _PyEval_EvalFrameDefault [0x1d6f08] in python
=========         Host Frame: PyEval_EvalCode [0x1d544a] in python
=========         Host Frame:  [0x2085a1] in python
=========         Host Frame:  [0x2b5032] in python
=========         Host Frame: _PyRun_SimpleFileObject [0x2b4d99] in python
=========         Host Frame: _PyRun_AnyFileObject [0x2b4bce] in python
=========         Host Frame: Py_RunMain [0x2bcc34] in python
=========         Host Frame: Py_BytesMain [0x2bc71c] in python
=========         Host Frame:  [0x2a1c9] in libc.so.6
=========         Host Frame: __libc_start_main [0x2a28a] in libc.so.6
=========         Host Frame: _start [0x257bc4] in python
=========         Host Frame: make_device_state in run_h1_multivector_gpu_screen.py:347
=========         Host Frame: make_state in run_h2b_p1_pedantic_correctness.py:346
=========         Host Frame: run_safety in run_h2b_p3_safety_stress.py:104
=========         Host Frame: main in run_h2b_p3_safety_stress.py:257
========= 
========= Leaked 1024 bytes at 0x727724c00000
=========     Saved host backtrace up to driver entry point at allocation time
=========         Host Frame:  [0x5b45ed] in libcublas.so.13
=========         Host Frame:  [0x585c42] in libcublas.so.13
=========         Host Frame:  [0x5c3866] in libcublas.so.13
=========         Host Frame:  [0x218159] in libcublas.so.13
=========         Host Frame:  [0x2179ea] in libcublas.so.13
=========         Host Frame: cublasCreate_v2 [0x169f9c] in libcublas.so.13
=========         Host Frame: at::cuda::getCurrentCUDABlasHandle() [0x3a4bd28] in libtorch_cuda.so
=========         Host Frame: THCPModule_getCurrentBlasHandle_wrap(_object*, _object*) [0xe46767] in libtorch_python.so
=========         Host Frame:  [0x181849] in python
=========         Host Frame: PyObject_Vectorcall [0x149934] in python
=========         Host Frame: _PyEval_EvalFrameDefault [0x1d6f08] in python
=========         Host Frame: _PyObject_Call_Prepend [0x14a781] in python
=========         Host Frame:  [0x19dc3e] in python
=========         Host Frame:  [0x199712] in python
=========         Host Frame: _PyObject_MakeTpCall [0x148f34] in python
=========         Host Frame: _PyEval_EvalFrameDefault [0x1d6f08] in python
=========         Host Frame: PyEval_EvalCode [0x1d544a] in python
=========         Host Frame:  [0x2085a1] in python
=========         Host Frame:  [0x2b5032] in python
=========         Host Frame: _PyRun_SimpleFileObject [0x2b4d99] in python
=========         Host Frame: _PyRun_AnyFileObject [0x2b4bce] in python
=========         Host Frame: Py_RunMain [0x2bcc34] in python
=========         Host Frame: Py_BytesMain [0x2bc71c] in python
=========         Host Frame:  [0x2a1c9] in libc.so.6
=========         Host Frame: __libc_start_main [0x2a28a] in libc.so.6
=========         Host Frame: _start [0x257bc4] in python
=========         Host Frame: current_blas_handle in __init__.py:1243
=========         Host Frame: __init__ in run_h2b_p1_pedantic_correctness.py:223
=========         Host Frame: main in run_h2b_p3_safety_stress.py:255
========= 
========= Leaked 131072 bytes at 0x727724c00400
=========     Saved host backtrace up to driver entry point at allocation time
=========         Host Frame:  [0x5b45ed] in libcublas.so.13
=========         Host Frame:  [0x585c42] in libcublas.so.13
=========         Host Frame:  [0x5c3866] in libcublas.so.13
=========         Host Frame:  [0x218159] in libcublas.so.13
=========         Host Frame:  [0x217a0e] in libcublas.so.13
=========         Host Frame: cublasCreate_v2 [0x169f9c] in libcublas.so.13
=========         Host Frame: at::cuda::getCurrentCUDABlasHandle() [0x3a4bd28] in libtorch_cuda.so
=========         Host Frame: THCPModule_getCurrentBlasHandle_wrap(_object*, _object*) [0xe46767] in libtorch_python.so
=========         Host Frame:  [0x181849] in python
=========         Host Frame: PyObject_Vectorcall [0x149934] in python
=========         Host Frame: _PyEval_EvalFrameDefault [0x1d6f08] in python
=========         Host Frame: _PyObject_Call_Prepend [0x14a781] in python
=========         Host Frame:  [0x19dc3e] in python
=========         Host Frame:  [0x199712] in python
=========         Host Frame: _PyObject_MakeTpCall [0x148f34] in python
=========         Host Frame: _PyEval_EvalFrameDefault [0x1d6f08] in python
=========         Host Frame: PyEval_EvalCode [0x1d544a] in python
=========         Host Frame:  [0x2085a1] in python
=========         Host Frame:  [0x2b5032] in python
=========         Host Frame: _PyRun_SimpleFileObject [0x2b4d99] in python
=========         Host Frame: _PyRun_AnyFileObject [0x2b4bce] in python
=========         Host Frame: Py_RunMain [0x2bcc34] in python
=========         Host Frame: Py_BytesMain [0x2bc71c] in python
=========         Host Frame:  [0x2a1c9] in libc.so.6
=========         Host Frame: __libc_start_main [0x2a28a] in libc.so.6
=========         Host Frame: _start [0x257bc4] in python
=========         Host Frame: current_blas_handle in __init__.py:1243
=========         Host Frame: __init__ in run_h2b_p1_pedantic_correctness.py:223
=========         Host Frame: main in run_h2b_p3_safety_stress.py:255
========= 
========= Leaked 8388608 bytes at 0x727724e00000
=========     Saved host backtrace up to driver entry point at allocation time
=========         Host Frame:  [0x5b45ed] in libcublas.so.13
=========         Host Frame:  [0x585c42] in libcublas.so.13
=========         Host Frame:  [0x5c3866] in libcublas.so.13
=========         Host Frame:  [0x218159] in libcublas.so.13
=========         Host Frame: cublasCreate_v2 [0x169f9c] in libcublas.so.13
=========         Host Frame: at::cuda::getCurrentCUDABlasHandle() [0x3a4bd28] in libtorch_cuda.so
=========         Host Frame: THCPModule_getCurrentBlasHandle_wrap(_object*, _object*) [0xe46767] in libtorch_python.so
=========         Host Frame:  [0x181849] in python
=========         Host Frame: PyObject_Vectorcall [0x149934] in python
=========         Host Frame: _PyEval_EvalFrameDefault [0x1d6f08] in python
=========         Host Frame: _PyObject_Call_Prepend [0x14a781] in python
=========         Host Frame:  [0x19dc3e] in python
=========         Host Frame:  [0x199712] in python
=========         Host Frame: _PyObject_MakeTpCall [0x148f34] in python
=========         Host Frame: _PyEval_EvalFrameDefault [0x1d6f08] in python
=========         Host Frame: PyEval_EvalCode [0x1d544a] in python
=========         Host Frame:  [0x2085a1] in python
=========         Host Frame:  [0x2b5032] in python
=========         Host Frame: _PyRun_SimpleFileObject [0x2b4d99] in python
=========         Host Frame: _PyRun_AnyFileObject [0x2b4bce] in python
=========         Host Frame: Py_RunMain [0x2bcc34] in python
=========         Host Frame: Py_BytesMain [0x2bc71c] in python
=========         Host Frame:  [0x2a1c9] in libc.so.6
=========         Host Frame: __libc_start_main [0x2a28a] in libc.so.6
=========         Host Frame: _start [0x257bc4] in python
=========         Host Frame: current_blas_handle in __init__.py:1243
=========         Host Frame: __init__ in run_h2b_p1_pedantic_correctness.py:223
=========         Host Frame: main in run_h2b_p3_safety_stress.py:255
========= 
========= Leaked 20971520 bytes at 0x727a02000000
=========     Saved host backtrace up to driver entry point at allocation time
=========         Host Frame:  [0x41b5d] in libcudart.so.13
=========         Host Frame:  [0x146f2] in libcudart.so.13
=========         Host Frame: cudaMalloc [0x50c56] in libcudart.so.13
=========         Host Frame: c10::cuda::CUDACachingAllocator::Native::DeviceCachingAllocator::alloc_block(c10::cuda::CUDACachingAllocator::Native::(anonymous namespace)::AllocParams&, bool, std::shared_ptr<c10::GatheredContext> const&, std::unique_lock<std::recursive_mutex>&) [0x2f4ca] in libc10_cuda.so
=========         Host Frame: c10::cuda::CUDACachingAllocator::Native::DeviceCachingAllocator::malloc(unsigned long, CUstream_st*) [0x42727] in libc10_cuda.so
=========         Host Frame: c10::cuda::CUDACachingAllocator::Native::NativeCachingAllocator::malloc(void**, signed char, unsigned long, CUstream_st*) [0x445e1] in libc10_cuda.so
=========         Host Frame: c10::cuda::CUDACachingAllocator::Native::NativeCachingAllocator::allocate(unsigned long) [0x44c9e] in libc10_cuda.so
=========         Host Frame: at::detail::empty_strided_generic(c10::ArrayRef<long>, c10::ArrayRef<long>, c10::Allocator*, c10::DispatchKeySet, c10::ScalarType) [0x1978a94] in libtorch_cpu.so
=========         Host Frame: at::detail::empty_strided_cuda(c10::ArrayRef<long>, c10::ArrayRef<long>, c10::ScalarType, std::optional<c10::Device>) [0xcd073d] in libtorch_cuda.so
=========         Host Frame: at::detail::empty_strided_cuda(c10::ArrayRef<long>, c10::ArrayRef<long>, std::optional<c10::ScalarType>, std::optional<c10::Layout>, std::optional<c10::Device>, std::optional<bool>) [0xcd094e] in libtorch_cuda.so
=========         Host Frame: at::native::empty_strided_cuda(c10::ArrayRef<long>, c10::ArrayRef<long>, std::optional<c10::ScalarType>, std::optional<c10::Layout>, std::optional<c10::Device>, std::optional<bool>) [0xfea288] in libtorch_cuda.so
=========         Host Frame: at::(anonymous namespace)::(anonymous namespace)::wrapper_CUDA__empty_strided(c10::ArrayRef<c10::SymInt>, c10::ArrayRef<c10::SymInt>, std::optional<c10::ScalarType>, std::optional<c10::Layout>, std::optional<c10::Device>, std::optional<bool>) [0x36aaccc] in libtorch_cuda.so
=========         Host Frame: c10::impl::wrap_kernel_functor_unboxed_<c10::impl::detail::WrapFunctionIntoFunctor_<c10::CompileTimeFunctionPointer<at::Tensor (c10::ArrayRef<c10::SymInt>, c10::ArrayRef<c10::SymInt>, std::optional<c10::ScalarType>, std::optional<c10::Layout>, std::optional<c10::Device>, std::optional<bool>), &at::(anonymous namespace)::(anonymous namespace)::wrapper_CUDA__empty_strided>, at::Tensor, c10::guts::typelist::typelist<c10::ArrayRef<c10::SymInt>, c10::ArrayRef<c10::SymInt>, std::optional<c10::ScalarType>, std::optional<c10::Layout>, std::optional<c10::Device>, std::optional<bool> > >, at::Tensor (c10::ArrayRef<c10::SymInt>, c10::ArrayRef<c10::SymInt>, std::optional<c10::ScalarType>, std::optional<c10::Layout>, std::optional<c10::Device>, std::optional<bool>)>::call(c10::OperatorKernel*, c10::DispatchKeySet, c10::ArrayRef<c10::SymInt>, c10::ArrayRef<c10::SymInt>, std::optional<c10::ScalarType>, std::optional<c10::Layout>, std::optional<c10::Device>, std::optional<bool>) [0x36aadce] in libtorch_cuda.so
=========         Host Frame: at::_ops::empty_strided::redispatch(c10::DispatchKeySet, c10::ArrayRef<c10::SymInt>, c10::ArrayRef<c10::SymInt>, std::optional<c10::ScalarType>, std::optional<c10::Layout>, std::optional<c10::Device>, std::optional<bool>) [0x2ab0024] in libtorch_cpu.so
=========         Host Frame: c10::impl::wrap_kernel_functor_unboxed_<c10::impl::detail::WrapFunctionIntoFunctor_<c10::CompileTimeFunctionPointer<at::Tensor (c10::ArrayRef<c10::SymInt>, c10::ArrayRef<c10::SymInt>, std::optional<c10::ScalarType>, std::optional<c10::Layout>, std::optional<c10::Device>, std::optional<bool>), &at::(anonymous namespace)::empty_strided>, at::Tensor, c10::guts::typelist::typelist<c10::ArrayRef<c10::SymInt>, c10::ArrayRef<c10::SymInt>, std::optional<c10::ScalarType>, std::optional<c10::Layout>, std::optional<c10::Device>, std::optional<bool> > >, at::Tensor (c10::ArrayRef<c10::SymInt>, c10::ArrayRef<c10::SymInt>, std::optional<c10::ScalarType>, std::optional<c10::Layout>, std::optional<c10::Device>, std::optional<bool>)>::call(c10::OperatorKernel*, c10::DispatchKeySet, c10::ArrayRef<c10::SymInt>, c10::ArrayRef<c10::SymInt>, std::optional<c10::ScalarType>, std::optional<c10::Layout>, std::optional<c10::Device>, std::optional<bool>) [0x2f19a7d] in libtorch_cpu.so
=========         Host Frame: at::_ops::empty_strided::call(c10::ArrayRef<c10::SymInt>, c10::ArrayRef<c10::SymInt>, std::optional<c10::ScalarType>, std::optional<c10::Layout>, std::optional<c10::Device>, std::optional<bool>) [0x2b86cb7] in libtorch_cpu.so
=========         Host Frame: at::empty_strided(c10::ArrayRef<long>, c10::ArrayRef<long>, c10::TensorOptions) [0x21e8c37] in libtorch_cpu.so
=========         Host Frame: at::native::_to_copy(at::Tensor const&, std::optional<c10::ScalarType>, std::optional<c10::Layout>, std::optional<c10::Device>, std::optional<bool>, bool, std::optional<c10::MemoryFormat>) [0x21e7484] in libtorch_cpu.so
=========         Host Frame: c10::impl::wrap_kernel_functor_unboxed_<c10::impl::detail::WrapFunctionIntoFunctor_<c10::CompileTimeFunctionPointer<at::Tensor (at::Tensor const&, std::optional<c10::ScalarType>, std::optional<c10::Layout>, std::optional<c10::Device>, std::optional<bool>, bool, std::optional<c10::MemoryFormat>), &at::(anonymous namespace)::(anonymous namespace)::wrapper_CompositeExplicitAutograd___to_copy>, at::Tensor, c10::guts::typelist::typelist<at::Tensor const&, std::optional<c10::ScalarType>, std::optional<c10::Layout>, std::optional<c10::Device>, std::optional<bool>, bool, std::optional<c10::MemoryFormat> > >, at::Tensor (at::Tensor const&, std::optional<c10::ScalarType>, std::optional<c10::Layout>, std::optional<c10::Device>, std::optional<bool>, bool, std::optional<c10::MemoryFormat>)>::call(c10::OperatorKernel*, c10::DispatchKeySet, at::Tensor const&, std::optional<c10::ScalarType>, std::optional<c10::Layout>, std::optional<c10::Device>, std::optional<bool>, bool, std::optional<c10::MemoryFormat>) [0x31bca4b] in libtorch_cpu.so
=========         Host Frame: at::_ops::_to_copy::redispatch(c10::DispatchKeySet, at::Tensor const&, std::optional<c10::ScalarType>, std::optional<c10::Layout>, std::optional<c10::Device>, std::optional<bool>, bool, std::optional<c10::MemoryFormat>) [0x27949a1] in libtorch_cpu.so
=========         Host Frame: c10::impl::wrap_kernel_functor_unboxed_<c10::impl::detail::WrapFunctionIntoFunctor_<c10::CompileTimeFunctionPointer<at::Tensor (at::Tensor const&, std::optional<c10::ScalarType>, std::optional<c10::Layout>, std::optional<c10::Device>, std::optional<bool>, bool, std::optional<c10::MemoryFormat>), &at::(anonymous namespace)::_to_copy>, at::Tensor, c10::guts::typelist::typelist<at::Tensor const&, std::optional<c10::ScalarType>, std::optional<c10::Layout>, std::optional<c10::Device>, std::optional<bool>, bool, std::optional<c10::MemoryFormat> > >, at::Tensor (at::Tensor const&, std::optional<c10::ScalarType>, std::optional<c10::Layout>, std::optional<c10::Device>, std::optional<bool>, bool, std::optional<c10::MemoryFormat>)>::call(c10::OperatorKernel*, c10::DispatchKeySet, at::Tensor const&, std::optional<c10::ScalarType>, std::optional<c10::Layout>, std::optional<c10::Device>, std::optional<bool>, bool, std::optional<c10::MemoryFormat>) [0x2f1661a] in libtorch_cpu.so
=========         Host Frame: at::_ops::_to_copy::redispatch(c10::DispatchKeySet, at::Tensor const&, std::optional<c10::ScalarType>, std::optional<c10::Layout>, std::optional<c10::Device>, std::optional<bool>, bool, std::optional<c10::MemoryFormat>) [0x27949a1] in libtorch_cpu.so
=========         Host Frame: torch::autograd::VariableType::(anonymous namespace)::_to_copy(c10::DispatchKeySet, at::Tensor const&, std::optional<c10::ScalarType>, std::optional<c10::Layout>, std::optional<c10::Device>, std::optional<bool>, bool, std::optional<c10::MemoryFormat>) [0x5289122] in libtorch_cpu.so
=========         Host Frame: c10::impl::wrap_kernel_functor_unboxed_<c10::impl::detail::WrapFunctionIntoFunctor_<c10::CompileTimeFunctionPointer<at::Tensor (c10::DispatchKeySet, at::Tensor const&, std::optional<c10::ScalarType>, std::optional<c10::Layout>, std::optional<c10::Device>, std::optional<bool>, bool, std::optional<c10::MemoryFormat>), &torch::autograd::VariableType::(anonymous namespace)::_to_copy>, at::Tensor, c10::guts::typelist::typelist<c10::DispatchKeySet, at::Tensor const&, std::optional<c10::ScalarType>, std::optional<c10::Layout>, std::optional<c10::Device>, std::optional<bool>, bool, std::optional<c10::MemoryFormat> > >, at::Tensor (c10::DispatchKeySet, at::Tensor const&, std::optional<c10::ScalarType>, std::optional<c10::Layout>, std::optional<c10::Device>, std::optional<bool>, bool, std::optional<c10::MemoryFormat>)>::call(c10::OperatorKernel*, c10::DispatchKeySet, at::Tensor const&, std::optional<c10::ScalarType>, std::optional<c10::Layout>, std::optional<c10::Device>, std::optional<bool>, bool, std::optional<c10::MemoryFormat>) [0x52895fe] in libtorch_cpu.so
=========         Host Frame: at::_ops::_to_copy::call(at::Tensor const&, std::optional<c10::ScalarType>, std::optional<c10::Layout>, std::optional<c10::Device>, std::optional<bool>, bool, std::optional<c10::MemoryFormat>) [0x27fcdef] in libtorch_cpu.so
=========         Host Frame: at::native::to(at::Tensor const&, std::optional<c10::ScalarType>, std::optional<c10::Layout>, std::optional<c10::Device>, std::optional<bool>, bool, bool, std::optional<c10::MemoryFormat>) [0x21d07d3] in libtorch_cpu.so
=========         Host Frame: c10::impl::wrap_kernel_functor_unboxed_<c10::impl::detail::WrapFunctionIntoFunctor_<c10::CompileTimeFunctionPointer<at::Tensor (at::Tensor const&, std::optional<c10::ScalarType>, std::optional<c10::Layout>, std::optional<c10::Device>, std::optional<bool>, bool, bool, std::optional<c10::MemoryFormat>), &at::(anonymous namespace)::(anonymous namespace)::wrapper_CompositeImplicitAutograd_dtype_layout_to>, at::Tensor, c10::guts::typelist::typelist<at::Tensor const&, std::optional<c10::ScalarType>, std::optional<c10::Layout>, std::optional<c10::Device>, std::optional<bool>, bool, bool, std::optional<c10::MemoryFormat> > >, at::Tensor (at::Tensor const&, std::optional<c10::ScalarType>, std::optional<c10::Layout>, std::optional<c10::Device>, std::optional<bool>, bool, bool, std::optional<c10::MemoryFormat>)>::call(c10::OperatorKernel*, c10::DispatchKeySet, at::Tensor const&, std::optional<c10::ScalarType>, std::optional<c10::Layout>, std::optional<c10::Device>, std::optional<bool>, bool, bool, std::optional<c10::MemoryFormat>) [0x33048e1] in libtorch_cpu.so
=========         Host Frame: at::_ops::to_dtype_layout::call(at::Tensor const&, std::optional<c10::ScalarType>, std::optional<c10::Layout>, std::optional<c10::Device>, std::optional<bool>, bool, bool, std::optional<c10::MemoryFormat>) [0x29bff96] in libtorch_cpu.so
=========         Host Frame: torch::autograd::dispatch_to(at::Tensor const&, c10::Device, bool, bool, std::optional<c10::MemoryFormat>) [0x46343a] in libtorch_python.so
=========         Host Frame: torch::autograd::THPVariable_cuda(_object*, _object*, _object*) [0x4cb7e3] in libtorch_python.so
=========         Host Frame:  [0x151347] in python
=========         Host Frame: PyObject_Vectorcall [0x149934] in python
=========         Host Frame: _PyEval_EvalFrameDefault [0x1d6f08] in python
=========         Host Frame: PyEval_EvalCode [0x1d544a] in python
=========         Host Frame:  [0x2085a1] in python
=========         Host Frame:  [0x2b5032] in python
=========         Host Frame: _PyRun_SimpleFileObject [0x2b4d99] in python
=========         Host Frame: _PyRun_AnyFileObject [0x2b4bce] in python
=========         Host Frame: Py_RunMain [0x2bcc34] in python
=========         Host Frame: Py_BytesMain [0x2bc71c] in python
=========         Host Frame:  [0x2a1c9] in libc.so.6
=========         Host Frame: __libc_start_main [0x2a28a] in libc.so.6
=========         Host Frame: _start [0x257bc4] in python
=========         Host Frame: to_cuda in run_h1_multivector_gpu_screen.py:308
=========         Host Frame: make_device_state in run_h1_multivector_gpu_screen.py:325
=========         Host Frame: make_state in run_h2b_p1_pedantic_correctness.py:346
=========         Host Frame: run_safety in run_h2b_p3_safety_stress.py:104
=========         Host Frame: main in run_h2b_p3_safety_stress.py:257
========= 
========= Leaked 2097152 bytes at 0x727a03400000
=========     Saved host backtrace up to driver entry point at allocation time
=========         Host Frame:  [0x41b5d] in libcudart.so.13
=========         Host Frame:  [0x146f2] in libcudart.so.13
=========         Host Frame: cudaMalloc [0x50c56] in libcudart.so.13
=========         Host Frame: c10::cuda::CUDACachingAllocator::Native::DeviceCachingAllocator::alloc_block(c10::cuda::CUDACachingAllocator::Native::(anonymous namespace)::AllocParams&, bool, std::shared_ptr<c10::GatheredContext> const&, std::unique_lock<std::recursive_mutex>&) [0x2f4ca] in libc10_cuda.so
=========         Host Frame: c10::cuda::CUDACachingAllocator::Native::DeviceCachingAllocator::malloc(unsigned long, CUstream_st*) [0x42727] in libc10_cuda.so
=========         Host Frame: c10::cuda::CUDACachingAllocator::Native::NativeCachingAllocator::malloc(void**, signed char, unsigned long, CUstream_st*) [0x445e1] in libc10_cuda.so
=========         Host Frame: c10::cuda::CUDACachingAllocator::Native::NativeCachingAllocator::allocate(unsigned long) [0x44c9e] in libc10_cuda.so
=========         Host Frame: at::detail::empty_strided_generic(c10::ArrayRef<long>, c10::ArrayRef<long>, c10::Allocator*, c10::DispatchKeySet, c10::ScalarType) [0x1978a94] in libtorch_cpu.so
=========         Host Frame: at::detail::empty_strided_cuda(c10::ArrayRef<long>, c10::ArrayRef<long>, c10::ScalarType, std::optional<c10::Device>) [0xcd073d] in libtorch_cuda.so
=========         Host Frame: at::detail::empty_strided_cuda(c10::ArrayRef<long>, c10::ArrayRef<long>, std::optional<c10::ScalarType>, std::optional<c10::Layout>, std::optional<c10::Device>, std::optional<bool>) [0xcd094e] in libtorch_cuda.so
=========         Host Frame: at::native::empty_strided_cuda(c10::ArrayRef<long>, c10::ArrayRef<long>, std::optional<c10::ScalarType>, std::optional<c10::Layout>, std::optional<c10::Device>, std::optional<bool>) [0xfea288] in libtorch_cuda.so
=========         Host Frame: at::(anonymous namespace)::(anonymous namespace)::wrapper_CUDA__empty_strided(c10::ArrayRef<c10::SymInt>, c10::ArrayRef<c10::SymInt>, std::optional<c10::ScalarType>, std::optional<c10::Layout>, std::optional<c10::Device>, std::optional<bool>) [0x36aaccc] in libtorch_cuda.so
=========         Host Frame: c10::impl::wrap_kernel_functor_unboxed_<c10::impl::detail::WrapFunctionIntoFunctor_<c10::CompileTimeFunctionPointer<at::Tensor (c10::ArrayRef<c10::SymInt>, c10::ArrayRef<c10::SymInt>, std::optional<c10::ScalarType>, std::optional<c10::Layout>, std::optional<c10::Device>, std::optional<bool>), &at::(anonymous namespace)::(anonymous namespace)::wrapper_CUDA__empty_strided>, at::Tensor, c10::guts::typelist::typelist<c10::ArrayRef<c10::SymInt>, c10::ArrayRef<c10::SymInt>, std::optional<c10::ScalarType>, std::optional<c10::Layout>, std::optional<c10::Device>, std::optional<bool> > >, at::Tensor (c10::ArrayRef<c10::SymInt>, c10::ArrayRef<c10::SymInt>, std::optional<c10::ScalarType>, std::optional<c10::Layout>, std::optional<c10::Device>, std::optional<bool>)>::call(c10::OperatorKernel*, c10::DispatchKeySet, c10::ArrayRef<c10::SymInt>, c10::ArrayRef<c10::SymInt>, std::optional<c10::ScalarType>, std::optional<c10::Layout>, std::optional<c10::Device>, std::optional<bool>) [0x36aadce] in libtorch_cuda.so
=========         Host Frame: at::_ops::empty_strided::redispatch(c10::DispatchKeySet, c10::ArrayRef<c10::SymInt>, c10::ArrayRef<c10::SymInt>, std::optional<c10::ScalarType>, std::optional<c10::Layout>, std::optional<c10::Device>, std::optional<bool>) [0x2ab0024] in libtorch_cpu.so
=========         Host Frame: c10::impl::wrap_kernel_functor_unboxed_<c10::impl::detail::WrapFunctionIntoFunctor_<c10::CompileTimeFunctionPointer<at::Tensor (c10::ArrayRef<c10::SymInt>, c10::ArrayRef<c10::SymInt>, std::optional<c10::ScalarType>, std::optional<c10::Layout>, std::optional<c10::Device>, std::optional<bool>), &at::(anonymous namespace)::empty_strided>, at::Tensor, c10::guts::typelist::typelist<c10::ArrayRef<c10::SymInt>, c10::ArrayRef<c10::SymInt>, std::optional<c10::ScalarType>, std::optional<c10::Layout>, std::optional<c10::Device>, std::optional<bool> > >, at::Tensor (c10::ArrayRef<c10::SymInt>, c10::ArrayRef<c10::SymInt>, std::optional<c10::ScalarType>, std::optional<c10::Layout>, std::optional<c10::Device>, std::optional<bool>)>::call(c10::OperatorKernel*, c10::DispatchKeySet, c10::ArrayRef<c10::SymInt>, c10::ArrayRef<c10::SymInt>, std::optional<c10::ScalarType>, std::optional<c10::Layout>, std::optional<c10::Device>, std::optional<bool>) [0x2f19a7d] in libtorch_cpu.so
=========         Host Frame: at::_ops::empty_strided::call(c10::ArrayRef<c10::SymInt>, c10::ArrayRef<c10::SymInt>, std::optional<c10::ScalarType>, std::optional<c10::Layout>, std::optional<c10::Device>, std::optional<bool>) [0x2b86cb7] in libtorch_cpu.so
=========         Host Frame: at::empty_strided(c10::ArrayRef<long>, c10::ArrayRef<long>, c10::TensorOptions) [0x21e8c37] in libtorch_cpu.so
=========         Host Frame: at::native::_to_copy(at::Tensor const&, std::optional<c10::ScalarType>, std::optional<c10::Layout>, std::optional<c10::Device>, std::optional<bool>, bool, std::optional<c10::MemoryFormat>) [0x21e7484] in libtorch_cpu.so
=========         Host Frame: c10::impl::wrap_kernel_functor_unboxed_<c10::impl::detail::WrapFunctionIntoFunctor_<c10::CompileTimeFunctionPointer<at::Tensor (at::Tensor const&, std::optional<c10::ScalarType>, std::optional<c10::Layout>, std::optional<c10::Device>, std::optional<bool>, bool, std::optional<c10::MemoryFormat>), &at::(anonymous namespace)::(anonymous namespace)::wrapper_CompositeExplicitAutograd___to_copy>, at::Tensor, c10::guts::typelist::typelist<at::Tensor const&, std::optional<c10::ScalarType>, std::optional<c10::Layout>, std::optional<c10::Device>, std::optional<bool>, bool, std::optional<c10::MemoryFormat> > >, at::Tensor (at::Tensor const&, std::optional<c10::ScalarType>, std::optional<c10::Layout>, std::optional<c10::Device>, std::optional<bool>, bool, std::optional<c10::MemoryFormat>)>::call(c10::OperatorKernel*, c10::DispatchKeySet, at::Tensor const&, std::optional<c10::ScalarType>, std::optional<c10::Layout>, std::optional<c10::Device>, std::optional<bool>, bool, std::optional<c10::MemoryFormat>) [0x31bca4b] in libtorch_cpu.so
=========         Host Frame: at::_ops::_to_copy::redispatch(c10::DispatchKeySet, at::Tensor const&, std::optional<c10::ScalarType>, std::optional<c10::Layout>, std::optional<c10::Device>, std::optional<bool>, bool, std::optional<c10::MemoryFormat>) [0x27949a1] in libtorch_cpu.so
=========         Host Frame: c10::impl::wrap_kernel_functor_unboxed_<c10::impl::detail::WrapFunctionIntoFunctor_<c10::CompileTimeFunctionPointer<at::Tensor (at::Tensor const&, std::optional<c10::ScalarType>, std::optional<c10::Layout>, std::optional<c10::Device>, std::optional<bool>, bool, std::optional<c10::MemoryFormat>), &at::(anonymous namespace)::_to_copy>, at::Tensor, c10::guts::typelist::typelist<at::Tensor const&, std::optional<c10::ScalarType>, std::optional<c10::Layout>, std::optional<c10::Device>, std::optional<bool>, bool, std::optional<c10::MemoryFormat> > >, at::Tensor (at::Tensor const&, std::optional<c10::ScalarType>, std::optional<c10::Layout>, std::optional<c10::Device>, std::optional<bool>, bool, std::optional<c10::MemoryFormat>)>::call(c10::OperatorKernel*, c10::DispatchKeySet, at::Tensor const&, std::optional<c10::ScalarType>, std::optional<c10::Layout>, std::optional<c10::Device>, std::optional<bool>, bool, std::optional<c10::MemoryFormat>) [0x2f1661a] in libtorch_cpu.so
=========         Host Frame: at::_ops::_to_copy::redispatch(c10::DispatchKeySet, at::Tensor const&, std::optional<c10::ScalarType>, std::optional<c10::Layout>, std::optional<c10::Device>, std::optional<bool>, bool, std::optional<c10::MemoryFormat>) [0x27949a1] in libtorch_cpu.so
=========         Host Frame: torch::autograd::VariableType::(anonymous namespace)::_to_copy(c10::DispatchKeySet, at::Tensor const&, std::optional<c10::ScalarType>, std::optional<c10::Layout>, std::optional<c10::Device>, std::optional<bool>, bool, std::optional<c10::MemoryFormat>) [0x5289122] in libtorch_cpu.so
=========         Host Frame: c10::impl::wrap_kernel_functor_unboxed_<c10::impl::detail::WrapFunctionIntoFunctor_<c10::CompileTimeFunctionPointer<at::Tensor (c10::DispatchKeySet, at::Tensor const&, std::optional<c10::ScalarType>, std::optional<c10::Layout>, std::optional<c10::Device>, std::optional<bool>, bool, std::optional<c10::MemoryFormat>), &torch::autograd::VariableType::(anonymous namespace)::_to_copy>, at::Tensor, c10::guts::typelist::typelist<c10::DispatchKeySet, at::Tensor const&, std::optional<c10::ScalarType>, std::optional<c10::Layout>, std::optional<c10::Device>, std::optional<bool>, bool, std::optional<c10::MemoryFormat> > >, at::Tensor (c10::DispatchKeySet, at::Tensor const&, std::optional<c10::ScalarType>, std::optional<c10::Layout>, std::optional<c10::Device>, std::optional<bool>, bool, std::optional<c10::MemoryFormat>)>::call(c10::OperatorKernel*, c10::DispatchKeySet, at::Tensor const&, std::optional<c10::ScalarType>, std::optional<c10::Layout>, std::optional<c10::Device>, std::optional<bool>, bool, std::optional<c10::MemoryFormat>) [0x52895fe] in libtorch_cpu.so
=========         Host Frame: at::_ops::_to_copy::call(at::Tensor const&, std::optional<c10::ScalarType>, std::optional<c10::Layout>, std::optional<c10::Device>, std::optional<bool>, bool, std::optional<c10::MemoryFormat>) [0x27fcdef] in libtorch_cpu.so
=========         Host Frame: at::native::to(at::Tensor const&, std::optional<c10::ScalarType>, std::optional<c10::Layout>, std::optional<c10::Device>, std::optional<bool>, bool, bool, std::optional<c10::MemoryFormat>) [0x21d07d3] in libtorch_cpu.so
=========         Host Frame: c10::impl::wrap_kernel_functor_unboxed_<c10::impl::detail::WrapFunctionIntoFunctor_<c10::CompileTimeFunctionPointer<at::Tensor (at::Tensor const&, std::optional<c10::ScalarType>, std::optional<c10::Layout>, std::optional<c10::Device>, std::optional<bool>, bool, bool, std::optional<c10::MemoryFormat>), &at::(anonymous namespace)::(anonymous namespace)::wrapper_CompositeImplicitAutograd_dtype_layout_to>, at::Tensor, c10::guts::typelist::typelist<at::Tensor const&, std::optional<c10::ScalarType>, std::optional<c10::Layout>, std::optional<c10::Device>, std::optional<bool>, bool, bool, std::optional<c10::MemoryFormat> > >, at::Tensor (at::Tensor const&, std::optional<c10::ScalarType>, std::optional<c10::Layout>, std::optional<c10::Device>, std::optional<bool>, bool, bool, std::optional<c10::MemoryFormat>)>::call(c10::OperatorKernel*, c10::DispatchKeySet, at::Tensor const&, std::optional<c10::ScalarType>, std::optional<c10::Layout>, std::optional<c10::Device>, std::optional<bool>, bool, bool, std::optional<c10::MemoryFormat>) [0x33048e1] in libtorch_cpu.so
=========         Host Frame: at::_ops::to_dtype_layout::call(at::Tensor const&, std::optional<c10::ScalarType>, std::optional<c10::Layout>, std::optional<c10::Device>, std::optional<bool>, bool, bool, std::optional<c10::MemoryFormat>) [0x29bff96] in libtorch_cpu.so
=========         Host Frame: torch::autograd::dispatch_to(at::Tensor const&, c10::Device, bool, bool, std::optional<c10::MemoryFormat>) [0x46343a] in libtorch_python.so
=========         Host Frame: torch::autograd::THPVariable_cuda(_object*, _object*, _object*) [0x4cb7e3] in libtorch_python.so
=========         Host Frame:  [0x151347] in python
=========         Host Frame: PyObject_Vectorcall [0x149934] in python
=========         Host Frame: _PyEval_EvalFrameDefault [0x1d6f08] in python
=========         Host Frame: PyEval_EvalCode [0x1d544a] in python
=========         Host Frame:  [0x2085a1] in python
=========         Host Frame:  [0x2b5032] in python
=========         Host Frame: _PyRun_SimpleFileObject [0x2b4d99] in python
=========         Host Frame: _PyRun_AnyFileObject [0x2b4bce] in python
=========         Host Frame: Py_RunMain [0x2bcc34] in python
=========         Host Frame: Py_BytesMain [0x2bc71c] in python
=========         Host Frame:  [0x2a1c9] in libc.so.6
=========         Host Frame: __libc_start_main [0x2a28a] in libc.so.6
=========         Host Frame: _start [0x257bc4] in python
=========         Host Frame: to_cuda in run_h1_multivector_gpu_screen.py:308
=========         Host Frame: make_device_state in run_h1_multivector_gpu_screen.py:328
=========         Host Frame: make_state in run_h2b_p1_pedantic_correctness.py:346
=========         Host Frame: run_safety in run_h2b_p3_safety_stress.py:104
=========         Host Frame: main in run_h2b_p3_safety_stress.py:257
========= 
========= Leaked 20971520 bytes at 0x727a10c00000
=========     Saved host backtrace up to driver entry point at allocation time
=========         Host Frame:  [0x41b5d] in libcudart.so.13
=========         Host Frame:  [0x146f2] in libcudart.so.13
=========         Host Frame: cudaMalloc [0x50c56] in libcudart.so.13
=========         Host Frame: c10::cuda::CUDACachingAllocator::Native::DeviceCachingAllocator::alloc_block(c10::cuda::CUDACachingAllocator::Native::(anonymous namespace)::AllocParams&, bool, std::shared_ptr<c10::GatheredContext> const&, std::unique_lock<std::recursive_mutex>&) [0x2f4ca] in libc10_cuda.so
=========         Host Frame: c10::cuda::CUDACachingAllocator::Native::DeviceCachingAllocator::malloc(unsigned long, CUstream_st*) [0x42727] in libc10_cuda.so
=========         Host Frame: c10::cuda::CUDACachingAllocator::Native::NativeCachingAllocator::malloc(void**, signed char, unsigned long, CUstream_st*) [0x445e1] in libc10_cuda.so
=========         Host Frame: c10::cuda::CUDACachingAllocator::Native::NativeCachingAllocator::allocate(unsigned long) [0x44c9e] in libc10_cuda.so
=========         Host Frame: at::cuda::setWorkspaceForHandle(cublasContext*, c10::cuda::CUDAStream) [0x3a4b237] in libtorch_cuda.so
=========         Host Frame: at::cuda::getCurrentCUDABlasHandle() [0x3a4b5bd] in libtorch_cuda.so
=========         Host Frame: THCPModule_getCurrentBlasHandle_wrap(_object*, _object*) [0xe46767] in libtorch_python.so
=========         Host Frame:  [0x181849] in python
=========         Host Frame: PyObject_Vectorcall [0x149934] in python
=========         Host Frame: _PyEval_EvalFrameDefault [0x1d6f08] in python
=========         Host Frame: _PyObject_Call_Prepend [0x14a781] in python
=========         Host Frame:  [0x19dc3e] in python
=========         Host Frame:  [0x199712] in python
=========         Host Frame: _PyObject_MakeTpCall [0x148f34] in python
=========         Host Frame: _PyEval_EvalFrameDefault [0x1d6f08] in python
=========         Host Frame: PyEval_EvalCode [0x1d544a] in python
=========         Host Frame:  [0x2085a1] in python
=========         Host Frame:  [0x2b5032] in python
=========         Host Frame: _PyRun_SimpleFileObject [0x2b4d99] in python
=========         Host Frame: _PyRun_AnyFileObject [0x2b4bce] in python
=========         Host Frame: Py_RunMain [0x2bcc34] in python
=========         Host Frame: Py_BytesMain [0x2bc71c] in python
=========         Host Frame:  [0x2a1c9] in libc.so.6
=========         Host Frame: __libc_start_main [0x2a28a] in libc.so.6
=========         Host Frame: _start [0x257bc4] in python
=========         Host Frame: current_blas_handle in __init__.py:1243
=========         Host Frame: __init__ in run_h2b_p1_pedantic_correctness.py:223
=========         Host Frame: main in run_h2b_p3_safety_stress.py:255
========= 
========= LEAK SUMMARY: 153224192 bytes leaked in 12 allocations
========= ERROR SUMMARY: 12 errors
