@TENSORJOIN_ROOT@/isaacsim6/env/lib/python3.12/site-packages/torch/cuda/__init__.py:1243: UserWarning: Attempting to run cuBLAS, but there was no current CUDA context! Attempting to set the primary context... (Triggered internally at /pytorch/aten/src/ATen/cuda/CublasHandlePool.cpp:335.)
  return torch._C._cuda_getCurrentBlasHandle()
{
  "accepted_correctness_sha256": "68f7e58713e4552ab43743b4a1b089a0b3df046d298f20b01f1ca6e889387e99",
  "datasets": [
    {
      "cells": [
        {
          "ambiguous_objects": 2,
          "expected_count": 128,
          "expected_sha256": "9fcc06e33bd9766ea6c0d89d03bcd826a401fda2a3e3a131926651b15c26dc28",
          "output_count": 128,
          "output_sha256": "9fcc06e33bd9766ea6c0d89d03bcd826a401fda2a3e3a131926651b15c26dc28",
          "pass": true,
          "target_results_per_query": 1
        },
        {
          "ambiguous_objects": 9,
          "expected_count": 1024,
          "expected_sha256": "60f74a68af4b2eb4cd723db53c8ea3c2f2fa3ef22134dc87137145d88dec3a74",
          "output_count": 1024,
          "output_sha256": "60f74a68af4b2eb4cd723db53c8ea3c2f2fa3ef22134dc87137145d88dec3a74",
          "pass": true,
          "target_results_per_query": 8
        }
      ],
      "dataset": "esc50_panns",
      "pass": true
    },
    {
      "cells": [
        {
          "ambiguous_objects": 0,
          "expected_count": 128,
          "expected_sha256": "255b61572c53be4acb2db267f672c6cd4e922bf6b3ee8c6049e395ca09b41c62",
          "output_count": 128,
          "output_sha256": "255b61572c53be4acb2db267f672c6cd4e922bf6b3ee8c6049e395ca09b41c62",
          "pass": true,
          "target_results_per_query": 1
        },
        {
          "ambiguous_objects": 4,
          "expected_count": 1024,
          "expected_sha256": "57f58123992959d95510cb7bdf2c13ea5132a158346b525e0af031a775602d79",
          "output_count": 1024,
          "output_sha256": "57f58123992959d95510cb7bdf2c13ea5132a158346b525e0af031a775602d79",
          "pass": true,
          "target_results_per_query": 8
        }
      ],
      "dataset": "ucf101_r3d18",
      "pass": true
    }
  ],
  "environment": {
    "compute_capability": [
      12,
      0
    ],
    "cublas": {
      "algorithm": -1,
      "compute_type": 69,
      "handle": 239637600,
      "input_output_type": 0,
      "library": "@TENSORJOIN_ROOT@/isaacsim6/env/lib/python3.12/site-packages/nvidia/cu13/lib/libcublas.so.13",
      "library_sha256": "e70f38efabe986acd5eb683497c62f0f1730a6176ee291d9d24c6e339d1fbf86",
      "math_mode": 2,
      "nvidia_tf32_override": "0",
      "pointer_mode": 0,
      "required_math_mode": 2,
      "version": 130100
    },
    "gpu": "NVIDIA RTX PRO 6000 Blackwell Server Edition",
    "host": "gpu-host-8",
    "numpy": "2.3.1",
    "nvidia_smi": "1, NVIDIA RTX PRO 6000 Blackwell Server Edition, GPU-daa88abc-ce4a-aa1c-c896-ae528bf9bce3, 590.48.01, P0, 86.55 W, 946 MiB, 0 %",
    "physical_gpu": 1,
    "python": "3.12.3 (main, Jun 19 2026, 12:46:00) [GCC 13.3.0]",
    "torch": "2.11.0+cu130",
    "torch_cuda_build": "13.0",
    "triton": "3.6.0"
  },
  "experiment_id": "tensorjoin_20260903_h2b_p1_pedantic_correctness",
  "phase": "repeatability",
  "repeat_pass": true,
  "slot": 1,
  "sources": {
    "kernel_sha256": "33103f092b50241944f9bfcee0851fdab2a9578067ecc217ebaa706d132dfb43",
    "runner_sha256": "d747b7c28e7fb1f196a45ce45ce027710cae338f876c973c8f98be4ca966eef1"
  }
}
