========= COMPUTE-SANITIZER
@TENSORJOIN_ROOT@/isaacsim6/env/lib/python3.12/site-packages/torch/cuda/__init__.py:1243: UserWarning: Attempting to run cuBLAS, but there was no current CUDA context! Attempting to set the primary context... (Triggered internally at /pytorch/aten/src/ATen/cuda/CublasHandlePool.cpp:335.)
  return torch._C._cuda_getCurrentBlasHandle()
P3_SAFETY {"base_objects": 512, "base_tokens": 2560, "cublas": {"algorithm": -1, "compute_type": 69, "handle": 239919856, "input_output_type": 0, "library": "@TENSORJOIN_ROOT@/isaacsim6/env/lib/python3.12/site-packages/nvidia/cu13/lib/libcublas.so.13", "library_sha256": "e70f38efabe986acd5eb683497c62f0f1730a6176ee291d9d24c6e339d1fbf86", "math_mode": 2, "nvidia_tf32_override": "0", "pointer_mode": 0, "required_math_mode": 2, "version": 130100}, "dataset": "esc50_panns", "dimension": 2048, "experiment_id": "tensorjoin_20260903_h2b_p3_safety_stress", "operator": "pedantic SGEMM -> fused object certificate/compaction -> dynamic count -> exact FP64 repair -> final sorted IDs", "output": {"ambiguous_count": 9, "direct_accept_count": 1021, "duplicate_ids": 0, "expected_ambiguous_count": 9, "expected_count": 1024, "expected_ids_sha256": "60f74a68af4b2eb4cd723db53c8ea3c2f2fa3ef22134dc87137145d88dec3a74", "final_count": 1024, "ids_sha256": "60f74a68af4b2eb4cd723db53c8ea3c2f2fa3ef22134dc87137145d88dec3a74", "overflow": 0, "pass": true}, "phase": "full_actual_data_safety", "physical_gpu": 4, "query_objects": 128, "query_tokens": 640, "sources": {"p1_correctness_sha256": "68f7e58713e4552ab43743b4a1b089a0b3df046d298f20b01f1ca6e889387e99", "p1_kernel_sha256": "33103f092b50241944f9bfcee0851fdab2a9578067ecc217ebaa706d132dfb43", "p1_runner_sha256": "d747b7c28e7fb1f196a45ce45ce027710cae338f876c973c8f98be4ca966eef1", "p2_audit_sha256": "c4145a0ea0c2f2f3e86bbe6e0d49d106c0ea8a6ac50401fce4c098d2eab94d77", "runner_sha256": "63b19aab011f8a4e51f34c739011897ea5fc2a3afed99040622dd3c444d945ba"}, "target_results_per_query": 8}
========= Leaked 1024 bytes at 0x7e6f1ec00000
=========     Saved host backtrace up to driver entry point at allocation time
=========         Host Frame:  [0x5b45ed] in libcublas.so.13
=========         Host Frame:  [0x585c42] in libcublas.so.13
=========         Host Frame:  [0x5c3866] in libcublas.so.13
=========         Host Frame:  [0x218159] in libcublas.so.13
=========         Host Frame:  [0x2179ea] in libcublas.so.13
=========         Host Frame: cublasCreate_v2 [0x169f9c] in libcublas.so.13
=========         Host Frame: at::cuda::getCurrentCUDABlasHandle() [0x3a4bd28] in libtorch_cuda.so
=========         Host Frame: THCPModule_getCurrentBlasHandle_wrap(_object*, _object*) [0xe46767] in libtorch_python.so
=========         Host Frame:  [0x181849] in python
=========         Host Frame: PyObject_Vectorcall [0x149934] in python
=========         Host Frame: _PyEval_EvalFrameDefault [0x1d6f08] in python
=========         Host Frame: _PyObject_Call_Prepend [0x14a781] in python
=========         Host Frame:  [0x19dc3e] in python
=========         Host Frame:  [0x199712] in python
=========         Host Frame: _PyObject_MakeTpCall [0x148f34] in python
=========         Host Frame: _PyEval_EvalFrameDefault [0x1d6f08] in python
=========         Host Frame: PyEval_EvalCode [0x1d544a] in python
=========         Host Frame:  [0x2085a1] in python
=========         Host Frame:  [0x2b5032] in python
=========         Host Frame: _PyRun_SimpleFileObject [0x2b4d99] in python
=========         Host Frame: _PyRun_AnyFileObject [0x2b4bce] in python
=========         Host Frame: Py_RunMain [0x2bcc34] in python
=========         Host Frame: Py_BytesMain [0x2bc71c] in python
=========         Host Frame:  [0x2a1c9] in libc.so.6
=========         Host Frame: __libc_start_main [0x2a28a] in libc.so.6
=========         Host Frame: _start [0x257bc4] in python
=========         Host Frame: current_blas_handle in __init__.py:1243
=========         Host Frame: __init__ in run_h2b_p1_pedantic_correctness.py:223
=========         Host Frame: main in run_h2b_p3_safety_stress.py:271
========= 
========= Leaked 131072 bytes at 0x7e6f1ec00400
=========     Saved host backtrace up to driver entry point at allocation time
=========         Host Frame:  [0x5b45ed] in libcublas.so.13
=========         Host Frame:  [0x585c42] in libcublas.so.13
=========         Host Frame:  [0x5c3866] in libcublas.so.13
=========         Host Frame:  [0x218159] in libcublas.so.13
=========         Host Frame:  [0x217a0e] in libcublas.so.13
=========         Host Frame: cublasCreate_v2 [0x169f9c] in libcublas.so.13
=========         Host Frame: at::cuda::getCurrentCUDABlasHandle() [0x3a4bd28] in libtorch_cuda.so
=========         Host Frame: THCPModule_getCurrentBlasHandle_wrap(_object*, _object*) [0xe46767] in libtorch_python.so
=========         Host Frame:  [0x181849] in python
=========         Host Frame: PyObject_Vectorcall [0x149934] in python
=========         Host Frame: _PyEval_EvalFrameDefault [0x1d6f08] in python
=========         Host Frame: _PyObject_Call_Prepend [0x14a781] in python
=========         Host Frame:  [0x19dc3e] in python
=========         Host Frame:  [0x199712] in python
=========         Host Frame: _PyObject_MakeTpCall [0x148f34] in python
=========         Host Frame: _PyEval_EvalFrameDefault [0x1d6f08] in python
=========         Host Frame: PyEval_EvalCode [0x1d544a] in python
=========         Host Frame:  [0x2085a1] in python
=========         Host Frame:  [0x2b5032] in python
=========         Host Frame: _PyRun_SimpleFileObject [0x2b4d99] in python
=========         Host Frame: _PyRun_AnyFileObject [0x2b4bce] in python
=========         Host Frame: Py_RunMain [0x2bcc34] in python
=========         Host Frame: Py_BytesMain [0x2bc71c] in python
=========         Host Frame:  [0x2a1c9] in libc.so.6
=========         Host Frame: __libc_start_main [0x2a28a] in libc.so.6
=========         Host Frame: _start [0x257bc4] in python
=========         Host Frame: current_blas_handle in __init__.py:1243
=========         Host Frame: __init__ in run_h2b_p1_pedantic_correctness.py:223
=========         Host Frame: main in run_h2b_p3_safety_stress.py:271
========= 
========= Leaked 8388608 bytes at 0x7e6f1ee00000
=========     Saved host backtrace up to driver entry point at allocation time
=========         Host Frame:  [0x5b45ed] in libcublas.so.13
=========         Host Frame:  [0x585c42] in libcublas.so.13
=========         Host Frame:  [0x5c3866] in libcublas.so.13
=========         Host Frame:  [0x218159] in libcublas.so.13
=========         Host Frame: cublasCreate_v2 [0x169f9c] in libcublas.so.13
=========         Host Frame: at::cuda::getCurrentCUDABlasHandle() [0x3a4bd28] in libtorch_cuda.so
=========         Host Frame: THCPModule_getCurrentBlasHandle_wrap(_object*, _object*) [0xe46767] in libtorch_python.so
=========         Host Frame:  [0x181849] in python
=========         Host Frame: PyObject_Vectorcall [0x149934] in python
=========         Host Frame: _PyEval_EvalFrameDefault [0x1d6f08] in python
=========         Host Frame: _PyObject_Call_Prepend [0x14a781] in python
=========         Host Frame:  [0x19dc3e] in python
=========         Host Frame:  [0x199712] in python
=========         Host Frame: _PyObject_MakeTpCall [0x148f34] in python
=========         Host Frame: _PyEval_EvalFrameDefault [0x1d6f08] in python
=========         Host Frame: PyEval_EvalCode [0x1d544a] in python
=========         Host Frame:  [0x2085a1] in python
=========         Host Frame:  [0x2b5032] in python
=========         Host Frame: _PyRun_SimpleFileObject [0x2b4d99] in python
=========         Host Frame: _PyRun_AnyFileObject [0x2b4bce] in python
=========         Host Frame: Py_RunMain [0x2bcc34] in python
=========         Host Frame: Py_BytesMain [0x2bc71c] in python
=========         Host Frame:  [0x2a1c9] in libc.so.6
=========         Host Frame: __libc_start_main [0x2a28a] in libc.so.6
=========         Host Frame: _start [0x257bc4] in python
=========         Host Frame: current_blas_handle in __init__.py:1243
=========         Host Frame: __init__ in run_h2b_p1_pedantic_correctness.py:223
=========         Host Frame: main in run_h2b_p3_safety_stress.py:271
========= 
========= LEAK SUMMARY: 8520704 bytes leaked in 3 allocations
========= ERROR SUMMARY: 3 errors
