==PROF== Connected to process 4180034 (/usr/bin/python3.12)
@TENSORJOIN_ROOT@/isaacsim6/env/lib/python3.12/site-packages/torch/cuda/__init__.py:1243: UserWarning: Attempting to run cuBLAS, but there was no current CUDA context! Attempting to set the primary context... (Triggered internally at /pytorch/aten/src/ATen/cuda/CublasHandlePool.cpp:335.)
  return torch._C._cuda_getCurrentBlasHandle()
==PROF== Profiling "void cutlass::Kernel2<cutlass_80_simt_sgemm_256x128_8x4_tn_align1>(T1::Params)": 0%....50%....100% - 4 passes
{
  "cublas": {
    "algorithm": -1,
    "compute_type": 69,
    "handle": 783854832,
    "input_output_type": 0,
    "library": "@TENSORJOIN_ROOT@/isaacsim6/env/lib/python3.12/site-packages/nvidia/cu13/lib/libcublas.so.13",
    "library_sha256": "e70f38efabe986acd5eb683497c62f0f1730a6176ee291d9d24c6e339d1fbf86",
    "math_mode": 2,
    "nvidia_tf32_override": "0",
    "pointer_mode": 0,
    "required_math_mode": 2,
    "version": 130100
  },
  "dataset": "esc50_panns",
  "k_dimension": 2048,
  "m_query_tokens": 640,
  "n_base_tokens": 2560,
  "output_max": 1.0000001192092896,
  "output_min": 0.18736276030540466,
  "output_nonfinite": 0,
  "output_sha256": "f09c8720d37a0b20666f05530b08fe767fc9b11ce904c121756e994c921530a7",
  "range": "H2B_P2_PEDANTIC_SGEMM_esc50_panns",
  "sources": {
    "p1_correctness_sha256": "68f7e58713e4552ab43743b4a1b089a0b3df046d298f20b01f1ca6e889387e99",
    "p1_kernel_sha256": "33103f092b50241944f9bfcee0851fdab2a9578067ecc217ebaa706d132dfb43",
    "p1_runner_sha256": "d747b7c28e7fb1f196a45ce45ce027710cae338f876c973c8f98be4ca966eef1",
    "trace_runner_sha256": "83a9cc8a6341d8a23854685b462d6688c57f0764c9d3451e919a4b2fa266203e"
  }
}
==PROF== Disconnected from process 4180034
==PROF== Report: @TENSORJOIN_ROOT@/tensorjoin_20260902_certified_exact_join/artifacts/h2b_p2/ncu_esc50_panns.ncu-rep
