{
  "primary": [
    {
      "cell": "k4",
      "method": "F8",
      "original_full_ms": 48.603764002715856,
      "pca_geo_ms": 45.1225365056113,
      "proxy_geo_ms": 51.59819483378669,
      "direct_geo_ms": 44.19358833304917,
      "direct_full_ms": 49.89913399913348,
      "proxy_speedup_vs_pca": 0.874498355048361,
      "proxy_speedup_ci95": [
        0.836735857171071,
        0.8838940794348509
      ],
      "proxy_process_speedups": [
        0.8729099483975269,
        0.8803317508976052,
        0.8701721629000644
      ],
      "proxy_passes_5pct_gate": false,
      "proxy_modeled_selected_checkpoint_break_even_vs_pca": null,
      "direct_speedup_vs_pca": 1.0210199761458936,
      "direct_speedup_ci95": [
        1.0044043796582582,
        1.0319582306890946
      ],
      "direct_process_speedups": [
        1.0234355944840139,
        1.0080525618066754,
        1.0321951563951741
      ],
      "direct_passes_5pct_gate": false,
      "direct_modeled_selected_checkpoint_break_even_vs_pca": null,
      "direct_modeled_full_search_break_even_vs_pca": null
    },
    {
      "cell": "k4",
      "method": "F16",
      "original_full_ms": 53.56791933445493,
      "pca_geo_ms": 47.23700066097081,
      "proxy_geo_ms": 54.354080833339445,
      "direct_geo_ms": 46.292155668197665,
      "direct_full_ms": 52.63596816560797,
      "proxy_speedup_vs_pca": 0.8690607942724478,
      "proxy_speedup_ci95": [
        0.864417577673618,
        0.9013033942621426
      ],
      "proxy_process_speedups": [
        0.8703818490831691,
        0.8653604791247335,
        0.8714958551773604
      ],
      "proxy_passes_5pct_gate": false,
      "proxy_modeled_selected_checkpoint_break_even_vs_pca": null,
      "direct_speedup_vs_pca": 1.0204104773073301,
      "direct_speedup_ci95": [
        0.9993374758002954,
        1.0375410332852568
      ],
      "direct_process_speedups": [
        1.03186715607144,
        0.9962954616927777,
        1.0341773016697102
      ],
      "direct_passes_5pct_gate": false,
      "direct_modeled_selected_checkpoint_break_even_vs_pca": null,
      "direct_modeled_full_search_break_even_vs_pca": null
    },
    {
      "cell": "k16",
      "method": "F8",
      "original_full_ms": 51.12338849964241,
      "pca_geo_ms": 48.71852750026543,
      "proxy_geo_ms": 53.8156986682831,
      "direct_geo_ms": 48.1727665028302,
      "direct_full_ms": 52.433472003031056,
      "proxy_speedup_vs_pca": 0.9052846791149858,
      "proxy_speedup_ci95": [
        0.9030209885201318,
        0.9081948242151822
      ],
      "proxy_process_speedups": [
        0.9061243680465778,
        0.9059700167221156,
        0.903756975535129
      ],
      "proxy_passes_5pct_gate": false,
      "proxy_modeled_selected_checkpoint_break_even_vs_pca": null,
      "direct_speedup_vs_pca": 1.011329243409825,
      "direct_speedup_ci95": [
        1.0034971698011168,
        1.0214781715797412
      ],
      "direct_process_speedups": [
        1.0109013281122088,
        1.0025880151200868,
        1.0207158326873245
      ],
      "direct_passes_5pct_gate": false,
      "direct_modeled_selected_checkpoint_break_even_vs_pca": null,
      "direct_modeled_full_search_break_even_vs_pca": null
    },
    {
      "cell": "k16",
      "method": "F16",
      "original_full_ms": 55.85233916644938,
      "pca_geo_ms": 51.22038533105903,
      "proxy_geo_ms": 56.824349664869565,
      "direct_geo_ms": 50.564611325777754,
      "direct_full_ms": 55.54261649861777,
      "proxy_speedup_vs_pca": 0.9013809332291388,
      "proxy_speedup_ci95": [
        0.8985542710192217,
        0.9042132809461163
      ],
      "proxy_process_speedups": [
        0.904319777883313,
        0.8989505226228118,
        0.9009021741497011
      ],
      "proxy_passes_5pct_gate": false,
      "proxy_modeled_selected_checkpoint_break_even_vs_pca": null,
      "direct_speedup_vs_pca": 1.012969030871339,
      "direct_speedup_ci95": [
        1.0031590196805495,
        1.020165279163921
      ],
      "direct_process_speedups": [
        1.0165395662342236,
        1.003064656241681,
        1.019521139464954
      ],
      "direct_passes_5pct_gate": false,
      "direct_modeled_selected_checkpoint_break_even_vs_pca": null,
      "direct_modeled_full_search_break_even_vs_pca": null
    },
    {
      "cell": "k64",
      "method": "F8",
      "original_full_ms": 61.51906199859999,
      "pca_geo_ms": 61.82259867152121,
      "proxy_geo_ms": 66.65869167045457,
      "direct_geo_ms": 62.81893150056324,
      "direct_full_ms": 64.78967933314077,
      "proxy_speedup_vs_pca": 0.9274499262175455,
      "proxy_speedup_ci95": [
        0.8803876594915887,
        0.9480172989606079
      ],
      "proxy_process_speedups": [
        0.9434366710055591,
        0.898097999039956,
        0.9409756206288695
      ],
      "proxy_passes_5pct_gate": false,
      "proxy_modeled_selected_checkpoint_break_even_vs_pca": null,
      "direct_speedup_vs_pca": 0.9841396087892216,
      "direct_speedup_ci95": [
        0.9331350536356791,
        1.0375278252491196
      ],
      "direct_process_speedups": [
        1.0037703082514182,
        0.9518113621758889,
        0.9971304267690971
      ],
      "direct_passes_5pct_gate": false,
      "direct_modeled_selected_checkpoint_break_even_vs_pca": null,
      "direct_modeled_full_search_break_even_vs_pca": null
    },
    {
      "cell": "k64",
      "method": "F16",
      "original_full_ms": 64.99418616537393,
      "pca_geo_ms": 62.398274167208,
      "proxy_geo_ms": 67.97094366629608,
      "direct_geo_ms": 61.14604466711171,
      "direct_full_ms": 65.82564083025015,
      "proxy_speedup_vs_pca": 0.9180139453933853,
      "proxy_speedup_ci95": [
        0.8777442429104682,
        0.9367997937356706
      ],
      "proxy_process_speedups": [
        0.9312404193948746,
        0.8902469505926286,
        0.9325249940825333
      ],
      "proxy_passes_5pct_gate": false,
      "proxy_modeled_selected_checkpoint_break_even_vs_pca": null,
      "direct_speedup_vs_pca": 1.0204793213839687,
      "direct_speedup_ci95": [
        0.9751036531849849,
        1.066057099578601
      ],
      "direct_process_speedups": [
        1.007679453419493,
        1.0534813395980056,
        1.0032586471253875
      ],
      "direct_passes_5pct_gate": false,
      "direct_modeled_selected_checkpoint_break_even_vs_pca": null,
      "direct_modeled_full_search_break_even_vs_pca": null
    },
    {
      "cell": "original",
      "method": "F8",
      "original_full_ms": 63.561359832723,
      "pca_geo_ms": 63.19316616281867,
      "proxy_geo_ms": 66.91249366607128,
      "direct_geo_ms": 62.88522299776862,
      "direct_full_ms": 66.5540128320572,
      "proxy_speedup_vs_pca": 0.9444150516671218,
      "proxy_speedup_ci95": [
        0.9381847410065317,
        0.950744016435231
      ],
      "proxy_process_speedups": [
        0.9484820372315023,
        0.9409623504327822,
        0.9438548421637402
      ],
      "proxy_passes_5pct_gate": false,
      "proxy_modeled_selected_checkpoint_break_even_vs_pca": null,
      "direct_speedup_vs_pca": 1.0048969082142076,
      "direct_speedup_ci95": [
        0.9985501723294739,
        1.0122666320015923
      ],
      "direct_process_speedups": [
        1.0072976155909839,
        1.0074430713618026,
        1.0000074079099786
      ],
      "direct_passes_5pct_gate": false,
      "direct_modeled_selected_checkpoint_break_even_vs_pca": null,
      "direct_modeled_full_search_break_even_vs_pca": null
    },
    {
      "cell": "original",
      "method": "F16",
      "original_full_ms": 66.52189816668397,
      "pca_geo_ms": 63.62479733555422,
      "proxy_geo_ms": 68.09948900142142,
      "direct_geo_ms": 63.550441836317376,
      "direct_full_ms": 67.10616733228865,
      "proxy_speedup_vs_pca": 0.9342918466572664,
      "proxy_speedup_ci95": [
        0.9183757163134986,
        0.9459574675198582
      ],
      "proxy_process_speedups": [
        0.9446658550304713,
        0.9294513047255062,
        0.9289671426025378
      ],
      "proxy_passes_5pct_gate": false,
      "proxy_modeled_selected_checkpoint_break_even_vs_pca": null,
      "direct_speedup_vs_pca": 1.0011700233245955,
      "direct_speedup_ci95": [
        0.9932849168908544,
        1.0095425433849263
      ],
      "direct_process_speedups": [
        1.0066674081412235,
        0.9999565848801539,
        0.9969614763732161
      ],
      "direct_passes_5pct_gate": false,
      "direct_modeled_selected_checkpoint_break_even_vs_pca": null,
      "direct_modeled_full_search_break_even_vs_pca": null
    },
    {
      "cell": "k256",
      "method": "F8",
      "original_full_ms": 90.33651816813897,
      "pca_geo_ms": 91.1884759965081,
      "proxy_geo_ms": 94.05468049711392,
      "direct_geo_ms": 90.9151888336055,
      "direct_full_ms": 93.16753416836339,
      "proxy_speedup_vs_pca": 0.9695261896010187,
      "proxy_speedup_ci95": [
        0.9583924328411813,
        0.9787607800792651
      ],
      "proxy_process_speedups": [
        0.9711035037591256,
        0.9724810787468898,
        0.965028935363361
      ],
      "proxy_passes_5pct_gate": false,
      "proxy_modeled_selected_checkpoint_break_even_vs_pca": null,
      "direct_speedup_vs_pca": 1.0030059571608303,
      "direct_speedup_ci95": [
        0.9958862964366287,
        1.0120004230980224
      ],
      "direct_process_speedups": [
        0.9968881628828169,
        1.0027569980188973,
        1.0093115855370804
      ],
      "direct_passes_5pct_gate": false,
      "direct_modeled_selected_checkpoint_break_even_vs_pca": null,
      "direct_modeled_full_search_break_even_vs_pca": null
    },
    {
      "cell": "k256",
      "method": "F16",
      "original_full_ms": 84.69097383446449,
      "pca_geo_ms": 83.1417843340508,
      "proxy_geo_ms": 86.75147883332102,
      "direct_geo_ms": 83.22119816148188,
      "direct_full_ms": 85.47388866766899,
      "proxy_speedup_vs_pca": 0.9583903980910151,
      "proxy_speedup_ci95": [
        0.950776489123938,
        0.9684292976015529
      ],
      "proxy_process_speedups": [
        0.9546850830206836,
        0.9611463909558037,
        0.9592315443222379
      ],
      "proxy_passes_5pct_gate": false,
      "proxy_modeled_selected_checkpoint_break_even_vs_pca": null,
      "direct_speedup_vs_pca": 0.9990457500109889,
      "direct_speedup_ci95": [
        0.9904290577174558,
        1.0091309489075118
      ],
      "direct_process_speedups": [
        0.9980341724011855,
        0.9939217520292232,
        1.0052464453220702
      ],
      "direct_passes_5pct_gate": false,
      "direct_modeled_selected_checkpoint_break_even_vs_pca": null,
      "direct_modeled_full_search_break_even_vs_pca": null
    },
    {
      "cell": "k1024",
      "method": "F8",
      "original_full_ms": 205.8151025000067,
      "pca_geo_ms": 204.03823866702928,
      "proxy_geo_ms": 205.9757316649969,
      "direct_geo_ms": 202.81925050221616,
      "direct_full_ms": 204.20049533277052,
      "proxy_speedup_vs_pca": 0.9905935860389669,
      "proxy_speedup_ci95": [
        0.9827164969940035,
        1.0014022334357011
      ],
      "proxy_process_speedups": [
        0.9847504718635959,
        0.9883207812910749,
        0.9987813726424787
      ],
      "proxy_passes_5pct_gate": false,
      "proxy_modeled_selected_checkpoint_break_even_vs_pca": null,
      "direct_speedup_vs_pca": 1.006010219255789,
      "direct_speedup_ci95": [
        0.9943840764427044,
        1.0159256604601759
      ],
      "direct_process_speedups": [
        0.9989419498652048,
        1.003872983693328,
        1.0153170222964438
      ],
      "direct_passes_5pct_gate": false,
      "direct_modeled_selected_checkpoint_break_even_vs_pca": null,
      "direct_modeled_full_search_break_even_vs_pca": null
    },
    {
      "cell": "k1024",
      "method": "F16",
      "original_full_ms": 166.17863350499343,
      "pca_geo_ms": 165.5070248307311,
      "proxy_geo_ms": 167.24910600169096,
      "direct_geo_ms": 164.79780150014753,
      "direct_full_ms": 165.48266016858784,
      "proxy_speedup_vs_pca": 0.9895839134055386,
      "proxy_speedup_ci95": [
        0.9725095947789815,
        1.0075485435371605
      ],
      "proxy_process_speedups": [
        1.0095514846925835,
        0.9801903240093903,
        0.9800704326186803
      ],
      "proxy_passes_5pct_gate": false,
      "proxy_modeled_selected_checkpoint_break_even_vs_pca": null,
      "direct_speedup_vs_pca": 1.004303597039084,
      "direct_speedup_ci95": [
        0.9903369980022267,
        1.0241848282574815
      ],
      "direct_process_speedups": [
        1.0273335290583738,
        0.9897662925434686,
        0.9971327101115489
      ],
      "direct_passes_5pct_gate": false,
      "direct_modeled_selected_checkpoint_break_even_vs_pca": null,
      "direct_modeled_full_search_break_even_vs_pca": null
    }
  ],
  "mixtures": [
    {
      "method": "F8",
      "family": "proxy",
      "pca_ms": 85.68059058395899,
      "learned_ms": 89.8359151667844,
      "saving_fraction": -0.048497851783054546,
      "saving_ci95": [
        -0.05747876688127266,
        -0.04293504490317105
      ],
      "process_savings": [
        -0.04791634087863139,
        -0.052743908162658615,
        -0.04484668513032397
      ],
      "passes_5pct_gate": false
    },
    {
      "method": "F8",
      "family": "direct",
      "pca_ms": 85.68059058395899,
      "learned_ms": 85.30082477833882,
      "saving_fraction": 0.004432343463459665,
      "saving_ci95": [
        -0.00427016939382216,
        0.013294387829943901
      ],
      "process_savings": [
        0.0034088933667191235,
        -0.0020251921450511468,
        0.011877430434835912
      ],
      "passes_5pct_gate": false
    },
    {
      "method": "F8",
      "family": "direct_vs_proxy",
      "pca_ms": null,
      "reference_ms": 89.8359151667844,
      "learned_ms": 85.30082477833882,
      "saving_fraction": 0.05048193008359725,
      "saving_ci95": [
        0.047129359510023505,
        0.0564450292337382
      ],
      "process_savings": [
        0.04897836997399674,
        0.04817763904815764,
        0.054289415253382156
      ],
      "passes_5pct_gate": null
    },
    {
      "method": "F16",
      "family": "proxy",
      "pca_ms": 78.85487777659566,
      "learned_ms": 83.5415746668231,
      "saving_fraction": -0.059434457605848534,
      "saving_ci95": [
        -0.07170141862790969,
        -0.04945609190511626
      ],
      "process_savings": [
        -0.04928253695930529,
        -0.06801546236504641,
        -0.0608792529579576
      ],
      "passes_5pct_gate": false
    },
    {
      "method": "F16",
      "family": "direct",
      "pca_ms": 78.85487777659566,
      "learned_ms": 78.26204219317233,
      "saving_fraction": 0.0075180584909774195,
      "saving_ci95": [
        -0.002551836290945619,
        0.015540409207596636
      ],
      "process_savings": [
        0.015698521823630185,
        0.001710267490751316,
        0.005254293299089885
      ],
      "passes_5pct_gate": false
    },
    {
      "method": "F16",
      "family": "direct_vs_proxy",
      "pca_ms": null,
      "reference_ms": 83.5415746668231,
      "learned_ms": 78.26204219317233,
      "saving_fraction": 0.06319646828188674,
      "saving_ci95": [
        0.05796952814340737,
        0.06794720674622644
      ],
      "process_savings": [
        0.0619290386469622,
        0.0652853187175726,
        0.06233842925352073
      ],
      "passes_5pct_gate": null
    }
  ],
  "mapping": [
    {
      "family": "proxy",
      "device": "cpu",
      "parameters": 6337,
      "mean_process_median_ms": 16.84189066872932,
      "process_median_ms": [
        16.42559799074661,
        17.194216008647345,
        16.905858006794006
      ],
      "dense_layer_flops": 744960000,
      "input_rows": 60000,
      "features": 32
    },
    {
      "family": "proxy",
      "device": "cuda",
      "parameters": 6337,
      "mean_process_median_ms": 2.0641440011483305,
      "process_median_ms": [
        2.0604580058716238,
        2.1082109888084233,
        2.023763008764945
      ],
      "dense_layer_flops": 744960000,
      "input_rows": 60000,
      "features": 32
    },
    {
      "family": "direct",
      "device": "cpu",
      "parameters": 6337,
      "mean_process_median_ms": 16.467609665899847,
      "process_median_ms": [
        16.155264995177276,
        16.6302080033347,
        16.617355999187566
      ],
      "dense_layer_flops": 744960000,
      "input_rows": 60000,
      "features": 32
    },
    {
      "family": "direct",
      "device": "cuda",
      "parameters": 6337,
      "mean_process_median_ms": 2.0630603345731893,
      "process_median_ms": [
        2.0715069986181334,
        2.093967006658204,
        2.023706998443231
      ],
      "dense_layer_flops": 744960000,
      "input_rows": 60000,
      "features": 32
    }
  ],
  "build_seconds": {
    "pca": 0.4693401976643751,
    "proxy": 0.4884924449442123,
    "direct": 0.483766270887928
  },
  "cold_queries": [
    {
      "family": "pca",
      "cell": "k4",
      "method": "F8",
      "build_plus_query_seconds_mean": 0.5353752429994832,
      "build_seconds_mean": 0.49083092899430386,
      "training_included": false
    },
    {
      "family": "pca",
      "cell": "k4",
      "method": "F16",
      "build_plus_query_seconds_mean": 0.5152624156665601,
      "build_seconds_mean": 0.4688816303338778,
      "training_included": false
    },
    {
      "family": "pca",
      "cell": "original",
      "method": "F8",
      "build_plus_query_seconds_mean": 0.523825698667982,
      "build_seconds_mean": 0.4638342800026294,
      "training_included": false
    },
    {
      "family": "pca",
      "cell": "original",
      "method": "F16",
      "build_plus_query_seconds_mean": 0.5244749323367918,
      "build_seconds_mean": 0.46406535533606075,
      "training_included": false
    },
    {
      "family": "pca",
      "cell": "k1024",
      "method": "F8",
      "build_plus_query_seconds_mean": 0.6679858860006789,
      "build_seconds_mean": 0.4652103879925562,
      "training_included": false
    },
    {
      "family": "pca",
      "cell": "k1024",
      "method": "F16",
      "build_plus_query_seconds_mean": 0.6320824363307717,
      "build_seconds_mean": 0.46321860332682263,
      "training_included": false
    },
    {
      "family": "proxy",
      "cell": "k4",
      "method": "F8",
      "build_plus_query_seconds_mean": 0.5701469279980907,
      "build_seconds_mean": 0.5189457076679295,
      "training_included": false
    },
    {
      "family": "proxy",
      "cell": "k4",
      "method": "F16",
      "build_plus_query_seconds_mean": 0.5271691736706998,
      "build_seconds_mean": 0.4737341846727456,
      "training_included": false
    },
    {
      "family": "proxy",
      "cell": "original",
      "method": "F8",
      "build_plus_query_seconds_mean": 0.5333318103318258,
      "build_seconds_mean": 0.4688568119988001,
      "training_included": false
    },
    {
      "family": "proxy",
      "cell": "original",
      "method": "F16",
      "build_plus_query_seconds_mean": 0.5331177076683767,
      "build_seconds_mean": 0.4682301489956444,
      "training_included": false
    },
    {
      "family": "proxy",
      "cell": "k1024",
      "method": "F8",
      "build_plus_query_seconds_mean": 0.6753110066638328,
      "build_seconds_mean": 0.4688847319969985,
      "training_included": false
    },
    {
      "family": "proxy",
      "cell": "k1024",
      "method": "F16",
      "build_plus_query_seconds_mean": 0.7046405870011464,
      "build_seconds_mean": 0.5323030843331557,
      "training_included": false
    },
    {
      "family": "direct",
      "cell": "k4",
      "method": "F8",
      "build_plus_query_seconds_mean": 0.5724918683311747,
      "build_seconds_mean": 0.527689186662125,
      "training_included": false
    },
    {
      "family": "direct",
      "cell": "k4",
      "method": "F16",
      "build_plus_query_seconds_mean": 0.5190540373296244,
      "build_seconds_mean": 0.4726421196586064,
      "training_included": false
    },
    {
      "family": "direct",
      "cell": "original",
      "method": "F8",
      "build_plus_query_seconds_mean": 0.5298765250045108,
      "build_seconds_mean": 0.46985491533511475,
      "training_included": false
    },
    {
      "family": "direct",
      "cell": "original",
      "method": "F16",
      "build_plus_query_seconds_mean": 0.5294147483364213,
      "build_seconds_mean": 0.46904959466579993,
      "training_included": false
    },
    {
      "family": "direct",
      "cell": "k1024",
      "method": "F8",
      "build_plus_query_seconds_mean": 0.6744014006690122,
      "build_seconds_mean": 0.47168780566911056,
      "training_included": false
    },
    {
      "family": "direct",
      "cell": "k1024",
      "method": "F16",
      "build_plus_query_seconds_mean": 0.6592661266671106,
      "build_seconds_mean": 0.49167400333681144,
      "training_included": false
    }
  ],
  "geometry": {
    "pca": {
      "test": {
        "mean_pair_pruning": 0.12400082658400825,
        "cells": [
          {
            "cell": "k4",
            "pruned_tiles": 2580,
            "tiles": 12403,
            "tile_fraction": 0.20801419011529468,
            "pair_fraction": 0.20506621337866213
          },
          {
            "cell": "k16",
            "pruned_tiles": 2006,
            "tiles": 12403,
            "tile_fraction": 0.1617350640973958,
            "pair_fraction": 0.15890890910908909
          },
          {
            "cell": "k64",
            "pruned_tiles": 1514,
            "tiles": 12403,
            "tile_fraction": 0.1220672417963396,
            "pair_fraction": 0.1194069393060694
          },
          {
            "cell": "original",
            "pruned_tiles": 1509,
            "tiles": 12403,
            "tile_fraction": 0.12166411352092235,
            "pair_fraction": 0.1189973802619738
          },
          {
            "cell": "k256",
            "pruned_tiles": 1089,
            "tiles": 12403,
            "tile_fraction": 0.08780133838587438,
            "pair_fraction": 0.0853930606939306
          },
          {
            "cell": "k1024",
            "pruned_tiles": 724,
            "tiles": 12403,
            "tile_fraction": 0.05837297428041603,
            "pair_fraction": 0.05623245675432457
          }
        ],
        "bound_seconds": 0.0053039589984109625,
        "permutation_sha256": "9d26b909d983cd1c2149233761d317580ad5a337dbf07e270255791fd7486f6a",
        "reference_checks": {
          "k4": {
            "reference_entries": 14916,
            "occupied_tiles": 476,
            "pruned_tiles": 2580,
            "pass_": true
          },
          "k16": {
            "reference_entries": 32354,
            "occupied_tiles": 1084,
            "pruned_tiles": 2006,
            "pass_": true
          },
          "k64": {
            "reference_entries": 108684,
            "occupied_tiles": 2691,
            "pruned_tiles": 1514,
            "pass_": true
          },
          "original": {
            "reference_entries": 110526,
            "occupied_tiles": 2720,
            "pruned_tiles": 1509,
            "pass_": true
          },
          "k256": {
            "reference_entries": 434034,
            "occupied_tiles": 5624,
            "pruned_tiles": 1089,
            "pass_": true
          },
          "k1024": {
            "reference_entries": 1736792,
            "occupied_tiles": 8380,
            "pruned_tiles": 724,
            "pass_": true
          }
        },
        "mean_pc1_block_width": 0.010269410525610485,
        "mean_block_bbox_diagonal": 2.658637322285622,
        "permutation_equals_pca": true,
        "same_block_assignment_fraction": 1.0,
        "mean_absolute_rank_change": 0.0,
        "max_absolute_rank_change": 0
      },
      "full": {
        "mean_pair_pruning": 0.13038867722574995,
        "cells": [
          {
            "cell": "k4",
            "pruned_tiles": 93589,
            "tiles": 440391,
            "tile_fraction": 0.2125134255695507,
            "pair_fraction": 0.21220908540413216
          },
          {
            "cell": "k16",
            "pruned_tiles": 73111,
            "tiles": 440391,
            "tile_fraction": 0.16601383770331365,
            "pair_fraction": 0.16570205607684316
          },
          {
            "cell": "k64",
            "pruned_tiles": 55632,
            "tiles": 440391,
            "tile_fraction": 0.12632410744088776,
            "pair_fraction": 0.12602157964033933
          },
          {
            "cell": "original",
            "pruned_tiles": 55420,
            "tiles": 440391,
            "tile_fraction": 0.12584271704008484,
            "pair_fraction": 0.12554030766153898
          },
          {
            "cell": "k256",
            "pruned_tiles": 40320,
            "tiles": 440391,
            "tile_fraction": 0.09155500453006533,
            "pair_fraction": 0.0912710121497975
          },
          {
            "cell": "k1024",
            "pruned_tiles": 27235,
            "tiles": 440391,
            "tile_fraction": 0.06184277153711134,
            "pair_fraction": 0.06158802242184853
          }
        ],
        "bound_seconds": 0.1174852450058097,
        "permutation_sha256": "e2c3204f914d9d11a314e928d84534379b74220bf6435dda340c98914b332b63",
        "reference_checks": {
          "k4": {
            "reference_entries": 297318,
            "occupied_tiles": 13698,
            "pruned_tiles": 93589,
            "pass_": true
          },
          "k16": {
            "reference_entries": 1016858,
            "occupied_tiles": 35268,
            "pruned_tiles": 73111,
            "pass_": true
          },
          "k64": {
            "reference_entries": 3862998,
            "occupied_tiles": 91881,
            "pruned_tiles": 55632,
            "pass_": true
          },
          "original": {
            "reference_entries": 3926078,
            "occupied_tiles": 92860,
            "pruned_tiles": 55420,
            "pass_": true
          },
          "k256": {
            "reference_entries": 15429428,
            "occupied_tiles": 197156,
            "pruned_tiles": 40320,
            "pass_": true
          },
          "k1024": {
            "reference_entries": 61458806,
            "occupied_tiles": 298844,
            "pruned_tiles": 27235,
            "pass_": true
          }
        },
        "mean_pc1_block_width": 0.0018422992031023194,
        "mean_block_bbox_diagonal": 2.6555999814308535,
        "permutation_equals_pca": true,
        "same_block_assignment_fraction": 1.0,
        "mean_absolute_rank_change": 0.0,
        "max_absolute_rank_change": 0
      }
    },
    "proxy": {
      "test": {
        "mean_pair_pruning": 0.0008020531280205313,
        "cells": [
          {
            "cell": "k4",
            "pruned_tiles": 44,
            "tiles": 12403,
            "tile_fraction": 0.0035475288236716924,
            "pair_fraction": 0.002621177882211779
          },
          {
            "cell": "k16",
            "pruned_tiles": 25,
            "tiles": 12403,
            "tile_fraction": 0.002015641377086189,
            "pair_fraction": 0.0011877212278772122
          },
          {
            "cell": "k64",
            "pruned_tiles": 11,
            "tiles": 12403,
            "tile_fraction": 0.0008868822059179231,
            "pair_fraction": 0.00040955904409559045
          },
          {
            "cell": "original",
            "pruned_tiles": 11,
            "tiles": 12403,
            "tile_fraction": 0.0008868822059179231,
            "pair_fraction": 0.00040955904409559045
          },
          {
            "cell": "k256",
            "pruned_tiles": 5,
            "tiles": 12403,
            "tile_fraction": 0.0004031282754172378,
            "pair_fraction": 0.0001638236176382362
          },
          {
            "cell": "k1024",
            "pruned_tiles": 1,
            "tiles": 12403,
            "tile_fraction": 8.062565508344755e-05,
            "pair_fraction": 2.0477952204779524e-05
          }
        ],
        "bound_seconds": 0.005631993000861257,
        "permutation_sha256": "8e771a502ef17f58d5b048552cacd8aa314361d7ee738b680b90fecbcd6401b6",
        "reference_checks": {
          "k4": {
            "reference_entries": 14916,
            "occupied_tiles": 566,
            "pruned_tiles": 44,
            "pass_": true
          },
          "k16": {
            "reference_entries": 32354,
            "occupied_tiles": 1331,
            "pruned_tiles": 25,
            "pass_": true
          },
          "k64": {
            "reference_entries": 108684,
            "occupied_tiles": 3257,
            "pruned_tiles": 11,
            "pass_": true
          },
          "original": {
            "reference_entries": 110526,
            "occupied_tiles": 3294,
            "pruned_tiles": 11,
            "pass_": true
          },
          "k256": {
            "reference_entries": 434034,
            "occupied_tiles": 6651,
            "pruned_tiles": 5,
            "pass_": true
          },
          "k1024": {
            "reference_entries": 1736792,
            "occupied_tiles": 9542,
            "pruned_tiles": 1,
            "pass_": true
          }
        },
        "mean_pc1_block_width": 0.5685041705941809,
        "mean_block_bbox_diagonal": 2.7182626816096054,
        "permutation_equals_pca": false,
        "same_block_assignment_fraction": 0.0352,
        "mean_absolute_rank_change": 1012.8308,
        "max_absolute_rank_change": 5626
      },
      "full": {
        "mean_pair_pruning": 0.0013882553809288366,
        "cells": [
          {
            "cell": "k4",
            "pruned_tiles": 1890,
            "tiles": 440391,
            "tile_fraction": 0.004291640837346812,
            "pair_fraction": 0.0041880901984966915
          },
          {
            "cell": "k16",
            "pruned_tiles": 932,
            "tiles": 440391,
            "tile_fraction": 0.0021163011959826608,
            "pair_fraction": 0.0020343127614539758
          },
          {
            "cell": "k64",
            "pruned_tiles": 407,
            "tiles": 440391,
            "tile_fraction": 0.0009241787411641019,
            "pair_fraction": 0.0008658344583145837
          },
          {
            "cell": "original",
            "pruned_tiles": 403,
            "tiles": 440391,
            "tile_fraction": 0.0009150959034131033,
            "pair_fraction": 0.0008567323877935368
          },
          {
            "cell": "k256",
            "pruned_tiles": 151,
            "tiles": 440391,
            "tile_fraction": 0.00034287712510019507,
            "pair_fraction": 0.0003015060860096776
          },
          {
            "cell": "k1024",
            "pruned_tiles": 49,
            "tiles": 440391,
            "tile_fraction": 0.00011126476244973217,
            "pair_fraction": 8.30563935045527e-05
          }
        ],
        "bound_seconds": 0.1146486189973075,
        "permutation_sha256": "1de3a8473739a3b04d899744d7a09116ff229eac5d2dbc29a281974367f80db1",
        "reference_checks": {
          "k4": {
            "reference_entries": 297318,
            "occupied_tiles": 17570,
            "pruned_tiles": 1890,
            "pass_": true
          },
          "k16": {
            "reference_entries": 1016858,
            "occupied_tiles": 44421,
            "pruned_tiles": 932,
            "pass_": true
          },
          "k64": {
            "reference_entries": 3862998,
            "occupied_tiles": 114567,
            "pruned_tiles": 407,
            "pass_": true
          },
          "original": {
            "reference_entries": 3926078,
            "occupied_tiles": 115762,
            "pruned_tiles": 403,
            "pass_": true
          },
          "k256": {
            "reference_entries": 15429428,
            "occupied_tiles": 233402,
            "pruned_tiles": 151,
            "pass_": true
          },
          "k1024": {
            "reference_entries": 61458806,
            "occupied_tiles": 342136,
            "pruned_tiles": 49,
            "pass_": true
          }
        },
        "mean_pc1_block_width": 0.5600606352854727,
        "mean_block_bbox_diagonal": 2.717997140233635,
        "permutation_equals_pca": false,
        "same_block_assignment_fraction": 0.006016666666666667,
        "mean_absolute_rank_change": 6036.046766666666,
        "max_absolute_rank_change": 37318
      }
    },
    "direct": {
      "test": {
        "mean_pair_pruning": 0.12400082658400825,
        "cells": [
          {
            "cell": "k4",
            "pruned_tiles": 2580,
            "tiles": 12403,
            "tile_fraction": 0.20801419011529468,
            "pair_fraction": 0.20506621337866213
          },
          {
            "cell": "k16",
            "pruned_tiles": 2006,
            "tiles": 12403,
            "tile_fraction": 0.1617350640973958,
            "pair_fraction": 0.15890890910908909
          },
          {
            "cell": "k64",
            "pruned_tiles": 1514,
            "tiles": 12403,
            "tile_fraction": 0.1220672417963396,
            "pair_fraction": 0.1194069393060694
          },
          {
            "cell": "original",
            "pruned_tiles": 1509,
            "tiles": 12403,
            "tile_fraction": 0.12166411352092235,
            "pair_fraction": 0.1189973802619738
          },
          {
            "cell": "k256",
            "pruned_tiles": 1089,
            "tiles": 12403,
            "tile_fraction": 0.08780133838587438,
            "pair_fraction": 0.0853930606939306
          },
          {
            "cell": "k1024",
            "pruned_tiles": 724,
            "tiles": 12403,
            "tile_fraction": 0.05837297428041603,
            "pair_fraction": 0.05623245675432457
          }
        ],
        "bound_seconds": 0.005541237012948841,
        "permutation_sha256": "e65d86cef868ba258ab1fb4d118192952ad726f820b754f7759678d6f0378919",
        "reference_checks": {
          "k4": {
            "reference_entries": 14916,
            "occupied_tiles": 476,
            "pruned_tiles": 2580,
            "pass_": true
          },
          "k16": {
            "reference_entries": 32354,
            "occupied_tiles": 1084,
            "pruned_tiles": 2006,
            "pass_": true
          },
          "k64": {
            "reference_entries": 108684,
            "occupied_tiles": 2691,
            "pruned_tiles": 1514,
            "pass_": true
          },
          "original": {
            "reference_entries": 110526,
            "occupied_tiles": 2720,
            "pruned_tiles": 1509,
            "pass_": true
          },
          "k256": {
            "reference_entries": 434034,
            "occupied_tiles": 5624,
            "pruned_tiles": 1089,
            "pass_": true
          },
          "k1024": {
            "reference_entries": 1736792,
            "occupied_tiles": 8380,
            "pruned_tiles": 724,
            "pass_": true
          }
        },
        "mean_pc1_block_width": 0.010269410525610485,
        "mean_block_bbox_diagonal": 2.658637322285622,
        "permutation_equals_pca": false,
        "same_block_assignment_fraction": 1.0,
        "mean_absolute_rank_change": 0.0004,
        "max_absolute_rank_change": 1
      },
      "full": {
        "mean_pair_pruning": 0.13038867722574995,
        "cells": [
          {
            "cell": "k4",
            "pruned_tiles": 93589,
            "tiles": 440391,
            "tile_fraction": 0.2125134255695507,
            "pair_fraction": 0.21220908540413216
          },
          {
            "cell": "k16",
            "pruned_tiles": 73111,
            "tiles": 440391,
            "tile_fraction": 0.16601383770331365,
            "pair_fraction": 0.16570205607684316
          },
          {
            "cell": "k64",
            "pruned_tiles": 55632,
            "tiles": 440391,
            "tile_fraction": 0.12632410744088776,
            "pair_fraction": 0.12602157964033933
          },
          {
            "cell": "original",
            "pruned_tiles": 55420,
            "tiles": 440391,
            "tile_fraction": 0.12584271704008484,
            "pair_fraction": 0.12554030766153898
          },
          {
            "cell": "k256",
            "pruned_tiles": 40320,
            "tiles": 440391,
            "tile_fraction": 0.09155500453006533,
            "pair_fraction": 0.0912710121497975
          },
          {
            "cell": "k1024",
            "pruned_tiles": 27235,
            "tiles": 440391,
            "tile_fraction": 0.06184277153711134,
            "pair_fraction": 0.06158802242184853
          }
        ],
        "bound_seconds": 0.11008915900310967,
        "permutation_sha256": "a602e835fdf03f45faf82afd3ee4be3d66ff9706029f2514d7f70e90f86c4502",
        "reference_checks": {
          "k4": {
            "reference_entries": 297318,
            "occupied_tiles": 13698,
            "pruned_tiles": 93589,
            "pass_": true
          },
          "k16": {
            "reference_entries": 1016858,
            "occupied_tiles": 35269,
            "pruned_tiles": 73111,
            "pass_": true
          },
          "k64": {
            "reference_entries": 3862998,
            "occupied_tiles": 91915,
            "pruned_tiles": 55632,
            "pass_": true
          },
          "original": {
            "reference_entries": 3926078,
            "occupied_tiles": 92896,
            "pruned_tiles": 55420,
            "pass_": true
          },
          "k256": {
            "reference_entries": 15429428,
            "occupied_tiles": 197168,
            "pruned_tiles": 40320,
            "pass_": true
          },
          "k1024": {
            "reference_entries": 61458806,
            "occupied_tiles": 298852,
            "pruned_tiles": 27235,
            "pass_": true
          }
        },
        "mean_pc1_block_width": 0.0018422993803525799,
        "mean_block_bbox_diagonal": 2.6556139475020752,
        "permutation_equals_pca": false,
        "same_block_assignment_fraction": 0.9998666666666667,
        "mean_absolute_rank_change": 0.0025666666666666667,
        "max_absolute_rank_change": 1
      }
    }
  },
  "selection": {
    "created": 1788847141.3339343,
    "models": {
      "proxy": {
        "name": "proxy",
        "family": "proxy",
        "seed": 2026090815,
        "step": 300,
        "parameters": 6337,
        "training_seconds": 0.6824355169956107,
        "initialization_seconds": 0.0007693450024817139,
        "validation": {
          "mean_pair_pruning": 0.001331066893310669,
          "cells": [
            {
              "cell": "k4",
              "pruned_tiles": 60,
              "tiles": 12403,
              "tile_fraction": 0.004837539305006853,
              "pair_fraction": 0.004054634536546345
            },
            {
              "cell": "k16",
              "pruned_tiles": 33,
              "tiles": 12403,
              "tile_fraction": 0.002660646617753769,
              "pair_fraction": 0.002088751124887511
            },
            {
              "cell": "k64",
              "pruned_tiles": 14,
              "tiles": 12403,
              "tile_fraction": 0.0011287591711682658,
              "pair_fraction": 0.0007167283271672833
            },
            {
              "cell": "original",
              "pruned_tiles": 13,
              "tiles": 12403,
              "tile_fraction": 0.0010481335160848182,
              "pair_fraction": 0.0006962503749625038
            },
            {
              "cell": "k256",
              "pruned_tiles": 8,
              "tiles": 12403,
              "tile_fraction": 0.0006450052406675804,
              "pair_fraction": 0.0003481251874812519
            },
            {
              "cell": "k1024",
              "pruned_tiles": 4,
              "tiles": 12403,
              "tile_fraction": 0.0003225026203337902,
              "pair_fraction": 8.19118088191181e-05
            }
          ],
          "bound_seconds": 0.014372330013429746,
          "permutation_sha256": "dee9cb17ddff605f2b55605f4affc63dc78d55d7dd5372dfb6cc4928c2aba7d1"
        },
        "checkpoint_sha256": "5019e10e06c2904211dae28faac0c74ba665dd956fe791bce9a7c06e0b20c7eb",
        "loss": 0.6398210525512695,
        "historical_training": true,
        "optimized_parameters": 6337
      },
      "direct": {
        "name": "direct_s2026090821_e0",
        "family": "direct",
        "seed": 2026090821,
        "step": 0,
        "sweep": 0,
        "parameters": 6337,
        "optimized_parameters": 64,
        "training_seconds": 0.08299625299696345,
        "initialization_seconds": 0.08672131999628618,
        "training_reward": 622727168,
        "training": {
          "mean_pair_pruning": 0.1297315833770822,
          "cells": [
            {
              "cell": "k4",
              "pruned_tiles": 41267,
              "tiles": 195625,
              "tile_fraction": 0.21094952076677317,
              "pair_fraction": 0.21128175795605109
            },
            {
              "cell": "k16",
              "pruned_tiles": 32212,
              "tiles": 195625,
              "tile_fraction": 0.16466198083067093,
              "pair_fraction": 0.16492131696707582
            },
            {
              "cell": "k64",
              "pruned_tiles": 24484,
              "tiles": 195625,
              "tile_fraction": 0.12515782747603835,
              "pair_fraction": 0.12535494612634684
            },
            {
              "cell": "original",
              "pruned_tiles": 24406,
              "tiles": 195625,
              "tile_fraction": 0.1247591054313099,
              "pair_fraction": 0.12495559611009725
            },
            {
              "cell": "k256",
              "pruned_tiles": 17722,
              "tiles": 195625,
              "tile_fraction": 0.09059169329073483,
              "pair_fraction": 0.09073437164070898
            },
            {
              "cell": "k1024",
              "pruned_tiles": 11942,
              "tiles": 195625,
              "tile_fraction": 0.061045367412140575,
              "pair_fraction": 0.061141511462213444
            }
          ],
          "bound_seconds": 0.07075237399840262,
          "permutation_sha256": "742208bb0ad073070942e0e4293c40f9a913c407468e211a1953a387ac1658ae"
        },
        "validation": {
          "mean_pair_pruning": 0.12424314901843149,
          "cells": [
            {
              "cell": "k4",
              "pruned_tiles": 2573,
              "tiles": 12403,
              "tile_fraction": 0.20744981052971057,
              "pair_fraction": 0.20436996300369964
            },
            {
              "cell": "k16",
              "pruned_tiles": 2006,
              "tiles": 12403,
              "tile_fraction": 0.1617350640973958,
              "pair_fraction": 0.15872460753924608
            },
            {
              "cell": "k64",
              "pruned_tiles": 1523,
              "tiles": 12403,
              "tile_fraction": 0.12279287269209062,
              "pair_fraction": 0.11995984401559844
            },
            {
              "cell": "original",
              "pruned_tiles": 1515,
              "tiles": 12403,
              "tile_fraction": 0.12214786745142305,
              "pair_fraction": 0.11936598340165984
            },
            {
              "cell": "k256",
              "pruned_tiles": 1097,
              "tiles": 12403,
              "tile_fraction": 0.08844634362654197,
              "pair_fraction": 0.08586405359464054
            },
            {
              "cell": "k1024",
              "pruned_tiles": 737,
              "tiles": 12403,
              "tile_fraction": 0.059421107796500845,
              "pair_fraction": 0.05717444255574443
            }
          ],
          "bound_seconds": 0.005223881991696544,
          "permutation_sha256": "2914130291efda608abeb10732c5fba12810ade728ad29bc71891db47ac3158c"
        },
        "accepted": 0,
        "output_weight_squared_norm": 0.0,
        "checkpoint_sha256": "d4bf1460d473a83607eb997fd5d47a4e2d1c7a89cf6c27cab9fb98f2ddb3f85a",
        "zero_initialization": true
      }
    },
    "baseline_validation": {
      "mean_pair_pruning": 0.12424314901843149,
      "cells": [
        {
          "cell": "k4",
          "pruned_tiles": 2573,
          "tiles": 12403,
          "tile_fraction": 0.20744981052971057,
          "pair_fraction": 0.20436996300369964
        },
        {
          "cell": "k16",
          "pruned_tiles": 2006,
          "tiles": 12403,
          "tile_fraction": 0.1617350640973958,
          "pair_fraction": 0.15872460753924608
        },
        {
          "cell": "k64",
          "pruned_tiles": 1523,
          "tiles": 12403,
          "tile_fraction": 0.12279287269209062,
          "pair_fraction": 0.11995984401559844
        },
        {
          "cell": "original",
          "pruned_tiles": 1515,
          "tiles": 12403,
          "tile_fraction": 0.12214786745142305,
          "pair_fraction": 0.11936598340165984
        },
        {
          "cell": "k256",
          "pruned_tiles": 1097,
          "tiles": 12403,
          "tile_fraction": 0.08844634362654197,
          "pair_fraction": 0.08586405359464054
        },
        {
          "cell": "k1024",
          "pruned_tiles": 737,
          "tiles": 12403,
          "tile_fraction": 0.059421107796500845,
          "pair_fraction": 0.05717444255574443
        }
      ],
      "bound_seconds": 0.005607382001471706,
      "permutation_sha256": "26214d89aa974a19f44d4e02b68066ac71780b1c6fe08bc2c4627eae5d336559"
    },
    "rule": "Validation certified six-threshold pair pruning; zero initialization eligible; no test/full geometry or query time used.",
    "test_scope": "Reused prior test rows; adaptive within-dataset follow-up."
  },
  "guide_seconds": 0.0,
  "retained_calls": 720,
  "warmups": 180,
  "admission_calls": 75,
  "build_plus_query_calls": 54,
  "full_gpu_calls": 1029,
  "reference_occupancy_checks": 36,
  "max_device_used_mib": 3244,
  "training_search": {
    "total_proposals": 1920,
    "selected_zero_initialization": true,
    "total_search_seconds": 110.117722110037,
    "total_runs_seconds": 110.52155942798709,
    "selected_search_seconds": 0.08299625299696345,
    "accepted_parameter_changes": 0,
    "proposals_improving_initial": 0,
    "best_proposal_pruning": 0.12970854395306786,
    "parameters_total": 6337,
    "parameters_searched": 64
  },
  "direct_vs_pca_changed_tile_masks": {
    "k4": 0,
    "k16": 0,
    "k64": 0,
    "original": 0,
    "k256": 0,
    "k1024": 0
  },
  "bootstrap": {
    "draws": 20000,
    "seed": 2026090824,
    "unit": "process then paired repetitions"
  },
  "scope": "Adaptive within-dataset follow-up; reused test rows; fixed hidden features and direct readout search; not FM."
}
