[  2%] Building CXX object OWL/owl/CMakeFiles/owl.dir/APIContext.cpp.o
[  5%] Building CXX object OWL/owl/CMakeFiles/owl.dir/APIHandle.cpp.o
[  8%] Building CXX object OWL/owl/CMakeFiles/owl.dir/Buffer.cpp.o
[ 11%] Building CXX object OWL/owl/CMakeFiles/owl.dir/impl.cpp.o
[ 14%] Building CXX object OWL/owl/CMakeFiles/owl.dir/Texture.cpp.o
[ 17%] Building CXX object OWL/owl/CMakeFiles/owl.dir/CUDADriver.cpp.o
[ 20%] Building CXX object OWL/owl/CMakeFiles/owl.dir/Object.cpp.o
[ 22%] Building CXX object OWL/owl/CMakeFiles/owl.dir/Module.cpp.o
[ 25%] Building CXX object OWL/owl/CMakeFiles/owl.dir/RegisteredObject.cpp.o
[ 25%] Building CXX object OWL/owl/CMakeFiles/owl.dir/DeviceContext.cpp.o
[ 28%] Building CXX object OWL/owl/CMakeFiles/owl.dir/ObjectRegistry.cpp.o
[ 31%] Building CXX object OWL/owl/CMakeFiles/owl.dir/Context.cpp.o
[ 34%] Building CXX object OWL/owl/CMakeFiles/owl.dir/SBTObject.cpp.o
[ 37%] Building CXX object OWL/owl/CMakeFiles/owl.dir/RayGen.cpp.o
[ 40%] Building CXX object OWL/owl/CMakeFiles/owl.dir/LaunchParams.cpp.o
[ 42%] Building CXX object OWL/owl/CMakeFiles/owl.dir/MissProg.cpp.o
[ 45%] Building CXX object OWL/owl/CMakeFiles/owl.dir/Variable.cpp.o
[ 48%] Building CXX object OWL/owl/CMakeFiles/owl.dir/Geometry.cpp.o
[ 51%] Building CUDA object OWL/owl/CMakeFiles/owl.dir/Triangles.cu.o
[ 54%] Building CUDA object OWL/owl/CMakeFiles/owl.dir/UserGeom.cu.o
[ 57%] Building CUDA object OWL/owl/CMakeFiles/owl.dir/CurvesGeom.cu.o
[ 57%] Building CUDA object OWL/owl/CMakeFiles/owl.dir/SphereGeom.cu.o
[ 60%] Building CXX object OWL/owl/CMakeFiles/owl.dir/Group.cpp.o
[ 62%] Building CUDA object OWL/owl/CMakeFiles/owl.dir/InstanceGroup.cu.o
[ 65%] Building CXX object OWL/owl/CMakeFiles/owl.dir/TrianglesGeomGroup.cpp.o
[ 68%] Building CXX object OWL/owl/CMakeFiles/owl.dir/CurvesGeomGroup.cpp.o
[ 71%] Building CXX object OWL/owl/CMakeFiles/owl.dir/UserGeomGroup.cpp.o
[ 74%] Building CXX object OWL/owl/CMakeFiles/owl.dir/SphereGeomGroup.cpp.o
[ 77%] Linking CUDA device code CMakeFiles/owl.dir/cmake_device_link.o
[ 80%] Linking CXX shared library libowl.so
[ 80%] Built target owl
[ 82%] Building CUDA object CMakeFiles/RT-HiSS-ptx_ptx.dir/deviceCode.ptx
[ 82%] Built target RT-HiSS-ptx_ptx
[ 85%] Generating embedded PTX file: @TENSORJOIN_ROOT@/tensorjoin_20260902_certified_exact_join/g19_reusable_complete_cost_20260905/build_on_r1/Release/RT-HiSS-ptx.cpp
embed-ptx_run obj=@TENSORJOIN_ROOT@/tensorjoin_20260902_certified_exact_join/g19_reusable_complete_cost_20260905/build_on_r1/CMakeFiles/RT-HiSS-ptx_ptx.dir/deviceCode.ptx -> dir @TENSORJOIN_ROOT@/tensorjoin_20260902_certified_exact_join/g19_reusable_complete_cost_20260905/build_on_r1/CMakeFiles/RT-HiSS-ptx_ptx.dir
[ 88%] Building CXX object CMakeFiles/RT-HiSS-ptx.dir/Release/RT-HiSS-ptx.cpp.o
[ 91%] Linking CXX static library libRT-HiSS-ptx.a
[ 91%] Built target RT-HiSS-ptx
[ 94%] Building CXX object CMakeFiles/RT-HiSS.dir/utility_seq.cpp.o
[ 94%] Building CXX object CMakeFiles/RT-HiSS.dir/hostCode.cpp.o
[ 97%] Building CUDA object CMakeFiles/RT-HiSS.dir/utility.cu.o
[100%] Linking CXX shared library libRT-HiSS.so
[100%] Built target RT-HiSS
