In file included from @TENSORJOIN_ROOT@/tensorjoin_20260902_certified_exact_join/g19_reusable_complete_cost_20260905/src/host_allocator.cpp:1:
@TENSORJOIN_ROOT@/isaacsim6/env/lib/python3.12/site-packages/torch/include/ATen/core/CachingHostAllocator.h:47:16: warning: use of ‘std::hardware_destructive_interference_size’ [-Winterference-size]
   47 | struct alignas(hardware_destructive_interference_size) FreeBlockList {
      |                ^~~~~~~~~~~~~~~~~~~~~~~~~~~~~~~~~~~~~~
@TENSORJOIN_ROOT@/isaacsim6/env/lib/python3.12/site-packages/torch/include/ATen/core/CachingHostAllocator.h:47:16: note: its value can vary between compiler versions or with different ‘-mtune’ or ‘-mcpu’ flags
@TENSORJOIN_ROOT@/isaacsim6/env/lib/python3.12/site-packages/torch/include/ATen/core/CachingHostAllocator.h:47:16: note: if this use is part of a public ABI, change it to instead use a constant variable you define
@TENSORJOIN_ROOT@/isaacsim6/env/lib/python3.12/site-packages/torch/include/ATen/core/CachingHostAllocator.h:47:16: note: the default value for the current CPU tuning is 64 bytes
@TENSORJOIN_ROOT@/isaacsim6/env/lib/python3.12/site-packages/torch/include/ATen/core/CachingHostAllocator.h:47:16: note: you can stabilize this value with ‘--param hardware_destructive_interference_size=64’, or disable this warning with ‘-Wno-interference-size’
@TENSORJOIN_ROOT@/isaacsim6/env/lib/python3.12/site-packages/torch/include/ATen/core/CachingHostAllocator.h:130:16: warning: use of ‘std::hardware_destructive_interference_size’ [-Winterference-size]
  130 | struct alignas(hardware_destructive_interference_size) HostStatsStaged {
      |                ^~~~~~~~~~~~~~~~~~~~~~~~~~~~~~~~~~~~~~
@TENSORJOIN_ROOT@/isaacsim6/env/lib/python3.12/site-packages/torch/include/ATen/core/CachingHostAllocator.h:236:11: warning: use of ‘std::hardware_destructive_interference_size’ [-Winterference-size]
  236 |   alignas(hardware_destructive_interference_size) std::mutex blocks_mutex_;
      |           ^~~~~~~~~~~~~~~~~~~~~~~~~~~~~~~~~~~~~~
@TENSORJOIN_ROOT@/isaacsim6/env/lib/python3.12/site-packages/torch/include/ATen/core/CachingHostAllocator.h:241:11: warning: use of ‘std::hardware_destructive_interference_size’ [-Winterference-size]
  241 |   alignas(hardware_destructive_interference_size) std::vector<FreeBlockList<B_>> free_list_ =
      |           ^~~~~~~~~~~~~~~~~~~~~~~~~~~~~~~~~~~~~~
@TENSORJOIN_ROOT@/isaacsim6/env/lib/python3.12/site-packages/torch/include/ATen/core/CachingHostAllocator.h:245:11: warning: use of ‘std::hardware_destructive_interference_size’ [-Winterference-size]
  245 |   alignas(hardware_destructive_interference_size) std::mutex events_mutex_;
      |           ^~~~~~~~~~~~~~~~~~~~~~~~~~~~~~~~~~~~~~
@TENSORJOIN_ROOT@/isaacsim6/env/lib/python3.12/site-packages/torch/include/ATen/core/CachingHostAllocator.h:931:11: warning: use of ‘std::hardware_destructive_interference_size’ [-Winterference-size]
  931 |   alignas(hardware_destructive_interference_size) mutable std::shared_mutex instance_mutex_;
      |           ^~~~~~~~~~~~~~~~~~~~~~~~~~~~~~~~~~~~~~
@TENSORJOIN_ROOT@/isaacsim6/env/lib/python3.12/site-packages/torch/include/ATen/core/CachingHostAllocator.h:962:11: warning: use of ‘std::hardware_destructive_interference_size’ [-Winterference-size]
  962 |   alignas(hardware_destructive_interference_size) HostStatsStaged stats_;
      |           ^~~~~~~~~~~~~~~~~~~~~~~~~~~~~~~~~~~~~~
