{
  "verified_utc": "2026-09-05T10:10:30.257086+00:00",
  "composite_admission_slots": 14,
  "retained_failed_campaigns": [
    {
      "path": "admission.json",
      "failed_record": "rt_safety_memcheck_a0",
      "sha256": "426b957653a1fabf41477feeec5ec382a07de99d69061c818c85c2cccc5ea909"
    },
    {
      "path": "admission_r1.json",
      "failed_record": "tc_safety_memcheck_r1",
      "sha256": "1e15d34a9da5db6ad7367d5e82db296f0a31e6cf748fbdfa66579754f5a85344"
    },
    {
      "path": "admission_r2.json",
      "failed_record": "fp32_safety_memcheck_r2",
      "sha256": "0914e673bd256109a5e1409bbe40a8bf6684ecfde3bb2d1909289bb2bc8dc447"
    }
  ],
  "unchanged_archives": {
    "g17_rthiss_pair_contract_20260905": 420,
    "g18_rthiss_conservative_repair_20260905": 593
  },
  "old_core_and_manuscript_unchanged_files": 42,
  "screen_pairs": [
    {
      "block": 0,
      "medians": {
        "rt": 0.074063632,
        "tc": 0.00660248,
        "fp32": 0.008498871
      },
      "rt_over_tc": 11.217547345845803,
      "fp32_over_tc": 1.28722404308684,
      "strongest_control_over_tc": 1.28722404308684
    },
    {
      "block": 1,
      "medians": {
        "fp32": 0.008586318,
        "tc": 0.0081067,
        "rt": 0.083041719
      },
      "rt_over_tc": 10.243590980300246,
      "fp32_over_tc": 1.0591631613356853,
      "strongest_control_over_tc": 1.0591631613356853
    }
  ],
  "narrow_screen_pass": false,
  "bounded_full_shutdown_memcheck_pass": true,
  "bounded_reusable_comparison_admitted": true,
  "general_rt_candidate_certificate": false,
  "exact_real_claim": false,
  "formal_or_sustained_promotion": false,
  "novelty_pass": false,
  "paper_edited": false,
  "postflight_gpu3_idle": true,
  "postflight_sha256": "13cbd284d1864ef98aa33d8a5258281b84da748635bb2c2e3877986b1367c1cf"
}
