========= COMPUTE-SANITIZER
@TENSORJOIN_ROOT@/isaacsim6/env/lib/python3.12/site-packages/torch/cuda/__init__.py:1243: UserWarning: Attempting to run cuBLAS, but there was no current CUDA context! Attempting to set the primary context... (Triggered internally at /pytorch/aten/src/ATen/cuda/CublasHandlePool.cpp:335.)
  return torch._C._cuda_getCurrentBlasHandle()
@TENSORJOIN_ROOT@/tensorjoin_20260902_certified_exact_join/g16_gpu_preparation_20260905/src/fp32_gpu_norm_operator.py:110: UserWarning: The given NumPy array is not writable, and PyTorch does not support non-writable tensors. This means writing to this tensor will result in undefined behavior. You may want to copy the array to protect its data or make it writable before converting it to a tensor. This type of warning will be suppressed for the rest of this program. (Triggered internally at /pytorch/torch/csrc/utils/tensor_numpy.cpp:213.)
  vg = torch.from_numpy(vectors).to('cuda')
{"record_id": "fp32_safety_memcheck_r2", "passed": true, "calls": 4, "error": null}
========= Leaked 1024 bytes at 0x710b56c00000
=========     Saved host backtrace up to driver entry point at allocation time
=========         Host Frame:  [0x5b45ed] in libcublas.so.13
=========         Host Frame:  [0x585c42] in libcublas.so.13
=========         Host Frame:  [0x5c3866] in libcublas.so.13
=========         Host Frame:  [0x218159] in libcublas.so.13
=========         Host Frame:  [0x2179ea] in libcublas.so.13
=========         Host Frame: cublasCreate_v2 [0x169f9c] in libcublas.so.13
=========         Host Frame: at::cuda::getCurrentCUDABlasHandle() [0x3a4bd28] in libtorch_cuda.so
=========         Host Frame: THCPModule_getCurrentBlasHandle_wrap(_object*, _object*) [0xe46767] in libtorch_python.so
=========         Host Frame:  [0x181849] in python
=========         Host Frame: PyObject_Vectorcall [0x149934] in python
=========         Host Frame: _PyEval_EvalFrameDefault [0x1d6f08] in python
=========         Host Frame: _PyObject_Call_Prepend [0x14a781] in python
=========         Host Frame:  [0x19dc3e] in python
=========         Host Frame:  [0x199712] in python
=========         Host Frame: _PyObject_MakeTpCall [0x148f34] in python
=========         Host Frame: _PyEval_EvalFrameDefault [0x1d6f08] in python
=========         Host Frame: _PyObject_Call_Prepend [0x14a781] in python
=========         Host Frame:  [0x19dc3e] in python
=========         Host Frame:  [0x199712] in python
=========         Host Frame: _PyObject_MakeTpCall [0x148f34] in python
=========         Host Frame: _PyEval_EvalFrameDefault [0x1d6f08] in python
=========         Host Frame: PyEval_EvalCode [0x1d544a] in python
=========         Host Frame:  [0x2085a1] in python
=========         Host Frame:  [0x2b5032] in python
=========         Host Frame: _PyRun_SimpleFileObject [0x2b4d99] in python
=========         Host Frame: _PyRun_AnyFileObject [0x2b4bce] in python
=========         Host Frame: Py_RunMain [0x2bcc34] in python
=========         Host Frame: Py_BytesMain [0x2bc71c] in python
=========         Host Frame:  [0x2a1c9] in libc.so.6
=========         Host Frame: __libc_start_main [0x2a28a] in libc.so.6
=========         Host Frame: _start [0x257bc4] in python
=========         Host Frame: current_blas_handle in __init__.py:1243
=========         Host Frame: __init__ in run_h2b_p1_pedantic_correctness.py:223
=========         Host Frame: __init__ in fp32_gpu_norm_operator.py:30
=========         Host Frame: __init__ in operators_r2.py:73
=========         Host Frame: make in operators_r2.py:137
=========         Host Frame: main in run_slot_r2.py:44
========= 
========= Leaked 131072 bytes at 0x710b56c00400
=========     Saved host backtrace up to driver entry point at allocation time
=========         Host Frame:  [0x5b45ed] in libcublas.so.13
=========         Host Frame:  [0x585c42] in libcublas.so.13
=========         Host Frame:  [0x5c3866] in libcublas.so.13
=========         Host Frame:  [0x218159] in libcublas.so.13
=========         Host Frame:  [0x217a0e] in libcublas.so.13
=========         Host Frame: cublasCreate_v2 [0x169f9c] in libcublas.so.13
=========         Host Frame: at::cuda::getCurrentCUDABlasHandle() [0x3a4bd28] in libtorch_cuda.so
=========         Host Frame: THCPModule_getCurrentBlasHandle_wrap(_object*, _object*) [0xe46767] in libtorch_python.so
=========         Host Frame:  [0x181849] in python
=========         Host Frame: PyObject_Vectorcall [0x149934] in python
=========         Host Frame: _PyEval_EvalFrameDefault [0x1d6f08] in python
=========         Host Frame: _PyObject_Call_Prepend [0x14a781] in python
=========         Host Frame:  [0x19dc3e] in python
=========         Host Frame:  [0x199712] in python
=========         Host Frame: _PyObject_MakeTpCall [0x148f34] in python
=========         Host Frame: _PyEval_EvalFrameDefault [0x1d6f08] in python
=========         Host Frame: _PyObject_Call_Prepend [0x14a781] in python
=========         Host Frame:  [0x19dc3e] in python
=========         Host Frame:  [0x199712] in python
=========         Host Frame: _PyObject_MakeTpCall [0x148f34] in python
=========         Host Frame: _PyEval_EvalFrameDefault [0x1d6f08] in python
=========         Host Frame: PyEval_EvalCode [0x1d544a] in python
=========         Host Frame:  [0x2085a1] in python
=========         Host Frame:  [0x2b5032] in python
=========         Host Frame: _PyRun_SimpleFileObject [0x2b4d99] in python
=========         Host Frame: _PyRun_AnyFileObject [0x2b4bce] in python
=========         Host Frame: Py_RunMain [0x2bcc34] in python
=========         Host Frame: Py_BytesMain [0x2bc71c] in python
=========         Host Frame:  [0x2a1c9] in libc.so.6
=========         Host Frame: __libc_start_main [0x2a28a] in libc.so.6
=========         Host Frame: _start [0x257bc4] in python
=========         Host Frame: current_blas_handle in __init__.py:1243
=========         Host Frame: __init__ in run_h2b_p1_pedantic_correctness.py:223
=========         Host Frame: __init__ in fp32_gpu_norm_operator.py:30
=========         Host Frame: __init__ in operators_r2.py:73
=========         Host Frame: make in operators_r2.py:137
=========         Host Frame: main in run_slot_r2.py:44
========= 
========= Leaked 8388608 bytes at 0x710b56e00000
=========     Saved host backtrace up to driver entry point at allocation time
=========         Host Frame:  [0x5b45ed] in libcublas.so.13
=========         Host Frame:  [0x585c42] in libcublas.so.13
=========         Host Frame:  [0x5c3866] in libcublas.so.13
=========         Host Frame:  [0x218159] in libcublas.so.13
=========         Host Frame: cublasCreate_v2 [0x169f9c] in libcublas.so.13
=========         Host Frame: at::cuda::getCurrentCUDABlasHandle() [0x3a4bd28] in libtorch_cuda.so
=========         Host Frame: THCPModule_getCurrentBlasHandle_wrap(_object*, _object*) [0xe46767] in libtorch_python.so
=========         Host Frame:  [0x181849] in python
=========         Host Frame: PyObject_Vectorcall [0x149934] in python
=========         Host Frame: _PyEval_EvalFrameDefault [0x1d6f08] in python
=========         Host Frame: _PyObject_Call_Prepend [0x14a781] in python
=========         Host Frame:  [0x19dc3e] in python
=========         Host Frame:  [0x199712] in python
=========         Host Frame: _PyObject_MakeTpCall [0x148f34] in python
=========         Host Frame: _PyEval_EvalFrameDefault [0x1d6f08] in python
=========         Host Frame: _PyObject_Call_Prepend [0x14a781] in python
=========         Host Frame:  [0x19dc3e] in python
=========         Host Frame:  [0x199712] in python
=========         Host Frame: _PyObject_MakeTpCall [0x148f34] in python
=========         Host Frame: _PyEval_EvalFrameDefault [0x1d6f08] in python
=========         Host Frame: PyEval_EvalCode [0x1d544a] in python
=========         Host Frame:  [0x2085a1] in python
=========         Host Frame:  [0x2b5032] in python
=========         Host Frame: _PyRun_SimpleFileObject [0x2b4d99] in python
=========         Host Frame: _PyRun_AnyFileObject [0x2b4bce] in python
=========         Host Frame: Py_RunMain [0x2bcc34] in python
=========         Host Frame: Py_BytesMain [0x2bc71c] in python
=========         Host Frame:  [0x2a1c9] in libc.so.6
=========         Host Frame: __libc_start_main [0x2a28a] in libc.so.6
=========         Host Frame: _start [0x257bc4] in python
=========         Host Frame: current_blas_handle in __init__.py:1243
=========         Host Frame: __init__ in run_h2b_p1_pedantic_correctness.py:223
=========         Host Frame: __init__ in fp32_gpu_norm_operator.py:30
=========         Host Frame: __init__ in operators_r2.py:73
=========         Host Frame: make in operators_r2.py:137
=========         Host Frame: main in run_slot_r2.py:44
========= 
========= LEAK SUMMARY: 8520704 bytes leaked in 3 allocations
========= ERROR SUMMARY: 3 errors
