========= COMPUTE-SANITIZER
========= Program hit cudaErrorInvalidValue (error 1) due to "invalid argument" on CUDA API call to cudaFree.
=========     Saved host backtrace up to driver entry point at error
=========         Host Frame: std::_Sp_counted_ptr_inplace<owl::LaunchParams::DeviceData, std::allocator<void>, (__gnu_cxx::_Lock_policy)2>::_M_dispose() [0x780ee] in libowl.so
=========         Host Frame: owl::RegisteredObject::~RegisteredObject() [0x605c6] in libowl.so
=========         Host Frame: std::_Sp_counted_base<(__gnu_cxx::_Lock_policy)2>::_M_release_last_use_cold() [0x5c039] in libTreeLauncherTargetInjection.so
=========         Host Frame: owl::APIContext::releaseAll() [0x374a6] in libowl.so
=========         Host Frame: owlContextDestroy [0x3a02c] in libowl.so
=========         Host Frame: g19Destroy [0x42c1b] in libRT-HiSS.so
=========         Host Frame: close in operators.py:55
=========         Host Frame: main in run_slot.py:107
========= 
{"record_id": "rt_safety_memcheck_a0", "passed": true, "calls": 4, "error": null}
========= Leaked 72 bytes at 0x7fbe02e00000
=========     Saved host backtrace up to driver entry point at allocation time
=========         Host Frame: cudaHostAlloc [0x1045c9] in libowl.so
=========         Host Frame: owl::LaunchParams::DeviceData::DeviceData(std::shared_ptr<owl::DeviceContext> const&, unsigned long) [0x7705f] in libowl.so
=========         Host Frame: owl::LaunchParams::createOn(std::shared_ptr<owl::DeviceContext> const&) [0x7739a] in libowl.so
=========         Host Frame: owl::Object::createDeviceData(std::vector<std::shared_ptr<owl::DeviceContext>, std::allocator<std::shared_ptr<owl::DeviceContext> > > const&) [0x5c747] in libowl.so
=========         Host Frame: owl::Context::createLaunchParams(std::shared_ptr<owl::LaunchParamsType> const&) [0x6902c] in libowl.so
=========         Host Frame: owlParamsCreate [0x3cb6e] in libowl.so
=========         Host Frame: setupVarsForShaderPrograms(_OWLContext*, _OWLModule*, _OWLGeom*&, _OWLRayGen*&, _OWLLaunchParams*&) [0x6867f] in libRT-HiSS.so
=========         Host Frame: g19Create [0x42b8e] in libRT-HiSS.so
=========         Host Frame: __init__ in operators.py:37
=========         Host Frame: make in operators.py:122
=========         Host Frame: main in run_slot.py:42
========= 
========= LEAK SUMMARY: 72 bytes leaked in 1 allocations
========= ERROR SUMMARY: 2 errors
